Return-Path: <linux-usb+bounces-16904-lists+linux-usb=lfdr.de@vger.kernel.org>
X-Original-To: lists+linux-usb@lfdr.de
Delivered-To: lists+linux-usb@lfdr.de
Received: from sv.mirrors.kernel.org (sv.mirrors.kernel.org [IPv6:2604:1380:45e3:2400::1])
	by mail.lfdr.de (Postfix) with ESMTPS id 140D79B7D5B
	for <lists+linux-usb@lfdr.de>; Thu, 31 Oct 2024 15:56:24 +0100 (CET)
Received: from smtp.subspace.kernel.org (wormhole.subspace.kernel.org [52.25.139.140])
	(using TLSv1.2 with cipher ECDHE-RSA-AES256-GCM-SHA384 (256/256 bits))
	(No client certificate requested)
	by sv.mirrors.kernel.org (Postfix) with ESMTPS id B8124282935
	for <lists+linux-usb@lfdr.de>; Thu, 31 Oct 2024 14:56:22 +0000 (UTC)
Received: from localhost.localdomain (localhost.localdomain [127.0.0.1])
	by smtp.subspace.kernel.org (Postfix) with ESMTP id 7075F1A0BF3;
	Thu, 31 Oct 2024 14:56:16 +0000 (UTC)
Authentication-Results: smtp.subspace.kernel.org;
	dkim=pass (2048-bit key) header.d=kfocus-org.20230601.gappssmtp.com header.i=@kfocus-org.20230601.gappssmtp.com header.b="pthlBIhC"
X-Original-To: linux-usb@vger.kernel.org
Received: from mail-io1-f67.google.com (mail-io1-f67.google.com [209.85.166.67])
	(using TLSv1.2 with cipher ECDHE-RSA-AES128-GCM-SHA256 (128/128 bits))
	(No client certificate requested)
	by smtp.subspace.kernel.org (Postfix) with ESMTPS id 7E03B1A01C6
	for <linux-usb@vger.kernel.org>; Thu, 31 Oct 2024 14:55:52 +0000 (UTC)
Authentication-Results: smtp.subspace.kernel.org; arc=none smtp.client-ip=209.85.166.67
ARC-Seal:i=1; a=rsa-sha256; d=subspace.kernel.org; s=arc-20240116;
	t=1730386575; cv=none; b=K/V9y8cNFJuSfClVCosKeAzKKChhqNlmmlNhqj9VxKC6SowU4pxaihyaGCT2FtXKo4TO1DVxjIc2CsIDiDXF8HzMp1la5f/2veD/+GxkOQxZ1U4CFGw5cyKaOBgN0yo1+320vNMSo+HHZbhWtoq1Tjgwu2UeWAP9wqgSvtPhd3c=
ARC-Message-Signature:i=1; a=rsa-sha256; d=subspace.kernel.org;
	s=arc-20240116; t=1730386575; c=relaxed/simple;
	bh=AV0me7eMB8ikUoV6+OD/vtlfLb6IyJj7YD1WlZmoRJE=;
	h=Date:From:To:Cc:Subject:Message-ID:In-Reply-To:References:
	 MIME-Version:Content-Type; b=Sg7YM4iIZycCCHKD4hxXqBOoCJ+5TTgf3FF1SSr5d4E3a4iinNwfqb5WwUYzRdgU3bNqIvrU4TJDoYrVmI1HVhcGT8U2mHMESBRV092jYu47cLQkQZFtLIhQY3VLWQXkTN40xm7aSMv1ZKKb2Sfh9oIG2gNON8svpGCTriSWNb8=
ARC-Authentication-Results:i=1; smtp.subspace.kernel.org; dmarc=none (p=none dis=none) header.from=kfocus.org; spf=pass smtp.mailfrom=kfocus.org; dkim=pass (2048-bit key) header.d=kfocus-org.20230601.gappssmtp.com header.i=@kfocus-org.20230601.gappssmtp.com header.b=pthlBIhC; arc=none smtp.client-ip=209.85.166.67
Authentication-Results: smtp.subspace.kernel.org; dmarc=none (p=none dis=none) header.from=kfocus.org
Authentication-Results: smtp.subspace.kernel.org; spf=pass smtp.mailfrom=kfocus.org
Received: by mail-io1-f67.google.com with SMTP id ca18e2360f4ac-83aad4a05eeso40262239f.1
        for <linux-usb@vger.kernel.org>; Thu, 31 Oct 2024 07:55:52 -0700 (PDT)
DKIM-Signature: v=1; a=rsa-sha256; c=relaxed/relaxed;
        d=kfocus-org.20230601.gappssmtp.com; s=20230601; t=1730386551; x=1730991351; darn=vger.kernel.org;
        h=mime-version:organization:references:in-reply-to:message-id:subject
         :cc:to:from:date:from:to:cc:subject:date:message-id:reply-to;
        bh=Ff4G18oMH4lX5LoFl3kfzMemHNiyGm9wyZHektxMyJE=;
        b=pthlBIhC+6Jl2zGxa9rCKWw5OnaYWJag4skVIvmHunqMIkHdv1dSVHYlazOB8EFjA0
         JUsidWAf5h0M4OQTneeMUNeqxqFAqJrWY94rE9hEF48YXzx1su3qjIRw15w8R63fbOlu
         LvBywKWjZrS4qP5DaHDNE7MVlRxSbmq1bbA7653PfUl/ToO6cSlbqVcPOsiObrRp4OvB
         8KFnO015ZGsl/TZ45IimdclAghODf6YiP9L7f8RhVlHv//2hiunBC7/dBe0P73Ul9Msu
         MQmGAtoztrhq1Ar+0a6Kjpxba5Qit2S7XLKjZ3pBFRajaS6g7xejoCbrkpWzSjFfs00E
         Ay9Q==
X-Google-DKIM-Signature: v=1; a=rsa-sha256; c=relaxed/relaxed;
        d=1e100.net; s=20230601; t=1730386551; x=1730991351;
        h=mime-version:organization:references:in-reply-to:message-id:subject
         :cc:to:from:date:x-gm-message-state:from:to:cc:subject:date
         :message-id:reply-to;
        bh=Ff4G18oMH4lX5LoFl3kfzMemHNiyGm9wyZHektxMyJE=;
        b=WnCqM9vw7mja0rJGBrkTbMAsFles03THTKPJyrf4sVCRpTzn0sr3TqMjnJL41Z6r5G
         4KlTcLzxDZEZofecDKsRzBeESrgI8nh+niWnMYinc4H9RKzvHvH18PcCNASvde7kawpd
         zv9hgCHsQrmFNtC/UWQdBm57lVBeJmPWz6BQIfTulBwJ9hvjz5l92MyL/cj9/mM9o3GX
         Mo2i/npNYN8HJ/BhLu9prPbwFiUUuJirna8y3cd9uAFu72CofacgUjnB4iGrU/LDl0rF
         u9ytaNhQwk/dgLf1tBEHPHguf0q6TnG8V7JLVYFnT6ywbRlYkOdjLUyaEjE238dS2oLU
         i23g==
X-Forwarded-Encrypted: i=1; AJvYcCVEVd2E3aGqp4RmeF4myGlSmot+UOMjc0Q5043AB5ONmqWHH9TzaV+vVzmrc9mroSLsD/szPYKZOA4=@vger.kernel.org
X-Gm-Message-State: AOJu0Yxh0qy6dsfUegf7WPTbuzv8VDNOTdVjfBmnSQdjMkKspnFbKoZ3
	R+43xoi1VgcZWMt6J0RP5/UTLvATmTc48WfpmKe/6fARrhtFZnPikG2P0AxZc1c=
X-Google-Smtp-Source: AGHT+IFbtXmw5F/NQPR2xoi11PU2uvr0h32yFSX60TjLEXUy9b9Na8LVfNdCenU0XpPM+ZGrgF+4dA==
X-Received: by 2002:a05:6602:2d8d:b0:83a:97e7:8bcf with SMTP id ca18e2360f4ac-83b5676f6c7mr905330039f.11.1730386551282;
        Thu, 31 Oct 2024 07:55:51 -0700 (PDT)
Received: from kf-ir16 ([2607:fb91:759:8d6:2b97:b5b9:e8e4:5a35])
        by smtp.gmail.com with ESMTPSA id 8926c6da1cb9f-4de048e3e8esm319421173.76.2024.10.31.07.55.48
        (version=TLS1_3 cipher=TLS_AES_256_GCM_SHA384 bits=256/256);
        Thu, 31 Oct 2024 07:55:50 -0700 (PDT)
Date: Thu, 31 Oct 2024 09:55:42 -0500
From: Aaron Rainbolt <arainbolt@kfocus.org>
To: Mika Westerberg <mika.westerberg@linux.intel.com>
Cc: YehezkelShB@gmail.com, michael.jamet@intel.com,
 andreas.noever@gmail.com, linux-usb@vger.kernel.org, mmikowski@kfocus.org,
 linux-kernel@vger.kernel.org, Gil Fine <gil.fine@linux.intel.com>
Subject: Re: USB-C DisplayPort display failing to stay active with Intel
 Barlow Ridge USB4 controller, power-management related issue?
Message-ID: <20241031095542.587e8aa6@kf-ir16>
In-Reply-To: <20241024154341.GK275077@black.fi.intel.com>
References: <20241009220118.70bfedd0@kf-ir16>
	<20241010044919.GD275077@black.fi.intel.com>
	<20241010232656.7fc6359e@kf-ir16>
	<20241011163811.GU275077@black.fi.intel.com>
	<20241011183751.7d27c59c@kf-ir16>
	<20241023062737.GG275077@black.fi.intel.com>
	<20241023073931.GH275077@black.fi.intel.com>
	<20241023174413.451710ea@kf-ir16>
	<20241024154341.GK275077@black.fi.intel.com>
Organization: Kubuntu Focus
X-Mailer: Claws Mail 4.3.0 (GTK 3.24.41; x86_64-pc-linux-gnu)
Precedence: bulk
X-Mailing-List: linux-usb@vger.kernel.org
List-Id: <linux-usb.vger.kernel.org>
List-Subscribe: <mailto:linux-usb+subscribe@vger.kernel.org>
List-Unsubscribe: <mailto:linux-usb+unsubscribe@vger.kernel.org>
MIME-Version: 1.0
Content-Type: multipart/mixed; boundary="MP_/0APf0mG6H/xJK_aO4=o6w9b"

--MP_/0APf0mG6H/xJK_aO4=o6w9b
Content-Type: text/plain; charset=US-ASCII
Content-Transfer-Encoding: 7bit
Content-Disposition: inline

On Thu, 24 Oct 2024 18:43:41 +0300
Mika Westerberg <mika.westerberg@linux.intel.com> wrote:

> Hi,
> 
> On Wed, Oct 23, 2024 at 05:44:13PM -0500, Aaron Rainbolt wrote:
> > Hey, thanks for taking a look! Our tester re-did the tests with
> > kernel 6.12~rc4, and reported the following results doing so, along
> > with another dmesg log. I think your question about xrandr is
> > answered in this report. The dmesg log is attached.
> > 
> > With the vanilla rc4 kernel plus your patch from earlier:
> > 
> > -----
> > 
> > 1. Start with Laptop powered-off
> > 2. Unplug all USB-C connectors.
> > 3. Boot Kubuntu 24.04 with patched kernel 6.12.0-rc4, add cmdline
> >    parameter thunderbolt.dyndbg=+p. All other optional parameters
> > were removed.
> > 4. Log in to normal SDDM to KDE 5.27.11.
> > 5. Open 'Display Settings KCM' to view display detection.
> > 6. Plug in one UBC-C connector attached to 4k display.
> >    * Note these work with Kernel 6.1 and non-Barlow Ridge systems
> > (TBT 4).
> >    * Display does not wake up.
> >    * Display never appears in 'Display Settings KCM.'
> >    * This is NOT desired behavior; display should show.
> >    * (Note: The test results I was given do not mention xrandr here,
> >      however as subsequent results mention it I believe that the
> >      monitor does *not* appear in xrandr here. I will double-check
> >      to be sure.)
> > Notes:
> > 
> > 1. With debug off, the recognition of screens is better, and
> > previously "just worked", at least for one screen.
> > 2. W11 updated works, as do kernels Kernels 6.1 and earlier.
> > 3. W11 from Q4 2022 (pre-update) and kernels 6.5+ do not. With both,
> >    the screens usually initially attach and then time out after
> > 15s.  
> 
> Yea, they work because we added Barlow Ridge support later and this
> problem is specific only on it. None of the integrated or Maple Ridge
> suffers from this "feature".
> 
> Below is an updated patch. This one checks if the DP resource is
> available before it adds it. I hope this covers the case where we get
> the hotplugs even when you have Type-C cable plugged (it should not
> happen, and does not happen on my test system but I have newer firmwre
> so could be firmware related). I wonder if you can try that one too
> with the same flow as above (up to step 6).
> 
> The checkerboard is unrelated issue so I would deal that separarely
> with the nouveau folks. The Thunderbolt/USB4 driver has no visibility
> what is going on with the redriven DP signaling except that it tries
> to keep the thing powered as long as it is needed.
> 
> diff --git a/drivers/thunderbolt/tb.c b/drivers/thunderbolt/tb.c
> index 07a66594e904..ee5c8ba75baa 100644
> --- a/drivers/thunderbolt/tb.c
> +++ b/drivers/thunderbolt/tb.c
> @@ -2113,6 +2113,37 @@ static void tb_exit_redrive(struct tb_port
> *port) }
>  }
>  
> +static void tb_switch_enter_redrive(struct tb_switch *sw)
> +{
> +	struct tb_port *port;
> +
> +	tb_switch_for_each_port(sw, port)
> +		tb_enter_redrive(port);
> +}
> +
> +/*
> + * Called during system and runtime suspend to forcefully exit
> redrive
> + * mode without querying whether the resource is available.
> + */
> +static void tb_switch_exit_redrive(struct tb_switch *sw)
> +{
> +	struct tb_port *port;
> +
> +	if (!(sw->quirks & QUIRK_KEEP_POWER_IN_DP_REDRIVE))
> +		return;
> +
> +	tb_switch_for_each_port(sw, port) {
> +		if (!tb_port_is_dpin(port))
> +			continue;
> +
> +		if (port->redrive) {
> +			port->redrive = false;
> +			pm_runtime_put(&sw->dev);
> +			tb_port_dbg(port, "exit redrive mode\n");
> +		}
> +	}
> +}
> +
>  static void tb_dp_resource_unavailable(struct tb *tb, struct tb_port
> *port, const char *reason)
>  {
> @@ -2157,8 +2188,17 @@ static void tb_dp_resource_available(struct tb
> *tb, struct tb_port *port) return;
>  	}
>  
> -	tb_port_dbg(port, "DP %s resource available after hotplug\n",
> -		    tb_port_is_dpin(port) ? "IN" : "OUT");
> +	if (tb_port_is_dpin(port)) {
> +		/* Verify that the resource is really available */
> +		if (!tb_switch_query_dp_resource(port->sw, port)) {
> +			tb_port_info(port, "got hotplug but DP IN
> resource not available\n");
> +			return;
> +		}
> +		tb_port_dbg(port, "DP IN resource available after
> hotplug\n");
> +	} else {
> +		tb_port_dbg(port, "DP OUT resource available after
> hotplug\n");
> +	}
> +
>  	list_add_tail(&port->list, &tcm->dp_resources);
>  	tb_exit_redrive(port);
>  
> @@ -2987,6 +3027,7 @@ static int tb_start(struct tb *tb, bool reset)
>  	tb_create_usb3_tunnels(tb->root_switch);
>  	/* Add DP IN resources for the root switch */
>  	tb_add_dp_resources(tb->root_switch);
> +	tb_switch_enter_redrive(tb->root_switch);
>  	/* Make the discovered switches available to the userspace */
>  	device_for_each_child(&tb->root_switch->dev, NULL,
>  			      tb_scan_finalize_switch);
> @@ -3002,6 +3043,7 @@ static int tb_suspend_noirq(struct tb *tb)
>  
>  	tb_dbg(tb, "suspending...\n");
>  	tb_disconnect_and_release_dp(tb);
> +	tb_switch_exit_redrive(tb->root_switch);
>  	tb_switch_suspend(tb->root_switch, false);
>  	tcm->hotplug_active = false; /* signal tb_handle_hotplug to
> quit */ tb_dbg(tb, "suspend finished\n");
> @@ -3094,6 +3136,7 @@ static int tb_resume_noirq(struct tb *tb)
>  		tb_dbg(tb, "tunnels restarted, sleeping for
> 100ms\n"); msleep(100);
>  	}
> +	tb_switch_enter_redrive(tb->root_switch);
>  	 /* Allow tb_handle_hotplug to progress events */
>  	tcm->hotplug_active = true;
>  	tb_dbg(tb, "resume finished\n");
> @@ -3157,6 +3200,8 @@ static int tb_runtime_suspend(struct tb *tb)
>  	struct tb_cm *tcm = tb_priv(tb);
>  
>  	mutex_lock(&tb->lock);
> +	tb_disconnect_and_release_dp(tb);
> +	tb_switch_exit_redrive(tb->root_switch);
>  	tb_switch_suspend(tb->root_switch, true);
>  	tcm->hotplug_active = false;
>  	mutex_unlock(&tb->lock);
> @@ -3188,6 +3233,7 @@ static int tb_runtime_resume(struct tb *tb)
>  	tb_restore_children(tb->root_switch);
>  	list_for_each_entry_safe(tunnel, n, &tcm->tunnel_list, list)
>  		tb_tunnel_activate(tunnel);
> +	tb_switch_enter_redrive(tb->root_switch);
>  	tcm->hotplug_active = true;
>  	mutex_unlock(&tb->lock);
>  

Sorry for the delays, been working on testing the patch and had other
things taking priority.

I keep having to manually apply the patches you're sending "by hand" to
the latest mainline kernel because it doesn't apply cleanly. In
particular, I notice that in the very last "segment" of the patch (the
one that applies to tb_runtime_resume), the "list_for_each_entry_safe"
line shows that it's running "tb_tunnel_activate" in your tree, whereas
the upstream 6.12~rc5 code is running "tb_tunnel_restart" there. Would
it be too much of a hassle to ask for a patch that applies cleanly to
the 6.11.5 kernel? That would be very handy since that's the easiest
supported upstream kernel for us to test against, and would make sure
that we're not seeing any weird bugs as a result of kernel sources
mismatch.

I've attached the test results and dmesg logs from using the latest
patch with the 6.12~rc5 kernel. In summary, monitors aren't showing up
in xrandr when initially plugged in, but once "lspci -k" is run, they
are detected and remain powered on.

Thanks again for your help!

--MP_/0APf0mG6H/xJK_aO4=o6w9b
Content-Type: text/markdown
Content-Transfer-Encoding: 7bit
Content-Disposition: attachment;
 filename=2024-10-29_6.12.0-rc5_tbt-test-plan.md

## Test 01
01. [x] Build kernel 6.12.0-rc5 with patch included.
02. [x] Remove all DKMS modules: All Nvidia, keyboard, etc.
03. [x] Ensure no peripherals are plugged in, including USB-C.
04. [x] Boot with thunderbolt.dyndbg=+p kernel parameter only.
    - [x] Ensure dGPU is set in BIOS mux.
    - [x] Default to Nouveau display driver.
05. [x] Sign in to SDDM to KDE 5.27.11 desktop
06. [x] Record `cat /proc/cmdline` here.
    ```bash
    BOOT_IMAGE=/@boot/vmlinuz-6.12.0-rc5 root=UUID=aa8cb093-9cb3-4cc7-b44e-4bff76ca37fb ro rootflags=subvol=@ quiet cryptdevice=UUID=1a8d8cdb-8d8f-4689-b744-8f32d2067f56:luks-1a8d8cdb-8d8f-4689-b744-8f32d2067f56 root=/dev/mapper/luks-1a8d8cdb-8d8f-4689-b744-8f32d2067f56 splash thunderbolt.dyndbg=+p vt.handoff=7
    ```
07. [x] Record `lsmod |grep -i nouveau` here.
    ```bash
    lsmod |grep -i nouveau
    #> nouveau              2678784  41
    #> drm_gpuvm              36864  1 nouveau
    #> drm_exec               12288  2 drm_gpuvm,nouveau
    #> gpu_sched              49152  1 nouveau
    #> drm_ttm_helper         12288  1 nouveau
    #> ttm                    94208  2 drm_ttm_helper,nouveau
    #> drm_display_helper    225280  1 nouveau
    #> mxm_wmi                12288  1 nouveau
    #> i2c_algo_bit           16384  1 nouveau
    #> video                  69632  2 nvidia_wmi_ec_backlight,nouveau
    #> wmi                    24576  4 video,nvidia_wmi_ec_backlight,mxm_wmi,nouveau

    glxinfo |grep -i mesa
    #> GLX_INTEL_swap_event, GLX_MESA_copy_sub_buffer, GLX_OML_swap_method, client glx vendor string: Mesa Project and SGI
    #> GLX_MESA_copy_sub_buffer, GLX_MESA_gl_interop, GLX_MESA_query_renderer,
    #> GLX_MESA_swap_control, GLX_NV_float_buffer, GLX_OML_sync_control,
    #> GLX_MESA_copy_sub_buffer, GLX_MESA_gl_interop, GLX_MESA_query_renderer,
    #> GLX_MESA_swap_control, GLX_OML_sync_control, GLX_SGIS_multisample, Extended renderer info (GLX_MESA_query_renderer): Vendor: Mesa (0x10de) OpenGL vendor string: Mesa OpenGL core profile version string: 4.3 (Core Profile) Mesa 24.0.9-0ubuntu0.2
    #> GL_KHR_texture_compression_astc_sliced_3d, GL_MESA_framebuffer_flip_y,
    #> GL_MESA_pack_invert, GL_MESA_shader_integer_functions,
    #> GL_MESA_texture_signed_rgba, GL_NVX_gpu_memory_info, OpenGL version string: 4.3 (Compatibility Profile) Mesa 24.0.9-0ubuntu0.2
    #> GL_KHR_texture_compression_astc_sliced_3d, GL_MESA_framebuffer_flip_y,
    #> GL_MESA_pack_invert, GL_MESA_shader_integer_functions,
    #> GL_MESA_texture_signed_rgba, GL_MESA_window_pos, GL_NVX_gpu_memory_info, OpenGL ES profile version string: OpenGL ES 3.2 Mesa 24.0.9-0ubuntu0.2
    #> GL_KHR_texture_compression_astc_sliced_3d, GL_MESA_bgra,
    #> GL_MESA_framebuffer_flip_y, GL_MESA_sampler_objects,
    #> GL_MESA_shader_integer_functions, GL_NV_conditional_render,
    ```
08. [x] Open Displays KCM (graphical display manager)
09. [x] Run `xrandr --listmonitors` and `--listactivemonitors` and record here.
    ```bash
    xrandr --listmonitors
    #> Monitors: 1
    #>  0: +*eDP-1 2560/381x1440/214+0+0  eDP-1
    #>     xrandr --listactivemonitors
    xrandr --listactivemonitors
    #> Monitors: 1
    #>  0: +*eDP-1 2560/381x1440/214+0+0  eDP-1
    ```
10. [x] Attach USB-C 01 to 4k monitor
11. [!] Does display show in KCM?
12. [!] Run `xrandr --listmonitors` and `--listactivemonitors` and record here.
    ```bash
    xrandr --listmonitors
    #> Monitors: 1
    #>  0: +*eDP-1 2560/381x1440/214+0+0  eDP-1

    xrandr --listactivemonitors
    #> Monitors: 1
    #>  0: +*eDP-1 2560/381x1440/214+0+0  eDP-1
    ```
13. [x] Attach USB-C 02 to 4k monitor
14. [!] Does display show in KCM?
15. [!] Run `xrandr --listmonitors` and `--listactivemonitors` and record here.
    ```bash
    xrandr --listmonitors
    #> Monitors: 1
    #>  0: +*eDP-1 2560/381x1440/214+0+0  eDP-1

    xrandr --listactivemonitors
    #> Monitors: 1
    #>  0: +*eDP-1 2560/381x1440/214+0+0  eDP-1
    ```
16. [x] If no montors showed earlier, does `lscpi -k` wake them up? YES
17. [x] Do displays show in KCM? YES
18. [x] Run `xrandr --listmonitors` and `--listactivemonitors` and record here.
    ```bash
    xrandr --listmonitors
    #> Monitors: 3
    #>  0: +*eDP-1 2560/381x1440/214+1280+2160  eDP-1
    #>  1: +DP-1 3840/600x2160/340+0+0  DP-1
    #>  2: +DP-2 3840/600x2160/340+3840+0  DP-2

    xrandr --listactivemonitors
    #> Monitors: 3
    #>  0: +*eDP-1 2560/381x1440/214+1280+2160  eDP-1
    #>  1: +DP-1 3840/600x2160/340+0+0  DP-1
    #>  2: +DP-2 3840/600x2160/340+3840+0  DP-2
    ```
19. [x] Run `sudo dmesg > 2024-10-29_6.12.0-rc5_tbt-barlow-ridge-01.dmesg`.
20. [x] Report assessment: Screens look great after lspci -k and are solid.
    Hopefully, Nvidia will do better on wake.

## Test 02
01. [x] Build kernel 6.12.0-rc5 with patch included.
02. [x] Remove all DKMS modules: All Nvidia, keyboard, etc.
03. [x] Ensure no peripherals are plugged in, including USB-C.
04. [x] Boot WITHOUT thunderbolt.dyndbg=+p kernel parameter only.
    - [x] Ensure dGPU is set in BIOS mux.
    - [x] Default to Nouveau display driver.
05. [x] Sign in to SDDM to KDE 5.27.11 desktop
    ```bash
    #> BOOT_IMAGE=/@boot/vmlinuz-6.12.0-rc5 root=UUID=aa8cb093-9cb3-4cc7-b44e-4bff76ca37fb ro rootflags=subvol=@ quiet cryptdevice=UUID=1a8d8cdb-8d8f-4689-b744-8f32d2067f56:luks-1a8d8cdb-8d8f-4689-b744-8f32d2067f56 root=/dev/mapper/luks-1a8d8cdb-8d8f-4689-b744-8f32d2067f56 splash thunderbolt.dyndbg=+p vt.handoff=7
    ```
07. [x] Record `lsmod |grep -i nouveau` here.
    ```bash
    lsmod |grep -i nouveau
    #> nouveau              2678784  26
    #> drm_gpuvm              36864  1 nouveau
    #> drm_exec               12288  2 drm_gpuvm,nouveau
    #> gpu_sched              49152  1 nouveau
    #> drm_ttm_helper         12288  2 nouveau
    #> ttm                    94208  2 drm_ttm_helper,nouveau
    #> drm_display_helper    225280  1 nouveau
    #> mxm_wmi                12288  1 nouveau
    #> i2c_algo_bit           16384  1 nouveau
    #> video                  69632  2 nvidia_wmi_ec_backlight,nouveau
    #> wmi                    24576  4 video,nvidia_wmi_ec_backlight,mxm_wmi,nouveau

    glxinfo |grep -i mesa
    #> GLX_INTEL_swap_event, GLX_MESA_copy_sub_buffer, GLX_OML_swap_method, client glx vendor string: Mesa Project and SGI
    #> GLX_MESA_copy_sub_buffer, GLX_MESA_gl_interop, GLX_MESA_query_renderer,
    #> GLX_MESA_swap_control, GLX_NV_float_buffer, GLX_OML_sync_control,
    #> GLX_MESA_copy_sub_buffer, GLX_MESA_gl_interop, GLX_MESA_query_renderer,
    #> GLX_MESA_swap_control, GLX_OML_sync_control, GLX_SGIS_multisample, Extended renderer info (GLX_MESA_query_renderer):
    #> Vendor: Mesa (0x10de) OpenGL vendor string: Mesa OpenGL core profile version string: 4.3 (Core Profile) Mesa 24.0.9-0ubuntu0.2
    #> GL_KHR_texture_compression_astc_sliced_3d, GL_MESA_framebuffer_flip_y,
    #> GL_MESA_pack_invert, GL_MESA_shader_integer_functions,
    #> GL_MESA_texture_signed_rgba, GL_NVX_gpu_memory_info, OpenGL version string: 4.3 (Compatibility Profile) Mesa 24.0.9-0ubuntu0.2
    #> GL_KHR_texture_compression_astc_sliced_3d, GL_MESA_framebuffer_flip_y,
    #> GL_MESA_pack_invert, GL_MESA_shader_integer_functions,
    #> GL_MESA_texture_signed_rgba, GL_MESA_window_pos, GL_NVX_gpu_memory_info, OpenGL ES profile version string: OpenGL ES 3.2 Mesa 24.0.9-0ubuntu0.2
    #> GL_KHR_texture_compression_astc_sliced_3d, GL_MESA_bgra,
    #> GL_MESA_framebuffer_flip_y, GL_MESA_sampler_objects,
    #> GL_MESA_shader_integer_functions, GL_NV_conditional_render,
    ```
08. [x] Open Displays KCM (graphical display manager)
09. [!] Run `xrandr --listmonitors` and `--listactivemonitors` and record here.
    ```bash
    xrandr --listmonitors
    #> Monitors: 1
    #>  0: +*eDP-1 2560/381x1440/214+0+0  eDP-1

    xrandr --listactivemonitors
    #> Monitors: 1
    #>  0: +*eDP-1 2560/381x1440/214+0+0  eDP-1
    ```
10. [x] Attach USB-C 01 to 4k monitor
11. [!] Does display show in KCM?
12. [!] Run `xrandr --listmonitors` and `--listactivemonitors` and record here.
    ```bash
    xrandr --listmonitors
    #> Monitors: 1
    #>  0: +*eDP-1 2560/381x1440/214+0+0  eDP-1

    xrandr --listactivemonitors
    #> Monitors: 1
    #>  0: +*eDP-1 2560/381x1440/214+0+0  eDP-1
    ```
13. [x] Attach USB-C 02 to 4k monitor
14. [!] Does display show in KCM?
15. [!] Run `xrandr --listmonitors` and `--listactivemonitors` and record here.
    ```bash
    xrandr --listmonitors
    #> Monitors: 1
    #>  0: +*eDP-1 2560/381x1440/214+0+0  eDP-1

    xrandr --listactivemonitors
    #> Monitors: 1
    #>  0: +*eDP-1 2560/381x1440/214+0+0  eDP-1
    ```
16. [x] If no montors showed earlier, does `lscpi -k` wake them up? YES
17. [x] Do displays show in KCM? YES
18. [x] Run `xrandr --listmonitors` and `--listactivemonitors` and record here.
    ```bash
    xrandr --listmonitors
    #> Monitors: 3
    #>  0: +*eDP-1 2560/381x1440/214+1280+2160  eDP-1
    #>  1: +DP-1 3840/600x2160/340+0+0  DP-1
    #>  2: +DP-2 3840/600x2160/340+3840+0  DP-2

    xrandr --listactivemonitors
    #> Monitors: 3
    #>  0: +*eDP-1 2560/381x1440/214+1280+2160  eDP-1
    #>  1: +DP-1 3840/600x2160/340+0+0  DP-1
    #>  2: +DP-2 3840/600x2160/340+3840+0  DP-2
    ```
19. [x] Run `sudo dmesg > 2024-10-29_6.12.0-rc5_tbt-barlow-ridge-02.dmesg`.
20. [x] Report assessment: Screens look great after lspci -k and are solid.
    Hopefully, Nvidia proprietary drivers will do better on wake.

--MP_/0APf0mG6H/xJK_aO4=o6w9b
Content-Type: text/plain
Content-Transfer-Encoding: 7bit
Content-Disposition: attachment;
 filename=2024-10-29_6.12.0-rc5_tbt-barlow-ridge-01-dmesg.txt

[    0.000000] Linux version 6.12.0-rc5 (qa@qa-m2) (gcc (Ubuntu 13.2.0-23ubuntu4) 13.2.0, GNU ld (GNU Binutils for Ubuntu) 2.42) #1 SMP PREEMPT_DYNAMIC Tue Oct 29 09:14:25 PDT 2024
[    0.000000] Command line: BOOT_IMAGE=/@boot/vmlinuz-6.12.0-rc5 root=UUID=aa8cb093-9cb3-4cc7-b44e-4bff76ca37fb ro rootflags=subvol=@ quiet cryptdevice=UUID=1a8d8cdb-8d8f-4689-b744-8f32d2067f56:luks-1a8d8cdb-8d8f-4689-b744-8f32d2067f56 root=/dev/mapper/luks-1a8d8cdb-8d8f-4689-b744-8f32d2067f56 splash thunderbolt.dyndbg=+p vt.handoff=7
[    0.000000] KERNEL supported cpus:
[    0.000000]   Intel GenuineIntel
[    0.000000]   AMD AuthenticAMD
[    0.000000]   Hygon HygonGenuine
[    0.000000]   Centaur CentaurHauls
[    0.000000]   zhaoxin   Shanghai  
[    0.000000] x86/split lock detection: #AC: crashing the kernel on kernel split_locks and warning on user-space split_locks
[    0.000000] BIOS-provided physical RAM map:
[    0.000000] BIOS-e820: [mem 0x0000000000000000-0x000000000009efff] usable
[    0.000000] BIOS-e820: [mem 0x000000000009f000-0x00000000000fffff] reserved
[    0.000000] BIOS-e820: [mem 0x0000000000100000-0x0000000030228fff] usable
[    0.000000] BIOS-e820: [mem 0x0000000030229000-0x0000000030b28fff] reserved
[    0.000000] BIOS-e820: [mem 0x0000000030b29000-0x000000003293efff] usable
[    0.000000] BIOS-e820: [mem 0x000000003293f000-0x00000000349defff] reserved
[    0.000000] BIOS-e820: [mem 0x00000000349df000-0x000000003798efff] ACPI NVS
[    0.000000] BIOS-e820: [mem 0x000000003798f000-0x0000000037afefff] ACPI data
[    0.000000] BIOS-e820: [mem 0x0000000037aff000-0x0000000037afffff] usable
[    0.000000] BIOS-e820: [mem 0x0000000037b00000-0x000000003bffffff] reserved
[    0.000000] BIOS-e820: [mem 0x000000003c800000-0x000000003cbfffff] reserved
[    0.000000] BIOS-e820: [mem 0x000000003ce00000-0x000000003fffffff] reserved
[    0.000000] BIOS-e820: [mem 0x00000000c0000000-0x00000000cfffffff] reserved
[    0.000000] BIOS-e820: [mem 0x00000000fed20000-0x00000000fed7ffff] reserved
[    0.000000] BIOS-e820: [mem 0x00000000ff000000-0x00000000ffffffff] reserved
[    0.000000] BIOS-e820: [mem 0x0000000100000000-0x00000008bfffffff] usable
[    0.000000] NX (Execute Disable) protection: active
[    0.000000] APIC: Static calls initialized
[    0.000000] e820: update [mem 0x2b927018-0x2b94be57] usable ==> usable
[    0.000000] extended physical RAM map:
[    0.000000] reserve setup_data: [mem 0x0000000000000000-0x000000000009efff] usable
[    0.000000] reserve setup_data: [mem 0x000000000009f000-0x00000000000fffff] reserved
[    0.000000] reserve setup_data: [mem 0x0000000000100000-0x000000002b927017] usable
[    0.000000] reserve setup_data: [mem 0x000000002b927018-0x000000002b94be57] usable
[    0.000000] reserve setup_data: [mem 0x000000002b94be58-0x0000000030228fff] usable
[    0.000000] reserve setup_data: [mem 0x0000000030229000-0x0000000030b28fff] reserved
[    0.000000] reserve setup_data: [mem 0x0000000030b29000-0x000000003293efff] usable
[    0.000000] reserve setup_data: [mem 0x000000003293f000-0x00000000349defff] reserved
[    0.000000] reserve setup_data: [mem 0x00000000349df000-0x000000003798efff] ACPI NVS
[    0.000000] reserve setup_data: [mem 0x000000003798f000-0x0000000037afefff] ACPI data
[    0.000000] reserve setup_data: [mem 0x0000000037aff000-0x0000000037afffff] usable
[    0.000000] reserve setup_data: [mem 0x0000000037b00000-0x000000003bffffff] reserved
[    0.000000] reserve setup_data: [mem 0x000000003c800000-0x000000003cbfffff] reserved
[    0.000000] reserve setup_data: [mem 0x000000003ce00000-0x000000003fffffff] reserved
[    0.000000] reserve setup_data: [mem 0x00000000c0000000-0x00000000cfffffff] reserved
[    0.000000] reserve setup_data: [mem 0x00000000fed20000-0x00000000fed7ffff] reserved
[    0.000000] reserve setup_data: [mem 0x00000000ff000000-0x00000000ffffffff] reserved
[    0.000000] reserve setup_data: [mem 0x0000000100000000-0x00000008bfffffff] usable
[    0.000000] efi: EFI v2.8 by INSYDE Corp.
[    0.000000] efi: ACPI=0x37afe000 ACPI 2.0=0x37afe014 TPMFinalLog=0x37866000 SMBIOS=0x32fda000 MEMATTR=0x2ba43518 ESRT=0x2ca20798 MOKvar=0x32f86000 INITRD=0x2bd96398 RNG=0x37a24018 TPMEventLog=0x37a18018 
[    0.000000] random: crng init done
[    0.000000] efi: Remove mem88: MMIO range=[0xc0000000-0xcfffffff] (256MB) from e820 map
[    0.000000] e820: remove [mem 0xc0000000-0xcfffffff] reserved
[    0.000000] efi: Remove mem90: MMIO range=[0xff000000-0xffffffff] (16MB) from e820 map
[    0.000000] e820: remove [mem 0xff000000-0xffffffff] reserved
[    0.000000] SMBIOS 3.4 present.
[    0.000000] DMI: Notebook X370SNx1/X370SNx1, BIOS 1.07.03aMIN29 09/18/2024
[    0.000000] DMI: Memory slots populated: 2/2
[    0.000000] tsc: Detected 2400.000 MHz processor
[    0.000000] tsc: Detected 2419.200 MHz TSC
[    0.000008] e820: update [mem 0x00000000-0x00000fff] usable ==> reserved
[    0.000011] e820: remove [mem 0x000a0000-0x000fffff] usable
[    0.000021] last_pfn = 0x8c0000 max_arch_pfn = 0x400000000
[    0.000026] MTRR map: 5 entries (3 fixed + 2 variable; max 23), built from 10 variable MTRRs
[    0.000028] x86/PAT: Configuration [0-7]: WB  WC  UC- UC  WB  WP  UC- WT  
[    0.000759] last_pfn = 0x37b00 max_arch_pfn = 0x400000000
[    0.010767] esrt: Reserving ESRT space from 0x000000002ca20798 to 0x000000002ca20820.
[    0.010775] e820: update [mem 0x2ca20000-0x2ca20fff] usable ==> reserved
[    0.010799] Using GB pages for direct mapping
[    0.010800] Incomplete global flushes, disabling PCID
[    0.011477] Secure boot disabled
[    0.011478] RAMDISK: [mem 0x1af2b000-0x1f81cfff]
[    0.011562] ACPI: Early table checksum verification disabled
[    0.011567] ACPI: RSDP 0x0000000037AFE014 000024 (v02 INSYDE)
[    0.011573] ACPI: XSDT 0x0000000037A38188 00012C (v01 INSYDE ADL      00000002      01000013)
[    0.011582] ACPI: FACP 0x0000000037ADB000 000114 (v06 INSYDE ADL      00000002 ACPI 00040000)
[    0.011591] ACPI: DSDT 0x0000000037A4E000 089652 (v02 INSYDE ADL      00000002 ACPI 00040000)
[    0.011596] ACPI: FACS 0x000000003783E000 000040
[    0.011600] ACPI: UEFI 0x000000003798E000 0001CF (v01 INSYDE H2O BIOS 00000001 ACPI 00040000)
[    0.011604] ACPI: SSDT 0x0000000037AF3000 00908F (v02 DptfTb DptfTabl 00001000 INTL 20200717)
[    0.011608] ACPI: SSDT 0x0000000037AED000 005D34 (v02 CpuRef CpuSsdt  00003000 INTL 20200717)
[    0.011612] ACPI: SSDT 0x0000000037AEA000 00276F (v02 SaSsdt SaSsdt   00003000 INTL 20200717)
[    0.011616] ACPI: SSDT 0x0000000037AE6000 00328B (v02 INTEL  IgfxSsdt 00003000 INTL 20200717)
[    0.011620] ACPI: SSDT 0x0000000037AE5000 00077B (v02 INSYDE Tpm2Tabl 00001000 INTL 20200717)
[    0.011624] ACPI: TPM2 0x0000000037AE4000 00004C (v04 INSYDE ADL      00000002 ACPI 00040000)
[    0.011629] ACPI: SSDT 0x0000000037ADF000 003249 (v02 INTEL  DTbtSsdt 00001000 INTL 20200717)
[    0.011633] ACPI: SSDT 0x0000000037ADD000 0016A6 (v02 INSYDE UsbCTabl 00001000 INTL 20200717)
[    0.011637] ACPI: NHLT 0x0000000037ADC000 00002D (v00 INSYDE ADL      00000002 ACPI 00040000)
[    0.011640] ACPI: HPET 0x0000000037ADA000 000038 (v01 INSYDE ADL      00000002 ACPI 00040000)
[    0.011644] ACPI: APIC 0x0000000037AD9000 0001DC (v05 INSYDE ADL      00000002 ACPI 00040000)
[    0.011648] ACPI: MCFG 0x0000000037AD8000 00003C (v01 INSYDE ADL      00000002 ACPI 00040000)
[    0.011652] ACPI: SSDT 0x0000000037A48000 0054E4 (v02 INSYDE ADL      00000002      01000013)
[    0.011656] ACPI: WSMT 0x0000000037A47000 000028 (v01 INSYDE ADL      00000002 ACPI 00040000)
[    0.011660] ACPI: SSDT 0x0000000037A45000 0015FD (v02 INSYDE PtidDevc 00001000 INTL 20200717)
[    0.011665] ACPI: SSDT 0x0000000037A3B000 009573 (v02 INSYDE TbtTypeC 00000000 INTL 20200717)
[    0.011669] ACPI: DBGP 0x0000000037A3A000 000034 (v01 INSYDE ADL      00000002 ACPI 00040000)
[    0.011672] ACPI: DBG2 0x0000000037A39000 000054 (v00 INSYDE ADL      00000002 ACPI 00040000)
[    0.011675] ACPI: DMAR 0x0000000037AFD000 000050 (v01 INTEL  ICL      00000002 ACPI 00040000)
[    0.011678] ACPI: SSDT 0x0000000037A35000 002EE7 (v01 NvdRef NvdTabl  00001000 INTL 20200717)
[    0.011682] ACPI: SSDT 0x0000000037A34000 00020D (v01 NvdRef NvdDiscr 00001000 INTL 20200717)
[    0.011685] ACPI: SSDT 0x0000000037A33000 00064F (v01 NvdRef NvDisDds 00001000 INTL 20200717)
[    0.011688] ACPI: UEFI 0x000000003783B000 00063A (v01 INTEL  RstVmdE  00000000 ACPI 00040000)
[    0.011692] ACPI: UEFI 0x000000003783A000 00005C (v01 INTEL  RstVmdV  00000000 ACPI 00040000)
[    0.011695] ACPI: SSDT 0x0000000037A31000 001057 (v02 INTEL  xh_rplsb 00000000 INTL 20200717)
[    0.011698] ACPI: SSDT 0x0000000037A2D000 0039DA (v02 SocGpe SocGpe   00003000 INTL 20200717)
[    0.011702] ACPI: SSDT 0x0000000037A29000 0039DA (v02 SocCmn SocCmn   00003000 INTL 20200717)
[    0.011705] ACPI: SSDT 0x0000000037A28000 0000F8 (v02 INSYDE PcdTabl  00001000 INTL 20200717)
[    0.011708] ACPI: FPDT 0x0000000037A27000 000044 (v01 INSYDE ADL      00000002 ACPI 00040000)
[    0.011712] ACPI: PHAT 0x0000000037A25000 0005ED (v01 INSYDE ADL      00000005 ACPI 00040000)
[    0.011715] ACPI: BGRT 0x0000000037A26000 000038 (v01 INSYDE H2O BIOS 00000001 ACPI 00040000)
[    0.011718] ACPI: Reserving FACP table memory at [mem 0x37adb000-0x37adb113]
[    0.011719] ACPI: Reserving DSDT table memory at [mem 0x37a4e000-0x37ad7651]
[    0.011720] ACPI: Reserving FACS table memory at [mem 0x3783e000-0x3783e03f]
[    0.011721] ACPI: Reserving UEFI table memory at [mem 0x3798e000-0x3798e1ce]
[    0.011722] ACPI: Reserving SSDT table memory at [mem 0x37af3000-0x37afc08e]
[    0.011723] ACPI: Reserving SSDT table memory at [mem 0x37aed000-0x37af2d33]
[    0.011724] ACPI: Reserving SSDT table memory at [mem 0x37aea000-0x37aec76e]
[    0.011725] ACPI: Reserving SSDT table memory at [mem 0x37ae6000-0x37ae928a]
[    0.011726] ACPI: Reserving SSDT table memory at [mem 0x37ae5000-0x37ae577a]
[    0.011727] ACPI: Reserving TPM2 table memory at [mem 0x37ae4000-0x37ae404b]
[    0.011728] ACPI: Reserving SSDT table memory at [mem 0x37adf000-0x37ae2248]
[    0.011729] ACPI: Reserving SSDT table memory at [mem 0x37add000-0x37ade6a5]
[    0.011729] ACPI: Reserving NHLT table memory at [mem 0x37adc000-0x37adc02c]
[    0.011730] ACPI: Reserving HPET table memory at [mem 0x37ada000-0x37ada037]
[    0.011731] ACPI: Reserving APIC table memory at [mem 0x37ad9000-0x37ad91db]
[    0.011732] ACPI: Reserving MCFG table memory at [mem 0x37ad8000-0x37ad803b]
[    0.011733] ACPI: Reserving SSDT table memory at [mem 0x37a48000-0x37a4d4e3]
[    0.011734] ACPI: Reserving WSMT table memory at [mem 0x37a47000-0x37a47027]
[    0.011735] ACPI: Reserving SSDT table memory at [mem 0x37a45000-0x37a465fc]
[    0.011735] ACPI: Reserving SSDT table memory at [mem 0x37a3b000-0x37a44572]
[    0.011736] ACPI: Reserving DBGP table memory at [mem 0x37a3a000-0x37a3a033]
[    0.011737] ACPI: Reserving DBG2 table memory at [mem 0x37a39000-0x37a39053]
[    0.011738] ACPI: Reserving DMAR table memory at [mem 0x37afd000-0x37afd04f]
[    0.011739] ACPI: Reserving SSDT table memory at [mem 0x37a35000-0x37a37ee6]
[    0.011740] ACPI: Reserving SSDT table memory at [mem 0x37a34000-0x37a3420c]
[    0.011741] ACPI: Reserving SSDT table memory at [mem 0x37a33000-0x37a3364e]
[    0.011742] ACPI: Reserving UEFI table memory at [mem 0x3783b000-0x3783b639]
[    0.011742] ACPI: Reserving UEFI table memory at [mem 0x3783a000-0x3783a05b]
[    0.011743] ACPI: Reserving SSDT table memory at [mem 0x37a31000-0x37a32056]
[    0.011744] ACPI: Reserving SSDT table memory at [mem 0x37a2d000-0x37a309d9]
[    0.011745] ACPI: Reserving SSDT table memory at [mem 0x37a29000-0x37a2c9d9]
[    0.011746] ACPI: Reserving SSDT table memory at [mem 0x37a28000-0x37a280f7]
[    0.011747] ACPI: Reserving FPDT table memory at [mem 0x37a27000-0x37a27043]
[    0.011748] ACPI: Reserving PHAT table memory at [mem 0x37a25000-0x37a255ec]
[    0.011749] ACPI: Reserving BGRT table memory at [mem 0x37a26000-0x37a26037]
[    0.012004] No NUMA configuration found
[    0.012005] Faking a node at [mem 0x0000000000000000-0x00000008bfffffff]
[    0.012015] NODE_DATA(0) allocated [mem 0x8bffd5680-0x8bfffffff]
[    0.012276] Zone ranges:
[    0.012278]   DMA      [mem 0x0000000000001000-0x0000000000ffffff]
[    0.012280]   DMA32    [mem 0x0000000001000000-0x00000000ffffffff]
[    0.012282]   Normal   [mem 0x0000000100000000-0x00000008bfffffff]
[    0.012283]   Device   empty
[    0.012284] Movable zone start for each node
[    0.012286] Early memory node ranges
[    0.012287]   node   0: [mem 0x0000000000001000-0x000000000009efff]
[    0.012289]   node   0: [mem 0x0000000000100000-0x0000000030228fff]
[    0.012290]   node   0: [mem 0x0000000030b29000-0x000000003293efff]
[    0.012291]   node   0: [mem 0x0000000037aff000-0x0000000037afffff]
[    0.012292]   node   0: [mem 0x0000000100000000-0x00000008bfffffff]
[    0.012295] Initmem setup node 0 [mem 0x0000000000001000-0x00000008bfffffff]
[    0.012302] On node 0, zone DMA: 1 pages in unavailable ranges
[    0.012332] On node 0, zone DMA: 97 pages in unavailable ranges
[    0.013903] On node 0, zone DMA32: 2304 pages in unavailable ranges
[    0.014127] On node 0, zone DMA32: 20928 pages in unavailable ranges
[    0.056325] On node 0, zone Normal: 1280 pages in unavailable ranges
[    0.057010] ACPI: PM-Timer IO Port: 0x1808
[    0.057023] ACPI: LAPIC_NMI (acpi_id[0x01] high edge lint[0x1])
[    0.057026] ACPI: LAPIC_NMI (acpi_id[0x02] high edge lint[0x1])
[    0.057026] ACPI: LAPIC_NMI (acpi_id[0x03] high edge lint[0x1])
[    0.057027] ACPI: LAPIC_NMI (acpi_id[0x04] high edge lint[0x1])
[    0.057028] ACPI: LAPIC_NMI (acpi_id[0x05] high edge lint[0x1])
[    0.057029] ACPI: LAPIC_NMI (acpi_id[0x06] high edge lint[0x1])
[    0.057029] ACPI: LAPIC_NMI (acpi_id[0x07] high edge lint[0x1])
[    0.057030] ACPI: LAPIC_NMI (acpi_id[0x08] high edge lint[0x1])
[    0.057030] ACPI: LAPIC_NMI (acpi_id[0x09] high edge lint[0x1])
[    0.057031] ACPI: LAPIC_NMI (acpi_id[0x0a] high edge lint[0x1])
[    0.057032] ACPI: LAPIC_NMI (acpi_id[0x0b] high edge lint[0x1])
[    0.057033] ACPI: LAPIC_NMI (acpi_id[0x0c] high edge lint[0x1])
[    0.057033] ACPI: LAPIC_NMI (acpi_id[0x0d] high edge lint[0x1])
[    0.057034] ACPI: LAPIC_NMI (acpi_id[0x0e] high edge lint[0x1])
[    0.057034] ACPI: LAPIC_NMI (acpi_id[0x0f] high edge lint[0x1])
[    0.057035] ACPI: LAPIC_NMI (acpi_id[0x10] high edge lint[0x1])
[    0.057036] ACPI: LAPIC_NMI (acpi_id[0x11] high edge lint[0x1])
[    0.057037] ACPI: LAPIC_NMI (acpi_id[0x12] high edge lint[0x1])
[    0.057037] ACPI: LAPIC_NMI (acpi_id[0x13] high edge lint[0x1])
[    0.057038] ACPI: LAPIC_NMI (acpi_id[0x14] high edge lint[0x1])
[    0.057039] ACPI: LAPIC_NMI (acpi_id[0x15] high edge lint[0x1])
[    0.057039] ACPI: LAPIC_NMI (acpi_id[0x16] high edge lint[0x1])
[    0.057040] ACPI: LAPIC_NMI (acpi_id[0x17] high edge lint[0x1])
[    0.057041] ACPI: LAPIC_NMI (acpi_id[0x00] high edge lint[0x1])
[    0.057081] IOAPIC[0]: apic_id 2, version 32, address 0xfec00000, GSI 0-119
[    0.057089] ACPI: INT_SRC_OVR (bus 0 bus_irq 0 global_irq 2 dfl dfl)
[    0.057091] ACPI: INT_SRC_OVR (bus 0 bus_irq 9 global_irq 9 high level)
[    0.057096] ACPI: Using ACPI (MADT) for SMP configuration information
[    0.057097] ACPI: HPET id: 0x8086a201 base: 0xfed00000
[    0.057107] e820: update [mem 0x2b43a000-0x2b4f4fff] usable ==> reserved
[    0.057122] TSC deadline timer available
[    0.057125] CPU topo: Max. logical packages:   1
[    0.057126] CPU topo: Max. logical dies:       1
[    0.057126] CPU topo: Max. dies per package:   1
[    0.057129] CPU topo: Max. threads per core:   2
[    0.057130] CPU topo: Num. cores per package:    24
[    0.057131] CPU topo: Num. threads per package:  32
[    0.057132] CPU topo: Allowing 32 present CPUs plus 0 hotplug CPUs
[    0.057149] PM: hibernation: Registered nosave memory: [mem 0x00000000-0x00000fff]
[    0.057151] PM: hibernation: Registered nosave memory: [mem 0x0009f000-0x000fffff]
[    0.057153] PM: hibernation: Registered nosave memory: [mem 0x2b43a000-0x2b4f4fff]
[    0.057154] PM: hibernation: Registered nosave memory: [mem 0x2b927000-0x2b927fff]
[    0.057156] PM: hibernation: Registered nosave memory: [mem 0x2b94b000-0x2b94bfff]
[    0.057157] PM: hibernation: Registered nosave memory: [mem 0x2ca20000-0x2ca20fff]
[    0.057159] PM: hibernation: Registered nosave memory: [mem 0x30229000-0x30b28fff]
[    0.057160] PM: hibernation: Registered nosave memory: [mem 0x3293f000-0x349defff]
[    0.057161] PM: hibernation: Registered nosave memory: [mem 0x349df000-0x3798efff]
[    0.057162] PM: hibernation: Registered nosave memory: [mem 0x3798f000-0x37afefff]
[    0.057163] PM: hibernation: Registered nosave memory: [mem 0x37b00000-0x3bffffff]
[    0.057164] PM: hibernation: Registered nosave memory: [mem 0x3c000000-0x3c7fffff]
[    0.057165] PM: hibernation: Registered nosave memory: [mem 0x3c800000-0x3cbfffff]
[    0.057165] PM: hibernation: Registered nosave memory: [mem 0x3cc00000-0x3cdfffff]
[    0.057166] PM: hibernation: Registered nosave memory: [mem 0x3ce00000-0x3fffffff]
[    0.057167] PM: hibernation: Registered nosave memory: [mem 0x40000000-0xfed1ffff]
[    0.057167] PM: hibernation: Registered nosave memory: [mem 0xfed20000-0xfed7ffff]
[    0.057168] PM: hibernation: Registered nosave memory: [mem 0xfed80000-0xffffffff]
[    0.057170] [mem 0x40000000-0xfed1ffff] available for PCI devices
[    0.057171] Booting paravirtualized kernel on bare hardware
[    0.057174] clocksource: refined-jiffies: mask: 0xffffffff max_cycles: 0xffffffff, max_idle_ns: 1910969940391419 ns
[    0.057189] setup_percpu: NR_CPUS:8192 nr_cpumask_bits:32 nr_cpu_ids:32 nr_node_ids:1
[    0.059000] percpu: Embedded 88 pages/cpu s237568 r8192 d114688 u524288
[    0.059006] pcpu-alloc: s237568 r8192 d114688 u524288 alloc=1*2097152
[    0.059008] pcpu-alloc: [0] 00 01 02 03 [0] 04 05 06 07 
[    0.059013] pcpu-alloc: [0] 08 09 10 11 [0] 12 13 14 15 
[    0.059017] pcpu-alloc: [0] 16 17 18 19 [0] 20 21 22 23 
[    0.059021] pcpu-alloc: [0] 24 25 26 27 [0] 28 29 30 31 
[    0.059052] Kernel command line: BOOT_IMAGE=/@boot/vmlinuz-6.12.0-rc5 root=UUID=aa8cb093-9cb3-4cc7-b44e-4bff76ca37fb ro rootflags=subvol=@ quiet cryptdevice=UUID=1a8d8cdb-8d8f-4689-b744-8f32d2067f56:luks-1a8d8cdb-8d8f-4689-b744-8f32d2067f56 root=/dev/mapper/luks-1a8d8cdb-8d8f-4689-b744-8f32d2067f56 splash thunderbolt.dyndbg=+p vt.handoff=7
[    0.059153] Unknown kernel command line parameters "splash BOOT_IMAGE=/@boot/vmlinuz-6.12.0-rc5 cryptdevice=UUID=1a8d8cdb-8d8f-4689-b744-8f32d2067f56:luks-1a8d8cdb-8d8f-4689-b744-8f32d2067f56", will be passed to user space.
[    0.061757] Dentry cache hash table entries: 4194304 (order: 13, 33554432 bytes, linear)
[    0.063059] Inode-cache hash table entries: 2097152 (order: 12, 16777216 bytes, linear)
[    0.063481] Fallback order for Node 0: 0 
[    0.063486] Built 1 zonelists, mobility grouping on.  Total pages: 8331230
[    0.063487] Policy zone: Normal
[    0.063494] mem auto-init: stack:all(zero), heap alloc:on, heap free:off
[    0.063502] software IO TLB: area num 32.
[    0.134507] SLUB: HWalign=64, Order=0-3, MinObjects=0, CPUs=32, Nodes=1
[    0.134587] ftrace: allocating 56189 entries in 220 pages
[    0.144543] ftrace: allocated 220 pages with 5 groups
[    0.145366] Dynamic Preempt: voluntary
[    0.145554] rcu: Preemptible hierarchical RCU implementation.
[    0.145555] rcu: 	RCU restricting CPUs from NR_CPUS=8192 to nr_cpu_ids=32.
[    0.145557] 	Trampoline variant of Tasks RCU enabled.
[    0.145557] 	Rude variant of Tasks RCU enabled.
[    0.145558] 	Tracing variant of Tasks RCU enabled.
[    0.145558] rcu: RCU calculated value of scheduler-enlistment delay is 100 jiffies.
[    0.145559] rcu: Adjusting geometry for rcu_fanout_leaf=16, nr_cpu_ids=32
[    0.145581] RCU Tasks: Setting shift to 5 and lim to 1 rcu_task_cb_adjust=1 rcu_task_cpu_ids=32.
[    0.145585] RCU Tasks Rude: Setting shift to 5 and lim to 1 rcu_task_cb_adjust=1 rcu_task_cpu_ids=32.
[    0.145587] RCU Tasks Trace: Setting shift to 5 and lim to 1 rcu_task_cb_adjust=1 rcu_task_cpu_ids=32.
[    0.148597] NR_IRQS: 524544, nr_irqs: 2312, preallocated irqs: 16
[    0.148954] rcu: srcu_init: Setting srcu_struct sizes based on contention.
[    0.149224] Console: colour dummy device 80x25
[    0.149227] printk: legacy console [tty0] enabled
[    0.149292] ACPI: Core revision 20240827
[    0.149782] hpet: HPET dysfunctional in PC10. Force disabled.
[    0.149837] APIC: Switch to symmetric I/O mode setup
[    0.149839] DMAR: Host address width 39
[    0.149840] DMAR: DRHD base: 0x000000fed91000 flags: 0x1
[    0.149849] DMAR: dmar0: reg_base_addr fed91000 ver 5:0 cap d2008c40660462 ecap f050da
[    0.149853] DMAR-IR: IOAPIC id 2 under DRHD base  0xfed91000 IOMMU 0
[    0.149855] DMAR-IR: HPET id 0 under DRHD base 0xfed91000
[    0.149856] DMAR-IR: Queued invalidation will be enabled to support x2apic and Intr-remapping.
[    0.151575] DMAR-IR: Enabled IRQ remapping in x2apic mode
[    0.151577] x2apic enabled
[    0.151648] APIC: Switched APIC routing to: cluster x2apic
[    0.156582] clocksource: tsc-early: mask: 0xffffffffffffffff max_cycles: 0x22df1149949, max_idle_ns: 440795312789 ns
[    0.156590] Calibrating delay loop (skipped), value calculated using timer frequency.. 4838.40 BogoMIPS (lpj=2419200)
[    0.156660] CPU0: Thermal monitoring enabled (TM1)
[    0.156662] x86/cpu: User Mode Instruction Prevention (UMIP) activated
[    0.156818] Last level iTLB entries: 4KB 0, 2MB 0, 4MB 0
[    0.156820] Last level dTLB entries: 4KB 0, 2MB 0, 4MB 0, 1GB 0
[    0.156823] process: using mwait in idle threads
[    0.156826] Spectre V1 : Mitigation: usercopy/swapgs barriers and __user pointer sanitization
[    0.156829] Spectre V2 : Mitigation: Enhanced / Automatic IBRS
[    0.156831] Spectre V2 : Spectre v2 / SpectreRSB mitigation: Filling RSB on context switch
[    0.156832] Spectre V2 : Spectre v2 / PBRSB-eIBRS: Retire a single CALL on VMEXIT
[    0.156834] Spectre V2 : mitigation: Enabling conditional Indirect Branch Prediction Barrier
[    0.156836] Speculative Store Bypass: Mitigation: Speculative Store Bypass disabled via prctl
[    0.156837] Register File Data Sampling: Mitigation: Clear Register File
[    0.156849] x86/fpu: Supporting XSAVE feature 0x001: 'x87 floating point registers'
[    0.156850] x86/fpu: Supporting XSAVE feature 0x002: 'SSE registers'
[    0.156852] x86/fpu: Supporting XSAVE feature 0x004: 'AVX registers'
[    0.156853] x86/fpu: Supporting XSAVE feature 0x200: 'Protection Keys User registers'
[    0.156854] x86/fpu: Supporting XSAVE feature 0x800: 'Control-flow User registers'
[    0.156855] x86/fpu: xstate_offset[2]:  576, xstate_sizes[2]:  256
[    0.156857] x86/fpu: xstate_offset[9]:  832, xstate_sizes[9]:    8
[    0.156858] x86/fpu: xstate_offset[11]:  840, xstate_sizes[11]:   16
[    0.156859] x86/fpu: Enabled xstate features 0xa07, context size is 856 bytes, using 'compacted' format.
[    0.157587] Freeing SMP alternatives memory: 48K
[    0.157587] pid_max: default: 32768 minimum: 301
[    0.157587] LSM: initializing lsm=lockdown,capability,landlock,yama,apparmor,ima,evm
[    0.157587] landlock: Up and running.
[    0.157587] Yama: becoming mindful.
[    0.157587] AppArmor: AppArmor initialized
[    0.157587] Mount-cache hash table entries: 65536 (order: 7, 524288 bytes, linear)
[    0.157587] Mountpoint-cache hash table entries: 65536 (order: 7, 524288 bytes, linear)
[    0.157587] smpboot: CPU0: Intel(R) Core(TM) i9-14900HX (family: 0x6, model: 0xb7, stepping: 0x1)
[    0.157587] Performance Events: XSAVE Architectural LBR, PEBS fmt4+-baseline,  AnyThread deprecated, Alderlake Hybrid events, 32-deep LBR, full-width counters, Intel PMU driver.
[    0.157587] core: cpu_core PMU driver: 
[    0.157587] ... version:                5
[    0.157587] ... bit width:              48
[    0.157587] ... generic registers:      8
[    0.157587] ... value mask:             0000ffffffffffff
[    0.157587] ... max period:             00007fffffffffff
[    0.157587] ... fixed-purpose events:   4
[    0.157587] ... event mask:             0001000f000000ff
[    0.157587] signal: max sigframe size: 3632
[    0.157587] Estimated ratio of average max frequency by base frequency (times 1024): 2218
[    0.157587] rcu: Hierarchical SRCU implementation.
[    0.157587] rcu: 	Max phase no-delay instances is 400.
[    0.157587] Timer migration: 2 hierarchy levels; 8 children per group; 2 crossnode level
[    0.159423] NMI watchdog: Enabled. Permanently consumes one hw-PMU counter.
[    0.160602] smp: Bringing up secondary CPUs ...
[    0.160748] smpboot: x86: Booting SMP configuration:
[    0.160750] .... node  #0, CPUs:        #2  #4  #6  #8 #10 #12 #14 #16 #17 #18 #19 #20 #21 #22 #23 #24 #25 #26 #27 #28 #29 #30 #31
[    0.008452] core: cpu_atom PMU driver: PEBS-via-PT 
[    0.008452] ... version:                5
[    0.008452] ... bit width:              48
[    0.008452] ... generic registers:      6
[    0.008452] ... value mask:             0000ffffffffffff
[    0.008452] ... max period:             00007fffffffffff
[    0.008452] ... fixed-purpose events:   3
[    0.008452] ... event mask:             000000070000003f
[    0.197616]   #1  #3  #5  #7  #9 #11 #13 #15
[    0.206680] smp: Brought up 1 node, 32 CPUs
[    0.206680] smpboot: Total of 32 processors activated (154828.80 BogoMIPS)
[    0.207957] Memory: 32501920K/33324920K available (22528K kernel code, 4585K rwdata, 14292K rodata, 5064K init, 4492K bss, 776924K reserved, 0K cma-reserved)
[    0.209075] devtmpfs: initialized
[    0.209075] x86/mm: Memory block size: 128MB
[    0.212416] ACPI: PM: Registering ACPI NVS region [mem 0x349df000-0x3798efff] (50003968 bytes)
[    0.212961] clocksource: jiffies: mask: 0xffffffff max_cycles: 0xffffffff, max_idle_ns: 1911260446275000 ns
[    0.213011] futex hash table entries: 8192 (order: 7, 524288 bytes, linear)
[    0.213133] pinctrl core: initialized pinctrl subsystem
[    0.213384] PM: RTC time: 20:08:48, date: 2024-10-29
[    0.213930] NET: Registered PF_NETLINK/PF_ROUTE protocol family
[    0.214463] DMA: preallocated 4096 KiB GFP_KERNEL pool for atomic allocations
[    0.214822] DMA: preallocated 4096 KiB GFP_KERNEL|GFP_DMA pool for atomic allocations
[    0.215183] DMA: preallocated 4096 KiB GFP_KERNEL|GFP_DMA32 pool for atomic allocations
[    0.215193] audit: initializing netlink subsys (disabled)
[    0.215214] audit: type=2000 audit(1730232528.058:1): state=initialized audit_enabled=0 res=1
[    0.215214] thermal_sys: Registered thermal governor 'fair_share'
[    0.215214] thermal_sys: Registered thermal governor 'bang_bang'
[    0.215214] thermal_sys: Registered thermal governor 'step_wise'
[    0.215214] thermal_sys: Registered thermal governor 'user_space'
[    0.215214] thermal_sys: Registered thermal governor 'power_allocator'
[    0.215214] EISA bus registered
[    0.215214] cpuidle: using governor ladder
[    0.215214] cpuidle: using governor menu
[    0.215621] acpiphp: ACPI Hot Plug PCI Controller Driver version: 0.5
[    0.215753] PCI: ECAM [mem 0xc0000000-0xce0fffff] (base 0xc0000000) for domain 0000 [bus 00-e0]
[    0.215769] PCI: Using configuration type 1 for base access
[    0.215947] kprobes: kprobe jump-optimization is enabled. All kprobes are optimized if possible.
[    0.219674] HugeTLB: registered 1.00 GiB page size, pre-allocated 0 pages
[    0.219674] HugeTLB: 16380 KiB vmemmap can be freed for a 1.00 GiB page
[    0.219674] HugeTLB: registered 2.00 MiB page size, pre-allocated 0 pages
[    0.219674] HugeTLB: 28 KiB vmemmap can be freed for a 2.00 MiB page
[    0.220788] ACPI: Added _OSI(Module Device)
[    0.220790] ACPI: Added _OSI(Processor Device)
[    0.220792] ACPI: Added _OSI(3.0 _SCP Extensions)
[    0.220793] ACPI: Added _OSI(Processor Aggregator Device)
[    0.363461] ACPI BIOS Error (bug): Could not resolve symbol [\_SB.PC00.MHBR], AE_NOT_FOUND (20240827/psargs-332)
[    0.363478] ACPI: Ignoring error and continuing table load
[    0.363502] ACPI BIOS Error (bug): Could not resolve symbol [\_SB.PTID.PBAR], AE_NOT_FOUND (20240827/dsfield-500)
[    0.371587] ACPI: 18 ACPI AML tables successfully acquired and loaded
[    0.391461] ACPI: USB4 _OSC: OS supports USB3+ DisplayPort+ PCIe+ XDomain+
[    0.391464] ACPI: USB4 _OSC: OS controls USB3+ DisplayPort+ PCIe+ XDomain+
[    0.393367] ACPI: Dynamic OEM Table Load:
[    0.393381] ACPI: SSDT 0xFFFF8F99841A7800 000394 (v02 PmRef  Cpu0Cst  00003001 INTL 20200717)
[    0.395249] ACPI: Dynamic OEM Table Load:
[    0.395258] ACPI: SSDT 0xFFFF8F99841DB800 00053F (v02 PmRef  Cpu0Ist  00003000 INTL 20200717)
[    0.397166] ACPI: Dynamic OEM Table Load:
[    0.397173] ACPI: SSDT 0xFFFF8F9984160000 0001AB (v02 PmRef  Cpu0Psd  00003000 INTL 20200717)
[    0.398967] ACPI: Dynamic OEM Table Load:
[    0.398974] ACPI: SSDT 0xFFFF8F99841D9000 0004B5 (v02 PmRef  Cpu0Hwp  00003000 INTL 20200717)
[    0.401383] ACPI: Dynamic OEM Table Load:
[    0.401403] ACPI: SSDT 0xFFFF8F99841E4000 001BAF (v02 PmRef  ApIst    00003000 INTL 20200717)
[    0.404215] ACPI: Dynamic OEM Table Load:
[    0.404223] ACPI: SSDT 0xFFFF8F99841E6000 001038 (v02 PmRef  ApHwp    00003000 INTL 20200717)
[    0.406738] ACPI: Dynamic OEM Table Load:
[    0.406747] ACPI: SSDT 0xFFFF8F99841E0000 001349 (v02 PmRef  ApPsd    00003000 INTL 20200717)
[    0.409297] ACPI: Dynamic OEM Table Load:
[    0.409306] ACPI: SSDT 0xFFFF8F99841F1000 000FBB (v02 PmRef  ApCst    00003000 INTL 20200717)
[    0.428689] ACPI: EC: EC started
[    0.428691] ACPI: EC: interrupt blocked
[    0.446056] ACPI: EC: EC_CMD/EC_SC=0x66, EC_DATA=0x62
[    0.446059] ACPI: \_SB_.PC00.LPCB.EC__: Boot DSDT EC used to handle transactions
[    0.446061] ACPI: Interpreter enabled
[    0.446151] ACPI: PM: (supports S0 S3 S4 S5)
[    0.446152] ACPI: Using IOAPIC for interrupt routing
[    0.448550] PCI: Using host bridge windows from ACPI; if necessary, use "pci=nocrs" and report a bug
[    0.448552] PCI: Ignoring E820 reservations for host bridge windows
[    0.450408] ACPI: Enabled 11 GPEs in block 00 to 7F
[    0.452885] ACPI: \_SB_.PC00.PEG2.PG00: New power resource
[    0.483842] ACPI: \_SB_.PC00.XHCI.RHUB.HS14.BTRT: New power resource
[    0.483868] ACPI: \_SB_.PC00.XHCI.RHUB.HS14.DBTR: New power resource
[    0.494338] ACPI: \_SB_.PC00.CNVW.WRST: New power resource
[    0.500092] ACPI: \_SB_.PC00.RP09.PXP_: New power resource
[    0.526944] ACPI: \PIN_: New power resource
[    0.527840] ACPI: PCI Root Bridge [PC00] (domain 0000 [bus 00-e0])
[    0.527850] acpi PNP0A08:00: _OSC: OS supports [ExtendedConfig ASPM ClockPM Segments MSI EDR HPX-Type3]
[    0.531696] acpi PNP0A08:00: _OSC: OS now controls [PCIeHotplug SHPCHotplug PME AER PCIeCapability LTR DPC]
[    0.537785] PCI host bridge to bus 0000:00
[    0.537789] pci_bus 0000:00: root bus resource [io  0x0000-0x0cf7 window]
[    0.537792] pci_bus 0000:00: root bus resource [io  0x0d00-0xffff window]
[    0.537793] pci_bus 0000:00: root bus resource [mem 0x000a0000-0x000bffff window]
[    0.537795] pci_bus 0000:00: root bus resource [mem 0x40000000-0xbfffffff window]
[    0.537797] pci_bus 0000:00: root bus resource [mem 0x4000000000-0x7fffffffff window]
[    0.537799] pci_bus 0000:00: root bus resource [bus 00-e0]
[    0.537846] pci 0000:00:00.0: [8086:a702] type 00 class 0x060000 conventional PCI endpoint
[    0.537998] pci 0000:00:01.0: [8086:a70d] type 01 class 0x060400 PCIe Root Port
[    0.538015] pci 0000:00:01.0: PCI bridge to [bus 01]
[    0.538078] pci 0000:00:01.0: PME# supported from D0 D3hot D3cold
[    0.538104] pci 0000:00:01.0: PTM enabled (root), 4ns granularity
[    0.538910] pci 0000:00:01.1: [8086:a72d] type 01 class 0x060400 PCIe Root Port
[    0.538927] pci 0000:00:01.1: PCI bridge to [bus 02]
[    0.538931] pci 0000:00:01.1:   bridge window [io  0x3000-0x3fff]
[    0.538933] pci 0000:00:01.1:   bridge window [mem 0x4a000000-0x4b0fffff]
[    0.538940] pci 0000:00:01.1:   bridge window [mem 0x4000000000-0x4401ffffff 64bit pref]
[    0.538992] pci 0000:00:01.1: PME# supported from D0 D3hot D3cold
[    0.539016] pci 0000:00:01.1: PTM enabled (root), 4ns granularity
[    0.539797] pci 0000:00:04.0: [8086:a71d] type 00 class 0x118000 conventional PCI endpoint
[    0.539815] pci 0000:00:04.0: BAR 0 [mem 0x4404200000-0x440421ffff 64bit]
[    0.540183] pci 0000:00:08.0: [8086:a74f] type 00 class 0x088000 conventional PCI endpoint
[    0.540195] pci 0000:00:08.0: BAR 0 [mem 0x4404241000-0x4404241fff 64bit]
[    0.540309] pci 0000:00:0a.0: [8086:a77d] type 00 class 0x118000 PCIe Root Complex Integrated Endpoint
[    0.540318] pci 0000:00:0a.0: BAR 0 [mem 0x4404220000-0x4404227fff 64bit]
[    0.540338] pci 0000:00:0a.0: enabling Extended Tags
[    0.540450] pci 0000:00:0e.0: [8086:a77f] type 00 class 0x010400 PCIe Root Complex Integrated Endpoint
[    0.540465] pci 0000:00:0e.0: BAR 0 [mem 0x4402000000-0x4403ffffff 64bit]
[    0.540472] pci 0000:00:0e.0: BAR 2 [mem 0x48000000-0x49ffffff]
[    0.540488] pci 0000:00:0e.0: BAR 4 [mem 0x4404100000-0x44041fffff 64bit]
[    0.540823] pci 0000:00:14.0: [8086:7a60] type 00 class 0x0c0330 conventional PCI endpoint
[    0.540844] pci 0000:00:14.0: BAR 0 [mem 0x4b380000-0x4b38ffff 64bit]
[    0.540928] pci 0000:00:14.0: PME# supported from D3hot D3cold
[    0.541545] pci 0000:00:14.2: [8086:7a27] type 00 class 0x050000 conventional PCI endpoint
[    0.541570] pci 0000:00:14.2: BAR 0 [mem 0x4404238000-0x440423bfff 64bit]
[    0.541587] pci 0000:00:14.2: BAR 2 [mem 0x4404240000-0x4404240fff 64bit]
[    0.541746] pci 0000:00:14.3: [8086:7a70] type 00 class 0x028000 PCIe Root Complex Integrated Endpoint
[    0.541793] pci 0000:00:14.3: BAR 0 [mem 0x4404234000-0x4404237fff 64bit]
[    0.541961] pci 0000:00:14.3: PME# supported from D0 D3hot D3cold
[    0.542386] pci 0000:00:15.0: [8086:7a4c] type 00 class 0x0c8000 conventional PCI endpoint
[    0.542454] pci 0000:00:15.0: BAR 0 [mem 0x00000000-0x00000fff 64bit]
[    0.543066] pci 0000:00:15.1: [8086:7a4d] type 00 class 0x0c8000 conventional PCI endpoint
[    0.543141] pci 0000:00:15.1: BAR 0 [mem 0x00000000-0x00000fff 64bit]
[    0.543646] pci 0000:00:16.0: [8086:7a68] type 00 class 0x078000 conventional PCI endpoint
[    0.543669] pci 0000:00:16.0: BAR 0 [mem 0x440423d000-0x440423dfff 64bit]
[    0.543754] pci 0000:00:16.0: PME# supported from D3hot
[    0.544338] pci 0000:00:1c.0: [8086:7a3e] type 01 class 0x060400 PCIe Root Port
[    0.544371] pci 0000:00:1c.0: PCI bridge to [bus 03]
[    0.544378] pci 0000:00:1c.0:   bridge window [mem 0x4b100000-0x4b2fffff]
[    0.544475] pci 0000:00:1c.0: PME# supported from D0 D3hot D3cold
[    0.544516] pci 0000:00:1c.0: PTM enabled (root), 4ns granularity
[    0.545406] pci 0000:00:1d.0: [8086:7a30] type 01 class 0x060400 PCIe Root Port
[    0.545438] pci 0000:00:1d.0: PCI bridge to [bus 04-54]
[    0.545445] pci 0000:00:1d.0:   bridge window [mem 0x40000000-0x47ffffff]
[    0.545455] pci 0000:00:1d.0:   bridge window [mem 0x4410000000-0x54100fffff 64bit pref]
[    0.545601] pci 0000:00:1d.0: PME# supported from D0 D3hot D3cold
[    0.546521] pci 0000:00:1f.0: [8086:7a0c] type 00 class 0x060100 conventional PCI endpoint
[    0.546962] pci 0000:00:1f.3: [8086:7a50] type 00 class 0x040300 conventional PCI endpoint
[    0.547006] pci 0000:00:1f.3: BAR 0 [mem 0x4404230000-0x4404233fff 64bit]
[    0.547061] pci 0000:00:1f.3: BAR 4 [mem 0x4404000000-0x44040fffff 64bit]
[    0.547169] pci 0000:00:1f.3: PME# supported from D3hot D3cold
[    0.547284] pci 0000:00:1f.4: [8086:7a23] type 00 class 0x0c0500 conventional PCI endpoint
[    0.547311] pci 0000:00:1f.4: BAR 0 [mem 0x440423c000-0x440423c0ff 64bit]
[    0.547342] pci 0000:00:1f.4: BAR 4 [io  0xefa0-0xefbf]
[    0.547665] pci 0000:00:1f.5: [8086:7a24] type 00 class 0x0c8000 conventional PCI endpoint
[    0.547686] pci 0000:00:1f.5: BAR 0 [mem 0xfe010000-0xfe010fff]
[    0.547839] pci 0000:00:01.0: PCI bridge to [bus 01]
[    0.547903] pci 0000:02:00.0: [10de:27e0] type 00 class 0x030000 PCIe Legacy Endpoint
[    0.547920] pci 0000:02:00.0: BAR 0 [mem 0x4a000000-0x4affffff]
[    0.547934] pci 0000:02:00.0: BAR 1 [mem 0x4000000000-0x43ffffffff 64bit pref]
[    0.547947] pci 0000:02:00.0: BAR 3 [mem 0x4400000000-0x4401ffffff 64bit pref]
[    0.547956] pci 0000:02:00.0: BAR 5 [io  0x3000-0x307f]
[    0.547966] pci 0000:02:00.0: ROM [mem 0xfff80000-0xffffffff pref]
[    0.548054] pci 0000:02:00.0: PME# supported from D0 D3hot
[    0.548178] pci 0000:02:00.0: 16.000 Gb/s available PCIe bandwidth, limited by 2.5 GT/s PCIe x8 link at 0000:00:01.1 (capable of 252.048 Gb/s with 16.0 GT/s PCIe x16 link)
[    0.548498] pci 0000:02:00.1: [10de:22bc] type 00 class 0x040300 PCIe Endpoint
[    0.548513] pci 0000:02:00.1: BAR 0 [mem 0x4b000000-0x4b003fff]
[    0.548705] pci 0000:00:01.1: PCI bridge to [bus 02]
[    0.548844] pci 0000:03:00.0: [8086:3102] type 00 class 0x020000 PCIe Endpoint
[    0.548869] pci 0000:03:00.0: BAR 0 [mem 0x4b100000-0x4b1fffff]
[    0.548908] pci 0000:03:00.0: BAR 3 [mem 0x4b200000-0x4b203fff]
[    0.549069] pci 0000:03:00.0: PME# supported from D0 D3hot D3cold
[    0.549379] pci 0000:00:1c.0: PCI bridge to [bus 03]
[    0.549488] pci 0000:04:00.0: [8086:5780] type 01 class 0x060400 PCIe Switch Upstream Port
[    0.549529] pci 0000:04:00.0: PCI bridge to [bus 05-54]
[    0.549541] pci 0000:04:00.0:   bridge window [mem 0x40000000-0x47efffff]
[    0.549555] pci 0000:04:00.0:   bridge window [mem 0x4410000000-0x54100fffff 64bit pref]
[    0.549572] pci 0000:04:00.0: enabling Extended Tags
[    0.549711] pci 0000:04:00.0: supports D1 D2
[    0.549713] pci 0000:04:00.0: PME# supported from D0 D1 D2 D3hot D3cold
[    0.550124] pci 0000:00:1d.0: PCI bridge to [bus 04-54]
[    0.550252] pci 0000:05:00.0: [8086:5780] type 01 class 0x060400 PCIe Switch Downstream Port
[    0.550293] pci 0000:05:00.0: PCI bridge to [bus 06]
[    0.550317] pci 0000:05:00.0:   bridge window [mem 0x5410000000-0x54100fffff 64bit pref]
[    0.550336] pci 0000:05:00.0: enabling Extended Tags
[    0.550466] pci 0000:05:00.0: supports D1 D2
[    0.550467] pci 0000:05:00.0: PME# supported from D0 D1 D2 D3hot D3cold
[    0.550797] pci 0000:05:01.0: [8086:5780] type 01 class 0x060400 PCIe Switch Downstream Port
[    0.550838] pci 0000:05:01.0: PCI bridge to [bus 07-2c]
[    0.550850] pci 0000:05:01.0:   bridge window [mem 0x44000000-0x47efffff]
[    0.550881] pci 0000:05:01.0: enabling Extended Tags
[    0.551020] pci 0000:05:01.0: supports D1 D2
[    0.551021] pci 0000:05:01.0: PME# supported from D0 D1 D2 D3hot D3cold
[    0.551345] pci 0000:05:02.0: [8086:5780] type 01 class 0x060400 PCIe Switch Downstream Port
[    0.551386] pci 0000:05:02.0: PCI bridge to [bus 2d]
[    0.551398] pci 0000:05:02.0:   bridge window [mem 0x43f00000-0x43ffffff]
[    0.551428] pci 0000:05:02.0: enabling Extended Tags
[    0.551559] pci 0000:05:02.0: supports D1 D2
[    0.551560] pci 0000:05:02.0: PME# supported from D0 D1 D2 D3hot D3cold
[    0.551883] pci 0000:05:03.0: [8086:5780] type 01 class 0x060400 PCIe Switch Downstream Port
[    0.551925] pci 0000:05:03.0: PCI bridge to [bus 2e-54]
[    0.551936] pci 0000:05:03.0:   bridge window [mem 0x40000000-0x43efffff]
[    0.551967] pci 0000:05:03.0: enabling Extended Tags
[    0.552106] pci 0000:05:03.0: supports D1 D2
[    0.552107] pci 0000:05:03.0: PME# supported from D0 D1 D2 D3hot D3cold
[    0.552438] pci 0000:04:00.0: PCI bridge to [bus 05-54]
[    0.552548] pci 0000:06:00.0: [8086:5781] type 00 class 0x0c0340 PCIe Endpoint
[    0.552576] pci 0000:06:00.0: BAR 0 [mem 0x5410000000-0x541003ffff 64bit pref]
[    0.552594] pci 0000:06:00.0: BAR 2 [mem 0x5410040000-0x5410040fff 64bit pref]
[    0.552636] pci 0000:06:00.0: enabling Extended Tags
[    0.552754] pci 0000:06:00.0: supports D1 D2
[    0.552755] pci 0000:06:00.0: PME# supported from D0 D1 D2 D3hot D3cold
[    0.553033] pci 0000:05:00.0: PCI bridge to [bus 06]
[    0.553108] pci 0000:05:01.0: PCI bridge to [bus 07-2c]
[    0.553216] pci 0000:2d:00.0: [8086:5782] type 00 class 0x0c0330 PCIe Endpoint
[    0.553240] pci 0000:2d:00.0: BAR 0 [mem 0x43f00000-0x43f0ffff 64bit]
[    0.553289] pci 0000:2d:00.0: enabling Extended Tags
[    0.553374] pci 0000:2d:00.0: PME# supported from D3hot D3cold
[    0.553413] pci 0000:2d:00.0: 8.000 Gb/s available PCIe bandwidth, limited by 2.5 GT/s PCIe x4 link at 0000:05:02.0 (capable of 31.504 Gb/s with 8.0 GT/s PCIe x4 link)
[    0.553562] pci 0000:05:02.0: PCI bridge to [bus 2d]
[    0.553636] pci 0000:05:03.0: PCI bridge to [bus 2e-54]
[    0.578223] ACPI: EC: interrupt unblocked
[    0.578225] ACPI: EC: event unblocked
[    0.578240] ACPI: EC: EC_CMD/EC_SC=0x66, EC_DATA=0x62
[    0.578241] ACPI: EC: GPE=0x6e
[    0.578243] ACPI: \_SB_.PC00.LPCB.EC__: Boot DSDT EC initialization complete
[    0.578245] ACPI: \_SB_.PC00.LPCB.EC__: EC: Used to handle transactions and events
[    0.578663] iommu: Default domain type: Translated
[    0.578663] iommu: DMA domain TLB invalidation policy: lazy mode
[    0.578714] SCSI subsystem initialized
[    0.578731] libata version 3.00 loaded.
[    0.578731] ACPI: bus type USB registered
[    0.578731] usbcore: registered new interface driver usbfs
[    0.578731] usbcore: registered new interface driver hub
[    0.578731] usbcore: registered new device driver usb
[    0.578731] pps_core: LinuxPPS API ver. 1 registered
[    0.578731] pps_core: Software ver. 5.3.6 - Copyright 2005-2007 Rodolfo Giometti <giometti@linux.it>
[    0.578731] PTP clock support registered
[    0.578731] EDAC MC: Ver: 3.0.0
[    0.580259] efivars: Registered efivars operations
[    0.580259] NetLabel: Initializing
[    0.580259] NetLabel:  domain hash size = 128
[    0.580259] NetLabel:  protocols = UNLABELED CIPSOv4 CALIPSO
[    0.580259] NetLabel:  unlabeled traffic allowed by default
[    0.580603] mctp: management component transport protocol core
[    0.580603] NET: Registered PF_MCTP protocol family
[    0.580603] PCI: Using ACPI for IRQ routing
[    0.596463] PCI: pci_cache_line_size set to 64 bytes
[    0.596611] pci 0000:00:1f.5: BAR 0 [mem 0xfe010000-0xfe010fff]: can't claim; no compatible bridge window
[    0.596757] e820: reserve RAM buffer [mem 0x0009f000-0x0009ffff]
[    0.596760] e820: reserve RAM buffer [mem 0x2b43a000-0x2bffffff]
[    0.596761] e820: reserve RAM buffer [mem 0x2b927018-0x2bffffff]
[    0.596763] e820: reserve RAM buffer [mem 0x2ca20000-0x2fffffff]
[    0.596764] e820: reserve RAM buffer [mem 0x30229000-0x33ffffff]
[    0.596765] e820: reserve RAM buffer [mem 0x3293f000-0x33ffffff]
[    0.596766] e820: reserve RAM buffer [mem 0x37b00000-0x37ffffff]
[    0.596801] pci 0000:02:00.0: vgaarb: setting as boot VGA device
[    0.596801] pci 0000:02:00.0: vgaarb: bridge control possible
[    0.596801] pci 0000:02:00.0: vgaarb: VGA device added: decodes=io+mem,owns=none,locks=none
[    0.596801] vgaarb: loaded
[    0.596801] clocksource: Switched to clocksource tsc-early
[    0.597236] VFS: Disk quotas dquot_6.6.0
[    0.597250] VFS: Dquot-cache hash table entries: 512 (order 0, 4096 bytes)
[    0.597389] AppArmor: AppArmor Filesystem Enabled
[    0.597427] pnp: PnP ACPI init
[    0.597729] pnp 00:00: disabling [io  0x3322-0x3323] because it overlaps 0000:00:01.1 BAR 13 [io  0x3000-0x3fff]
[    0.597953] system 00:02: [io  0x1854-0x1857] has been reserved
[    0.616252] system 00:05: [mem 0xfedc0000-0xfedc7fff] has been reserved
[    0.616256] system 00:05: [mem 0xfeda0000-0xfeda0fff] has been reserved
[    0.616258] system 00:05: [mem 0xfeda1000-0xfeda1fff] has been reserved
[    0.616260] system 00:05: [mem 0xc0000000-0xcfffffff] has been reserved
[    0.616263] system 00:05: [mem 0xfed20000-0xfed7ffff] could not be reserved
[    0.616265] system 00:05: [mem 0xfed90000-0xfed93fff] could not be reserved
[    0.616267] system 00:05: [mem 0xfed45000-0xfed8ffff] could not be reserved
[    0.616269] system 00:05: [mem 0xfee00000-0xfeefffff] has been reserved
[    0.616741] system 00:06: [io  0x2000-0x20fe] has been reserved
[    0.618202] pnp: PnP ACPI: found 8 devices
[    0.624578] clocksource: acpi_pm: mask: 0xffffff max_cycles: 0xffffff, max_idle_ns: 2085701024 ns
[    0.624669] NET: Registered PF_INET protocol family
[    0.625160] IP idents hash table entries: 262144 (order: 9, 2097152 bytes, linear)
[    0.644629] tcp_listen_portaddr_hash hash table entries: 16384 (order: 6, 262144 bytes, linear)
[    0.644673] Table-perturb hash table entries: 65536 (order: 6, 262144 bytes, linear)
[    0.644928] TCP established hash table entries: 262144 (order: 9, 2097152 bytes, linear)
[    0.645483] TCP bind hash table entries: 65536 (order: 9, 2097152 bytes, linear)
[    0.645616] TCP: Hash tables configured (established 262144 bind 65536)
[    0.645880] MPTCP token hash table entries: 32768 (order: 7, 786432 bytes, linear)
[    0.645969] UDP hash table entries: 16384 (order: 7, 524288 bytes, linear)
[    0.646097] UDP-Lite hash table entries: 16384 (order: 7, 524288 bytes, linear)
[    0.646215] NET: Registered PF_UNIX/PF_LOCAL protocol family
[    0.646223] NET: Registered PF_XDP protocol family
[    0.646226] pci 0000:02:00.0: ROM [mem 0xfff80000-0xffffffff pref]: can't claim; no compatible bridge window
[    0.646236] pci 0000:05:01.0: bridge window [io  0x1000-0x0fff] to [bus 07-2c] add_size 1000
[    0.646240] pci 0000:05:01.0: bridge window [mem 0x00100000-0x000fffff 64bit pref] to [bus 07-2c] add_size 200000 add_align 100000
[    0.646243] pci 0000:05:03.0: bridge window [io  0x1000-0x0fff] to [bus 2e-54] add_size 1000
[    0.646245] pci 0000:05:03.0: bridge window [mem 0x00100000-0x000fffff 64bit pref] to [bus 2e-54] add_size 200000 add_align 100000
[    0.646248] pci 0000:04:00.0: bridge window [io  0x1000-0x0fff] to [bus 05-54] add_size 2000
[    0.646251] pci 0000:00:1d.0: bridge window [io  0x1000-0x0fff] to [bus 04-54] add_size 3000
[    0.646260] pci 0000:00:15.0: BAR 0 [mem 0x4404228000-0x4404228fff 64bit]: assigned
[    0.646323] pci 0000:00:15.1: BAR 0 [mem 0x4404229000-0x4404229fff 64bit]: assigned
[    0.646383] pci 0000:00:1d.0: bridge window [io  0x4000-0x6fff]: assigned
[    0.646385] pci 0000:00:1f.5: BAR 0 [mem 0x4b300000-0x4b300fff]: assigned
[    0.646397] pci 0000:00:01.0: PCI bridge to [bus 01]
[    0.646405] pci 0000:02:00.0: ROM [mem 0x4b080000-0x4b0fffff pref]: assigned
[    0.646407] pci 0000:00:01.1: PCI bridge to [bus 02]
[    0.646409] pci 0000:00:01.1:   bridge window [io  0x3000-0x3fff]
[    0.646412] pci 0000:00:01.1:   bridge window [mem 0x4a000000-0x4b0fffff]
[    0.646415] pci 0000:00:01.1:   bridge window [mem 0x4000000000-0x4401ffffff 64bit pref]
[    0.646420] pci 0000:00:1c.0: PCI bridge to [bus 03]
[    0.646430] pci 0000:00:1c.0:   bridge window [mem 0x4b100000-0x4b2fffff]
[    0.646439] pci 0000:04:00.0: bridge window [io  0x4000-0x5fff]: assigned
[    0.646442] pci 0000:05:01.0: bridge window [mem 0x4410000000-0x44101fffff 64bit pref]: assigned
[    0.646444] pci 0000:05:03.0: bridge window [mem 0x4410200000-0x44103fffff 64bit pref]: assigned
[    0.646446] pci 0000:05:01.0: bridge window [io  0x4000-0x4fff]: assigned
[    0.646448] pci 0000:05:03.0: bridge window [io  0x5000-0x5fff]: assigned
[    0.646450] pci 0000:05:00.0: PCI bridge to [bus 06]
[    0.646476] pci 0000:05:00.0:   bridge window [mem 0x5410000000-0x54100fffff 64bit pref]
[    0.646484] pci 0000:05:01.0: PCI bridge to [bus 07-2c]
[    0.646487] pci 0000:05:01.0:   bridge window [io  0x4000-0x4fff]
[    0.646493] pci 0000:05:01.0:   bridge window [mem 0x44000000-0x47efffff]
[    0.646497] pci 0000:05:01.0:   bridge window [mem 0x4410000000-0x44101fffff 64bit pref]
[    0.646505] pci 0000:05:02.0: PCI bridge to [bus 2d]
[    0.646511] pci 0000:05:02.0:   bridge window [mem 0x43f00000-0x43ffffff]
[    0.646521] pci 0000:05:03.0: PCI bridge to [bus 2e-54]
[    0.646524] pci 0000:05:03.0:   bridge window [io  0x5000-0x5fff]
[    0.646529] pci 0000:05:03.0:   bridge window [mem 0x40000000-0x43efffff]
[    0.646534] pci 0000:05:03.0:   bridge window [mem 0x4410200000-0x44103fffff 64bit pref]
[    0.646541] pci 0000:04:00.0: PCI bridge to [bus 05-54]
[    0.646544] pci 0000:04:00.0:   bridge window [io  0x4000-0x5fff]
[    0.646549] pci 0000:04:00.0:   bridge window [mem 0x40000000-0x47efffff]
[    0.646554] pci 0000:04:00.0:   bridge window [mem 0x4410000000-0x54100fffff 64bit pref]
[    0.646561] pci 0000:00:1d.0: PCI bridge to [bus 04-54]
[    0.646563] pci 0000:00:1d.0:   bridge window [io  0x4000-0x6fff]
[    0.646568] pci 0000:00:1d.0:   bridge window [mem 0x40000000-0x47ffffff]
[    0.646571] pci 0000:00:1d.0:   bridge window [mem 0x4410000000-0x54100fffff 64bit pref]
[    0.646578] pci_bus 0000:00: resource 4 [io  0x0000-0x0cf7 window]
[    0.646580] pci_bus 0000:00: resource 5 [io  0x0d00-0xffff window]
[    0.646582] pci_bus 0000:00: resource 6 [mem 0x000a0000-0x000bffff window]
[    0.646583] pci_bus 0000:00: resource 7 [mem 0x40000000-0xbfffffff window]
[    0.646585] pci_bus 0000:00: resource 8 [mem 0x4000000000-0x7fffffffff window]
[    0.646587] pci_bus 0000:02: resource 0 [io  0x3000-0x3fff]
[    0.646588] pci_bus 0000:02: resource 1 [mem 0x4a000000-0x4b0fffff]
[    0.646590] pci_bus 0000:02: resource 2 [mem 0x4000000000-0x4401ffffff 64bit pref]
[    0.646591] pci_bus 0000:03: resource 1 [mem 0x4b100000-0x4b2fffff]
[    0.646593] pci_bus 0000:04: resource 0 [io  0x4000-0x6fff]
[    0.646594] pci_bus 0000:04: resource 1 [mem 0x40000000-0x47ffffff]
[    0.646596] pci_bus 0000:04: resource 2 [mem 0x4410000000-0x54100fffff 64bit pref]
[    0.646597] pci_bus 0000:05: resource 0 [io  0x4000-0x5fff]
[    0.646599] pci_bus 0000:05: resource 1 [mem 0x40000000-0x47efffff]
[    0.646600] pci_bus 0000:05: resource 2 [mem 0x4410000000-0x54100fffff 64bit pref]
[    0.646602] pci_bus 0000:06: resource 2 [mem 0x5410000000-0x54100fffff 64bit pref]
[    0.646604] pci_bus 0000:07: resource 0 [io  0x4000-0x4fff]
[    0.646605] pci_bus 0000:07: resource 1 [mem 0x44000000-0x47efffff]
[    0.646606] pci_bus 0000:07: resource 2 [mem 0x4410000000-0x44101fffff 64bit pref]
[    0.646608] pci_bus 0000:2d: resource 1 [mem 0x43f00000-0x43ffffff]
[    0.646609] pci_bus 0000:2e: resource 0 [io  0x5000-0x5fff]
[    0.646611] pci_bus 0000:2e: resource 1 [mem 0x40000000-0x43efffff]
[    0.646612] pci_bus 0000:2e: resource 2 [mem 0x4410200000-0x44103fffff 64bit pref]
[    0.648796] pci 0000:02:00.1: extending delay after power-on from D3hot to 20 msec
[    0.648825] pci 0000:02:00.1: D0 power state depends on 0000:02:00.0
[    0.649277] pci 0000:2d:00.0: enabling device (0000 -> 0002)
[    0.649315] PCI: CLS 64 bytes, default 64
[    0.649355] DMAR: No RMRR found
[    0.649356] DMAR: No ATSR found
[    0.649357] DMAR: No SATC found
[    0.649358] DMAR: dmar0: Using Queued invalidation
[    0.649410] Trying to unpack rootfs image as initramfs...
[    0.649438] pci 0000:00:00.0: Adding to iommu group 0
[    0.649508] pci 0000:00:01.0: Adding to iommu group 1
[    0.649524] pci 0000:00:01.1: Adding to iommu group 2
[    0.649536] pci 0000:00:04.0: Adding to iommu group 3
[    0.649546] pci 0000:00:08.0: Adding to iommu group 4
[    0.649555] pci 0000:00:0a.0: Adding to iommu group 5
[    0.649565] pci 0000:00:0e.0: Adding to iommu group 6
[    0.649586] pci 0000:00:14.0: Adding to iommu group 7
[    0.649595] pci 0000:00:14.2: Adding to iommu group 7
[    0.649605] pci 0000:00:14.3: Adding to iommu group 8
[    0.649624] pci 0000:00:15.0: Adding to iommu group 9
[    0.649635] pci 0000:00:15.1: Adding to iommu group 9
[    0.649651] pci 0000:00:16.0: Adding to iommu group 10
[    0.649663] pci 0000:00:1c.0: Adding to iommu group 11
[    0.649681] pci 0000:00:1d.0: Adding to iommu group 12
[    0.649710] pci 0000:00:1f.0: Adding to iommu group 13
[    0.649721] pci 0000:00:1f.3: Adding to iommu group 13
[    0.649731] pci 0000:00:1f.4: Adding to iommu group 13
[    0.649742] pci 0000:00:1f.5: Adding to iommu group 13
[    0.649761] pci 0000:02:00.0: Adding to iommu group 14
[    0.649773] pci 0000:02:00.1: Adding to iommu group 14
[    0.649793] pci 0000:03:00.0: Adding to iommu group 15
[    0.649809] pci 0000:04:00.0: Adding to iommu group 16
[    0.649822] pci 0000:05:00.0: Adding to iommu group 17
[    0.649840] pci 0000:05:01.0: Adding to iommu group 18
[    0.649854] pci 0000:05:02.0: Adding to iommu group 19
[    0.649870] pci 0000:05:03.0: Adding to iommu group 20
[    0.649884] pci 0000:06:00.0: Adding to iommu group 21
[    0.649906] pci 0000:2d:00.0: Adding to iommu group 22
[    0.655434] DMAR: Intel(R) Virtualization Technology for Directed I/O
[    0.655438] PCI-DMA: Using software bounce buffering for IO (SWIOTLB)
[    0.655439] software IO TLB: mapped [mem 0x0000000025ec9000-0x0000000029ec9000] (64MB)
[    0.656488] clocksource: tsc: mask: 0xffffffffffffffff max_cycles: 0x22df1149949, max_idle_ns: 440795312789 ns
[    0.656912] clocksource: Switched to clocksource tsc
[    0.658922] Initialise system trusted keyrings
[    0.658934] Key type blacklist registered
[    0.658993] workingset: timestamp_bits=36 max_order=23 bucket_order=0
[    0.659006] zbud: loaded
[    0.659370] squashfs: version 4.0 (2009/01/31) Phillip Lougher
[    0.659525] fuse: init (API version 7.41)
[    0.659716] integrity: Platform Keyring initialized
[    0.659721] integrity: Machine keyring initialized
[    0.673483] Key type asymmetric registered
[    0.673486] Asymmetric key parser 'x509' registered
[    0.673517] Block layer SCSI generic (bsg) driver version 0.4 loaded (major 243)
[    0.673587] io scheduler mq-deadline registered
[    0.674618] ledtrig-cpu: registered to indicate activity on CPUs
[    0.674969] pcieport 0000:00:01.0: PME: Signaling with IRQ 121
[    0.675269] pcieport 0000:00:01.1: PME: Signaling with IRQ 122
[    0.675597] pcieport 0000:00:1c.0: PME: Signaling with IRQ 123
[    0.675706] pcieport 0000:00:1c.0: AER: enabled with IRQ 123
[    0.675904] pcieport 0000:00:1d.0: PME: Signaling with IRQ 124
[    0.675996] pcieport 0000:00:1d.0: AER: enabled with IRQ 124
[    0.676025] pcieport 0000:00:1d.0: pciehp: Slot #8 AttnBtn- PwrCtrl- MRL- AttnInd- PwrInd- HotPlug+ Surprise+ Interlock- NoCompl+ IbPresDis- LLActRep+
[    0.676966] pcieport 0000:05:01.0: pciehp: Slot #1 AttnBtn- PwrCtrl- MRL- AttnInd- PwrInd- HotPlug+ Surprise+ Interlock- NoCompl+ IbPresDis- LLActRep+
[    0.677632] pcieport 0000:05:03.0: pciehp: Slot #3 AttnBtn- PwrCtrl- MRL- AttnInd- PwrInd- HotPlug+ Surprise+ Interlock- NoCompl+ IbPresDis- LLActRep+
[    0.677882] shpchp: Standard Hot Plug PCI Controller Driver version: 0.4
[    0.678240] Monitor-Mwait will be used to enter C-1 state
[    0.678256] Monitor-Mwait will be used to enter C-2 state
[    0.678267] Monitor-Mwait will be used to enter C-3 state
[    0.681432] ACPI: AC: AC Adapter [AC] (on-line)
[    0.681519] input: Power Button as /devices/LNXSYSTM:00/LNXSYBUS:00/PNP0C0C:00/input/input0
[    0.681801] ACPI: button: Power Button [PWRB]
[    0.681867] input: Sleep Button as /devices/LNXSYSTM:00/LNXSYBUS:00/PNP0C0E:00/input/input1
[    0.681927] ACPI: button: Sleep Button [SLPB]
[    0.681957] input: Lid Switch as /devices/LNXSYSTM:00/LNXSYBUS:00/PNP0C0D:00/input/input2
[    0.681995] ACPI: button: Lid Switch [LID0]
[    0.682045] input: Power Button as /devices/LNXSYSTM:00/LNXPWRBN:00/input/input3
[    0.682141] ACPI: button: Power Button [PWRF]
[    0.756786] thermal LNXTHERM:00: registered as thermal_zone0
[    0.756791] ACPI: thermal: Thermal Zone [TZ0] (25 C)
[    0.757202] Serial: 8250/16550 driver, 32 ports, IRQ sharing enabled
[    0.757872] ACPI: battery: Slot [BAT0] (battery present)
[    0.759678] hpet_acpi_add: no address or irqs in _CRS
[    0.759717] Linux agpgart interface v0.103
[    0.761648] tpm_tis IFX1523:00: 2.0 TPM (device-id 0x1D, rev-id 54)
[    0.878972] ACPI: bus type drm_connector registered
[    0.886052] loop: module loaded
[    0.886384] tun: Universal TUN/TAP device driver, 1.6
[    0.886417] PPP generic driver version 2.4.2
[    0.886751] xhci_hcd 0000:00:14.0: xHCI Host Controller
[    0.886757] xhci_hcd 0000:00:14.0: new USB bus registered, assigned bus number 1
[    0.887957] xhci_hcd 0000:00:14.0: hcc params 0x20007fc1 hci version 0x120 quirks 0x0000000200009810
[    0.888395] xhci_hcd 0000:00:14.0: xHCI Host Controller
[    0.888398] xhci_hcd 0000:00:14.0: new USB bus registered, assigned bus number 2
[    0.888401] xhci_hcd 0000:00:14.0: Host supports USB 3.2 Enhanced SuperSpeed
[    0.888456] usb usb1: New USB device found, idVendor=1d6b, idProduct=0002, bcdDevice= 6.12
[    0.888460] usb usb1: New USB device strings: Mfr=3, Product=2, SerialNumber=1
[    0.888461] usb usb1: Product: xHCI Host Controller
[    0.888463] usb usb1: Manufacturer: Linux 6.12.0-rc5 xhci-hcd
[    0.888464] usb usb1: SerialNumber: 0000:00:14.0
[    0.888619] hub 1-0:1.0: USB hub found
[    0.888648] hub 1-0:1.0: 16 ports detected
[    0.892386] usb usb2: New USB device found, idVendor=1d6b, idProduct=0003, bcdDevice= 6.12
[    0.892389] usb usb2: New USB device strings: Mfr=3, Product=2, SerialNumber=1
[    0.892390] usb usb2: Product: xHCI Host Controller
[    0.892392] usb usb2: Manufacturer: Linux 6.12.0-rc5 xhci-hcd
[    0.892393] usb usb2: SerialNumber: 0000:00:14.0
[    0.892590] hub 2-0:1.0: USB hub found
[    0.892608] hub 2-0:1.0: 10 ports detected
[    0.894737] xhci_hcd 0000:2d:00.0: xHCI Host Controller
[    0.894741] xhci_hcd 0000:2d:00.0: new USB bus registered, assigned bus number 3
[    0.895940] xhci_hcd 0000:2d:00.0: hcc params 0x20007fc1 hci version 0x120 quirks 0x0000000200009810
[    0.896332] xhci_hcd 0000:2d:00.0: xHCI Host Controller
[    0.896334] xhci_hcd 0000:2d:00.0: new USB bus registered, assigned bus number 4
[    0.896337] xhci_hcd 0000:2d:00.0: Host supports USB 3.2 Enhanced SuperSpeed
[    0.896366] usb usb3: New USB device found, idVendor=1d6b, idProduct=0002, bcdDevice= 6.12
[    0.896369] usb usb3: New USB device strings: Mfr=3, Product=2, SerialNumber=1
[    0.896370] usb usb3: Product: xHCI Host Controller
[    0.896372] usb usb3: Manufacturer: Linux 6.12.0-rc5 xhci-hcd
[    0.896373] usb usb3: SerialNumber: 0000:2d:00.0
[    0.896576] hub 3-0:1.0: USB hub found
[    0.896584] hub 3-0:1.0: 2 ports detected
[    0.897831] usb usb4: New USB device found, idVendor=1d6b, idProduct=0003, bcdDevice= 6.12
[    0.897832] usb usb4: New USB device strings: Mfr=3, Product=2, SerialNumber=1
[    0.897834] usb usb4: Product: xHCI Host Controller
[    0.897835] usb usb4: Manufacturer: Linux 6.12.0-rc5 xhci-hcd
[    0.897836] usb usb4: SerialNumber: 0000:2d:00.0
[    0.898008] hub 4-0:1.0: USB hub found
[    0.898021] hub 4-0:1.0: 2 ports detected
[    0.899837] i8042: PNP: PS/2 Controller [PNP0303:PS2K,PNP0f13:PS2M] at 0x60,0x64 irq 1,12
[    0.903228] serio: i8042 KBD port at 0x60,0x64 irq 1
[    0.903232] serio: i8042 AUX port at 0x60,0x64 irq 12
[    0.903438] mousedev: PS/2 mouse device common for all mice
[    0.903863] rtc_cmos 00:01: RTC can wake from S4
[    0.904642] rtc_cmos 00:01: registered as rtc0
[    0.904823] rtc_cmos 00:01: setting system clock to 2024-10-29T20:08:49 UTC (1730232529)
[    0.904856] rtc_cmos 00:01: alarms up to one month, y3k, 242 bytes nvram
[    0.904863] i2c_dev: i2c /dev entries driver
[    0.908197] device-mapper: core: CONFIG_IMA_DISABLE_HTABLE is disabled. Duplicate IMA measurements will not be recorded in the IMA log.
[    0.908226] device-mapper: uevent: version 1.0.3
[    0.908436] device-mapper: ioctl: 4.48.0-ioctl (2023-03-01) initialised: dm-devel@lists.linux.dev
[    0.908489] platform eisa.0: Probing EISA bus 0
[    0.908496] platform eisa.0: EISA: Cannot allocate resource for mainboard
[    0.908498] platform eisa.0: Cannot allocate resource for EISA slot 1
[    0.908500] platform eisa.0: Cannot allocate resource for EISA slot 2
[    0.908501] platform eisa.0: Cannot allocate resource for EISA slot 3
[    0.908502] platform eisa.0: Cannot allocate resource for EISA slot 4
[    0.908503] platform eisa.0: Cannot allocate resource for EISA slot 5
[    0.908504] platform eisa.0: Cannot allocate resource for EISA slot 6
[    0.908505] platform eisa.0: Cannot allocate resource for EISA slot 7
[    0.908507] platform eisa.0: Cannot allocate resource for EISA slot 8
[    0.908508] platform eisa.0: EISA: Detected 0 cards
[    0.908511] intel_pstate: Intel P-state driver initializing
[    0.909180] input: AT Translated Set 2 keyboard as /devices/platform/i8042/serio0/input/input4
[    0.912586] intel_pstate: HWP enabled
[    0.912721] [drm] Initialized simpledrm 1.0.0 for simple-framebuffer.0 on minor 0
[    0.914911] fbcon: Deferring console take-over
[    0.914913] simple-framebuffer simple-framebuffer.0: [drm] fb0: simpledrmdrmfb frame buffer device
[    0.914994] drop_monitor: Initializing network drop monitor service
[    0.915081] NET: Registered PF_INET6 protocol family
[    0.983935] Freeing initrd memory: 74696K
[    0.990287] Segment Routing with IPv6
[    0.990296] In-situ OAM (IOAM) with IPv6
[    0.990320] NET: Registered PF_PACKET protocol family
[    0.990452] Key type dns_resolver registered
[    0.994724] ENERGY_PERF_BIAS: Set to 'normal', was 'performance'
[    0.996548] microcode: Current revision: 0x00000129
[    0.998381] IPI shorthand broadcast: enabled
[    0.999286] sched_clock: Marking stable (991000794, 7452213)->(1070008272, -71555265)
[    0.999865] registered taskstats version 1
[    1.003265] Loading compiled-in X.509 certificates
[    1.003617] Loaded X.509 cert 'Build time autogenerated kernel key: b9e32a74847b4505d53d500d44fb60761632a017'
[    1.005667] Demotion targets for Node 0: null
[    1.005722] Key type .fscrypt registered
[    1.005723] Key type fscrypt-provisioning registered
[    1.005764] Key type trusted registered
[    1.010776] cryptd: module verification failed: signature and/or required key missing - tainting kernel
[    1.011263] cryptd: max_cpu_qlen set to 1000
[    1.011831] AES CTR mode by8 optimization enabled
[    1.019724] Key type encrypted registered
[    1.019731] AppArmor: AppArmor sha256 policy hashing enabled
[    1.023753] integrity: Loading X.509 certificate: UEFI:db
[    1.023781] integrity: Loaded X.509 cert 'Microsoft Windows Production PCA 2011: a92902398e16c49778cd90f99e4f9ae17c55af53'
[    1.023783] integrity: Loading X.509 certificate: UEFI:db
[    1.023799] integrity: Loaded X.509 cert 'Microsoft Corporation: Windows UEFI CA 2023: aefc5fbbbe055d8f8daa585473499417ab5a5272'
[    1.023800] integrity: Loading X.509 certificate: UEFI:db
[    1.023817] integrity: Loaded X.509 cert 'Microsoft Corporation UEFI CA 2011: 13adbf4309bd82709c8cd54f316ed522988a1bd4'
[    1.023818] integrity: Loading X.509 certificate: UEFI:db
[    1.023832] integrity: Loaded X.509 cert 'Microsoft UEFI CA 2023: 81aa6b3244c935bce0d6628af39827421e32497d'
[    1.023833] integrity: Loading X.509 certificate: UEFI:db
[    1.024059] integrity: Loaded X.509 cert 'Secure Certificate: 01dcc89619884ca147983429f8a4a1a0'
[    1.024060] integrity: Loading X.509 certificate: UEFI:db
[    1.024208] integrity: Loaded X.509 cert 'Cus CA: d6136d376b87ef934511c12ce2c3880c'
[    1.031513] Loading compiled-in module X.509 certificates
[    1.031978] Loaded X.509 cert 'Build time autogenerated kernel key: b9e32a74847b4505d53d500d44fb60761632a017'
[    1.031980] ima: Allocated hash algorithm: sha256
[    1.132582] usb 1-6: new high-speed USB device number 2 using xhci_hcd
[    1.195188] ima: No architecture policies found
[    1.195234] evm: Initialising EVM extended attributes:
[    1.195237] evm: security.selinux
[    1.195239] evm: security.SMACK64
[    1.195241] evm: security.SMACK64EXEC
[    1.195244] evm: security.SMACK64TRANSMUTE
[    1.195246] evm: security.SMACK64MMAP
[    1.195248] evm: security.apparmor
[    1.195250] evm: security.ima
[    1.195251] evm: security.capability
[    1.195253] evm: HMAC attrs: 0x1
[    1.196192] PM:   Magic number: 12:392:145
[    1.196385] acpi device:16: hash matches
[    1.203673] RAS: Correctable Errors collector initialized.
[    1.212562] clk: Disabling unused clocks
[    1.212564] PM: genpd: Disabling unused power domains
[    1.218804] Freeing unused decrypted memory: 2028K
[    1.219794] Freeing unused kernel image (initmem) memory: 5064K
[    1.219814] Write protecting the kernel read-only data: 36864k
[    1.220531] Freeing unused kernel image (rodata/data gap) memory: 44K
[    1.227703] x86/mm: Checked W+X mappings: passed, no W+X pages found.
[    1.227762] Run /init as init process
[    1.227763]   with arguments:
[    1.227764]     /init
[    1.227765]     splash
[    1.227765]   with environment:
[    1.227766]     HOME=/
[    1.227766]     TERM=linux
[    1.227767]     BOOT_IMAGE=/@boot/vmlinuz-6.12.0-rc5
[    1.227768]     cryptdevice=UUID=1a8d8cdb-8d8f-4689-b744-8f32d2067f56:luks-1a8d8cdb-8d8f-4689-b744-8f32d2067f56
[    1.287679] usb 1-6: New USB device found, idVendor=04f2, idProduct=b7e7, bcdDevice= 0.04
[    1.287693] usb 1-6: New USB device strings: Mfr=1, Product=2, SerialNumber=3
[    1.287695] usb 1-6: Product: Chicony USB2.0 Camera
[    1.287697] usb 1-6: Manufacturer: SunplusIT Inc
[    1.287698] usb 1-6: SerialNumber: 01.00.00
[    1.313619] wmi_bus wmi_bus-PNP0C14:01: [Firmware Bug]: WQ00 data block query control method not found
[    1.314588] ACPI: video: [Firmware Bug]: ACPI(PEGP) defines _DOD but not _DOS
[    1.314614] ACPI: video: Video Device [PEGP] (multi-head: yes  rom: no  post: no)
[    1.314657] hid: raw HID events driver (C) Jiri Kosina
[    1.319904] vmd 0000:00:0e.0: PCI host bridge to bus 10000:e0
[    1.319907] pci_bus 10000:e0: root bus resource [bus e0-ff]
[    1.319909] pci_bus 10000:e0: root bus resource [mem 0x48000000-0x49ffffff]
[    1.319910] pci_bus 10000:e0: root bus resource [mem 0x4404102000-0x44041fffff 64bit]
[    1.319927] pci 10000:e0:1b.0: [8086:09ab] type 00 class 0x088000 conventional PCI endpoint
[    1.319935] input: Video Bus as /devices/LNXSYSTM:00/LNXSYBUS:00/PNP0A08:00/device:05/LNXVIDEO:00/input/input6
[    1.320543] Intel(R) 2.5G Ethernet Linux Driver
[    1.320545] Copyright(c) 2018 Intel Corporation.
[    1.321162] pci 10000:e0:1b.0: Adding to iommu group 6
[    1.321192] pci 10000:e0:1b.4: [8086:7a44] type 01 class 0x060400 PCIe Root Port
[    1.321361] pci 10000:e0:1b.4: PCI bridge to [bus e1]
[    1.321368] pci 10000:e0:1b.4:   bridge window [io  0x0000-0x0fff]
[    1.321370] pci 10000:e0:1b.4:   bridge window [mem 0x48000000-0x480fffff]
[    1.321392] igc 0000:03:00.0: PTM enabled, 4ns granularity
[    1.321492] pci 10000:e0:1b.4: PME# supported from D0 D3hot D3cold
[    1.321555] pci 10000:e0:1b.4: PTM enabled (root), 4ns granularity
[    1.321701] pci 10000:e0:1b.4: Adding to iommu group 6
[    1.321714] pci 10000:e0:1b.4: Primary bus is hard wired to 0
[    1.321779] pci 10000:e1:00.0: [144d:a808] type 00 class 0x010802 PCIe Endpoint
[    1.321810] pci 10000:e1:00.0: BAR 0 [mem 0x48000000-0x48003fff 64bit]
[    1.322191] pci 10000:e1:00.0: Adding to iommu group 6
[    1.322205] pci 10000:e0:1b.4: PCI bridge to [bus e1]
[    1.322219] pci 10000:e0:1b.4: Primary bus is hard wired to 0
[    1.327082] ACPI: bus type thunderbolt registered
[    1.327313] thunderbolt 0000:06:00.0: total paths: 12
[    1.327319] thunderbolt 0000:06:00.0: IOMMU DMA protection is enabled
[    1.332483] intel-lpss 0000:00:15.0: enabling device (0004 -> 0006)
[    1.332934] idma64 idma64.0: Found Intel integrated DMA 64-bit
[    1.373846] pps pps0: new PPS source ptp0
[    1.373893] igc 0000:03:00.0 (unnamed net_device) (uninitialized): PHC added
[    1.401853] igc 0000:03:00.0: 4.000 Gb/s available PCIe bandwidth (5.0 GT/s PCIe x1 link)
[    1.401857] igc 0000:03:00.0 eth0: MAC: d4:93:90:44:67:64
[    1.403672] igc 0000:03:00.0 enp3s0: renamed from eth0
[    1.415659] usb 1-7: new full-speed USB device number 3 using xhci_hcd
[    1.428577] thunderbolt 0000:06:00.0: host router reset successful
[    1.429252] thunderbolt 0000:06:00.0: allocating TX ring 0 of size 10
[    1.429321] thunderbolt 0000:06:00.0: allocating RX ring 0 of size 10
[    1.429358] thunderbolt 0000:06:00.0: control channel created
[    1.429363] thunderbolt 0000:06:00.0: using software connection manager
[    1.429876] thunderbolt 0000:06:00.0: device links to tunneled native ports are missing!
[    1.429879] thunderbolt 0000:06:00.0: NHI initialized, starting thunderbolt
[    1.429882] thunderbolt 0000:06:00.0: control channel starting...
[    1.429884] thunderbolt 0000:06:00.0: starting TX ring 0
[    1.429899] thunderbolt 0000:06:00.0: enabling interrupt at register 0x38200 bit 0 (0x0 -> 0x1)
[    1.429905] thunderbolt 0000:06:00.0: starting RX ring 0
[    1.429914] thunderbolt 0000:06:00.0: enabling interrupt at register 0x38200 bit 12 (0x1 -> 0x1001)
[    1.429922] thunderbolt 0000:06:00.0: security level set to user
[    1.430181] thunderbolt 0000:06:00.0: current switch config:
[    1.430184] thunderbolt 0000:06:00.0:  USB4 Switch: 8087:5781 (Revision: 131, TB Version: 64)
[    1.430189] thunderbolt 0000:06:00.0:   Max Port Number: 23
[    1.430192] thunderbolt 0000:06:00.0:   Config:
[    1.430194] thunderbolt 0000:06:00.0:    Upstream Port Number: 15 Depth: 0 Route String: 0x0 Enabled: 0, PlugEventsDelay: 10ms
[    1.430199] thunderbolt 0000:06:00.0:    unknown1: 0x0 unknown4: 0x0
[    1.433347] thunderbolt 0000:06:00.0: initializing Switch at 0x0 (depth: 0, up port: 15)
[    1.434493] thunderbolt 0000:06:00.0: 0: credit allocation parameters:
[    1.434496] thunderbolt 0000:06:00.0: 0:  USB3: 20
[    1.434499] thunderbolt 0000:06:00.0: 0:  DP AUX: 1
[    1.434501] thunderbolt 0000:06:00.0: 0:  DP main: 6
[    1.434503] thunderbolt 0000:06:00.0: 0:  PCIe: 80
[    1.434505] thunderbolt 0000:06:00.0: 0:  DMA: 40
[    1.436154] thunderbolt 0000:06:00.0: acking hot plug event on 0:13
[    1.436280] thunderbolt 0000:06:00.0: acking hot plug event on 0:14
[    1.436410] thunderbolt 0000:06:00.0: acking hot plug event on 0:16
[    1.436925] thunderbolt 0000:06:00.0: 0: DROM version: 3
[    1.436930] thunderbolt 0000:06:00.0: 0: DROM data CRC32 mismatch (expected: 0x56000000, got: 0x56473b0f), continuing
[    1.437562] thunderbolt 0000:06:00.0: 0: uid: 0xb93e650000006ecd
[    1.438844] thunderbolt 0000:06:00.0:  Port 1: 0:5780 (Revision: 0, TB Version: 1, Type: Port (0x1))
[    1.438850] thunderbolt 0000:06:00.0:   Max hop id (in/out): 31/31
[    1.438853] thunderbolt 0000:06:00.0:   Max counters: 4
[    1.438856] thunderbolt 0000:06:00.0:   NFC Credits: 0x8a000000
[    1.438858] thunderbolt 0000:06:00.0:   Credits (total/control): 160/2
[    1.439994] thunderbolt 0000:06:00.0:  Port 2: 0:5780 (Revision: 0, TB Version: 1, Type: Port (0x1))
[    1.439997] thunderbolt 0000:06:00.0:   Max hop id (in/out): 31/31
[    1.440000] thunderbolt 0000:06:00.0:   Max counters: 0
[    1.440002] thunderbolt 0000:06:00.0:   NFC Credits: 0xa000000
[    1.440004] thunderbolt 0000:06:00.0:   Credits (total/control): 160/2
[    1.441274] thunderbolt 0000:06:00.0:  Port 3: 0:5780 (Revision: 0, TB Version: 1, Type: Port (0x1))
[    1.441277] thunderbolt 0000:06:00.0:   Max hop id (in/out): 31/31
[    1.441279] thunderbolt 0000:06:00.0:   Max counters: 4
[    1.441281] thunderbolt 0000:06:00.0:   NFC Credits: 0x8a000000
[    1.441282] thunderbolt 0000:06:00.0:   Credits (total/control): 160/2
[    1.442426] thunderbolt 0000:06:00.0:  Port 4: 0:5780 (Revision: 0, TB Version: 1, Type: Port (0x1))
[    1.442429] thunderbolt 0000:06:00.0:   Max hop id (in/out): 31/31
[    1.442431] thunderbolt 0000:06:00.0:   Max counters: 0
[    1.442433] thunderbolt 0000:06:00.0:   NFC Credits: 0xa000000
[    1.442435] thunderbolt 0000:06:00.0:   Credits (total/control): 160/2
[    1.443705] thunderbolt 0000:06:00.0:  Port 5: 0:5780 (Revision: 0, TB Version: 1, Type: Inactive (0x0))
[    1.443708] thunderbolt 0000:06:00.0:   Max hop id (in/out): 31/31
[    1.443710] thunderbolt 0000:06:00.0:   Max counters: 4
[    1.443711] thunderbolt 0000:06:00.0:   NFC Credits: 0x8a000000
[    1.443713] thunderbolt 0000:06:00.0:   Credits (total/control): 160/0
[    1.444474] thunderbolt 0000:06:00.0:  Port 6: 0:5780 (Revision: 0, TB Version: 1, Type: Inactive (0x0))
[    1.444476] thunderbolt 0000:06:00.0:   Max hop id (in/out): 31/31
[    1.444478] thunderbolt 0000:06:00.0:   Max counters: 0
[    1.444480] thunderbolt 0000:06:00.0:   NFC Credits: 0xa000000
[    1.444481] thunderbolt 0000:06:00.0:   Credits (total/control): 160/0
[    1.445749] thunderbolt 0000:06:00.0:  Port 7: 0:5780 (Revision: 0, TB Version: 1, Type: Inactive (0x0))
[    1.445752] thunderbolt 0000:06:00.0:   Max hop id (in/out): 31/31
[    1.445754] thunderbolt 0000:06:00.0:   Max counters: 4
[    1.445755] thunderbolt 0000:06:00.0:   NFC Credits: 0x8a000000
[    1.445757] thunderbolt 0000:06:00.0:   Credits (total/control): 160/0
[    1.446521] thunderbolt 0000:06:00.0:  Port 8: 0:5780 (Revision: 0, TB Version: 1, Type: Inactive (0x0))
[    1.446524] thunderbolt 0000:06:00.0:   Max hop id (in/out): 31/31
[    1.446526] thunderbolt 0000:06:00.0:   Max counters: 0
[    1.446528] thunderbolt 0000:06:00.0:   NFC Credits: 0xa000000
[    1.446529] thunderbolt 0000:06:00.0:   Credits (total/control): 160/0
[    1.446776] thunderbolt 0000:06:00.0:  Port 9: 0:5780 (Revision: 0, TB Version: 1, Type: PCIe (0x100101))
[    1.446779] thunderbolt 0000:06:00.0:   Max hop id (in/out): 8/8
[    1.446781] thunderbolt 0000:06:00.0:   Max counters: 2
[    1.446783] thunderbolt 0000:06:00.0:   NFC Credits: 0x40800000
[    1.446784] thunderbolt 0000:06:00.0:   Credits (total/control): 8/0
[    1.447033] thunderbolt 0000:06:00.0:  Port 10: 0:5780 (Revision: 0, TB Version: 1, Type: PCIe (0x100101))
[    1.447037] thunderbolt 0000:06:00.0:   Max hop id (in/out): 8/8
[    1.447039] thunderbolt 0000:06:00.0:   Max counters: 2
[    1.447041] thunderbolt 0000:06:00.0:   NFC Credits: 0x40800000
[    1.447043] thunderbolt 0000:06:00.0:   Credits (total/control): 8/0
[    1.447548] thunderbolt 0000:06:00.0:  Port 11: 0:5780 (Revision: 0, TB Version: 1, Type: DP/HDMI (0xe0102))
[    1.447552] thunderbolt 0000:06:00.0:   Max hop id (in/out): 9/9
[    1.447554] thunderbolt 0000:06:00.0:   Max counters: 2
[    1.447556] thunderbolt 0000:06:00.0:   NFC Credits: 0x800000
[    1.447558] thunderbolt 0000:06:00.0:   Credits (total/control): 8/0
[    1.448058] thunderbolt 0000:06:00.0:  Port 12: 0:5780 (Revision: 0, TB Version: 1, Type: DP/HDMI (0xe0102))
[    1.448061] thunderbolt 0000:06:00.0:   Max hop id (in/out): 9/9
[    1.448063] thunderbolt 0000:06:00.0:   Max counters: 2
[    1.448065] thunderbolt 0000:06:00.0:   NFC Credits: 0x800000
[    1.448067] thunderbolt 0000:06:00.0:   Credits (total/control): 8/0
[    1.448314] thunderbolt 0000:06:00.0:  Port 13: 0:5780 (Revision: 0, TB Version: 1, Type: DP/HDMI (0xe0101))
[    1.448317] thunderbolt 0000:06:00.0:   Max hop id (in/out): 9/9
[    1.448320] thunderbolt 0000:06:00.0:   Max counters: 2
[    1.448322] thunderbolt 0000:06:00.0:   NFC Credits: 0x100000d
[    1.448324] thunderbolt 0000:06:00.0:   Credits (total/control): 16/0
[    1.448568] thunderbolt 0000:06:00.0:  Port 14: 0:5780 (Revision: 0, TB Version: 1, Type: DP/HDMI (0xe0101))
[    1.448571] thunderbolt 0000:06:00.0:   Max hop id (in/out): 9/9
[    1.448573] thunderbolt 0000:06:00.0:   Max counters: 2
[    1.448575] thunderbolt 0000:06:00.0:   NFC Credits: 0x100000d
[    1.448577] thunderbolt 0000:06:00.0:   Credits (total/control): 16/0
[    1.449335] thunderbolt 0000:06:00.0:  Port 15: 0:5780 (Revision: 0, TB Version: 1, Type: NHI (0x2))
[    1.449339] thunderbolt 0000:06:00.0:   Max hop id (in/out): 11/11
[    1.449341] thunderbolt 0000:06:00.0:   Max counters: 4
[    1.449343] thunderbolt 0000:06:00.0:   NFC Credits: 0x41c00000
[    1.449345] thunderbolt 0000:06:00.0:   Credits (total/control): 28/0
[    1.449347] thunderbolt 0000:06:00.0: 0:16: disabled by eeprom
[    1.449592] thunderbolt 0000:06:00.0:  Port 17: 0:5780 (Revision: 0, TB Version: 1, Type: Inactive (0x0))
