Return-Path: <linux-usb+bounces-7046-lists+linux-usb=lfdr.de@vger.kernel.org>
X-Original-To: lists+linux-usb@lfdr.de
Delivered-To: lists+linux-usb@lfdr.de
Received: from am.mirrors.kernel.org (am.mirrors.kernel.org [147.75.80.249])
	by mail.lfdr.de (Postfix) with ESMTPS id 8EF47866B35
	for <lists+linux-usb@lfdr.de>; Mon, 26 Feb 2024 08:43:10 +0100 (CET)
Received: from smtp.subspace.kernel.org (wormhole.subspace.kernel.org [52.25.139.140])
	(using TLSv1.2 with cipher ECDHE-RSA-AES256-GCM-SHA384 (256/256 bits))
	(No client certificate requested)
	by am.mirrors.kernel.org (Postfix) with ESMTPS id 954221F23A10
	for <lists+linux-usb@lfdr.de>; Mon, 26 Feb 2024 07:43:09 +0000 (UTC)
Received: from localhost.localdomain (localhost.localdomain [127.0.0.1])
	by smtp.subspace.kernel.org (Postfix) with ESMTP id 8C9381CAAE;
	Mon, 26 Feb 2024 07:42:18 +0000 (UTC)
Authentication-Results: smtp.subspace.kernel.org;
	dkim=pass (2048-bit key) header.d=intel.com header.i=@intel.com header.b="I1lzTtAV"
X-Original-To: linux-usb@vger.kernel.org
Received: from mgamail.intel.com (mgamail.intel.com [192.198.163.14])
	(using TLSv1.2 with cipher ECDHE-RSA-AES256-GCM-SHA384 (256/256 bits))
	(No client certificate requested)
	by smtp.subspace.kernel.org (Postfix) with ESMTPS id 4EAF71CA8B
	for <linux-usb@vger.kernel.org>; Mon, 26 Feb 2024 07:42:06 +0000 (UTC)
Authentication-Results: smtp.subspace.kernel.org; arc=none smtp.client-ip=192.198.163.14
ARC-Seal:i=1; a=rsa-sha256; d=subspace.kernel.org; s=arc-20240116;
	t=1708933338; cv=none; b=X+0/2fXEYNrsAFAnaUZrDFmdoNhRM5weWKfs+IJhMbQsMLwYT3xtgcUho9OEItFjrg9Z8ct+RJyjKqX7C7T/WgX+nKQB4EwEHW9Hv0RbUM7EP8AUdhBQt9KXCuh8hu81AhoQCuU10LasW/WzNY7TgllZNUFSVjxAtFX9y4tbCEs=
ARC-Message-Signature:i=1; a=rsa-sha256; d=subspace.kernel.org;
	s=arc-20240116; t=1708933338; c=relaxed/simple;
	bh=XeZRWDLe9izE82DJ4KHqGkxsUw/0HU7dAqaJrxfyLuw=;
	h=Date:From:To:Cc:Subject:Message-ID:References:MIME-Version:
	 Content-Type:Content-Disposition:In-Reply-To; b=WhmW/QwG8Fp4DJvLBPKh4NfIzaNRfBACITc5POJrGooMndYl67XIvUZKp0MycGBJgojIU3sua0oC9AQymigq4G5iffix0QKiD+K18AfVvIwgh3WKEti4BGqWFeGrTlH/KcqcuvKkKY7grwVGScLg60Weh7tGHzY89eSgmMDWddw=
ARC-Authentication-Results:i=1; smtp.subspace.kernel.org; dmarc=pass (p=none dis=none) header.from=linux.intel.com; spf=none smtp.mailfrom=linux.intel.com; dkim=pass (2048-bit key) header.d=intel.com header.i=@intel.com header.b=I1lzTtAV; arc=none smtp.client-ip=192.198.163.14
Authentication-Results: smtp.subspace.kernel.org; dmarc=pass (p=none dis=none) header.from=linux.intel.com
Authentication-Results: smtp.subspace.kernel.org; spf=none smtp.mailfrom=linux.intel.com
DKIM-Signature: v=1; a=rsa-sha256; c=relaxed/simple;
  d=intel.com; i=@intel.com; q=dns/txt; s=Intel;
  t=1708933326; x=1740469326;
  h=date:from:to:cc:subject:message-id:references:
   mime-version:content-transfer-encoding:in-reply-to;
  bh=XeZRWDLe9izE82DJ4KHqGkxsUw/0HU7dAqaJrxfyLuw=;
  b=I1lzTtAV9oc87ijYQCilDAt6cffuFogq0/m59QRA6IyWTOzUa7Vh12JI
   J/exkXMPjRPghehsl/H52yYU/ka4iUedeSebFJUu79oli2Z6B3gqwb5Yj
   Dcge8qve+cdvi2jBWTBJC+I9VFL8lR533zsbV56mNBqQiU8MDxkbX9D+l
   dQ0qOkaytAhLysZqLYqotM/VCUSpcPnPd5z1iuRYTinE5b1y0M8hIUMJV
   uywomS7ztcplRcutbUcGl/kN0kLcnLzqdJXWuSdBF4w1tYwK8fwGlyHFW
   8R/p5pLEtG14gCkKVXtsERpGPdyf99QvspL4mN7dSY/cYcIXu72allcIS
   w==;
X-IronPort-AV: E=McAfee;i="6600,9927,10995"; a="3367316"
X-IronPort-AV: E=Sophos;i="6.06,185,1705392000"; 
   d="scan'208";a="3367316"
Received: from fmsmga001.fm.intel.com ([10.253.24.23])
  by fmvoesa108.fm.intel.com with ESMTP/TLS/ECDHE-RSA-AES256-GCM-SHA384; 25 Feb 2024 23:41:36 -0800
X-ExtLoop1: 1
X-IronPort-AV: E=McAfee;i="6600,9927,10995"; a="937029416"
X-IronPort-AV: E=Sophos;i="6.06,185,1705392000"; 
   d="scan'208";a="937029416"
Received: from kuha.fi.intel.com ([10.237.72.185])
  by fmsmga001.fm.intel.com with SMTP; 25 Feb 2024 23:41:32 -0800
Received: by kuha.fi.intel.com (sSMTP sendmail emulation); Mon, 26 Feb 2024 09:41:32 +0200
Date: Mon, 26 Feb 2024 09:41:32 +0200
From: Heikki Krogerus <heikki.krogerus@linux.intel.com>
To: Paul Menzel <pmenzel@molgen.mpg.de>
Cc: Greg KH <gregkh@linuxfoundation.org>, linux-usb@vger.kernel.org,
	Hans de Goede <hdegoede@redhat.com>,
	Mathias Nyman <mathias.nyman@linux.intel.com>
Subject: Re: Dell XPS 13 9360 und USB-C adapter: Non-working USB mouse and
 keyboard
Message-ID: <ZdxArA4MZEScbz/X@kuha.fi.intel.com>
References: <304d1dc4-3023-4d78-a7c2-e609622afe4e@molgen.mpg.de>
Precedence: bulk
X-Mailing-List: linux-usb@vger.kernel.org
List-Id: <linux-usb.vger.kernel.org>
List-Subscribe: <mailto:linux-usb+subscribe@vger.kernel.org>
List-Unsubscribe: <mailto:linux-usb+unsubscribe@vger.kernel.org>
MIME-Version: 1.0
Content-Type: text/plain; charset=utf-8
Content-Disposition: inline
Content-Transfer-Encoding: quoted-printable
In-Reply-To: <304d1dc4-3023-4d78-a7c2-e609622afe4e@molgen.mpg.de>

Hi Paul,

On Thu, Feb 15, 2024 at 09:06:50PM +0100, Paul Menzel wrote:
> Dear Linux folks,
>=20
>=20
> On the Dell XPS 13 9360, I had a Dell DA300 USB-C adapter attached, then I
> ACPI S3 suspended the system, unplugged the Dell DA300 adapter, and attac=
hed
> a LMP USB-C mini Dock (P/N 15954) [1] that already had a monitor over HDMI
> attached, and a USB cable from the monitor, in whose USB hub a USB keyboa=
rd
> and mouse are plugged in. But the USB keyboard and mouse did not work (al=
so
> not Ethernet). After re-plugging the USB cable they finally worked.
>=20
> 	[    0.000000] microcode: updated early: 0xf0 -> 0xf4, date =3D 2023-02-=
22
> 	[    0.000000] Linux version 6.6.15-amd64 (debian-kernel@lists.debian.or=
g)
> (gcc-13 (Debian 13.2.0-13) 13.2.0, GNU ld (GNU Binutils for Debian) 2.42)=
 #1
> SMP PREEMPT_DYNAMIC Debian 6.6.15-2 (2024-02-04)
> 	[    0.000000] Command line: BOOT_IMAGE=3D/vmlinuz-6.6.15-amd64
> root=3DUUID=3D32e29882-d94d-4a92-9ee4-4d03002bfa29 ro quiet pci=3Dnoaer
> mem_sleep_default=3Ddeep log_buf_len=3D8M cryptomgr.notests i8042.dumbkbd=
=3D1
> 	[=E2=80=A6]
> 	[    0.000000] DMI: Dell Inc. XPS 13 9360/0596KF, BIOS 2.21.0 06/02/2022
>=20
> 	[38587.844513] PM: suspend entry (deep)
> 	[38587.846982] Filesystems sync: 0.002 seconds
> 	[38587.848976] (NULL device *): firmware: direct-loading firmware
> i915/kbl_dmc_ver1_04.bin
> 	[38587.849030] (NULL device *): firmware: direct-loading firmware
> regulatory.db.p7s
> 	[38587.849126] (NULL device *): firmware: direct-loading firmware
> regulatory.db
> 	[38587.850591] Freezing user space processes
> 	[38587.853113] Freezing user space processes completed (elapsed 0.002
> seconds)
> 	[38587.853116] OOM killer disabled.
> 	[38587.853116] Freezing remaining freezable tasks
> 	[38587.854406] Freezing remaining freezable tasks completed (elapsed 0.0=
01
> seconds)
> 	[38587.854452] printk: Suspending console(s) (use no_console_suspend to
> debug)
> 	[38588.408656] ACPI: EC: interrupt blocked
> 	[38588.441444] ACPI: PM: Preparing to enter system sleep state S3
> 	[38588.452770] ACPI: EC: event blocked
> 	[38588.452774] ACPI: EC: EC stopped
> 	[38588.452776] ACPI: PM: Saving platform NVS memory
> 	[38588.456301] Disabling non-boot CPUs ...
> 	[38588.458465] smpboot: CPU 1 is now offline
> 	[38588.463291] smpboot: CPU 2 is now offline
> 	[38588.468360] smpboot: CPU 3 is now offline
> 	[38588.478875] ACPI: PM: Low-level resume complete
> 	[38588.478919] ACPI: EC: EC started
> 	[38588.478919] ACPI: PM: Restoring platform NVS memory
> 	[38588.481038] Enabling non-boot CPUs ...
> 	[38588.481063] smpboot: Booting Node 0 Processor 1 APIC 0x2
> 	[38588.481775] CPU1 is up
> 	[38588.481793] smpboot: Booting Node 0 Processor 2 APIC 0x1
> 	[38588.482548] CPU2 is up
> 	[38588.482564] smpboot: Booting Node 0 Processor 3 APIC 0x3
> 	[38588.483227] CPU3 is up
> 	[38588.486173] ACPI: PM: Waking up from system sleep state S3
> 	[38588.803799] ACPI: EC: interrupt unblocked
> 	[38588.804144] pcieport 0000:00:1c.0: Intel SPT PCH root port ACS
> workaround enabled
> 	[38588.804182] pcieport 0000:00:1c.4: Intel SPT PCH root port ACS
> workaround enabled
> 	[38588.804202] pcieport 0000:00:1d.0: Intel SPT PCH root port ACS
> workaround enabled
> 	[38588.839792] DMAR: DRHD: handling fault status reg 2
> 	[38588.839800] DMAR: [INTR-REMAP] Request device [f0:1f.0] fault index 0=
x0
> [fault reason 0x25] Blocked a compatibility format interrupt request
> 	[38588.841394] ACPI: EC: event unblocked
> 	[38588.881941] nvme nvme0: 4/0/0 default/read/poll queues
> 	[38588.952089] i915 0000:00:02.0: [drm] [ENCODER:94:DDI A/PHY A] is
> disabled/in DSI mode with an ungated DDI clock, gate it
> 	[38588.952097] i915 0000:00:02.0: [drm] [ENCODER:102:DDI B/PHY B] is
> disabled/in DSI mode with an ungated DDI clock, gate it
> 	[38588.952102] i915 0000:00:02.0: [drm] [ENCODER:113:DDI C/PHY C] is
> disabled/in DSI mode with an ungated DDI clock, gate it
> 	[38589.174114] usb 1-3: reset full-speed USB device number 2 using xhci_=
hcd
> 	[38589.238809] Registered IR keymap rc-cec
> 	[38589.238840] rc rc0: DP-1 as /devices/pci0000:00/0000:00:02.0/rc/rc0
> 	[38589.238878] input: DP-1 as
> /devices/pci0000:00/0000:00:02.0/rc/rc0/input68
> 	[38589.454005] usb 1-5: reset high-speed USB device number 4 using xhci_=
hcd
> 	[38589.730018] usb 1-4: reset full-speed USB device number 3 using xhci_=
hcd
> 	[38589.896901] xhci_hcd 0000:39:00.0: xHC error in resume, USBSTS 0x411,
> Reinit
> 	[38589.896905] usb usb3: root hub lost power or was reset
> 	[38589.896906] usb usb4: root hub lost power or was reset
> 	[38590.189991] usb 3-1: reset high-speed USB device number 2 using xhci_=
hcd
> 	[38590.338375] usb 3-1: device firmware changed
> 	[38595.538452] mei_hdcp 0000:00:16.0-b638ab7e-94e2-4ea2-a552-d1c54b627f0=
4:
> bound 0000:00:02.0 (ops i915_hdcp_ops [i915])
> 	[38595.539692] OOM killer enabled.
> 	[38595.539694] Restarting tasks ...
> 	[38595.539819] pci_bus 0000:02: Allocating resources
> 	[38595.539843] pcieport 0000:02:01.0: bridge window [io  0x1000-0x0fff] =
to
> [bus 04-38] add_size 1000
> 	[38595.539849] pcieport 0000:02:02.0: bridge window [io  0x1000-0x0fff] =
to
> [bus 39] add_size 1000
> 	[38595.539853] pcieport 0000:02:02.0: bridge window [mem
> 0x00100000-0x000fffff 64bit pref] to [bus 39] add_size 200000 add_align
> 100000
> 	[38595.539859] pcieport 0000:01:00.0: bridge window [io  0x1000-0x0fff] =
to
> [bus 02-39] add_size 2000
> 	[38595.539865] pcieport 0000:01:00.0: BAR 13: no space for [io  size
> 0x2000]
> 	[38595.539869] pcieport 0000:01:00.0: BAR 13: failed to assign [io size
> 0x2000]
> 	[38595.539981] usb 1-1: USB disconnect, device number 5
> 	[38595.540111] usb 3-1: USB disconnect, device number 2
> 	[38595.540115] usb 3-1.1: USB disconnect, device number 3
> 	[38595.540299] pcieport 0000:01:00.0: BAR 13: no space for [io  size
> 0x2000]
> 	[38595.540302] pcieport 0000:01:00.0: BAR 13: failed to assign [io size
> 0x2000]
> 	[38595.540309] pcieport 0000:02:02.0: BAR 15: no space for [mem size
> 0x00200000 64bit pref]
> 	[38595.540312] pcieport 0000:02:02.0: BAR 15: failed to assign [mem size
> 0x00200000 64bit pref]
> 	[38595.540315] pcieport 0000:02:01.0: BAR 13: no space for [io  size
> 0x1000]
> 	[38595.540317] pcieport 0000:02:01.0: BAR 13: failed to assign [io size
> 0x1000]
> 	[38595.540319] pcieport 0000:02:02.0: BAR 13: no space for [io  size
> 0x1000]
> 	[38595.540322] pcieport 0000:02:02.0: BAR 13: failed to assign [io size
> 0x1000]
> 	[38595.540326] pcieport 0000:02:02.0: BAR 15: no space for [mem size
> 0x00200000 64bit pref]
> 	[38595.540329] pcieport 0000:02:02.0: BAR 15: failed to assign [mem size
> 0x00200000 64bit pref]
> 	[38595.540331] pcieport 0000:02:02.0: BAR 13: no space for [io  size
> 0x1000]
> 	[38595.540333] pcieport 0000:02:02.0: BAR 13: failed to assign [io size
> 0x1000]
> 	[38595.540335] pcieport 0000:02:01.0: BAR 13: no space for [io  size
> 0x1000]
> 	[38595.540338] pcieport 0000:02:01.0: BAR 13: failed to assign [io size
> 0x1000]
> 	[38595.540943] pci_bus 0000:02: Allocating resources
> 	[38595.540957] pcieport 0000:02:01.0: bridge window [io  0x1000-0x0fff] =
to
> [bus 04-38] add_size 1000
> 	[38595.540959] pcieport 0000:02:02.0: bridge window [io  0x1000-0x0fff] =
to
> [bus 39] add_size 1000
> 	[38595.540961] pcieport 0000:02:02.0: bridge window [mem
> 0x00100000-0x000fffff 64bit pref] to [bus 39] add_size 200000 add_align
> 100000
> 	[38595.540964] pcieport 0000:01:00.0: bridge window [io  0x1000-0x0fff] =
to
> [bus 02-39] add_size 2000
> 	[38595.540967] pcieport 0000:01:00.0: BAR 13: no space for [io  size
> 0x2000]
> 	[38595.540968] pcieport 0000:01:00.0: BAR 13: failed to assign [io size
> 0x2000]
> 	[38595.540970] pcieport 0000:01:00.0: BAR 13: no space for [io  size
> 0x2000]
> 	[38595.540971] pcieport 0000:01:00.0: BAR 13: failed to assign [io size
> 0x2000]
> 	[38595.540974] pcieport 0000:02:02.0: BAR 15: no space for [mem size
> 0x00200000 64bit pref]
> 	[38595.540975] pcieport 0000:02:02.0: BAR 15: failed to assign [mem size
> 0x00200000 64bit pref]
> 	[38595.540977] pcieport 0000:02:01.0: BAR 13: no space for [io  size
> 0x1000]
> 	[38595.540978] pcieport 0000:02:01.0: BAR 13: failed to assign [io size
> 0x1000]
> 	[38595.540979] pcieport 0000:02:02.0: BAR 13: no space for [io  size
> 0x1000]
> 	[38595.540980] pcieport 0000:02:02.0: BAR 13: failed to assign [io size
> 0x1000]
> 	[38595.540982] pcieport 0000:02:02.0: BAR 15: no space for [mem size
> 0x00200000 64bit pref]
> 	[38595.540984] pcieport 0000:02:02.0: BAR 15: failed to assign [mem size
> 0x00200000 64bit pref]
> 	[38595.540985] pcieport 0000:02:02.0: BAR 13: no space for [io  size
> 0x1000]
> 	[38595.540986] pcieport 0000:02:02.0: BAR 13: failed to assign [io size
> 0x1000]
> 	[38595.540988] pcieport 0000:02:01.0: BAR 13: no space for [io  size
> 0x1000]
> 	[38595.540989] pcieport 0000:02:01.0: BAR 13: failed to assign [io size
> 0x1000]
> 	[38595.543682] done.
> 	[38595.543695] random: crng reseeded on system resumption
> 	[38595.545827] usb 4-1: USB disconnect, device number 2
> 	[38595.545836] r8152-cfgselector 4-1.2: USB disconnect, device number 3
> 	[38595.638205] bluetooth hci0: firmware: direct-loading firmware
> qca/rampatch_usb_00000302.bin
> 	[38595.638597] Bluetooth: hci0: using rampatch file:
> qca/rampatch_usb_00000302.bin
> 	[38595.638600] Bluetooth: hci0: QCA: patch rome 0x302 build 0x3e8, firmw=
are
> rome 0x302 build 0x111
> 	[38595.639047] PM: suspend exit
> 	[38595.705929] usb 3-1: new high-speed USB device number 5 using xhci_hcd
> 	[38595.781281] Process accounting resumed
> 	[38595.789445] usb 1-2: USB disconnect, device number 6
> 	[38595.855626] usb 3-1: New USB device found, idVendor=3D2109,
> idProduct=3D2817, bcdDevice=3D 5.e3
> 	[38595.855634] usb 3-1: New USB device strings: Mfr=3D1, Product=3D2,
> SerialNumber=3D3
> 	[38595.855636] usb 3-1: Product: USB2.0 Hub
> 	[38595.855637] usb 3-1: Manufacturer: VIA Labs, Inc.
> 	[38595.855639] usb 3-1: SerialNumber: 000000000
> 	[38595.857093] hub 3-1:1.0: USB hub found
> 	[38595.860701] hub 3-1:1.0: 5 ports detected
> 	[38596.001459] bluetooth hci0: firmware: direct-loading firmware
> qca/nvm_usb_00000302.bin
> 	[38596.001523] Bluetooth: hci0: using NVM file: qca/nvm_usb_00000302.bin
> 	[38596.027638] Bluetooth: hci0: HCI Enhanced Setup Synchronous Connection
> command is advertised, but not supported.
> 	[38596.053936] usb 4-1: new SuperSpeed USB device number 4 using xhci_hcd
> 	[38596.106850] usb 4-1: New USB device found, idVendor=3D2109,
> idProduct=3D0817, bcdDevice=3D 5.e3
> 	[38596.106874] usb 4-1: New USB device strings: Mfr=3D1, Product=3D2,
> SerialNumber=3D3
> 	[38596.106885] usb 4-1: Product: USB3.0 Hub
> 	[38596.106892] usb 4-1: Manufacturer: VIA Labs, Inc.
> 	[38596.106900] usb 4-1: SerialNumber: 000000000
> 	[38596.112949] hub 4-1:1.0: USB hub found
> 	[38596.113079] hub 4-1:1.0: 4 ports detected
> 	[38596.613810] usb 3-1.1: new high-speed USB device number 6 using xhci_=
hcd
> 	[38596.771748] usb 3-1.1: New USB device found, idVendor=3D2109,
> idProduct=3D2817, bcdDevice=3D 7.b4
> 	[38596.771773] usb 3-1.1: New USB device strings: Mfr=3D1, Product=3D2,
> SerialNumber=3D3
> 	[38596.771784] usb 3-1.1: Product: USB2.0 Hub
> 	[38596.771792] usb 3-1.1: Manufacturer: VIA Labs, Inc.
> 	[38596.771799] usb 3-1.1: SerialNumber: 000000000
> 	[38596.775239] hub 3-1.1:1.0: USB hub found
> 	[38596.780934] hub 3-1.1:1.0: 4 ports detected
> 	[38597.159115] usb 4-1.1: new SuperSpeed USB device number 5 using xhci_=
hcd
> 	[38597.248403] usb 4-1.1: New USB device found, idVendor=3D2109,
> idProduct=3D0817, bcdDevice=3D 7.b4
> 	[38597.248410] usb 4-1.1: New USB device strings: Mfr=3D1, Product=3D2,
> SerialNumber=3D3
> 	[38597.248413] usb 4-1.1: Product: USB3.0 Hub
> 	[38597.248416] usb 4-1.1: Manufacturer: VIA Labs, Inc.
> 	[38597.248418] usb 4-1.1: SerialNumber: 000000000
> 	[38597.253883] hub 4-1.1:1.0: USB hub found
> 	[38597.254033] hub 4-1.1:1.0: 4 ports detected
> 	[38597.325788] usb 3-1.5: new high-speed USB device number 7 using xhci_=
hcd
> 	[38597.438305] usb 3-1.5: New USB device found, idVendor=3D2109,
> idProduct=3D8817, bcdDevice=3D 0.01
> 	[38597.438312] usb 3-1.5: New USB device strings: Mfr=3D1, Product=3D2,
> SerialNumber=3D3
> 	[38597.438314] usb 3-1.5: Product: USB Billboard Device
> 	[38597.438316] usb 3-1.5: Manufacturer: VIA Labs, Inc.
> 	[38597.438317] usb 3-1.5: SerialNumber: 0000000000000001
> 	[38602.697828] xhci_hcd 0000:39:00.0: Timeout while waiting for setup
> device command
> 	[38608.073709] xhci_hcd 0000:39:00.0: Timeout while waiting for setup
> device command
> 	[38608.281683] usb 4-1.4: device not accepting address 6, error -62
> 	[38608.361686] usb 3-1.1.2: new high-speed USB device number 8 using
> xhci_hcd
> 	[38608.478074] usb 3-1.1.2: New USB device found, idVendor=3D0bda,
> idProduct=3D5409, bcdDevice=3D 1.41
> 	[38608.478078] usb 3-1.1.2: New USB device strings: Mfr=3D1, Product=3D2,
> SerialNumber=3D0
> 	[38608.478080] usb 3-1.1.2: Product: 4-Port USB 2.0 Hub
> 	[38608.478081] usb 3-1.1.2: Manufacturer: Generic
> 	[38608.479686] hub 3-1.1.2:1.0: USB hub found
> 	[38608.481125] hub 3-1.1.2:1.0: 4 ports detected
> 	[38608.546211] usb 4-1.1.2: new SuperSpeed USB device number 7 using
> xhci_hcd
> 	[38608.580992] usb 4-1.1.2: New USB device found, idVendor=3D0bda,
> idProduct=3D0409, bcdDevice=3D 1.41
> 	[38608.580997] usb 4-1.1.2: New USB device strings: Mfr=3D1, Product=3D2,
> SerialNumber=3D0
> 	[38608.581000] usb 4-1.1.2: Product: 4-Port USB 3.0 Hub
> 	[38608.581001] usb 4-1.1.2: Manufacturer: Generic
> 	[38608.586469] hub 4-1.1.2:1.0: USB hub found
> 	[38608.587779] hub 4-1.1.2:1.0: 2 ports detected
> 	[38613.965663] xhci_hcd 0000:39:00.0: Timeout while waiting for setup
> device command
> 	[38619.337632] xhci_hcd 0000:39:00.0: Timeout while waiting for setup
> device command
> 	[38619.549614] usb 4-1.4: device not accepting address 8, error -62
> 	[38619.549715] usb 4-1-port4: attempt power cycle
> 	[38619.821998] usb 4-1.1.2: USB disconnect, device number 7
> 	[38620.526463] usb 3-1.1.2-port3: cannot reset (err =3D -71)
> 	[38620.526588] usb 3-1.1.2-port3: cannot reset (err =3D -71)
> 	[38620.526707] usb 3-1.1.2-port3: cannot reset (err =3D -71)
> 	[38620.526826] usb 3-1.1.2-port3: cannot reset (err =3D -71)
> 	[38620.526946] usb 3-1.1.2-port3: cannot reset (err =3D -71)
> 	[38620.526947] usb 3-1.1.2-port3: Cannot enable. Maybe the USB cable is
> bad?
> 	[38620.527067] usb 3-1.1.2-port3: cannot disable (err =3D -71)
> 	[38620.527168] usb 3-1.1.2: USB disconnect, device number 8
> 	[38620.527276] usb 3-1.1.2-port3: cannot reset (err =3D -71)
> 	[38620.527315] usb 3-1.1.2-port3: attempt power cycle
> 	[38620.605648] usb 4-1.1.3: new SuperSpeed USB device number 9 using
> xhci_hcd
> 	[38620.626284] usb 4-1.1.3: New USB device found, idVendor=3D0bda,
> idProduct=3D8153, bcdDevice=3D30.00
> 	[38620.626289] usb 4-1.1.3: New USB device strings: Mfr=3D1, Product=3D2,
> SerialNumber=3D6
> 	[38620.626291] usb 4-1.1.3: Product: USB 10/100/1000 LAN
> 	[38620.626293] usb 4-1.1.3: Manufacturer: Realtek
> 	[38620.626294] usb 4-1.1.3: SerialNumber: 000001
> 	[38620.709920] r8152-cfgselector 4-1.1.3: reset SuperSpeed USB device
> number 9 using xhci_hcd
> 	[38620.735991] r8152 4-1.1.3:1.0: firmware: direct-loading firmware
> rtl_nic/rtl8153a-4.fw
> 	[38620.751888] r8152 4-1.1.3:1.0: load rtl8153a-4 v2 02/07/20 successful=
ly
> 	[38620.778160] r8152 4-1.1.3:1.0 eth0: v1.12.13
> 	[38625.993752] xhci_hcd 0000:39:00.0: Timeout while waiting for setup
> device command
> 	[38631.377560] xhci_hcd 0000:39:00.0: Timeout while waiting for setup
> device command
> 	[38631.585798] usb 4-1.4: device not accepting address 10, error -62
> 	[38632.354657] usb 4-1.1.2: new SuperSpeed USB device number 12 using
> xhci_hcd
> 	[38632.393341] usb 4-1.1.2: New USB device found, idVendor=3D0bda,
> idProduct=3D0409, bcdDevice=3D 1.41
> 	[38632.393369] usb 4-1.1.2: New USB device strings: Mfr=3D1, Product=3D2,
> SerialNumber=3D0
> 	[38632.393380] usb 4-1.1.2: Product: 4-Port USB 3.0 Hub
> 	[38632.393389] usb 4-1.1.2: Manufacturer: Generic
> 	[38632.400130] hub 4-1.1.2:1.0: USB hub found
> 	[38632.401721] hub 4-1.1.2:1.0: 2 ports detected
> 	[38632.499522] r8152 4-1.1.3:1.0 enx00e04ceabc41: renamed from eth0
> 	[38632.501556] usb 3-1.1.2: new high-speed USB device number 14 using
> xhci_hcd
> 	[38632.556184] r8152 4-1.1.3:1.0 enx00e04ceabc41: carrier on
> 	[38632.619579] usb 3-1.1.2: New USB device found, idVendor=3D0bda,
> idProduct=3D5409, bcdDevice=3D 1.41
> 	[38632.619594] usb 3-1.1.2: New USB device strings: Mfr=3D1, Product=3D2,
> SerialNumber=3D0
> 	[38632.619600] usb 3-1.1.2: Product: 4-Port USB 2.0 Hub
> 	[38632.619605] usb 3-1.1.2: Manufacturer: Generic
> 	[38632.622412] hub 3-1.1.2:1.0: USB hub found
> 	[38632.623596] hub 3-1.1.2:1.0: 4 ports detected
> 	[38632.913524] usb 3-1.1.2.3: new low-speed USB device number 15 using
> xhci_hcd
> 	[38633.019668] usb 3-1.1.2.3: New USB device found, idVendor=3D1bcf,
> idProduct=3D0005, bcdDevice=3D 0.14
> 	[38633.019695] usb 3-1.1.2.3: New USB device strings: Mfr=3D0, Product=
=3D2,
> SerialNumber=3D0
> 	[38633.019707] usb 3-1.1.2.3: Product: USB Optical Mouse
> 	[38633.031545] input: USB Optical Mouse as /devices/pci0000:00/0000:00:1=
c.0/0000:01:00.0/0000:02:02.0/0000:39:00.0/usb3/3-1/3-1.1/3-1.1.2/3-1.1.2.3=
/3-1.1.2.3:1.0/0003:1BCF:0005.0014/input/input70
> 	[38633.033300] hid-generic 0003:1BCF:0005.0014: input,hidraw2: USB HID
> v1.10 Mouse [USB Optical Mouse] on usb-0000:39:00.0-1.1.2.3/input0
> 	[38633.113596] usb 3-1.1.2.4: new low-speed USB device number 16 using
> xhci_hcd
> 	[38633.225735] usb 3-1.1.2.4: New USB device found, idVendor=3D413c,
> idProduct=3D2113, bcdDevice=3D 1.08
> 	[38633.225768] usb 3-1.1.2.4: New USB device strings: Mfr=3D0, Product=
=3D2,
> SerialNumber=3D0
> 	[38633.225779] usb 3-1.1.2.4: Product: Dell KB216 Wired Keyboard
> 	[38633.239071] input: Dell KB216 Wired Keyboard as /devices/pci0000:00/0=
000:00:1c.0/0000:01:00.0/0000:02:02.0/0000:39:00.0/usb3/3-1/3-1.1/3-1.1.2/3=
-1.1.2.4/3-1.1.2.4:1.0/0003:413C:2113.0015/input/input71
> 	[38633.298892] hid-generic 0003:413C:2113.0015: input,hidraw3: USB HID
> v1.11 Keyboard [Dell KB216 Wired Keyboard] on
> usb-0000:39:00.0-1.1.2.4/input0
> 	[38633.304640] input: Dell KB216 Wired Keyboard System Control as /devic=
es/pci0000:00/0000:00:1c.0/0000:01:00.0/0000:02:02.0/0000:39:00.0/usb3/3-1/=
3-1.1/3-1.1.2/3-1.1.2.4/3-1.1.2.4:1.1/0003:413C:2113.0016/input/input72
> 	[38633.364625] input: Dell KB216 Wired Keyboard Consumer Control as /dev=
ices/pci0000:00/0000:00:1c.0/0000:01:00.0/0000:02:02.0/0000:39:00.0/usb3/3-=
1/3-1.1/3-1.1.2/3-1.1.2.4/3-1.1.2.4:1.1/0003:413C:2113.0016/input/input73
> 	[38633.366247] hid-generic 0003:413C:2113.0016: input,hidraw4: USB HID
> v1.11 Device [Dell KB216 Wired Keyboard] on usb-0000:39:00.0-1.1.2.4/inpu=
t1
> 	[38638.537721] xhci_hcd 0000:39:00.0: Timeout while waiting for setup
> device command
> 	[38638.537926] r8152-cfgselector 4-1.1.3: Failed to read 4 bytes at
> 0xc010/0x0100 (-110)
> 	[38642.633437] ------------[ cut here ]------------
> 	[38642.633441] NETDEV WATCHDOG: enx00e04ceabc41 (r8152): transmit queue 0
> timed out 9108 ms
> 	[38642.633456] WARNING: CPU: 0 PID: 18199 at net/sched/sch_generic.c:525
> dev_watchdog+0x232/0x240
> 	[38642.633463] Modules linked in: snd_usb_audio snd_usbmidi_lib snd_rawm=
idi
> rfcomm cmac algif_hash algif_skcipher af_alg bnep st sr_mod cdrom nvram
> typec_displayport r8153_ecm cdc_ether usbnet r8152 mii ccm sd_mod sg uas
> usb_storage scsi_mod scsi_common snd_seq_dummy snd_hrtimer snd_seq
> snd_seq_device l2tp_ppp l2tp_netlink l2tp_core ip6_udp_tunnel xfrm_interf=
ace
> xfrm6_tunnel udp_tunnel tunnel6 tunnel4 pppox xfrm_user xfrm_algo
> ppp_generic slhc qrtr snd_sof_pci_intel_skl snd_sof_intel_hda_common
> snd_hda_codec_hdmi soundwire_intel soundwire_generic_allocation
> snd_sof_intel_hda_mlink soundwire_cadence snd_ctl_led snd_sof_intel_hda
> snd_sof_pci snd_sof_xtensa_dsp snd_sof snd_hda_codec_realtek
> snd_hda_codec_generic snd_sof_utils soundwire_bus snd_soc_avs
> snd_soc_hda_codec snd_soc_skl snd_soc_hdac_hda snd_hda_ext_core
> snd_soc_sst_ipc snd_soc_sst_dsp snd_soc_acpi_intel_match binfmt_misc
> snd_soc_acpi snd_soc_core ath10k_pci snd_compress x86_pkg_temp_thermal
> intel_powerclamp ath10k_core coretemp snd_pcm_dmaengine kvm_intel
> 	[38642.633516]  nls_ascii snd_hda_intel nls_cp437 ath snd_intel_dspcfg k=
vm
> vfat mei_hdcp snd_intel_sdw_acpi mei_pxp mei_wdt fat i915 snd_hda_codec
> mac80211 uvcvideo irqbypass intel_rapl_msr btusb dell_laptop snd_hda_core
> ledtrig_audio btrtl libarc4 dell_wmi dell_smm_hwmon btintel snd_hwdep rapl
> joydev videobuf2_vmalloc dell_smbios intel_cstate snd_pcm iTCO_wdt dcdbas
> btbcm intel_wmi_thunderbolt intel_pmc_bxt snd_timer uvc cfg80211 btmtk
> videobuf2_memops wmi_bmof snd intel_uncore videobuf2_v4l2
> dell_wmi_descriptor bluetooth iTCO_vendor_support videodev mei_me watchdog
> soundcore pcspkr ucsi_acpi typec_ucsi videobuf2_common ecdh_generic mei
> typec rfkill mc drm_buddy intel_pch_thermal drm_display_helper cec
> intel_vbtn processor_thermal_device_pci_legacy soc_button_array rc_core
> processor_thermal_device ttm processor_thermal_rfim processor_thermal_mbox
> drm_kms_helper int3403_thermal processor_thermal_rapl intel_rapl_common
> intel_xhci_usb_role_switch int3400_thermal i2c_algo_bit int340x_thermal_z=
one
> intel_hid intel_pmc_core
> 	[38642.633571]  acpi_thermal_rel ac roles intel_soc_dts_iosf acpi_pad
> sparse_keymap evdev button hid_multitouch serio_raw msr parport_pc ppdev =
lp
> parport loop efi_pstore configfs nfnetlink efivarfs ip_tables x_tables
> autofs4 ext4 crc16 mbcache jbd2 crc32c_generic usbhid dm_crypt dm_mod nvme
> crc32_pclmul nvme_core crc32c_intel ghash_clmulni_intel t10_pi hid_generic
> sha512_ssse3 xhci_pci crc64_rocksoft_generic xhci_hcd sha256_ssse3
> i2c_hid_acpi i2c_hid sha1_ssse3 crc64_rocksoft drm usbcore crc_t10dif
> aesni_intel i2c_i801 intel_lpss_pci crct10dif_generic crct10dif_pclmul
> intel_lpss crc64 crypto_simd cryptd idma64 crct10dif_common i2c_smbus
> usb_common hid battery video wmi
> 	[38642.633615] CPU: 0 PID: 18199 Comm: Compositor Not tainted 6.6.15-amd=
64
> #1  Debian 6.6.15-2
> 	[38642.633618] Hardware name: Dell Inc. XPS 13 9360/0596KF, BIOS 2.21.0
> 06/02/2022
> 	[38642.633619] RIP: 0010:dev_watchdog+0x232/0x240
> 	[38642.633622] Code: ff ff ff 48 89 df c6 05 6e e1 3f 01 01 e8 86 32 fa =
ff
> 45 89 f8 44 89 f1 48 89 de 48 89 c2 48 c7 c7 98 5f 12 8c e8 be 97 6a ff <=
0f>
> 0b e9 2d ff ff ff 0f 1f 80 00 00 00 00 90 90 90 90 90 90 90 90
> 	[38642.633624] RSP: 0018:ffffc90000003e78 EFLAGS: 00010286
> 	[38642.633626] RAX: 0000000000000000 RBX: ffff888166230000 RCX:
> 0000000000000027
> 	[38642.633627] RDX: ffff88846f0213c8 RSI: 0000000000000001 RDI:
> ffff88846f0213c0
> 	[38642.633629] RBP: ffff8881662304c8 R08: 0000000000000000 R09:
> ffffc90000003d00
> 	[38642.633630] R10: 0000000000000003 R11: ffff888480ffdfe8 R12:
> ffff8881079b9a00
> 	[38642.633631] R13: ffff88816623041c R14: 0000000000000000 R15:
> 0000000000002394
> 	[38642.633632] FS:  00007f87749ff6c0(0000) GS:ffff88846f000000(0000)
> knlGS:0000000000000000
> 	[38642.633634] CS:  0010 DS: 0000 ES: 0000 CR0: 0000000080050033
> 	[38642.633635] CR2: 00007f875e26d000 CR3: 000000014536e003 CR4:
> 00000000003706f0
> 	[38642.633637] Call Trace:
> 	[38642.633639]  <IRQ>
> 	[38642.633640]  ? dev_watchdog+0x232/0x240
> 	[38642.633642]  ? __warn+0x81/0x130
> 	[38642.633647]  ? dev_watchdog+0x232/0x240
> 	[38642.633649]  ? report_bug+0x171/0x1a0
> 	[38642.633652]  ? prb_read_valid+0x1b/0x30
> 	[38642.633655]  ? handle_bug+0x3c/0x80
> 	[38642.633658]  ? exc_invalid_op+0x17/0x70
> 	[38642.633660]  ? asm_exc_invalid_op+0x1a/0x20
> 	[38642.633664]  ? dev_watchdog+0x232/0x240
> 	[38642.633666]  ? dev_watchdog+0x232/0x240
> 	[38642.633668]  ? __pfx_dev_watchdog+0x10/0x10
> 	[38642.633670]  call_timer_fn+0x24/0x130
> 	[38642.633673]  ? __pfx_dev_watchdog+0x10/0x10
> 	[38642.633675]  __run_timers+0x222/0x2c0
> 	[38642.633679]  run_timer_softirq+0x1d/0x40
> 	[38642.633681]  __do_softirq+0xc7/0x2ae
> 	[38642.633686]  __irq_exit_rcu+0x96/0xb0
> 	[38642.633689]  sysvec_apic_timer_interrupt+0x72/0x90
> 	[38642.633693]  </IRQ>
> 	[38642.633694]  <TASK>
> 	[38642.633695]  asm_sysvec_apic_timer_interrupt+0x1a/0x20
> 	[38642.633697] RIP: 0010:_compound_head+0x8/0x40
> 	[38642.633700] Code: 44 00 00 c3 cc cc cc cc 66 2e 0f 1f 84 00 00 00 00 =
00
> 90 90 90 90 90 90 90 90 90 90 90 90 90 90 90 90 48 8b 47 08 a8 01 75 21 <=
66>
> 90 48 89 f8 c3 cc cc cc cc f7 c7 ff 0f 00 00 75 f0 48 8b 07 a8
> 	[38642.633702] RSP: 0018:ffffc90006453c00 EFLAGS: 00000246
> 	[38642.633704] RAX: ffffea000bbc0208 RBX: ffff8882f72e52c0 RCX:
> 0000000000000000
> 	[38642.633705] RDX: 8000000000000867 RSI: 80000002fd040867 RDI:
> ffffea000bf41000
> 	[38642.633706] RBP: 00007f8737059000 R08: ffff8882de5b4cf0 R09:
> 0000000000000011
> 	[38642.633707] R10: 0000000000000001 R11: 0000000000000100 R12:
> ffffc90006453d30
> 	[38642.633708] R13: 00007f8737058000 R14: ffffea000bf41000 R15:
> 0000000000000000
> 	[38642.633712]  unmap_page_range+0x601/0x1060
> 	[38642.633717]  zap_page_range_single+0x122/0x1d0
> 	[38642.633721]  do_madvise+0xc85/0x1000
> 	[38642.633726]  ? exit_to_user_mode_prepare+0x40/0x1e0
> 	[38642.633728]  ? syscall_exit_to_user_mode+0x2b/0x40
> 	[38642.633731]  __x64_sys_madvise+0x2c/0x40
> 	[38642.633733]  do_syscall_64+0x5d/0xc0
> 	[38642.633737]  ? do_user_addr_fault+0x30f/0x660
> 	[38642.633741]  ? exit_to_user_mode_prepare+0x40/0x1e0
> 	[38642.633743]  entry_SYSCALL_64_after_hwframe+0x6e/0xd8
> 	[38642.633745] RIP: 0033:0x7f878f11f337
> 	[38642.633747] Code: ff ff ff ff c3 66 0f 1f 44 00 00 48 8b 15 d9 1a 0d =
00
> f7 d8 64 89 02 b8 ff ff ff ff eb bc 0f 1f 44 00 00 b8 1c 00 00 00 0f 05 <=
48>
> 3d 01 f0 ff ff 73 01 c3 48 8b 0d b1 1a 0d 00 f7 d8 64 89 01 48
> 	[38642.633749] RSP: 002b:00007f87749fe8c8 EFLAGS: 00000206 ORIG_RAX:
> 000000000000001c
> 	[38642.633751] RAX: ffffffffffffffda RBX: 0000000000000080 RCX:
> 00007f878f11f337
> 	[38642.633752] RDX: 0000000000000004 RSI: 0000000000017000 RDI:
> 00007f873704b000
> 	[38642.633753] RBP: 000000000000004b R08: 00007f875e000c68 R09:
> 000000000006b008
> 	[38642.633754] R10: 0000000000000000 R11: 0000000000000206 R12:
> 00007f8737000000
> 	[38642.633755] R13: 00007f8737000018 R14: 00007f878ef00000 R15:
> 00007f878ef00060
> 	[38642.633758]  </TASK>
> 	[38642.633759] ---[ end trace 0000000000000000 ]---
> 	[38642.633763] r8152 4-1.1.3:1.0 enx00e04ceabc41: Tx timeout
> 	[38642.634888] usb 3-1.1.2: USB disconnect, device number 14
> 	[38642.634893] usb 3-1.1.2.3: USB disconnect, device number 15
> 	[38643.913481] xhci_hcd 0000:39:00.0: Timeout while waiting for setup
> device command
> 	[38643.913970] usb 4-1.1.2: USB disconnect, device number 12
> 	[38643.967204] usb 3-1.1.2.4: USB disconnect, device number 16
> 	[38644.121497] usb 4-1.4: device not accepting address 13, error -62
> 	[38644.204560] r8152-cfgselector 4-1.1.3: reset SuperSpeed USB device
> number 9 using xhci_hcd
> 	[38644.222345] r8152-cfgselector 4-1.1.3: device firmware changed
> 	[38644.222683] r8152 4-1.1.3:1.0 enx00e04ceabc41: Get ether addr fail
> 	[38644.223644] r8152-cfgselector 4-1.1.3: USB disconnect, device number 9
> 	[38645.241754] usb 4-1.1.3: new SuperSpeed USB device number 15 using
> xhci_hcd
> 	[38645.274925] usb 4-1.1.3: New USB device found, idVendor=3D0bda,
> idProduct=3D8153, bcdDevice=3D30.00
> 	[38645.274933] usb 4-1.1.3: New USB device strings: Mfr=3D1, Product=3D2,
> SerialNumber=3D6
> 	[38645.274936] usb 4-1.1.3: Product: USB 10/100/1000 LAN
> 	[38645.274938] usb 4-1.1.3: Manufacturer: Realtek
> 	[38645.274940] usb 4-1.1.3: SerialNumber: 000001
> 	[38645.353643] usb 3-1.1.2: new high-speed USB device number 17 using
> xhci_hcd
> 	[38645.471405] usb 3-1.1.2: New USB device found, idVendor=3D0bda,
> idProduct=3D5409, bcdDevice=3D 1.41
> 	[38645.471430] usb 3-1.1.2: New USB device strings: Mfr=3D1, Product=3D2,
> SerialNumber=3D0
> 	[38645.471439] usb 3-1.1.2: Product: 4-Port USB 2.0 Hub
> 	[38645.471447] usb 3-1.1.2: Manufacturer: Generic
> 	[38645.477812] hub 3-1.1.2:1.0: USB hub found
> 	[38645.479071] hub 3-1.1.2:1.0: 4 ports detected
> 	[38645.541942] r8152-cfgselector 4-1.1.3: reset SuperSpeed USB device
> number 15 using xhci_hcd
> 	[38645.567808] r8152 4-1.1.3:1.0: firmware: direct-loading firmware
> rtl_nic/rtl8153a-4.fw
> 	[38645.584243] r8152 4-1.1.3:1.0: load rtl8153a-4 v2 02/07/20 successful=
ly
> 	[38645.615859] r8152 4-1.1.3:1.0 eth0: v1.12.13
> 	[38645.769699] usb 3-1.1.2.3: new low-speed USB device number 18 using
> xhci_hcd
> 	[38645.875122] usb 3-1.1.2.3: New USB device found, idVendor=3D1bcf,
> idProduct=3D0005, bcdDevice=3D 0.14
> 	[38645.875148] usb 3-1.1.2.3: New USB device strings: Mfr=3D0, Product=
=3D2,
> SerialNumber=3D0
> 	[38645.875158] usb 3-1.1.2.3: Product: USB Optical Mouse
> 	[38645.886715] input: USB Optical Mouse as /devices/pci0000:00/0000:00:1=
c.0/0000:01:00.0/0000:02:02.0/0000:39:00.0/usb3/3-1/3-1.1/3-1.1.2/3-1.1.2.3=
/3-1.1.2.3:1.0/0003:1BCF:0005.0017/input/input74
> 	[38645.887619] hid-generic 0003:1BCF:0005.0017: input,hidraw2: USB HID
> v1.10 Mouse [USB Optical Mouse] on usb-0000:39:00.0-1.1.2.3/input0
> 	[38645.950471] usb 4-1.1.2: new SuperSpeed USB device number 16 using
> xhci_hcd
> 	[38645.987887] usb 4-1.1.2: New USB device found, idVendor=3D0bda,
> idProduct=3D0409, bcdDevice=3D 1.41
> 	[38645.987912] usb 4-1.1.2: New USB device strings: Mfr=3D1, Product=3D2,
> SerialNumber=3D0
> 	[38645.987923] usb 4-1.1.2: Product: 4-Port USB 3.0 Hub
> 	[38645.987931] usb 4-1.1.2: Manufacturer: Generic
> 	[38645.997841] hub 4-1.1.2:1.0: USB hub found
> 	[38645.999463] hub 4-1.1.2:1.0: 2 ports detected
> 	[38646.057710] usb 3-1.1.2.4: new low-speed USB device number 19 using
> xhci_hcd
> 	[38646.167623] usb 3-1.1.2.4: New USB device found, idVendor=3D413c,
> idProduct=3D2113, bcdDevice=3D 1.08
> 	[38646.167652] usb 3-1.1.2.4: New USB device strings: Mfr=3D0, Product=
=3D2,
> SerialNumber=3D0
> 	[38646.167667] usb 3-1.1.2.4: Product: Dell KB216 Wired Keyboard
> 	[38646.179226] input: Dell KB216 Wired Keyboard as /devices/pci0000:00/0=
000:00:1c.0/0000:01:00.0/0000:02:02.0/0000:39:00.0/usb3/3-1/3-1.1/3-1.1.2/3=
-1.1.2.4/3-1.1.2.4:1.0/0003:413C:2113.0018/input/input75
> 	[38646.228219] r8152 4-1.1.3:1.0 enx00e04ceabc41: renamed from eth0
> 	[38646.237585] hid-generic 0003:413C:2113.0018: input,hidraw3: USB HID
> v1.11 Keyboard [Dell KB216 Wired Keyboard] on
> usb-0000:39:00.0-1.1.2.4/input0
> 	[38646.242108] input: Dell KB216 Wired Keyboard System Control as /devic=
es/pci0000:00/0000:00:1c.0/0000:01:00.0/0000:02:02.0/0000:39:00.0/usb3/3-1/=
3-1.1/3-1.1.2/3-1.1.2.4/3-1.1.2.4:1.1/0003:413C:2113.0019/input/input76
> 	[38646.301897] input: Dell KB216 Wired Keyboard Consumer Control as /dev=
ices/pci0000:00/0000:00:1c.0/0000:01:00.0/0000:02:02.0/0000:39:00.0/usb3/3-=
1/3-1.1/3-1.1.2/3-1.1.2.4/3-1.1.2.4:1.1/0003:413C:2113.0019/input/input77
> 	[38646.302145] hid-generic 0003:413C:2113.0019: input,hidraw4: USB HID
> v1.11 Device [Dell KB216 Wired Keyboard] on usb-0000:39:00.0-1.1.2.4/inpu=
t1
> 	[38649.323714] r8152 4-1.1.3:1.0 enx00e04ceabc41: carrier on
> 	[38651.133683] usb 4-1.1.2: USB disconnect, device number 16
> 	[38651.339130] usb 3-1.1.2: USB disconnect, device number 17
> 	[38651.339137] usb 3-1.1.2.3: USB disconnect, device number 18
> 	[38651.373344] usb 3-1.1.2.4: USB disconnect, device number 19
> 	[38655.226715] usb 4-1.1.2: new SuperSpeed USB device number 17 using
> xhci_hcd
> 	[38655.262775] usb 4-1.1.2: New USB device found, idVendor=3D0bda,
> idProduct=3D0409, bcdDevice=3D 1.41
> 	[38655.262787] usb 4-1.1.2: New USB device strings: Mfr=3D1, Product=3D2,
> SerialNumber=3D0
> 	[38655.262791] usb 4-1.1.2: Product: 4-Port USB 3.0 Hub
> 	[38655.262794] usb 4-1.1.2: Manufacturer: Generic
> 	[38655.268905] hub 4-1.1.2:1.0: USB hub found
> 	[38655.270308] hub 4-1.1.2:1.0: 2 ports detected
> 	[38655.405611] usb 3-1.1.2: new high-speed USB device number 20 using
> xhci_hcd
> 	[38655.530977] usb 3-1.1.2: New USB device found, idVendor=3D0bda,
> idProduct=3D5409, bcdDevice=3D 1.41
> 	[38655.531005] usb 3-1.1.2: New USB device strings: Mfr=3D1, Product=3D2,
> SerialNumber=3D0
> 	[38655.531017] usb 3-1.1.2: Product: 4-Port USB 2.0 Hub
> 	[38655.531025] usb 3-1.1.2: Manufacturer: Generic
> 	[38655.537787] hub 3-1.1.2:1.0: USB hub found
> 	[38655.539698] hub 3-1.1.2:1.0: 4 ports detected
> 	[38655.829616] usb 3-1.1.2.3: new low-speed USB device number 21 using
> xhci_hcd
> 	[38655.938429] usb 3-1.1.2.3: New USB device found, idVendor=3D1bcf,
> idProduct=3D0005, bcdDevice=3D 0.14
> 	[38655.938437] usb 3-1.1.2.3: New USB device strings: Mfr=3D0, Product=
=3D2,
> SerialNumber=3D0
> 	[38655.938440] usb 3-1.1.2.3: Product: USB Optical Mouse
> 	[38655.947994] input: USB Optical Mouse as /devices/pci0000:00/0000:00:1=
c.0/0000:01:00.0/0000:02:02.0/0000:39:00.0/usb3/3-1/3-1.1/3-1.1.2/3-1.1.2.3=
/3-1.1.2.3:1.0/0003:1BCF:0005.001A/input/input78
> 	[38655.948311] hid-generic 0003:1BCF:0005.001A: input,hidraw2: USB HID
> v1.10 Mouse [USB Optical Mouse] on usb-0000:39:00.0-1.1.2.3/input0
> 	[38656.025535] usb 3-1.1.2.4: new low-speed USB device number 22 using
> xhci_hcd
> 	[38656.132800] usb 3-1.1.2.4: New USB device found, idVendor=3D413c,
> idProduct=3D2113, bcdDevice=3D 1.08
> 	[38656.132827] usb 3-1.1.2.4: New USB device strings: Mfr=3D0, Product=
=3D2,
> SerialNumber=3D0
> 	[38656.132839] usb 3-1.1.2.4: Product: Dell KB216 Wired Keyboard
> 	[38656.145479] input: Dell KB216 Wired Keyboard as /devices/pci0000:00/0=
000:00:1c.0/0000:01:00.0/0000:02:02.0/0000:39:00.0/usb3/3-1/3-1.1/3-1.1.2/3=
-1.1.2.4/3-1.1.2.4:1.0/0003:413C:2113.001B/input/input79
> 	[38656.206967] hid-generic 0003:413C:2113.001B: input,hidraw3: USB HID
> v1.11 Keyboard [Dell KB216 Wired Keyboard] on
> usb-0000:39:00.0-1.1.2.4/input0
> 	[38656.214961] input: Dell KB216 Wired Keyboard System Control as /devic=
es/pci0000:00/0000:00:1c.0/0000:01:00.0/0000:02:02.0/0000:39:00.0/usb3/3-1/=
3-1.1/3-1.1.2/3-1.1.2.4/3-1.1.2.4:1.1/0003:413C:2113.001C/input/input80
> 	[38656.274216] input: Dell KB216 Wired Keyboard Consumer Control as /dev=
ices/pci0000:00/0000:00:1c.0/0000:01:00.0/0000:02:02.0/0000:39:00.0/usb3/3-=
1/3-1.1/3-1.1.2/3-1.1.2.4/3-1.1.2.4:1.1/0003:413C:2113.001C/input/input81
> 	[38656.274934] hid-generic 0003:413C:2113.001C: input,hidraw4: USB HID
> v1.11 Device [Dell KB216 Wired Keyboard] on usb-0000:39:00.0-1.1.2.4/inpu=
t1
>=20
> They are detected by Linux also in the non-working case. Do you spot
> something in the logs? Or could it be a hardware issue with the LMP devic=
e?

This looks like muxing issue, but I can't be sure. If that is the
case, then there is nothing we can do about it in the operating
system. All that is handled in the firmware.

Mathias, can you take a look at this?

>=20
> Kind regards,
>=20
> Paul
>=20
>=20
> [1]: https://lmp-adapter.com/product/lmp-usb-c-mini-dock/?attribute_pa_co=
lor=3Dsilver
>      "LMP USB-C mini Dock (P/N 15954)"

> [    0.000000] microcode: updated early: 0xf0 -> 0xf4, date =3D 2023-02-22
> [    0.000000] Linux version 6.6.15-amd64 (debian-kernel@lists.debian.org=
) (gcc-13 (Debian 13.2.0-13) 13.2.0, GNU ld (GNU Binutils for Debian) 2.42)=
 #1 SMP PREEMPT_DYNAMIC Debian 6.6.15-2 (2024-02-04)
> [    0.000000] Command line: BOOT_IMAGE=3D/vmlinuz-6.6.15-amd64 root=3DUU=
ID=3D32e29882-d94d-4a92-9ee4-4d03002bfa29 ro quiet pci=3Dnoaer mem_sleep_de=
fault=3Ddeep log_buf_len=3D8M cryptomgr.notests i8042.dumbkbd=3D1
> [    0.000000] BIOS-provided physical RAM map:
> [    0.000000] BIOS-e820: [mem 0x0000000000000000-0x0000000000057fff] usa=
ble
> [    0.000000] BIOS-e820: [mem 0x0000000000058000-0x0000000000058fff] res=
erved
> [    0.000000] BIOS-e820: [mem 0x0000000000059000-0x000000000009dfff] usa=
ble
> [    0.000000] BIOS-e820: [mem 0x000000000009e000-0x00000000000fffff] res=
erved
> [    0.000000] BIOS-e820: [mem 0x0000000000100000-0x00000000556aafff] usa=
ble
> [    0.000000] BIOS-e820: [mem 0x00000000556ab000-0x00000000556abfff] ACP=
I NVS
> [    0.000000] BIOS-e820: [mem 0x00000000556ac000-0x00000000556acfff] res=
erved
> [    0.000000] BIOS-e820: [mem 0x00000000556ad000-0x0000000064df3fff] usa=
ble
> [    0.000000] BIOS-e820: [mem 0x0000000064df4000-0x000000006517ffff] res=
erved
> [    0.000000] BIOS-e820: [mem 0x0000000065180000-0x00000000651c3fff] ACP=
I data
> [    0.000000] BIOS-e820: [mem 0x00000000651c4000-0x000000006f871fff] ACP=
I NVS
> [    0.000000] BIOS-e820: [mem 0x000000006f872000-0x000000006fffefff] res=
erved
> [    0.000000] BIOS-e820: [mem 0x000000006ffff000-0x000000006fffffff] usa=
ble
> [    0.000000] BIOS-e820: [mem 0x0000000070000000-0x0000000077ffffff] res=
erved
> [    0.000000] BIOS-e820: [mem 0x0000000078000000-0x00000000785fffff] usa=
ble
> [    0.000000] BIOS-e820: [mem 0x0000000078600000-0x000000007c7fffff] res=
erved
> [    0.000000] BIOS-e820: [mem 0x00000000e0000000-0x00000000efffffff] res=
erved
> [    0.000000] BIOS-e820: [mem 0x00000000fe000000-0x00000000fe010fff] res=
erved
> [    0.000000] BIOS-e820: [mem 0x00000000fec00000-0x00000000fec00fff] res=
erved
> [    0.000000] BIOS-e820: [mem 0x00000000fee00000-0x00000000fee00fff] res=
erved
> [    0.000000] BIOS-e820: [mem 0x00000000ff000000-0x00000000ffffffff] res=
erved
> [    0.000000] BIOS-e820: [mem 0x0000000100000000-0x00000004817fffff] usa=
ble
> [    0.000000] NX (Execute Disable) protection: active
> [    0.000000] APIC: Static calls initialized
> [    0.000000] e820: update [mem 0x52e59018-0x52e69057] usable =3D=3D> us=
able
> [    0.000000] e820: update [mem 0x52e59018-0x52e69057] usable =3D=3D> us=
able
> [    0.000000] extended physical RAM map:
> [    0.000000] reserve setup_data: [mem 0x0000000000000000-0x000000000005=
7fff] usable
> [    0.000000] reserve setup_data: [mem 0x0000000000058000-0x000000000005=
8fff] reserved
> [    0.000000] reserve setup_data: [mem 0x0000000000059000-0x000000000009=
dfff] usable
> [    0.000000] reserve setup_data: [mem 0x000000000009e000-0x00000000000f=
ffff] reserved
> [    0.000000] reserve setup_data: [mem 0x0000000000100000-0x0000000052e5=
9017] usable
> [    0.000000] reserve setup_data: [mem 0x0000000052e59018-0x0000000052e6=
9057] usable
> [    0.000000] reserve setup_data: [mem 0x0000000052e69058-0x00000000556a=
afff] usable
> [    0.000000] reserve setup_data: [mem 0x00000000556ab000-0x00000000556a=
bfff] ACPI NVS
> [    0.000000] reserve setup_data: [mem 0x00000000556ac000-0x00000000556a=
cfff] reserved
> [    0.000000] reserve setup_data: [mem 0x00000000556ad000-0x0000000064df=
3fff] usable
> [    0.000000] reserve setup_data: [mem 0x0000000064df4000-0x000000006517=
ffff] reserved
> [    0.000000] reserve setup_data: [mem 0x0000000065180000-0x00000000651c=
3fff] ACPI data
> [    0.000000] reserve setup_data: [mem 0x00000000651c4000-0x000000006f87=
1fff] ACPI NVS
> [    0.000000] reserve setup_data: [mem 0x000000006f872000-0x000000006fff=
efff] reserved
> [    0.000000] reserve setup_data: [mem 0x000000006ffff000-0x000000006fff=
ffff] usable
> [    0.000000] reserve setup_data: [mem 0x0000000070000000-0x0000000077ff=
ffff] reserved
> [    0.000000] reserve setup_data: [mem 0x0000000078000000-0x00000000785f=
ffff] usable
> [    0.000000] reserve setup_data: [mem 0x0000000078600000-0x000000007c7f=
ffff] reserved
> [    0.000000] reserve setup_data: [mem 0x00000000e0000000-0x00000000efff=
ffff] reserved
> [    0.000000] reserve setup_data: [mem 0x00000000fe000000-0x00000000fe01=
0fff] reserved
> [    0.000000] reserve setup_data: [mem 0x00000000fec00000-0x00000000fec0=
0fff] reserved
> [    0.000000] reserve setup_data: [mem 0x00000000fee00000-0x00000000fee0=
0fff] reserved
> [    0.000000] reserve setup_data: [mem 0x00000000ff000000-0x00000000ffff=
ffff] reserved
> [    0.000000] reserve setup_data: [mem 0x0000000100000000-0x00000004817f=
ffff] usable
> [    0.000000] efi: EFI v2.4 by American Megatrends
> [    0.000000] efi: ACPI=3D0x6518d000 ACPI 2.0=3D0x6518d000 SMBIOS=3D0xf0=
000 SMBIOS 3.0=3D0xf0020 TPMFinalLog=3D0x6f812000 ESRT=3D0x6fc86698 MEMATTR=
=3D0x62676018 INITRD=3D0x5577da98 TPMEventLog=3D0x55778018=20
> [    0.000000] efi: Remove mem37: MMIO range=3D[0xe0000000-0xefffffff] (2=
56MB) from e820 map
> [    0.000000] e820: remove [mem 0xe0000000-0xefffffff] reserved
> [    0.000000] efi: Not removing mem38: MMIO range=3D[0xfe000000-0xfe010f=
ff] (68KB) from e820 map
> [    0.000000] efi: Not removing mem39: MMIO range=3D[0xfec00000-0xfec00f=
ff] (4KB) from e820 map
> [    0.000000] efi: Not removing mem40: MMIO range=3D[0xfee00000-0xfee00f=
ff] (4KB) from e820 map
> [    0.000000] efi: Remove mem41: MMIO range=3D[0xff000000-0xffffffff] (1=
6MB) from e820 map
> [    0.000000] e820: remove [mem 0xff000000-0xffffffff] reserved
> [    0.000000] secureboot: Secure boot disabled
> [    0.000000] SMBIOS 3.0.0 present.
> [    0.000000] DMI: Dell Inc. XPS 13 9360/0596KF, BIOS 2.21.0 06/02/2022
> [    0.000000] tsc: Detected 2900.000 MHz processor
> [    0.000000] tsc: Detected 2899.886 MHz TSC
> [    0.000627] e820: update [mem 0x00000000-0x00000fff] usable =3D=3D> re=
served
> [    0.000630] e820: remove [mem 0x000a0000-0x000fffff] usable
> [    0.000637] last_pfn =3D 0x481800 max_arch_pfn =3D 0x400000000
> [    0.000641] MTRR map: 4 entries (3 fixed + 1 variable; max 23), built =
=66rom 10 variable MTRRs
> [    0.000643] x86/PAT: Configuration [0-7]: WB  WC  UC- UC  WB  WP  UC- =
WT =20
> [    0.000947] last_pfn =3D 0x78600 max_arch_pfn =3D 0x400000000
> [    0.007310] esrt: Reserving ESRT space from 0x000000006fc86698 to 0x00=
0000006fc866d0.
> [    0.007315] Using GB pages for direct mapping
> [    0.014018] printk: log_buf_len: 8388608 bytes
> [    0.014019] printk: early log buf free: 125216(95%)
> [    0.014020] RAMDISK: [mem 0x4b351000-0x4edfffff]
> [    0.014024] ACPI: Early table checksum verification disabled
> [    0.014027] ACPI: RSDP 0x000000006518D000 000024 (v02 DELL  )
> [    0.014030] ACPI: XSDT 0x000000006518D0C8 00010C (v01 DELL   CBX3     =
01072009 AMI  00010013)
> [    0.014035] ACPI: FACP 0x00000000651B2A48 00010C (v05 DELL   CBX3     =
01072009 AMI  00010013)
> [    0.014039] ACPI: DSDT 0x000000006518D260 0257E7 (v02 DELL   CBX3     =
01072009 INTL 20160422)
> [    0.014042] ACPI: FACS 0x000000006F86F180 000040
> [    0.014044] ACPI: APIC 0x00000000651B2B58 000084 (v03 DELL   CBX3     =
01072009 AMI  00010013)
> [    0.014047] ACPI: FPDT 0x00000000651B2BE0 000044 (v01 DELL   CBX3     =
01072009 AMI  00010013)
> [    0.014049] ACPI: FIDT 0x00000000651B2C28 0000AC (v01 DELL   CBX3     =
01072009 AMI  00010013)
> [    0.014052] ACPI: MCFG 0x00000000651B2CD8 00003C (v01 DELL   CBX3     =
01072009 MSFT 00000097)
> [    0.014054] ACPI: HPET 0x00000000651B2D18 000038 (v01 DELL   CBX3     =
01072009 AMI. 0005000B)
> [    0.014057] ACPI: SSDT 0x00000000651B2D50 000359 (v01 SataRe SataTabl =
00001000 INTL 20160422)
> [    0.014059] ACPI: BOOT 0x00000000651B30B0 000028 (v01 DELL   CBX3     =
01072009 AMI  00010013)
> [    0.014062] ACPI: SSDT 0x00000000651B30D8 0012CF (v02 SaSsdt SaSsdt   =
00003000 INTL 20160422)
> [    0.014064] ACPI: HPET 0x00000000651B43A8 000038 (v01 INTEL  KBL-ULT  =
00000001 MSFT 0000005F)
> [    0.014067] ACPI: SSDT 0x00000000651B43E0 000D84 (v02 INTEL  xh_rvp07 =
00000000 INTL 20160422)
> [    0.014069] ACPI: UEFI 0x00000000651B5168 000042 (v01                 =
00000000      00000000)
> [    0.014072] ACPI: SSDT 0x00000000651B51B0 000EDE (v02 CpuRef CpuSsdt  =
00003000 INTL 20160422)
> [    0.014074] ACPI: LPIT 0x00000000651B6090 000094 (v01 INTEL  KBL-ULT  =
00000000 MSFT 0000005F)
> [    0.014077] ACPI: WSMT 0x00000000651B6128 000028 (v01 DELL   CBX3     =
00000000 MSFT 0000005F)
> [    0.014079] ACPI: SSDT 0x00000000651B6150 000161 (v02 INTEL  HdaDsp   =
00000000 INTL 20160422)
> [    0.014082] ACPI: SSDT 0x00000000651B62B8 00029F (v02 INTEL  sensrhub =
00000000 INTL 20160422)
> [    0.014084] ACPI: SSDT 0x00000000651B6558 003002 (v02 INTEL  PtidDevc =
00001000 INTL 20160422)
> [    0.014087] ACPI: SSDT 0x00000000651B9560 0000DB (v02 INTEL  TbtTypeC =
00000000 INTL 20160422)
> [    0.014089] ACPI: DBGP 0x00000000651B9640 000034 (v01 INTEL           =
00000002 MSFT 0000005F)
> [    0.014091] ACPI: DBG2 0x00000000651B9678 000054 (v00 INTEL           =
00000002 MSFT 0000005F)
> [    0.014094] ACPI: SSDT 0x00000000651B96D0 0007DD (v02 INTEL  UsbCTabl =
00001000 INTL 20160422)
> [    0.014096] ACPI: SSDT 0x00000000651B9EB0 0084F1 (v02 DptfTa DptfTabl =
00001000 INTL 20160422)
> [    0.014099] ACPI: SLIC 0x00000000651C23A8 000176 (v03 DELL   CBX3     =
01072009 MSFT 00010013)
> [    0.014101] ACPI: NHLT 0x00000000651C2520 00002D (v00 INTEL  EDK2     =
00000002      01000013)
> [    0.014104] ACPI: BGRT 0x00000000651C2550 000038 (v00                 =
01072009 AMI  00010013)
> [    0.014106] ACPI: TPM2 0x00000000651C2588 000034 (v03        Tpm2Tabl =
00000001 AMI  00000000)
> [    0.014109] ACPI: ASF! 0x00000000651C25C0 0000A0 (v32 INTEL   HCG     =
00000001 TFSM 000F4240)
> [    0.014111] ACPI: DMAR 0x00000000651C2660 0000F0 (v01 INTEL  KBL      =
00000001 INTL 00000001)
> [    0.014113] ACPI: Reserving FACP table memory at [mem 0x651b2a48-0x651=
b2b53]
> [    0.014115] ACPI: Reserving DSDT table memory at [mem 0x6518d260-0x651=
b2a46]
> [    0.014115] ACPI: Reserving FACS table memory at [mem 0x6f86f180-0x6f8=
6f1bf]
> [    0.014116] ACPI: Reserving APIC table memory at [mem 0x651b2b58-0x651=
b2bdb]
> [    0.014117] ACPI: Reserving FPDT table memory at [mem 0x651b2be0-0x651=
b2c23]
> [    0.014117] ACPI: Reserving FIDT table memory at [mem 0x651b2c28-0x651=
b2cd3]
> [    0.014118] ACPI: Reserving MCFG table memory at [mem 0x651b2cd8-0x651=
b2d13]
> [    0.014119] ACPI: Reserving HPET table memory at [mem 0x651b2d18-0x651=
b2d4f]
> [    0.014119] ACPI: Reserving SSDT table memory at [mem 0x651b2d50-0x651=
b30a8]
> [    0.014120] ACPI: Reserving BOOT table memory at [mem 0x651b30b0-0x651=
b30d7]
> [    0.014121] ACPI: Reserving SSDT table memory at [mem 0x651b30d8-0x651=
b43a6]
> [    0.014121] ACPI: Reserving HPET table memory at [mem 0x651b43a8-0x651=
b43df]
> [    0.014122] ACPI: Reserving SSDT table memory at [mem 0x651b43e0-0x651=
b5163]
> [    0.014122] ACPI: Reserving UEFI table memory at [mem 0x651b5168-0x651=
b51a9]
> [    0.014123] ACPI: Reserving SSDT table memory at [mem 0x651b51b0-0x651=
b608d]
> [    0.014124] ACPI: Reserving LPIT table memory at [mem 0x651b6090-0x651=
b6123]
> [    0.014124] ACPI: Reserving WSMT table memory at [mem 0x651b6128-0x651=
b614f]
> [    0.014125] ACPI: Reserving SSDT table memory at [mem 0x651b6150-0x651=
b62b0]
> [    0.014126] ACPI: Reserving SSDT table memory at [mem 0x651b62b8-0x651=
b6556]
> [    0.014126] ACPI: Reserving SSDT table memory at [mem 0x651b6558-0x651=
b9559]
> [    0.014127] ACPI: Reserving SSDT table memory at [mem 0x651b9560-0x651=
b963a]
> [    0.014127] ACPI: Reserving DBGP table memory at [mem 0x651b9640-0x651=
b9673]
> [    0.014128] ACPI: Reserving DBG2 table memory at [mem 0x651b9678-0x651=
b96cb]
> [    0.014129] ACPI: Reserving SSDT table memory at [mem 0x651b96d0-0x651=
b9eac]
> [    0.014129] ACPI: Reserving SSDT table memory at [mem 0x651b9eb0-0x651=
c23a0]
> [    0.014130] ACPI: Reserving SLIC table memory at [mem 0x651c23a8-0x651=
c251d]
> [    0.014131] ACPI: Reserving NHLT table memory at [mem 0x651c2520-0x651=
c254c]
> [    0.014131] ACPI: Reserving BGRT table memory at [mem 0x651c2550-0x651=
c2587]
> [    0.014132] ACPI: Reserving TPM2 table memory at [mem 0x651c2588-0x651=
c25bb]
> [    0.014133] ACPI: Reserving ASF! table memory at [mem 0x651c25c0-0x651=
c265f]
> [    0.014133] ACPI: Reserving DMAR table memory at [mem 0x651c2660-0x651=
c274f]
> [    0.014268] No NUMA configuration found
> [    0.014269] Faking a node at [mem 0x0000000000000000-0x00000004817ffff=
f]
> [    0.014276] NODE_DATA(0) allocated [mem 0x47f3d3000-0x47f3fdfff]
> [    0.014422] Zone ranges:
> [    0.014423]   DMA      [mem 0x0000000000001000-0x0000000000ffffff]
> [    0.014425]   DMA32    [mem 0x0000000001000000-0x00000000ffffffff]
> [    0.014426]   Normal   [mem 0x0000000100000000-0x00000004817fffff]
> [    0.014427]   Device   empty
> [    0.014428] Movable zone start for each node
> [    0.014430] Early memory node ranges
> [    0.014430]   node   0: [mem 0x0000000000001000-0x0000000000057fff]
> [    0.014432]   node   0: [mem 0x0000000000059000-0x000000000009dfff]
> [    0.014433]   node   0: [mem 0x0000000000100000-0x00000000556aafff]
> [    0.014433]   node   0: [mem 0x00000000556ad000-0x0000000064df3fff]
> [    0.014434]   node   0: [mem 0x000000006ffff000-0x000000006fffffff]
> [    0.014435]   node   0: [mem 0x0000000078000000-0x00000000785fffff]
> [    0.014436]   node   0: [mem 0x0000000100000000-0x00000004817fffff]
> [    0.014437] Initmem setup node 0 [mem 0x0000000000001000-0x00000004817=
fffff]
> [    0.014441] On node 0, zone DMA: 1 pages in unavailable ranges
> [    0.014443] On node 0, zone DMA: 1 pages in unavailable ranges
> [    0.014465] On node 0, zone DMA: 98 pages in unavailable ranges
> [    0.016807] On node 0, zone DMA32: 2 pages in unavailable ranges
> [    0.017385] On node 0, zone DMA32: 45579 pages in unavailable ranges
> [    0.018001] On node 0, zone Normal: 31232 pages in unavailable ranges
> [    0.018336] On node 0, zone Normal: 26624 pages in unavailable ranges
> [    0.018343] Reserving Intel graphics memory at [mem 0x7a800000-0x7c7ff=
fff]
> [    0.018538] ACPI: PM-Timer IO Port: 0x1808
> [    0.018543] ACPI: LAPIC_NMI (acpi_id[0x01] high edge lint[0x1])
> [    0.018544] ACPI: LAPIC_NMI (acpi_id[0x02] high edge lint[0x1])
> [    0.018545] ACPI: LAPIC_NMI (acpi_id[0x03] high edge lint[0x1])
> [    0.018546] ACPI: LAPIC_NMI (acpi_id[0x04] high edge lint[0x1])
> [    0.018572] IOAPIC[0]: apic_id 2, version 32, address 0xfec00000, GSI =
0-119
> [    0.018575] ACPI: INT_SRC_OVR (bus 0 bus_irq 0 global_irq 2 dfl dfl)
> [    0.018576] ACPI: INT_SRC_OVR (bus 0 bus_irq 9 global_irq 9 high level)
> [    0.018579] ACPI: Using ACPI (MADT) for SMP configuration information
> [    0.018580] ACPI: HPET id: 0x8086a701 base: 0xfed00000
> [    0.018585] e820: update [mem 0x62262000-0x623eefff] usable =3D=3D> re=
served
> [    0.018595] TSC deadline timer available
> [    0.018596] smpboot: Allowing 4 CPUs, 0 hotplug CPUs
> [    0.018609] PM: hibernation: Registered nosave memory: [mem 0x00000000=
-0x00000fff]
> [    0.018611] PM: hibernation: Registered nosave memory: [mem 0x00058000=
-0x00058fff]
> [    0.018612] PM: hibernation: Registered nosave memory: [mem 0x0009e000=
-0x000fffff]
> [    0.018614] PM: hibernation: Registered nosave memory: [mem 0x52e59000=
-0x52e59fff]
> [    0.018615] PM: hibernation: Registered nosave memory: [mem 0x52e69000=
-0x52e69fff]
> [    0.018616] PM: hibernation: Registered nosave memory: [mem 0x556ab000=
-0x556abfff]
> [    0.018617] PM: hibernation: Registered nosave memory: [mem 0x556ac000=
-0x556acfff]
> [    0.018618] PM: hibernation: Registered nosave memory: [mem 0x62262000=
-0x623eefff]
> [    0.018619] PM: hibernation: Registered nosave memory: [mem 0x64df4000=
-0x6517ffff]
> [    0.018620] PM: hibernation: Registered nosave memory: [mem 0x65180000=
-0x651c3fff]
> [    0.018620] PM: hibernation: Registered nosave memory: [mem 0x651c4000=
-0x6f871fff]
> [    0.018621] PM: hibernation: Registered nosave memory: [mem 0x6f872000=
-0x6fffefff]
> [    0.018622] PM: hibernation: Registered nosave memory: [mem 0x70000000=
-0x77ffffff]
> [    0.018623] PM: hibernation: Registered nosave memory: [mem 0x78600000=
-0x7c7fffff]
> [    0.018624] PM: hibernation: Registered nosave memory: [mem 0x7c800000=
-0xfdffffff]
> [    0.018625] PM: hibernation: Registered nosave memory: [mem 0xfe000000=
-0xfe010fff]
> [    0.018625] PM: hibernation: Registered nosave memory: [mem 0xfe011000=
-0xfebfffff]
> [    0.018626] PM: hibernation: Registered nosave memory: [mem 0xfec00000=
-0xfec00fff]
> [    0.018626] PM: hibernation: Registered nosave memory: [mem 0xfec01000=
-0xfedfffff]
> [    0.018627] PM: hibernation: Registered nosave memory: [mem 0xfee00000=
-0xfee00fff]
> [    0.018627] PM: hibernation: Registered nosave memory: [mem 0xfee01000=
-0xffffffff]
> [    0.018628] [mem 0x7c800000-0xfdffffff] available for PCI devices
> [    0.018630] Booting paravirtualized kernel on bare hardware
> [    0.018631] clocksource: refined-jiffies: mask: 0xffffffff max_cycles:=
 0xffffffff, max_idle_ns: 7645519600211568 ns
> [    0.023053] setup_percpu: NR_CPUS:8192 nr_cpumask_bits:4 nr_cpu_ids:4 =
nr_node_ids:1
> [    0.023342] percpu: Embedded 63 pages/cpu s221184 r8192 d28672 u524288
> [    0.023347] pcpu-alloc: s221184 r8192 d28672 u524288 alloc=3D1*2097152
> [    0.023349] pcpu-alloc: [0] 0 1 2 3=20
> [    0.023365] Kernel command line: BOOT_IMAGE=3D/vmlinuz-6.6.15-amd64 ro=
ot=3DUUID=3D32e29882-d94d-4a92-9ee4-4d03002bfa29 ro quiet pci=3Dnoaer mem_s=
leep_default=3Ddeep log_buf_len=3D8M cryptomgr.notests i8042.dumbkbd=3D1
> [    0.023436] Unknown kernel command line parameters "BOOT_IMAGE=3D/vmli=
nuz-6.6.15-amd64", will be passed to user space.
> [    0.023469] random: crng init done
> [    0.024929] Dentry cache hash table entries: 2097152 (order: 12, 16777=
216 bytes, linear)
> [    0.025690] Inode-cache hash table entries: 1048576 (order: 11, 838860=
8 bytes, linear)
> [    0.025740] Fallback order for Node 0: 0=20
> [    0.025743] Built 1 zonelists, mobility grouping on.  Total pages: 402=
6691
> [    0.025744] Policy zone: Normal
> [    0.025748] mem auto-init: stack:all(zero), heap alloc:on, heap free:o=
ff
> [    0.025754] software IO TLB: area num 4.
> [    0.044467] Memory: 1573576K/16363068K available (16384K kernel code, =
2363K rwdata, 10548K rodata, 3964K init, 3620K bss, 541288K reserved, 0K cm=
a-reserved)
> [    0.044648] SLUB: HWalign=3D64, Order=3D0-3, MinObjects=3D0, CPUs=3D4,=
 Nodes=3D1
> [    0.044658] Kernel/User page tables isolation: enabled
> [    0.044690] ftrace: allocating 43122 entries in 169 pages
> [    0.051779] ftrace: allocated 169 pages with 4 groups
> [    0.052367] Dynamic Preempt: voluntary
> [    0.052404] rcu: Preemptible hierarchical RCU implementation.
> [    0.052404] rcu: 	RCU restricting CPUs from NR_CPUS=3D8192 to nr_cpu_i=
ds=3D4.
> [    0.052405] 	Trampoline variant of Tasks RCU enabled.
> [    0.052406] 	Rude variant of Tasks RCU enabled.
> [    0.052406] 	Tracing variant of Tasks RCU enabled.
> [    0.052406] rcu: RCU calculated value of scheduler-enlistment delay is=
 25 jiffies.
> [    0.052407] rcu: Adjusting geometry for rcu_fanout_leaf=3D16, nr_cpu_i=
ds=3D4
> [    0.054785] NR_IRQS: 524544, nr_irqs: 1024, preallocated irqs: 16
> [    0.054986] rcu: srcu_init: Setting srcu_struct sizes based on content=
ion.
> [    0.055159] spurious 8259A interrupt: IRQ7.
> [    0.055183] Console: colour dummy device 80x25
> [    0.055185] printk: console [tty0] enabled
> [    0.055218] ACPI: Core revision 20230628
> [    0.055363] hpet: HPET dysfunctional in PC10. Force disabled.
> [    0.055364] APIC: Switch to symmetric I/O mode setup
> [    0.055366] DMAR: Host address width 39
> [    0.055367] DMAR: DRHD base: 0x000000fed90000 flags: 0x0
> [    0.055372] DMAR: dmar0: reg_base_addr fed90000 ver 1:0 cap 1c0000c406=
60462 ecap 19e2ff0505e
> [    0.055374] DMAR: DRHD base: 0x000000fed91000 flags: 0x1
> [    0.055378] DMAR: dmar1: reg_base_addr fed91000 ver 1:0 cap d2008c4066=
0462 ecap f050da
> [    0.055379] DMAR: RMRR base: 0x00000064ec2000 end: 0x00000064ee1fff
> [    0.055381] DMAR: RMRR base: 0x0000007a000000 end: 0x0000007c7fffff
> [    0.055382] DMAR: ANDD device: 1 name: \_SB.PCI0.I2C0
> [    0.055382] DMAR: ANDD device: 2 name: \_SB.PCI0.I2C1
> [    0.055384] DMAR-IR: IOAPIC id 2 under DRHD base  0xfed91000 IOMMU 1
> [    0.055385] DMAR-IR: HPET id 0 under DRHD base 0xfed91000
> [    0.055386] DMAR-IR: Queued invalidation will be enabled to support x2=
apic and Intr-remapping.
> [    0.057011] DMAR-IR: Enabled IRQ remapping in x2apic mode
> [    0.057012] x2apic enabled
> [    0.057072] APIC: Switched APIC routing to: cluster x2apic
> [    0.061132] clocksource: tsc-early: mask: 0xffffffffffffffff max_cycle=
s: 0x29ccd767b87, max_idle_ns: 440795223720 ns
> [    0.061138] Calibrating delay loop (skipped), value calculated using t=
imer frequency.. 5799.77 BogoMIPS (lpj=3D11599544)
> [    0.061167] CPU0: Thermal monitoring enabled (TM1)
> [    0.061208] process: using mwait in idle threads
> [    0.061211] Last level iTLB entries: 4KB 64, 2MB 8, 4MB 8
> [    0.061212] Last level dTLB entries: 4KB 64, 2MB 0, 4MB 0, 1GB 4
> [    0.061216] Spectre V1 : Mitigation: usercopy/swapgs barriers and __us=
er pointer sanitization
> [    0.061218] Spectre V2 : Mitigation: IBRS
> [    0.061219] Spectre V2 : Spectre v2 / SpectreRSB mitigation: Filling R=
SB on context switch
> [    0.061220] Spectre V2 : Spectre v2 / SpectreRSB : Filling RSB on VMEX=
IT
> [    0.061220] RETBleed: Mitigation: IBRS
> [    0.061222] Spectre V2 : mitigation: Enabling conditional Indirect Bra=
nch Prediction Barrier
> [    0.061223] Spectre V2 : User space: Mitigation: STIBP via prctl
> [    0.061224] Speculative Store Bypass: Mitigation: Speculative Store By=
pass disabled via prctl
> [    0.061231] MDS: Mitigation: Clear CPU buffers
> [    0.061232] MMIO Stale Data: Mitigation: Clear CPU buffers
> [    0.061235] SRBDS: Mitigation: Microcode
> [    0.061241] GDS: Mitigation: Microcode
> [    0.061246] x86/fpu: Supporting XSAVE feature 0x001: 'x87 floating poi=
nt registers'
> [    0.061248] x86/fpu: Supporting XSAVE feature 0x002: 'SSE registers'
> [    0.061249] x86/fpu: Supporting XSAVE feature 0x004: 'AVX registers'
> [    0.061250] x86/fpu: Supporting XSAVE feature 0x008: 'MPX bounds regis=
ters'
> [    0.061251] x86/fpu: Supporting XSAVE feature 0x010: 'MPX CSR'
> [    0.061252] x86/fpu: xstate_offset[2]:  576, xstate_sizes[2]:  256
> [    0.061254] x86/fpu: xstate_offset[3]:  832, xstate_sizes[3]:   64
> [    0.061255] x86/fpu: xstate_offset[4]:  896, xstate_sizes[4]:   64
> [    0.061256] x86/fpu: Enabled xstate features 0x1f, context size is 960=
 bytes, using 'compacted' format.
> [    0.065135] Freeing SMP alternatives memory: 36K
> [    0.065135] pid_max: default: 32768 minimum: 301
> [    0.065135] LSM: initializing lsm=3Dlockdown,capability,landlock,yama,=
apparmor,tomoyo,bpf,integrity
> [    0.065135] landlock: Up and running.
> [    0.065135] Yama: disabled by default; enable with sysctl kernel.yama.*
> [    0.065135] AppArmor: AppArmor initialized
> [    0.065135] TOMOYO Linux initialized
> [    0.065135] LSM support for eBPF active
> [    0.065135] Mount-cache hash table entries: 32768 (order: 6, 262144 by=
tes, linear)
> [    0.065135] Mountpoint-cache hash table entries: 32768 (order: 6, 2621=
44 bytes, linear)
> [    0.065135] smpboot: CPU0: Intel(R) Core(TM) i7-7500U CPU @ 2.70GHz (f=
amily: 0x6, model: 0x8e, stepping: 0x9)
> [    0.065135] RCU Tasks: Setting shift to 2 and lim to 1 rcu_task_cb_adj=
ust=3D1.
> [    0.065135] RCU Tasks Rude: Setting shift to 2 and lim to 1 rcu_task_c=
b_adjust=3D1.
> [    0.065135] RCU Tasks Trace: Setting shift to 2 and lim to 1 rcu_task_=
cb_adjust=3D1.
> [    0.065135] Performance Events: PEBS fmt3+, Skylake events, 32-deep LB=
R, full-width counters, Intel PMU driver.
> [    0.065135] ... version:                4
> [    0.065135] ... bit width:              48
> [    0.065135] ... generic registers:      4
> [    0.065135] ... value mask:             0000ffffffffffff
> [    0.065135] ... max period:             00007fffffffffff
> [    0.065135] ... fixed-purpose events:   3
> [    0.065135] ... event mask:             000000070000000f
> [    0.065135] signal: max sigframe size: 2032
> [    0.065135] Estimated ratio of average max frequency by base frequency=
 (times 1024): 1235
> [    0.065135] rcu: Hierarchical SRCU implementation.
> [    0.065135] rcu: 	Max phase no-delay instances is 1000.
> [    0.065135] NMI watchdog: Enabled. Permanently consumes one hw-PMU cou=
nter.
> [    0.065135] smp: Bringing up secondary CPUs ...
> [    0.065135] smpboot: x86: Booting SMP configuration:
> [    0.065135] .... node  #0, CPUs:      #1 #2 #3
> [    0.069225] MDS CPU bug present and SMT on, data leak possible. See ht=
tps://www.kernel.org/doc/html/latest/admin-guide/hw-vuln/mds.html for more =
details.
> [    0.069225] MMIO Stale Data CPU bug present and SMT on, data leak poss=
ible. See https://www.kernel.org/doc/html/latest/admin-guide/hw-vuln/proces=
sor_mmio_stale_data.html for more details.
> [    0.069225] smp: Brought up 1 node, 4 CPUs
> [    0.069225] smpboot: Max logical packages: 1
> [    0.069225] smpboot: Total of 4 processors activated (23199.08 BogoMIP=
S)
> [    0.091891] node 0 deferred pages initialised in 20ms
> [    0.091965] devtmpfs: initialized
> [    0.091965] x86/mm: Memory block size: 128MB
> [    0.093889] ACPI: PM: Registering ACPI NVS region [mem 0x556ab000-0x55=
6abfff] (4096 bytes)
> [    0.093889] ACPI: PM: Registering ACPI NVS region [mem 0x651c4000-0x6f=
871fff] (174776320 bytes)
> [    0.094253] clocksource: jiffies: mask: 0xffffffff max_cycles: 0xfffff=
fff, max_idle_ns: 7645041785100000 ns
> [    0.094259] futex hash table entries: 1024 (order: 4, 65536 bytes, lin=
ear)
> [    0.094315] pinctrl core: initialized pinctrl subsystem
> [    0.094785] NET: Registered PF_NETLINK/PF_ROUTE protocol family
> [    0.095014] DMA: preallocated 2048 KiB GFP_KERNEL pool for atomic allo=
cations
> [    0.095135] DMA: preallocated 2048 KiB GFP_KERNEL|GFP_DMA pool for ato=
mic allocations
> [    0.095255] DMA: preallocated 2048 KiB GFP_KERNEL|GFP_DMA32 pool for a=
tomic allocations
> [    0.095279] audit: initializing netlink subsys (disabled)
> [    0.097166] audit: type=3D2000 audit(1707929281.036:1): state=3Dinitia=
lized audit_enabled=3D0 res=3D1
> [    0.097253] thermal_sys: Registered thermal governor 'fair_share'
> [    0.097255] thermal_sys: Registered thermal governor 'bang_bang'
> [    0.097255] thermal_sys: Registered thermal governor 'step_wise'
> [    0.097256] thermal_sys: Registered thermal governor 'user_space'
> [    0.097257] thermal_sys: Registered thermal governor 'power_allocator'
> [    0.097270] cpuidle: using governor ladder
> [    0.097270] cpuidle: using governor menu
> [    0.097270] Simple Boot Flag at 0x47 set to 0x80
> [    0.097270] ACPI FADT declares the system doesn't support PCIe ASPM, s=
o disable it
> [    0.097270] acpiphp: ACPI Hot Plug PCI Controller Driver version: 0.5
> [    0.097270] PCI: MMCONFIG for domain 0000 [bus 00-ff] at [mem 0xe00000=
00-0xefffffff] (base 0xe0000000)
> [    0.097270] PCI: not using MMCONFIG
> [    0.097270] PCI: Using configuration type 1 for base access
> [    0.097435] ENERGY_PERF_BIAS: Set to 'normal', was 'performance'
> [    0.097441] kprobes: kprobe jump-optimization is enabled. All kprobes =
are optimized if possible.
> [    0.097441] HugeTLB: registered 1.00 GiB page size, pre-allocated 0 pa=
ges
> [    0.097441] HugeTLB: 16380 KiB vmemmap can be freed for a 1.00 GiB page
> [    0.097441] HugeTLB: registered 2.00 MiB page size, pre-allocated 0 pa=
ges
> [    0.097441] HugeTLB: 28 KiB vmemmap can be freed for a 2.00 MiB page
> [    0.097441] ACPI: Added _OSI(Module Device)
> [    0.097441] ACPI: Added _OSI(Processor Device)
> [    0.097441] ACPI: Added _OSI(3.0 _SCP Extensions)
> [    0.097441] ACPI: Added _OSI(Processor Aggregator Device)
> [    0.128195] ACPI: 11 ACPI AML tables successfully acquired and loaded
> [    0.132721] ACPI: [Firmware Bug]: BIOS _OSI(Linux) query ignored
> [    0.137874] ACPI: Dynamic OEM Table Load:
> [    0.137881] ACPI: SSDT 0xFFFF88846F0D4800 0003FF (v02 PmRef  Cpu0Cst  =
00003001 INTL 20160422)
> [    0.141170] ACPI: Dynamic OEM Table Load:
> [    0.141175] ACPI: SSDT 0xFFFF888100CB9800 0006F6 (v02 PmRef  Cpu0Ist  =
00003000 INTL 20160422)
> [    0.142743] ACPI: Dynamic OEM Table Load:
> [    0.142748] ACPI: SSDT 0xFFFF888100CBF800 00065C (v02 PmRef  ApIst    =
00003000 INTL 20160422)
> [    0.143909] ACPI: Dynamic OEM Table Load:
> [    0.143913] ACPI: SSDT 0xFFFF888100CF8000 00018A (v02 PmRef  ApCst    =
00003000 INTL 20160422)
> [    0.146318] ACPI: _OSC evaluated successfully for all CPUs
> [    0.146446] ACPI: EC: EC started
> [    0.146447] ACPI: EC: interrupt blocked
> [    0.150607] ACPI: EC: EC_CMD/EC_SC=3D0x934, EC_DATA=3D0x930
> [    0.150609] ACPI: \_SB_.PCI0.LPCB.ECDV: Boot DSDT EC used to handle tr=
ansactions
> [    0.150611] ACPI: Interpreter enabled
> [    0.150646] ACPI: PM: (supports S0 S3 S4 S5)
> [    0.150647] ACPI: Using IOAPIC for interrupt routing
> [    0.150678] PCI: MMCONFIG for domain 0000 [bus 00-ff] at [mem 0xe00000=
00-0xefffffff] (base 0xe0000000)
> [    0.151369] PCI: MMCONFIG at [mem 0xe0000000-0xefffffff] reserved as A=
CPI motherboard resource
> [    0.151378] PCI: Using host bridge windows from ACPI; if necessary, us=
e "pci=3Dnocrs" and report a bug
> [    0.151380] PCI: Using E820 reservations for host bridge windows
> [    0.151862] ACPI: Enabled 8 GPEs in block 00 to 7F
> [    0.155739] ACPI: \_SB_.PCI0.RP09.PXSX.WRST: New power resource
> [    0.155997] ACPI: \_SB_.PCI0.RP10.PXSX.WRST: New power resource
> [    0.156249] ACPI: \_SB_.PCI0.RP11.PXSX.WRST: New power resource
> [    0.157320] ACPI: \_SB_.PCI0.RP12.PXSX.WRST: New power resource
> [    0.157571] ACPI: \_SB_.PCI0.RP13.PXSX.WRST: New power resource
> [    0.157823] ACPI: \_SB_.PCI0.RP01.PXSX.WRST: New power resource
> [    0.158421] ACPI: \_SB_.PCI0.RP02.PXSX.WRST: New power resource
> [    0.158672] ACPI: \_SB_.PCI0.RP03.PXSX.WRST: New power resource
> [    0.158923] ACPI: \_SB_.PCI0.RP04.PXSX.WRST: New power resource
> [    0.159172] ACPI: \_SB_.PCI0.RP05.PXSX.WRST: New power resource
> [    0.159421] ACPI: \_SB_.PCI0.RP06.PXSX.WRST: New power resource
> [    0.159672] ACPI: \_SB_.PCI0.RP07.PXSX.WRST: New power resource
> [    0.159925] ACPI: \_SB_.PCI0.RP08.PXSX.WRST: New power resource
> [    0.160178] ACPI: \_SB_.PCI0.RP17.PXSX.WRST: New power resource
> [    0.160427] ACPI: \_SB_.PCI0.RP18.PXSX.WRST: New power resource
> [    0.160676] ACPI: \_SB_.PCI0.RP19.PXSX.WRST: New power resource
> [    0.160926] ACPI: \_SB_.PCI0.RP20.PXSX.WRST: New power resource
> [    0.161970] ACPI: \_SB_.PCI0.RP14.PXSX.WRST: New power resource
> [    0.162219] ACPI: \_SB_.PCI0.RP15.PXSX.WRST: New power resource
> [    0.162471] ACPI: \_SB_.PCI0.RP16.PXSX.WRST: New power resource
> [    0.177710] ACPI: PCI Root Bridge [PCI0] (domain 0000 [bus 00-fe])
> [    0.177716] acpi PNP0A08:00: _OSC: OS supports [ExtendedConfig ASPM Cl=
ockPM Segments MSI HPX-Type3]
> [    0.177863] acpi PNP0A08:00: _OSC: platform does not support [PCIeHotp=
lug SHPCHotplug PME]
> [    0.178135] acpi PNP0A08:00: _OSC: OS now controls [PCIeCapability LTR]
> [    0.178137] acpi PNP0A08:00: FADT indicates ASPM is unsupported, using=
 BIOS configuration
> [    0.178931] PCI host bridge to bus 0000:00
> [    0.178932] pci_bus 0000:00: root bus resource [io  0x0000-0x0cf7 wind=
ow]
> [    0.178934] pci_bus 0000:00: root bus resource [io  0x0d00-0xffff wind=
ow]
> [    0.178936] pci_bus 0000:00: root bus resource [mem 0x000a0000-0x000df=
fff window]
> [    0.178938] pci_bus 0000:00: root bus resource [mem 0x7c800000-0xdffff=
fff window]
> [    0.178939] pci_bus 0000:00: root bus resource [mem 0xfd000000-0xfe7ff=
fff window]
> [    0.178940] pci_bus 0000:00: root bus resource [bus 00-fe]
> [    0.178957] pci 0000:00:00.0: [8086:5904] type 00 class 0x060000
> [    0.179029] pci 0000:00:02.0: [8086:5916] type 00 class 0x030000
> [    0.179036] pci 0000:00:02.0: reg 0x10: [mem 0xdb000000-0xdbffffff 64b=
it]
> [    0.179041] pci 0000:00:02.0: reg 0x18: [mem 0x90000000-0x9fffffff 64b=
it pref]
> [    0.179045] pci 0000:00:02.0: reg 0x20: [io  0xf000-0xf03f]
> [    0.179057] pci 0000:00:02.0: BAR 2: assigned to efifb
> [    0.179059] pci 0000:00:02.0: Video device with shadowed ROM at [mem 0=
x000c0000-0x000dffff]
> [    0.179193] pci 0000:00:04.0: [8086:1903] type 00 class 0x118000
> [    0.179201] pci 0000:00:04.0: reg 0x10: [mem 0xdc320000-0xdc327fff 64b=
it]
> [    0.179441] pci 0000:00:14.0: [8086:9d2f] type 00 class 0x0c0330
> [    0.179455] pci 0000:00:14.0: reg 0x10: [mem 0xdc310000-0xdc31ffff 64b=
it]
> [    0.179512] pci 0000:00:14.0: PME# supported from D3hot D3cold
> [    0.179947] pci 0000:00:14.2: [8086:9d31] type 00 class 0x118000
> [    0.179962] pci 0000:00:14.2: reg 0x10: [mem 0xdc334000-0xdc334fff 64b=
it]
> [    0.180104] pci 0000:00:15.0: [8086:9d60] type 00 class 0x118000
> [    0.180145] pci 0000:00:15.0: reg 0x10: [mem 0xdc333000-0xdc333fff 64b=
it]
> [    0.180467] pci 0000:00:15.1: [8086:9d61] type 00 class 0x118000
> [    0.180509] pci 0000:00:15.1: reg 0x10: [mem 0xdc332000-0xdc332fff 64b=
it]
> [    0.180818] pci 0000:00:16.0: [8086:9d3a] type 00 class 0x078000
> [    0.180830] pci 0000:00:16.0: reg 0x10: [mem 0xdc331000-0xdc331fff 64b=
it]
> [    0.180874] pci 0000:00:16.0: PME# supported from D3hot
> [    0.181167] pci 0000:00:1c.0: [8086:9d10] type 01 class 0x060400
> [    0.181231] pci 0000:00:1c.0: PME# supported from D0 D3hot D3cold
> [    0.181246] pci 0000:00:1c.0: Intel SPT PCH root port ACS workaround e=
nabled
> [    0.181614] pci 0000:00:1c.4: [8086:9d14] type 01 class 0x060400
> [    0.181685] pci 0000:00:1c.4: PME# supported from D0 D3hot D3cold
> [    0.181704] pci 0000:00:1c.4: Intel SPT PCH root port ACS workaround e=
nabled
> [    0.182066] pci 0000:00:1d.0: [8086:9d18] type 01 class 0x060400
> [    0.182127] pci 0000:00:1d.0: PME# supported from D0 D3hot D3cold
> [    0.182143] pci 0000:00:1d.0: Intel SPT PCH root port ACS workaround e=
nabled
> [    0.182519] pci 0000:00:1f.0: [8086:9d58] type 00 class 0x060100
> [    0.182796] pci 0000:00:1f.2: [8086:9d21] type 00 class 0x058000
> [    0.182808] pci 0000:00:1f.2: reg 0x10: [mem 0xdc32c000-0xdc32ffff]
> [    0.183011] pci 0000:00:1f.3: [8086:9d71] type 00 class 0x040380
> [    0.183028] pci 0000:00:1f.3: reg 0x10: [mem 0xdc328000-0xdc32bfff 64b=
it]
> [    0.183051] pci 0000:00:1f.3: reg 0x20: [mem 0xdc300000-0xdc30ffff 64b=
it]
> [    0.183092] pci 0000:00:1f.3: PME# supported from D3hot D3cold
> [    0.183612] pci 0000:00:1f.4: [8086:9d23] type 00 class 0x0c0500
> [    0.183670] pci 0000:00:1f.4: reg 0x10: [mem 0xdc330000-0xdc3300ff 64b=
it]
> [    0.183741] pci 0000:00:1f.4: reg 0x20: [io  0xf040-0xf05f]
> [    0.184027] pci 0000:00:1c.0: PCI bridge to [bus 01-39]
> [    0.184031] pci 0000:00:1c.0:   bridge window [mem 0xc4000000-0xda0fff=
ff]
> [    0.184035] pci 0000:00:1c.0:   bridge window [mem 0xa0000000-0xc1ffff=
ff 64bit pref]
> [    0.184354] pci 0000:3a:00.0: [168c:003e] type 00 class 0x028000
> [    0.184569] pci 0000:3a:00.0: reg 0x10: [mem 0xdc000000-0xdc1fffff 64b=
it]
> [    0.185680] pci 0000:3a:00.0: PME# supported from D0 D3hot D3cold
> [    0.187282] pci 0000:00:1c.4: PCI bridge to [bus 3a]
> [    0.187287] pci 0000:00:1c.4:   bridge window [mem 0xdc000000-0xdc1fff=
ff]
> [    0.187371] pci 0000:3b:00.0: [1c5c:1284] type 00 class 0x010802
> [    0.187390] pci 0000:3b:00.0: reg 0x10: [mem 0xdc200000-0xdc203fff 64b=
it]
> [    0.187496] pci 0000:3b:00.0: PME# supported from D0 D1 D3hot
> [    0.187807] pci 0000:00:1d.0: PCI bridge to [bus 3b]
> [    0.187811] pci 0000:00:1d.0:   bridge window [mem 0xdc200000-0xdc2fff=
ff]
> [    0.189709] ACPI: PCI: Interrupt link LNKA configured for IRQ 11
> [    0.189751] ACPI: PCI: Interrupt link LNKB configured for IRQ 10
> [    0.189790] ACPI: PCI: Interrupt link LNKC configured for IRQ 11
> [    0.189830] ACPI: PCI: Interrupt link LNKD configured for IRQ 11
> [    0.189868] ACPI: PCI: Interrupt link LNKE configured for IRQ 11
> [    0.189907] ACPI: PCI: Interrupt link LNKF configured for IRQ 11
> [    0.189947] ACPI: PCI: Interrupt link LNKG configured for IRQ 11
> [    0.189986] ACPI: PCI: Interrupt link LNKH configured for IRQ 11
> [    0.196747] ACPI: EC: interrupt unblocked
> [    0.196748] ACPI: EC: event unblocked
> [    0.196754] ACPI: EC: EC_CMD/EC_SC=3D0x934, EC_DATA=3D0x930
> [    0.196756] ACPI: EC: GPE=3D0x14
> [    0.196757] ACPI: \_SB_.PCI0.LPCB.ECDV: Boot DSDT EC initialization co=
mplete
> [    0.196759] ACPI: \_SB_.PCI0.LPCB.ECDV: EC: Used to handle transaction=
s and events
> [    0.197163] iommu: Default domain type: Translated
> [    0.197301] iommu: DMA domain TLB invalidation policy: lazy mode
> [    0.197395] pps_core: LinuxPPS API ver. 1 registered
> [    0.197396] pps_core: Software ver. 5.3.6 - Copyright 2005-2007 Rodolf=
o Giometti <giometti@linux.it>
> [    0.197399] PTP clock support registered
> [    0.197405] EDAC MC: Ver: 3.0.0
> [    0.201201] efivars: Registered efivars operations
> [    0.201700] NetLabel: Initializing
> [    0.201702] NetLabel:  domain hash size =3D 128
> [    0.201703] NetLabel:  protocols =3D UNLABELED CIPSOv4 CALIPSO
> [    0.201725] NetLabel:  unlabeled traffic allowed by default
> [    0.201726] PCI: Using ACPI for IRQ routing
> [    0.224686] PCI: pci_cache_line_size set to 64 bytes
> [    0.225063] e820: reserve RAM buffer [mem 0x00058000-0x0005ffff]
> [    0.225065] e820: reserve RAM buffer [mem 0x0009e000-0x0009ffff]
> [    0.225066] e820: reserve RAM buffer [mem 0x52e59018-0x53ffffff]
> [    0.225067] e820: reserve RAM buffer [mem 0x556ab000-0x57ffffff]
> [    0.225068] e820: reserve RAM buffer [mem 0x62262000-0x63ffffff]
> [    0.225069] e820: reserve RAM buffer [mem 0x64df4000-0x67ffffff]
> [    0.225070] e820: reserve RAM buffer [mem 0x78600000-0x7bffffff]
> [    0.225071] e820: reserve RAM buffer [mem 0x481800000-0x483ffffff]
> [    0.225143] pci 0000:00:02.0: vgaarb: setting as boot VGA device
> [    0.225144] pci 0000:00:02.0: vgaarb: bridge control possible
> [    0.225146] pci 0000:00:02.0: vgaarb: VGA device added: decodes=3Dio+m=
em,owns=3Dio+mem,locks=3Dnone
> [    0.225150] vgaarb: loaded
> [    0.226305] clocksource: Switched to clocksource tsc-early
> [    0.226413] VFS: Disk quotas dquot_6.6.0
> [    0.226423] VFS: Dquot-cache hash table entries: 512 (order 0, 4096 by=
tes)
> [    0.226537] AppArmor: AppArmor Filesystem Enabled
> [    0.226549] pnp: PnP ACPI init
> [    0.226757] system 00:00: [io  0x0680-0x069f] has been reserved
> [    0.226760] system 00:00: [io  0xffff] has been reserved
> [    0.226762] system 00:00: [io  0xffff] has been reserved
> [    0.226763] system 00:00: [io  0xffff] has been reserved
> [    0.226765] system 00:00: [io  0x1800-0x18fe] has been reserved
> [    0.226766] system 00:00: [io  0x164e-0x164f] has been reserved
> [    0.226882] system 00:02: [io  0x1854-0x1857] has been reserved
> [    0.227204] system 00:05: [mem 0xfed10000-0xfed17fff] has been reserved
> [    0.227207] system 00:05: [mem 0xfed18000-0xfed18fff] has been reserved
> [    0.227208] system 00:05: [mem 0xfed19000-0xfed19fff] has been reserved
> [    0.227210] system 00:05: [mem 0xe0000000-0xefffffff] has been reserved
> [    0.227212] system 00:05: [mem 0xfed20000-0xfed3ffff] has been reserved
> [    0.227213] system 00:05: [mem 0xfed90000-0xfed93fff] could not be res=
erved
> [    0.227215] system 00:05: [mem 0xfed45000-0xfed8ffff] has been reserved
> [    0.227216] system 00:05: [mem 0xff000000-0xffffffff] has been reserved
> [    0.227218] system 00:05: [mem 0xfee00000-0xfeefffff] could not be res=
erved
> [    0.227220] system 00:05: [mem 0xdffe0000-0xdfffffff] has been reserved
> [    0.227256] system 00:06: [mem 0xfd000000-0xfdabffff] has been reserved
> [    0.227258] system 00:06: [mem 0xfdad0000-0xfdadffff] has been reserved
> [    0.227259] system 00:06: [mem 0xfdb00000-0xfdffffff] has been reserved
> [    0.227261] system 00:06: [mem 0xfe000000-0xfe01ffff] could not be res=
erved
> [    0.227262] system 00:06: [mem 0xfe036000-0xfe03bfff] has been reserved
> [    0.227264] system 00:06: [mem 0xfe03d000-0xfe3fffff] has been reserved
> [    0.227265] system 00:06: [mem 0xfe410000-0xfe7fffff] has been reserved
> [    0.227508] system 00:07: [io  0xff00-0xfffe] has been reserved
> [    0.228392] system 00:08: [mem 0xfe029000-0xfe029fff] has been reserved
> [    0.228395] system 00:08: [mem 0xfe028000-0xfe028fff] has been reserved
> [    0.230596] pnp: PnP ACPI: found 9 devices
> [    0.236296] clocksource: acpi_pm: mask: 0xffffff max_cycles: 0xffffff,=
 max_idle_ns: 2085701024 ns
> [    0.236340] pci 0000:00:1f.1: [8086:9d20] type 00 class 0x058000
> [    0.236399] pci 0000:00:1f.1: reg 0x10: [mem 0xfd000000-0xfdffffff 64b=
it]
> [    0.236678] NET: Registered PF_INET protocol family
> [    0.236798] IP idents hash table entries: 262144 (order: 9, 2097152 by=
tes, linear)
> [    0.239080] tcp_listen_portaddr_hash hash table entries: 8192 (order: =
5, 131072 bytes, linear)
> [    0.239106] Table-perturb hash table entries: 65536 (order: 6, 262144 =
bytes, linear)
> [    0.239167] TCP established hash table entries: 131072 (order: 8, 1048=
576 bytes, linear)
> [    0.239350] TCP bind hash table entries: 65536 (order: 9, 2097152 byte=
s, linear)
> [    0.239540] TCP: Hash tables configured (established 131072 bind 65536)
> [    0.239607] MPTCP token hash table entries: 16384 (order: 6, 393216 by=
tes, linear)
> [    0.239657] UDP hash table entries: 8192 (order: 6, 262144 bytes, line=
ar)
> [    0.239689] UDP-Lite hash table entries: 8192 (order: 6, 262144 bytes,=
 linear)
> [    0.239741] NET: Registered PF_UNIX/PF_LOCAL protocol family
> [    0.239747] NET: Registered PF_XDP protocol family
> [    0.239754] pci 0000:00:1c.0: bridge window [io  0x1000-0x0fff] to [bu=
s 01-39] add_size 1000
> [    0.239763] pci 0000:00:1c.0: BAR 13: assigned [io  0x2000-0x2fff]
> [    0.239766] pci 0000:00:1c.0: PCI bridge to [bus 01-39]
> [    0.239769] pci 0000:00:1c.0:   bridge window [io  0x2000-0x2fff]
> [    0.239772] pci 0000:00:1c.0:   bridge window [mem 0xc4000000-0xda0fff=
ff]
> [    0.239775] pci 0000:00:1c.0:   bridge window [mem 0xa0000000-0xc1ffff=
ff 64bit pref]
> [    0.239779] pci 0000:00:1c.4: PCI bridge to [bus 3a]
> [    0.239782] pci 0000:00:1c.4:   bridge window [mem 0xdc000000-0xdc1fff=
ff]
> [    0.239788] pci 0000:00:1d.0: PCI bridge to [bus 3b]
> [    0.239791] pci 0000:00:1d.0:   bridge window [mem 0xdc200000-0xdc2fff=
ff]
> [    0.239796] pci_bus 0000:00: resource 4 [io  0x0000-0x0cf7 window]
> [    0.239798] pci_bus 0000:00: resource 5 [io  0x0d00-0xffff window]
> [    0.239799] pci_bus 0000:00: resource 6 [mem 0x000a0000-0x000dffff win=
dow]
> [    0.239800] pci_bus 0000:00: resource 7 [mem 0x7c800000-0xdfffffff win=
dow]
> [    0.239801] pci_bus 0000:00: resource 8 [mem 0xfd000000-0xfe7fffff win=
dow]
> [    0.239803] pci_bus 0000:01: resource 0 [io  0x2000-0x2fff]
> [    0.239804] pci_bus 0000:01: resource 1 [mem 0xc4000000-0xda0fffff]
> [    0.239805] pci_bus 0000:01: resource 2 [mem 0xa0000000-0xc1ffffff 64b=
it pref]
> [    0.239808] pci_bus 0000:3a: resource 1 [mem 0xdc000000-0xdc1fffff]
> [    0.239812] pci_bus 0000:3b: resource 1 [mem 0xdc200000-0xdc2fffff]
> [    0.240387] PCI: CLS 0 bytes, default 64
> [    0.240398] DMAR: ACPI device "device:79" under DMAR at fed91000 as 00=
:15.0
> [    0.240401] DMAR: ACPI device "device:7a" under DMAR at fed91000 as 00=
:15.1
> [    0.240408] DMAR: No ATSR found
> [    0.240408] DMAR: No SATC found
> [    0.240409] DMAR: IOMMU feature fl1gp_support inconsistent
> [    0.240410] DMAR: IOMMU feature pgsel_inv inconsistent
> [    0.240411] DMAR: IOMMU feature nwfs inconsistent
> [    0.240412] DMAR: IOMMU feature pasid inconsistent
> [    0.240412] DMAR: IOMMU feature eafs inconsistent
> [    0.240413] DMAR: IOMMU feature prs inconsistent
> [    0.240413] DMAR: IOMMU feature nest inconsistent
> [    0.240414] DMAR: IOMMU feature mts inconsistent
> [    0.240414] DMAR: IOMMU feature sc_support inconsistent
> [    0.240415] DMAR: IOMMU feature dev_iotlb_support inconsistent
> [    0.240416] DMAR: dmar0: Using Queued invalidation
> [    0.240419] DMAR: dmar1: Using Queued invalidation
> [    0.240443] Trying to unpack rootfs image as initramfs...
> [    0.240704] pci 0000:00:02.0: Adding to iommu group 0
> [    0.240735] pci 0000:00:00.0: Adding to iommu group 1
> [    0.240742] pci 0000:00:04.0: Adding to iommu group 2
> [    0.240755] pci 0000:00:14.0: Adding to iommu group 3
> [    0.240762] pci 0000:00:14.2: Adding to iommu group 3
> [    0.240774] pci 0000:00:15.0: Adding to iommu group 4
> [    0.240781] pci 0000:00:15.1: Adding to iommu group 4
> [    0.240790] pci 0000:00:16.0: Adding to iommu group 5
> [    0.240798] pci 0000:00:1c.0: Adding to iommu group 6
> [    0.240807] pci 0000:00:1c.4: Adding to iommu group 7
> [    0.240825] pci 0000:00:1d.0: Adding to iommu group 8
> [    0.240842] pci 0000:00:1f.0: Adding to iommu group 9
> [    0.240849] pci 0000:00:1f.2: Adding to iommu group 9
> [    0.240856] pci 0000:00:1f.3: Adding to iommu group 9
> [    0.240864] pci 0000:00:1f.4: Adding to iommu group 9
> [    0.240874] pci 0000:3a:00.0: Adding to iommu group 10
> [    0.240883] pci 0000:3b:00.0: Adding to iommu group 11
> [    0.241601] DMAR: Intel(R) Virtualization Technology for Directed I/O
> [    0.241604] PCI-DMA: Using software bounce buffering for IO (SWIOTLB)
> [    0.241605] software IO TLB: mapped [mem 0x000000005e262000-0x00000000=
62262000] (64MB)
> [    0.241673] sgx: EPC section 0x70200000-0x75f7ffff
> [    0.242464] Initialise system trusted keyrings
> [    0.242474] Key type blacklist registered
> [    0.242518] workingset: timestamp_bits=3D36 max_order=3D22 bucket_orde=
r=3D0
> [    0.242528] zbud: loaded
> [    0.242609] fuse: init (API version 7.39)
> [    0.242739] integrity: Platform Keyring initialized
> [    0.242742] integrity: Machine keyring initialized
> [    0.242785] alg: self-tests disabled
> [    0.254702] Key type asymmetric registered
> [    0.254707] Asymmetric key parser 'x509' registered
> [    0.374942] Freeing initrd memory: 60092K
> [    0.378589] Block layer SCSI generic (bsg) driver version 0.4 loaded (=
major 247)
> [    0.378616] io scheduler mq-deadline registered
> [    0.379610] shpchp: Standard Hot Plug PCI Controller Driver version: 0=
=2E4
> [    0.381624] thermal LNXTHERM:00: registered as thermal_zone0
> [    0.381626] ACPI: thermal: Thermal Zone [THM] (25 C)
> [    0.381806] Serial: 8250/16550 driver, 4 ports, IRQ sharing enabled
> [    0.382403] hpet_acpi_add: no address or irqs in _CRS
> [    0.382421] Linux agpgart interface v0.103
> [    0.394917] tpm_tis MSFT0101:00: 2.0 TPM (device-id 0xFE, rev-id 4)
> [    0.435843] AMD-Vi: AMD IOMMUv2 functionality not available on this sy=
stem - This is not a bug.
> [    0.436287] i8042: PNP: PS/2 Controller [PNP0303:PS2K,PNP0f13:PS2M] at=
 0x60,0x64 irq 1,12
> [    0.436674] i8042: Warning: Keylock active
> [    0.439087] serio: i8042 KBD port at 0x60,0x64 irq 1
> [    0.439093] serio: i8042 AUX port at 0x60,0x64 irq 12
> [    0.439238] mousedev: PS/2 mouse device common for all mice
> [    0.439255] rtc_cmos 00:01: RTC can wake from S4
> [    0.439928] input: AT Translated Set 2 keyboard as /devices/platform/i=
8042/serio0/input/input0
> [    0.439994] rtc_cmos 00:01: registered as rtc0
> [    0.440171] rtc_cmos 00:01: setting system clock to 2024-02-14T16:48:0=
2 UTC (1707929282)
> [    0.440218] rtc_cmos 00:01: alarms up to one month, y3k, 242 bytes nvr=
am
> [    0.440375] intel_pstate: Intel P-state driver initializing
> [    0.440567] intel_pstate: HWP enabled
> [    0.440598] ledtrig-cpu: registered to indicate activity on CPUs
> [    0.440975] efifb: probing for efifb
> [    0.440990] efifb: framebuffer at 0x90000000, using 22500k, total 2250=
0k
> [    0.440993] efifb: mode is 3200x1800x32, linelength=3D12800, pages=3D1
> [    0.440995] efifb: scrolling: redraw
> [    0.440995] efifb: Truecolor: size=3D8:8:8:8, shift=3D24:16:8:0
> [    0.441123] Console: switching to colour frame buffer device 200x56
> [    0.447209] fb0: EFI VGA frame buffer device
> [    0.466650] NET: Registered PF_INET6 protocol family
> [    0.473895] Segment Routing with IPv6
> [    0.473913] In-situ OAM (IOAM) with IPv6
> [    0.473952] mip6: Mobile IPv6
> [    0.473958] NET: Registered PF_PACKET protocol family
> [    0.474054] mpls_gso: MPLS GSO support
> [    0.474736] microcode: Microcode Update Driver: v2.2.
> [    0.474744] IPI shorthand broadcast: enabled
> [    0.476692] sched_clock: Marking stable (468708939, 6020579)->(5058648=
28, -31135310)
> [    0.477000] registered taskstats version 1
> [    0.477100] Loading compiled-in X.509 certificates
> [    0.482223] Loaded X.509 cert 'Build time autogenerated kernel key: c2=
5862bc1c97b79f4f0a84dce70f181995ac69cc'
> [    0.485108] Key type .fscrypt registered
> [    0.485110] Key type fscrypt-provisioning registered
> [    0.491669] Key type encrypted registered
> [    0.491677] AppArmor: AppArmor sha1 policy hashing enabled
> [    0.491947] integrity: Loading X.509 certificate: UEFI:db
> [    0.491987] integrity: Loaded X.509 cert 'Dell Inc. UEFI DB: 5ddb772dc=
880660055ba0bc131886bb630a639e7'
> [    0.491989] integrity: Loading X.509 certificate: UEFI:db
> [    0.492026] integrity: Loaded X.509 cert 'Microsoft Corporation UEFI C=
A 2011: 13adbf4309bd82709c8cd54f316ed522988a1bd4'
> [    0.492027] integrity: Loading X.509 certificate: UEFI:db
> [    0.492055] integrity: Loaded X.509 cert 'Microsoft Windows Production=
 PCA 2011: a92902398e16c49778cd90f99e4f9ae17c55af53'
> [    0.492546] ima: Allocated hash algorithm: sha256
> [    0.538075] ima: No architecture policies found
> [    0.538141] evm: Initialising EVM extended attributes:
> [    0.538144] evm: security.selinux
> [    0.538147] evm: security.SMACK64 (disabled)
> [    0.538150] evm: security.SMACK64EXEC (disabled)
> [    0.538152] evm: security.SMACK64TRANSMUTE (disabled)
> [    0.538154] evm: security.SMACK64MMAP (disabled)
> [    0.538156] evm: security.apparmor
> [    0.538158] evm: security.ima
> [    0.538160] evm: security.capability
> [    0.538163] evm: HMAC attrs: 0x1
> [    0.541475] RAS: Correctable Errors collector initialized.
> [    0.541655] clk: Disabling unused clocks
> [    0.544438] Freeing unused decrypted memory: 2028K
> [    0.545641] Freeing unused kernel image (initmem) memory: 3964K
> [    0.566048] Write protecting the kernel read-only data: 28672k
> [    0.567474] Freeing unused kernel image (rodata/data gap) memory: 1740K
> [    0.639476] x86/mm: Checked W+X mappings: passed, no W+X pages found.
> [    0.639478] x86/mm: Checking user space page tables
> [    0.681490] x86/mm: Checked W+X mappings: passed, no W+X pages found.
> [    0.681501] Run /init as init process
> [    0.681503]   with arguments:
> [    0.681504]     /init
> [    0.681505]   with environment:
> [    0.681506]     HOME=3D/
> [    0.681507]     TERM=3Dlinux
> [    0.681512]     BOOT_IMAGE=3D/vmlinuz-6.6.15-amd64
> [    0.864830] wmi_bus wmi_bus-PNP0C14:01: WQBC data block query control =
method not found
> [    0.881460] hid: raw HID events driver (C) Jiri Kosina
> [    0.898855] cryptd: max_cpu_qlen set to 1000
> [    0.929725] ACPI: battery: Slot [BAT0] (battery present)
> [    0.947475] intel-lpss 0000:00:15.0: enabling device (0000 -> 0002)
> [    0.947661] platform idma64.0: Adding to iommu group 12
> [    0.948758] i801_smbus 0000:00:1f.4: SPD Write Disable is set
> [    0.948798] i801_smbus 0000:00:1f.4: SMBus using PCI interrupt
> [    0.949038] AVX2 version of gcm_enc/dec engaged.
> [    0.949066] AES CTR mode by8 optimization enabled
> [    0.951135] idma64 idma64.0: Found Intel integrated DMA 64-bit
> [    0.951183] platform i2c_designware.0: Adding to iommu group 13
> [    0.964632] intel-lpss 0000:00:15.1: enabling device (0000 -> 0002)
> [    0.964833] platform idma64.1: Adding to iommu group 14
> [    0.964967] idma64 idma64.1: Found Intel integrated DMA 64-bit
> [    0.965119] platform i2c_designware.1: Adding to iommu group 15
> [    0.975258] ACPI: bus type USB registered
> [    0.975297] usbcore: registered new interface driver usbfs
> [    0.975307] usbcore: registered new interface driver hub
> [    0.975319] usbcore: registered new device driver usb
> [    0.979106] i2c i2c-0: 2/2 memory slots populated (from DMI)
> [    0.996258] ACPI: bus type drm_connector registered
> [    1.184430] xhci_hcd 0000:00:14.0: xHCI Host Controller
> [    1.184457] xhci_hcd 0000:00:14.0: new USB bus registered, assigned bu=
s number 1
> [    1.185878] xhci_hcd 0000:00:14.0: hcc params 0x200077c1 hci version 0=
x100 quirks 0x0000000081109810
> [    1.187210] xhci_hcd 0000:00:14.0: xHCI Host Controller
> [    1.187231] xhci_hcd 0000:00:14.0: new USB bus registered, assigned bu=
s number 2
> [    1.187246] xhci_hcd 0000:00:14.0: Host supports USB 3.0 SuperSpeed
> [    1.187365] usb usb1: New USB device found, idVendor=3D1d6b, idProduct=
=3D0002, bcdDevice=3D 6.06
> [    1.187377] usb usb1: New USB device strings: Mfr=3D3, Product=3D2, Se=
rialNumber=3D1
> [    1.187385] usb usb1: Product: xHCI Host Controller
> [    1.187392] usb usb1: Manufacturer: Linux 6.6.15-amd64 xhci-hcd
> [    1.187399] usb usb1: SerialNumber: 0000:00:14.0
> [    1.189145] hub 1-0:1.0: USB hub found
> [    1.189183] hub 1-0:1.0: 12 ports detected
> [    1.189797] input: DLL075B:01 06CB:76AF Mouse as /devices/pci0000:00/0=
000:00:15.1/i2c_designware.1/i2c-2/i2c-DLL075B:01/0018:06CB:76AF.0001/input=
/input2
> [    1.190397] input: DLL075B:01 06CB:76AF Touchpad as /devices/pci0000:0=
0/0000:00:15.1/i2c_designware.1/i2c-2/i2c-DLL075B:01/0018:06CB:76AF.0001/in=
put/input3
> [    1.190921] hid-generic 0018:06CB:76AF.0001: input,hidraw0: I2C HID v1=
=2E00 Mouse [DLL075B:01 06CB:76AF] on i2c-DLL075B:01
> [    1.199487] usb usb2: New USB device found, idVendor=3D1d6b, idProduct=
=3D0003, bcdDevice=3D 6.06
> [    1.199502] usb usb2: New USB device strings: Mfr=3D3, Product=3D2, Se=
rialNumber=3D1
> [    1.199510] usb usb2: Product: xHCI Host Controller
> [    1.199518] usb usb2: Manufacturer: Linux 6.6.15-amd64 xhci-hcd
> [    1.199524] usb usb2: SerialNumber: 0000:00:14.0
> [    1.199955] hub 2-0:1.0: USB hub found
> [    1.199984] hub 2-0:1.0: 6 ports detected
> [    1.202328] usb: port power management may be unreliable
> [    1.242198] tsc: Refined TSC clocksource calibration: 2904.007 MHz
> [    1.242220] clocksource: tsc: mask: 0xffffffffffffffff max_cycles: 0x2=
9dc0c50045, max_idle_ns: 440795208304 ns
> [    1.248560] clocksource: Switched to clocksource tsc
> [    1.253338] nvme nvme0: pci function 0000:3b:00.0
> [    1.271981] nvme nvme0: 4/0/0 default/read/poll queues
> [    1.278658]  nvme0n1: p1 p2 p3 p4
> [    1.394534] device-mapper: core: CONFIG_IMA_DISABLE_HTABLE is disabled=
=2E Duplicate IMA measurements will not be recorded in the IMA log.
> [    1.394580] device-mapper: uevent: version 1.0.3
> [    1.394714] device-mapper: ioctl: 4.48.0-ioctl (2023-03-01) initialise=
d: dm-devel@redhat.com
> [    1.454252] usb 1-3: new full-speed USB device number 2 using xhci_hcd
> [    1.604161] usb 1-3: New USB device found, idVendor=3D0cf3, idProduct=
=3De300, bcdDevice=3D 0.01
> [    1.604179] usb 1-3: New USB device strings: Mfr=3D0, Product=3D0, Ser=
ialNumber=3D0
> [    1.734256] usb 1-4: new full-speed USB device number 3 using xhci_hcd
> [    1.884693] usb 1-4: New USB device found, idVendor=3D04f3, idProduct=
=3D2234, bcdDevice=3D11.11
> [    1.884709] usb 1-4: New USB device strings: Mfr=3D4, Product=3D14, Se=
rialNumber=3D0
> [    1.884717] usb 1-4: Product: Touchscreen
> [    1.884722] usb 1-4: Manufacturer: ELAN
> [    1.906797] input: ELAN Touchscreen as /devices/pci0000:00/0000:00:14.=
0/usb1/1-4/1-4:1.0/0003:04F3:2234.0002/input/input5
> [    1.906878] input: ELAN Touchscreen as /devices/pci0000:00/0000:00:14.=
0/usb1/1-4/1-4:1.0/0003:04F3:2234.0002/input/input6
> [    1.906898] input: ELAN Touchscreen as /devices/pci0000:00/0000:00:14.=
0/usb1/1-4/1-4:1.0/0003:04F3:2234.0002/input/input7
> [    1.906970] hid-generic 0003:04F3:2234.0002: input,hiddev0,hidraw1: US=
B HID v1.10 Device [ELAN Touchscreen] on usb-0000:00:14.0-4/input0
> [    1.907003] usbcore: registered new interface driver usbhid
> [    1.907004] usbhid: USB HID core driver
> [    2.014307] usb 1-5: new high-speed USB device number 4 using xhci_hcd
> [    2.223222] usb 1-5: New USB device found, idVendor=3D0c45, idProduct=
=3D670c, bcdDevice=3D56.26
> [    2.223240] usb 1-5: New USB device strings: Mfr=3D2, Product=3D1, Ser=
ialNumber=3D0
> [    2.223247] usb 1-5: Product: Integrated_Webcam_HD
> [    2.223252] usb 1-5: Manufacturer: CN09GTFMLOG008C8B7FWA01
> [    8.077253] PM: Image not found (code -22)
> [    8.223980] EXT4-fs (dm-0): mounted filesystem 32e29882-d94d-4a92-9ee4=
-4d03002bfa29 ro with ordered data mode. Quota mode: none.
> [    8.267645] Not activating Mandatory Access Control as /sbin/tomoyo-in=
it does not exist.
> [    8.410989] systemd[1]: Inserted module 'autofs4'
> [    8.455550] systemd[1]: systemd 255.3-2 running in system mode (+PAM +=
AUDIT +SELINUX +APPARMOR +IMA +SMACK +SECCOMP +GCRYPT -GNUTLS +OPENSSL +ACL=
 +BLKID +CURL +ELFUTILS +FIDO2 +IDN2 -IDN +IPTC +KMOD +LIBCRYPTSETUP +LIBFD=
ISK +PCRE2 -PWQUALITY +P11KIT +QRENCODE +TPM2 +BZIP2 +LZ4 +XZ +ZLIB +ZSTD -=
BPF_FRAMEWORK -XKBCOMMON +UTMP +SYSVINIT default-hierarchy=3Dunified)
> [    8.455563] systemd[1]: Detected architecture x86-64.
> [    8.456641] systemd[1]: Hostname set to <abreu>.
> [    8.643651] systemd[1]: Queued start job for default target graphical.=
target.
> [    8.671176] systemd[1]: Created slice system-getty.slice - Slice /syst=
em/getty.
> [    8.671530] systemd[1]: Created slice system-modprobe.slice - Slice /s=
ystem/modprobe.
> [    8.671824] systemd[1]: Created slice system-systemd\x2dcryptsetup.sli=
ce - Encrypted Volume Units Service Slice.
> [    8.672111] systemd[1]: Created slice system-systemd\x2dfsck.slice - S=
lice /system/systemd-fsck.
> [    8.672337] systemd[1]: Created slice user.slice - User and Session Sl=
ice.
> [    8.672407] systemd[1]: Started systemd-ask-password-console.path - Di=
spatch Password Requests to Console Directory Watch.
> [    8.672466] systemd[1]: Started systemd-ask-password-wall.path - Forwa=
rd Password Requests to Wall Directory Watch.
> [    8.672642] systemd[1]: Set up automount proc-sys-fs-binfmt_misc.autom=
ount - Arbitrary Executable File Formats File System Automount Point.
> [    8.672663] systemd[1]: Expecting device dev-disk-by\x2ddiskseq-1\x2dp=
art4.device - /dev/disk/by-diskseq/1-part4...
> [    8.672670] systemd[1]: Expecting device dev-disk-by\x2duuid-2d23fd4c\=
x2d5d03\x2d4e1a\x2d8a42\x2d0e859d1f00d8.device - /dev/disk/by-uuid/2d23fd4c=
-5d03-4e1a-8a42-0e859d1f00d8...
> [    8.672676] systemd[1]: Expecting device dev-disk-by\x2duuid-61be8f50\=
x2d69c5\x2d49a5\x2dbcad\x2d3f4521e9c7b5.device - /dev/disk/by-uuid/61be8f50=
-69c5-49a5-bcad-3f4521e9c7b5...
