Return-Path: <linux-usb+bounces-30001-lists+linux-usb=lfdr.de@vger.kernel.org>
X-Original-To: lists+linux-usb@lfdr.de
Delivered-To: lists+linux-usb@lfdr.de
Received: from dfw.mirrors.kernel.org (dfw.mirrors.kernel.org [IPv6:2605:f480:58:1:0:1994:3:14])
	by mail.lfdr.de (Postfix) with ESMTPS id E9741C2B35E
	for <lists+linux-usb@lfdr.de>; Mon, 03 Nov 2025 12:01:47 +0100 (CET)
Received: from smtp.subspace.kernel.org (relay.kernel.org [52.25.139.140])
	(using TLSv1.2 with cipher ECDHE-ECDSA-AES256-GCM-SHA384 (256/256 bits))
	(No client certificate requested)
	by dfw.mirrors.kernel.org (Postfix) with ESMTPS id 55CDB4E9C37
	for <lists+linux-usb@lfdr.de>; Mon,  3 Nov 2025 11:01:45 +0000 (UTC)
Received: from localhost.localdomain (localhost.localdomain [127.0.0.1])
	by smtp.subspace.kernel.org (Postfix) with ESMTP id 052122FF64C;
	Mon,  3 Nov 2025 11:01:38 +0000 (UTC)
Authentication-Results: smtp.subspace.kernel.org;
	dkim=permerror (0-bit key) header.d=tty42.de header.i=@tty42.de header.b="SJyDBcT4";
	dkim=pass (2048-bit key) header.d=tty42.de header.i=@tty42.de header.b="HMOItOpV"
X-Original-To: linux-usb@vger.kernel.org
Received: from mail.tty42.de (mail.tty42.de [94.130.190.181])
	(using TLSv1.2 with cipher ECDHE-RSA-AES128-GCM-SHA256 (128/128 bits))
	(No client certificate requested)
	by smtp.subspace.kernel.org (Postfix) with ESMTPS id 9930B2FD7A0
	for <linux-usb@vger.kernel.org>; Mon,  3 Nov 2025 11:01:11 +0000 (UTC)
Authentication-Results: smtp.subspace.kernel.org; arc=pass smtp.client-ip=94.130.190.181
ARC-Seal:i=2; a=rsa-sha256; d=subspace.kernel.org; s=arc-20240116;
	t=1762167697; cv=pass; b=M19l4aLgAvFY5/nYR6BcTlc03DVYUhqYctF1gVTMO/oTza+OAkbL5PXhhJBtmHbJKCSdTKieHfL4tUEo20dRbALzSezUdGGvj7E2h5ejt5yKxJ/PJiVUzw6B8PEPBL6qk9+Z9VkMypzgMxVShi1+yM0Emto0S/N2BoM+Vp7v4YY=
ARC-Message-Signature:i=2; a=rsa-sha256; d=subspace.kernel.org;
	s=arc-20240116; t=1762167697; c=relaxed/simple;
	bh=5D0gm1pHsmUR7BJLO8pX3ftraQK2xlKHBs9gRJ2Q1eo=;
	h=Date:From:To:Subject:Message-ID:References:MIME-Version:
	 Content-Type:Content-Disposition:In-Reply-To; b=hKNP1sayMs0nB9ZPdqyKlAmSQAwIlqQGI4QqNAT8+CK8neWLKlGBUEmEY/SSQy+WG/QZPtQravUnlbE++e8Hrdw9u+G7NwPTWEGrO1l6L99pI0NxW+GM/G2HsfvK3171VhQpQhXqc6iJEibW7frF7RwRggCHEVk6L7l4Cs60RiU=
ARC-Authentication-Results:i=2; smtp.subspace.kernel.org; dmarc=pass (p=reject dis=none) header.from=tty42.de; spf=pass smtp.mailfrom=tty42.de; dkim=permerror (0-bit key) header.d=tty42.de header.i=@tty42.de header.b=SJyDBcT4; dkim=pass (2048-bit key) header.d=tty42.de header.i=@tty42.de header.b=HMOItOpV; arc=pass smtp.client-ip=94.130.190.181
Authentication-Results: smtp.subspace.kernel.org; dmarc=pass (p=reject dis=none) header.from=tty42.de
Authentication-Results: smtp.subspace.kernel.org; spf=pass smtp.mailfrom=tty42.de
DKIM-Signature: v=1; a=ed25519-sha256; c=relaxed/relaxed; d=tty42.de;
	s=dkim; t=1762167669;
	h=from:from:reply-to:subject:subject:date:date:message-id:message-id:
	 to:to:cc:mime-version:mime-version:content-type:content-type:
	 in-reply-to:in-reply-to:references:references;
	bh=ACi+i9caeJ2CplVykMw1ia1rhTJ1U6QCwspVApLlRv4=;
	b=SJyDBcT4E2hmz+cr/ycDZcnOmgyonoD6TMYoWCt5FQbmdoJ3tf4fAORTTdl0tZOASnvAqg
	X9K0i3jxkTrFptCQ==
DKIM-Signature: v=1; a=rsa-sha256; c=relaxed/relaxed; d=tty42.de; s=rsa;
	t=1762167669;
	h=from:from:reply-to:subject:subject:date:date:message-id:message-id:
	 to:to:cc:mime-version:mime-version:content-type:content-type:
	 in-reply-to:in-reply-to:references:references;
	bh=ACi+i9caeJ2CplVykMw1ia1rhTJ1U6QCwspVApLlRv4=;
	b=HMOItOpVaUNphtkicutrktK0nGR5GVcaySZgMcF2zHXQGvE98KFeICnb597/WkYxRVXxlV
	PAnL8dervINbkPVTLryWq8ytiEllfZrHjXPL6sTJw+q1pnKPb6N5XdJ4YPKCvjZCebRIiB
	nnfMiqn7yrOa/0TpvCIMWkLcmjXOB6PqoY6WmC9+DC0XPzfLiJ+RU5vt1+U/SXzDlOVtYn
	tLgZ035JA/hDdAW+K90r5+TIQyKWl2Dhs6OSrtZqReND2mJvpezJf9rgWxLHJHPaAX641z
	DhGdwDmAkBdUyxBGPVsAFDuUApB4UVtyiyZiEvUjKfpz63UE4NAtKwQvkji5xg==
ARC-Seal: i=1; s=rsa; d=tty42.de; t=1762167668; a=rsa-sha256; cv=none;
	b=z+NlgaIo4FKRvHnbFSDkM6N0UJIhMyav4Ukombv0tWoiFOUVRPEFf5rAid+0lYEHRK4FsO
	p1pH6+zmGYS7Dw2NtqbfUZ2fF5/TW3GXTcMyUVnNmDDm+eQjfcCVvemStkJ89JGMdpz7KI
	jB4b+LDZSP7wIiOjfFtbQmTTL0QLuB1wuhMHp4Ms6lKup60IG0eU9Ngmp2t2xDUB0/vKcV
	gIqUITDxvJSofv4Sa3z+Er7uZMTiAm4lXtzKHB9XoT3H1GNENZKBicZHyiY8jQyqgh0POA
	Ei2zNtMePPJlbVATM8lc6f1o1zPkzFBreFaJUk2tO7/EcfYUMkKw0eL8Y8cntA==
ARC-Message-Signature: i=1; a=rsa-sha256; c=relaxed/relaxed; d=tty42.de;
	s=rsa; t=1762167668;
	h=from:from:reply-to:subject:subject:date:date:message-id:message-id:
	 to:to:cc:mime-version:mime-version:content-type:content-type:
	 in-reply-to:in-reply-to:references:references;
	bh=ACi+i9caeJ2CplVykMw1ia1rhTJ1U6QCwspVApLlRv4=;
	b=Cu4M8ZOZV3MVq3lPmUtNnb38hgTyHTiFmyDRFJ1FeAPHVEu+0B/qRuXSu+cZ1shXWUPhHh
	ngGMVPqxVxj2vkJ6Tmoot4PrIGvXI5ZnpPVPOJG5Ync9aWFxgnYvx0qU5xyhbVJZTxRWAY
	rB+Uq48dGlwGK5QfyPIlrxBX8ca7BsIRJ/SUmmr0tQIWW9k0/d3JLRnSKc/p0X9vrxNtYN
	agryWliFPS3XnSLTUSDav6LWm4ER+WLDeNWu9AzgkNUKlV3yRHywfsetvkNoJdpaT3I+Wu
	xVbjuMQAKNY5XBg0/iZlTJp/mem8ZTHNEbhzTKUkKJxoz1tFZ98PPczN/UprHw==
ARC-Authentication-Results: i=1;
	mail.tty42.de;
	auth=pass smtp.auth=frederik@tty42.de smtp.mailfrom=lists@tty42.de
Received: 
	by mail.tty42.de (OpenSMTPD) with ESMTPSA id 8add4217 (TLSv1.3:TLS_AES_256_GCM_SHA384:256:NO);
	Mon, 3 Nov 2025 11:01:08 +0000 (UTC)
Date: Mon, 3 Nov 2025 12:01:06 +0100
From: Frederik Schwan <lists@tty42.de>
To: linux-usb@vger.kernel.org, Andreas Noever <andreas.noever@gmail.com>, 
	Michael Jamet <michael.jamet@intel.com>, Mika Westerberg <westeri@kernel.org>, 
	Yehezkel Bernat <YehezkelShB@gmail.com>, Imre Deak <imre.deak@intel.com>
Subject: Re: TB 5 Dock DP-Out non-functional
Message-ID: <lerwgbxoidxvfv3ajszi467rupujg465ukh3fcokihxpv2ikjr@rbke2a76anld>
Mail-Followup-To: linux-usb@vger.kernel.org, 
	Andreas Noever <andreas.noever@gmail.com>, Michael Jamet <michael.jamet@intel.com>, 
	Mika Westerberg <westeri@kernel.org>, Yehezkel Bernat <YehezkelShB@gmail.com>, 
	Imre Deak <imre.deak@intel.com>
References: <q7k73t5utfjrpuf45ynig72eojpixepjqccvsfaqt6rg4wptst@se6ekc2eg3sv>
 <20251103055659.GD2912318@black.igk.intel.com>
 <rnp5dzfud5feidxi2qx63cxezukyszuzpj7v5f5gyoqtys3uff@e72nlrudjzxb>
 <20251103102639.GE2912318@black.igk.intel.com>
Precedence: bulk
X-Mailing-List: linux-usb@vger.kernel.org
List-Id: <linux-usb.vger.kernel.org>
List-Subscribe: <mailto:linux-usb+subscribe@vger.kernel.org>
List-Unsubscribe: <mailto:linux-usb+unsubscribe@vger.kernel.org>
MIME-Version: 1.0
Content-Type: multipart/signed; micalg=pgp-sha512;
	protocol="application/pgp-signature"; boundary="xzk6xrf376ixmd6p"
Content-Disposition: inline
In-Reply-To: <20251103102639.GE2912318@black.igk.intel.com>


--xzk6xrf376ixmd6p
Content-Type: multipart/mixed; protected-headers=v1;
	boundary="iw2z5iatikzpq2dr"
Content-Disposition: inline
Subject: Re: TB 5 Dock DP-Out non-functional
MIME-Version: 1.0


--iw2z5iatikzpq2dr
Content-Type: text/plain; charset=us-ascii
Content-Disposition: inline
Content-Transfer-Encoding: quoted-printable

Hi Mika,

On Mon, Nov 03, 2025 at 11:26:39AM +0100, Mika Westerberg wrote:
> Hi,
>=20
> On Mon, Nov 03, 2025 at 09:54:50AM +0100, Frederik Schwan wrote:
> > Hi Mika,
> >=20
> > On Mon, Nov 03, 2025 at 06:56:59AM +0100, Mika Westerberg wrote:
> > > On Sun, Nov 02, 2025 at 04:39:07PM +0100, Frederik Schwan wrote:
> > >> Setup:
> > >> TB 5 Host (Lenovo P1 Gen8)
> > >>   -> TB 4 Dock (0108:2031 reports as "ThinkPad Thunderbolt 4 Dock")
> > >>     -> USB Devices, two 3840x2160, LAN attached
> > >>   -> TB 5 Dock (0108:234d reports as "ThinkPad Thunderbolt 5 Smart D=
ock 7500 - 40BA")
> > >>     -> nothing but power supply
> > >=20
> > > You are saying that you have two docks connected like this:
> > >=20
> > >   Host -> TB 4 -> 2 Monitors
> > >     |
> > >     v
> > >    TB5 (nothing but power)
> > >    =20
> > > And with this the TB4 dock monitors don't work? But without the TB5 d=
ock
> > > they work fine?
> > >=20
> > > It would be good to have simplest possible case where this reproduces=
 then
> > > provide exact steps of that, like
> >=20
> > Sorry for the bad report. As a Arch Linux bugwrangler I should've known=
 how to report this in
> > a non-confusing way :/
> >=20
> > I added the TB4 Dock just to make sure that the only variable is the Do=
ck (to rule out DP cable, monitor etc.).
> > So here comes a minimal setup:
> >=20
> > To repro:
> > 1. Boot (Kernel 6.17.7-arch1-1)
> > 2. Connect TB5 Dock with power and 1 DP screen attached
>=20
> Okay this is much more clear :)
>=20
> > Expected behavior: DP screen comes up and shows output
> > Actual outcome: DP screen blinks for 2-3 tries and goes off again
> >=20
> > dmesg.log attached as well as the bandwidth script output.
>=20
> Thanks! Unfortunately the log is still truncated probably due to added
> debug. Can you add log_buf_len=3D2M or something like that to the kernel
> command line too so we can get the whole log.

Whole log attached.

> Regarding the script, that's odd too but it could be that you have more
> than one host router there (it is not clear from the truncated log). You
> need to build the tbtools binaries though.

I do package tbtools for Arch so these are available.

tblist gives me:
Domain 0 Route 0: 8087:7eb2 Intel Gen14
Domain 1 Route 0: 17ef:a583 Lenovo ThinkPad P1 Gen8 / T1g Gen8
Domain 1 Route 1: 0108:234d Lenovo ThinkPad Thunderbolt 5 Smart Dock 7500 -=
 40BA

tbadapters --domain 1 --route 1:
 1: Lane 0 (upstream)             CL0
 2: Lane 1                        CL0
 3: Lane 0                        CLd
 4: Lane 1                        CLd
 5: Lane 0                        CLd
 6: Lane 1                        CLd
 7: Lane 0                        CLd
 8: Lane 1                        CLd
 9: PCIe Up                       L1
10: PCIe Down                     Disabled
11: DisplayPort OUT               Disabled
12: DisplayPort OUT               Enabled
13: Not implemented
14: Not implemented
15: Not implemented
16: Not implemented
17: PCIe Down                     Disabled
18: PCIe Down                     Disabled
19: DisplayPort OUT               Disabled
20: USB 3 Up                      U0
21: USB 3 Down                    Disabled
22: USB 3 Down                    Disabled
23: USB 3 Down                    Disabled


Hope that is what you asked for :)

--iw2z5iatikzpq2dr
Content-Type: text/plain; charset=us-ascii
Content-Disposition: attachment; filename="tb5.log"
Content-Transfer-Encoding: quoted-printable

[    0.000000] Linux version 6.17.7-arch1-1 (linux@archlinux) (gcc (GCC) 15=
=2E2.1 20250813, GNU ld (GNU Binutils) 2.45.0) #1 SMP PREEMPT_DYNAMIC Sun, =
02 Nov 2025 17:27:22 +0000
[    0.000000] Command line: systemd.unified_cgroup_hierarchy=3D1 kernel.un=
privileged_userns_clone=3D1 thunderbolt.dyndbg=3D+p drm.debug=3D0x10e log_b=
uf_len=3D32M rd.luks.uuid=3D"3fcd7043-2e72-42fb-84ef-a42a377fbebd" rd.luks.=
options=3Ddiscard,no-read-workqueue,no-write-workqueue,timeout=3D0 root=3DU=
UID=3D"4c822bc7-e8c9-4eaa-a480-99294e826ed1" rootflags=3Dx-systemd.device-t=
imeout=3D0 rw
[    0.000000] x86/tme: not enabled by BIOS
[    0.000000] x86/CPU: Model not found in latest microcode list
[    0.000000] x86/split lock detection: #AC: crashing the kernel on kernel=
 split_locks and warning on user-space split_locks
[    0.000000] BIOS-provided physical RAM map:
[    0.000000] BIOS-e820: [mem 0x0000000000000000-0x000000000009ffff] usable
[    0.000000] BIOS-e820: [mem 0x00000000000a0000-0x00000000000fffff] reser=
ved
[    0.000000] BIOS-e820: [mem 0x0000000000100000-0x000000005b52efff] usable
[    0.000000] BIOS-e820: [mem 0x000000005b52f000-0x0000000062a2efff] reser=
ved
[    0.000000] BIOS-e820: [mem 0x0000000062a2f000-0x0000000063f2efff] ACPI =
NVS
[    0.000000] BIOS-e820: [mem 0x0000000063f2f000-0x0000000063ffefff] ACPI =
data
[    0.000000] BIOS-e820: [mem 0x0000000063fff000-0x0000000063ffffff] usable
[    0.000000] BIOS-e820: [mem 0x0000000064000000-0x00000000787fffff] reser=
ved
[    0.000000] BIOS-e820: [mem 0x00000000c0000000-0x00000000cfffffff] reser=
ved
[    0.000000] BIOS-e820: [mem 0x00000000fed20000-0x00000000fed7ffff] reser=
ved
[    0.000000] BIOS-e820: [mem 0x0000000100000000-0x000000107fffffff] usable
[    0.000000] NX (Execute Disable) protection: active
[    0.000000] APIC: Static calls initialized
[    0.000000] efi: EFI v2.7 by Lenovo
[    0.000000] efi: ACPI=3D0x63ffe000 ACPI 2.0=3D0x63ffe014 SMBIOS=3D0x5ee3=
7000 SMBIOS 3.0=3D0x5ee2a000 TPMFinalLog=3D0x63f06000 MEMATTR=3D0x5353a018 =
ESRT=3D0x54846098 RNG=3D0x63ffcf18 INITRD=3D0x530b8598 TPMEventLog=3D0x63ff=
8018=20
[    0.000000] random: crng init done
[    0.000000] efi: Remove mem461: MMIO range=3D[0xc0000000-0xcfffffff] (25=
6MB) from e820 map
[    0.000000] e820: remove [mem 0xc0000000-0xcfffffff] reserved
[    0.000000] SMBIOS 3.8.0 present.
[    0.000000] DMI: LENOVO 21Q8CTO1WW/21Q8CTO1WW, BIOS N4EET19W (1.05 ) 09/=
12/2025
[    0.000000] DMI: Memory slots populated: 8/8
[    0.000000] tsc: Detected 3700.000 MHz processor
[    0.000000] tsc: Detected 3686.400 MHz TSC
[    0.000006] e820: update [mem 0x00000000-0x00000fff] usable =3D=3D> rese=
rved
[    0.000007] e820: remove [mem 0x000a0000-0x000fffff] usable
[    0.000010] last_pfn =3D 0x1080000 max_arch_pfn =3D 0x400000000
[    0.000013] MTRR map: 8 entries (3 fixed + 5 variable; max 23), built fr=
om 10 variable MTRRs
[    0.000014] x86/PAT: Configuration [0-7]: WB  WC  UC- UC  WB  WP  UC- WT=
 =20
[    0.000345] x2apic: enabled by BIOS, switching to x2apic ops
[    0.000346] last_pfn =3D 0x64000 max_arch_pfn =3D 0x400000000
[    0.003740] esrt: Reserving ESRT space from 0x0000000054846098 to 0x0000=
0000548461c0.
[    0.003747] e820: update [mem 0x54846000-0x54846fff] usable =3D=3D> rese=
rved
[    0.003767] Using GB pages for direct mapping
[    0.021626] printk: log buffer data + meta data: 33554432 + 117440512 =
=3D 150994944 bytes
[    0.021627] printk: early log buf free: 128072(97%)
[    0.021628] Secure boot enabled
[    0.021628] RAMDISK: [mem 0x3df16000-0x4624cfff]
[    0.021738] ACPI: Early table checksum verification disabled
[    0.021741] ACPI: RSDP 0x0000000063FFE014 000024 (v02 LENOVO)
[    0.021744] ACPI: XSDT 0x0000000063FFD228 0001A4 (v01 LENOVO TP-N4E   00=
010050 PTEC 00000002)
[    0.021748] ACPI: FACP 0x000000005ED4B000 000114 (v06 LENOVO TP-N4E   00=
010050 PTEC 00000002)
[    0.021751] ACPI: DSDT 0x000000005ECCD000 07A046 (v02 LENOVO ICL      00=
000002      01000013)
[    0.021752] ACPI: FACS 0x0000000063EE3000 000040
[    0.021753] ACPI: SSDT 0x000000005EE4C000 00012E (v02 LENOVO TxtSsdt  00=
001000 INTL 20210930)
[    0.021754] ACPI: SSDT 0x000000005EE4B000 00038C (v02 LENOVO Pmax_Dev 00=
000001 INTL 20210930)
[    0.021755] ACPI: SSDT 0x000000005EE4A000 000770 (v02 LENOVO Cpu0Ist  00=
003000 INTL 20210930)
[    0.021756] ACPI: SSDT 0x000000005EE49000 0005FB (v02 LENOVO Cpu0Hwp  00=
003000 INTL 20210930)
[    0.021757] ACPI: SSDT 0x000000005EE48000 0001AB (v02 LENOVO Cpu0Psd  00=
003000 INTL 20210930)
[    0.021758] ACPI: SSDT 0x000000005EE47000 000394 (v02 LENOVO Cpu0Cst  00=
003001 INTL 20210930)
[    0.021760] ACPI: SSDT 0x000000005EE45000 001BAF (v02 LENOVO ApIst    00=
003000 INTL 20210930)
[    0.021761] ACPI: SSDT 0x000000005EE43000 001620 (v02 LENOVO ApHwp    00=
003000 INTL 20210930)
[    0.021762] ACPI: SSDT 0x000000005EE41000 001349 (v02 LENOVO ApPsd    00=
003000 INTL 20210930)
[    0.021763] ACPI: SSDT 0x000000005EE40000 000FBB (v02 LENOVO ApCst    00=
003000 INTL 20210930)
[    0.021764] ACPI: SSDT 0x000000005EE3C000 003BC8 (v02 LENOVO CpuSsdt  00=
003000 INTL 20210930)
[    0.021765] ACPI: SSDT 0x000000005EE3B000 00059B (v02 LENOVO CtdpB    00=
001000 INTL 20210930)
[    0.021766] ACPI: DTPR 0x000000005EE38000 000088 (v01 LENOVO TP-N4E   00=
010050 PTEC 00000002)
[    0.021767] ACPI: SSDT 0x000000005EDA2000 0012A6 (v02 LENOVO PDatTabl 00=
001000 INTL 20210930)
[    0.021768] ACPI: SSDT 0x000000005ED5C000 000DD8 (v02 LENOVO DTbtSsdt 00=
001000 INTL 20210930)
[    0.021769] ACPI: SSDT 0x000000005ED5B000 00060E (v02 LENOVO Tpm2Tabl 00=
001000 INTL 20210930)
[    0.021770] ACPI: TPM2 0x000000005ED5A000 00004C (v04 LENOVO TP-N4E   00=
010050 PTEC 00000002)
[    0.021771] ACPI: SSDT 0x000000005ED57000 0026FB (v02 LENOVO IgfxSsdt 00=
003000 INTL 20210930)
[    0.021772] ACPI: SSDT 0x000000005ED4D000 009D1E (v02 LENOVO TcssSsdt 00=
001000 INTL 20210930)
[    0.021773] ACPI: ECDT 0x000000005ED4C000 000053 (v01 LENOVO TP-N4E   00=
010050 PTEC 00000002)
[    0.021774] ACPI: HPET 0x000000005ED4A000 000038 (v01 LENOVO TP-N4E   00=
010050 PTEC 00000002)
[    0.021775] ACPI: APIC 0x000000005ED49000 000358 (v05 LENOVO TP-N4E   00=
010050 PTEC 00000002)
[    0.021776] ACPI: MCFG 0x000000005ED48000 00003C (v01 LENOVO TP-N4E   00=
010050 PTEC 00000002)
[    0.021778] ACPI: SSDT 0x000000005ECC7000 005699 (v02 LENOVO ArlH_1BR 00=
001000 INTL 20210930)
[    0.021779] ACPI: SSDT 0x000000005ECC6000 0000F2 (v02 LENOVO PID0Ssdt 00=
000010 INTL 20210930)
[    0.021780] ACPI: SSDT 0x000000005ECC4000 00125C (v02 LENOVO ProjSsdt 00=
000010 INTL 20210930)
[    0.021781] ACPI: SSDT 0x000000005ECBF000 004354 (v02 LENOVO DptfTabl 00=
001000 INTL 20210930)
[    0.021782] ACPI: LPIT 0x000000005ECAB000 0000CC (v01 LENOVO TP-N4E   00=
010050 PTEC 00000002)
[    0.021783] ACPI: WSMT 0x000000005ECAA000 000028 (v01 LENOVO TP-N4E   00=
010050 PTEC 00000002)
[    0.021784] ACPI: SSDT 0x000000005ECA2000 007543 (v02 LENOVO TbtTypeC 00=
000000 INTL 20210930)
[    0.021785] ACPI: DBGP 0x000000005ECA1000 000034 (v01 LENOVO TP-N4E   00=
010050 PTEC 00000002)
[    0.021786] ACPI: DBG2 0x000000005ECA0000 000054 (v00 LENOVO TP-N4E   00=
010050 PTEC 00000002)
[    0.021787] ACPI: NHLT 0x000000005EC9F000 000960 (v00 LENOVO TP-N4E   00=
010050 PTEC 00000002)
[    0.021788] ACPI: POAT 0x000000005EC9E000 000055 (v03 LENOVO TP-N4E   00=
010050 PTEC 00000002)
[    0.021789] ACPI: SSDT 0x000000005EC88000 001016 (v02 LENOVO UsbCTabl 00=
001000 INTL 20210930)
[    0.021790] ACPI: BATB 0x000000005EE35000 00004A (v02 LENOVO TP-N4E   00=
010050 PTEC 00000002)
[    0.021792] ACPI: DMAR 0x000000005EE34000 000098 (v01 LENOVO TP-N4E   00=
010050 PTEC 00000002)
[    0.021793] ACPI: SSDT 0x000000005EE31000 00279D (v02 LENOVO NvOptTbl 00=
001000 INTL 20210930)
[    0.021794] ACPI: FPDT 0x000000005EE30000 000044 (v01 LENOVO TP-N4E   00=
010050 PTEC 00000002)
[    0.021795] ACPI: SSDT 0x000000005EE2F000 00012E (v02 LENOVO TxtSsdt  00=
001000 INTL 20210930)
[    0.021796] ACPI: SSDT 0x000000005EE2D000 0018C6 (v02 LENOVO SocGpe   00=
003000 INTL 20210930)
[    0.021797] ACPI: SSDT 0x000000005EE27000 0028D3 (v02 LENOVO SocCmn   00=
003000 INTL 20210930)
[    0.021798] ACPI: SDEV 0x000000005EE2C000 0000BC (v01 LENOVO TP-N4E   00=
010050 PTEC 00000002)
[    0.021799] ACPI: ASF! 0x000000005EE2B000 0000A0 (v32 LENOVO TP-N4E   00=
010050 PTEC 00000002)
[    0.021800] ACPI: PHAT 0x000000005EE26000 00076C (v01 LENOVO TP-N4E   00=
010050 PTEC 00000002)
[    0.021801] ACPI: BGRT 0x000000005EE25000 000038 (v01 LENOVO TP-N4E   00=
010050 PTEC 00000002)
[    0.021802] ACPI: UEFI 0x0000000062E75000 000076 (v01 LENOVO TP-N4E   00=
010050 PTEC 00000002)
[    0.021803] ACPI: Reserving FACP table memory at [mem 0x5ed4b000-0x5ed4b=
113]
[    0.021804] ACPI: Reserving DSDT table memory at [mem 0x5eccd000-0x5ed47=
045]
[    0.021804] ACPI: Reserving FACS table memory at [mem 0x63ee3000-0x63ee3=
03f]
[    0.021804] ACPI: Reserving SSDT table memory at [mem 0x5ee4c000-0x5ee4c=
12d]
[    0.021805] ACPI: Reserving SSDT table memory at [mem 0x5ee4b000-0x5ee4b=
38b]
[    0.021805] ACPI: Reserving SSDT table memory at [mem 0x5ee4a000-0x5ee4a=
76f]
[    0.021805] ACPI: Reserving SSDT table memory at [mem 0x5ee49000-0x5ee49=
5fa]
[    0.021805] ACPI: Reserving SSDT table memory at [mem 0x5ee48000-0x5ee48=
1aa]
[    0.021806] ACPI: Reserving SSDT table memory at [mem 0x5ee47000-0x5ee47=
393]
[    0.021806] ACPI: Reserving SSDT table memory at [mem 0x5ee45000-0x5ee46=
bae]
[    0.021806] ACPI: Reserving SSDT table memory at [mem 0x5ee43000-0x5ee44=
61f]
[    0.021806] ACPI: Reserving SSDT table memory at [mem 0x5ee41000-0x5ee42=
348]
[    0.021806] ACPI: Reserving SSDT table memory at [mem 0x5ee40000-0x5ee40=
fba]
[    0.021807] ACPI: Reserving SSDT table memory at [mem 0x5ee3c000-0x5ee3f=
bc7]
[    0.021807] ACPI: Reserving SSDT table memory at [mem 0x5ee3b000-0x5ee3b=
59a]
[    0.021807] ACPI: Reserving DTPR table memory at [mem 0x5ee38000-0x5ee38=
087]
[    0.021807] ACPI: Reserving SSDT table memory at [mem 0x5eda2000-0x5eda3=
2a5]
[    0.021808] ACPI: Reserving SSDT table memory at [mem 0x5ed5c000-0x5ed5c=
dd7]
[    0.021808] ACPI: Reserving SSDT table memory at [mem 0x5ed5b000-0x5ed5b=
60d]
[    0.021808] ACPI: Reserving TPM2 table memory at [mem 0x5ed5a000-0x5ed5a=
04b]
[    0.021808] ACPI: Reserving SSDT table memory at [mem 0x5ed57000-0x5ed59=
6fa]
[    0.021809] ACPI: Reserving SSDT table memory at [mem 0x5ed4d000-0x5ed56=
d1d]
[    0.021809] ACPI: Reserving ECDT table memory at [mem 0x5ed4c000-0x5ed4c=
052]
[    0.021809] ACPI: Reserving HPET table memory at [mem 0x5ed4a000-0x5ed4a=
037]
[    0.021809] ACPI: Reserving APIC table memory at [mem 0x5ed49000-0x5ed49=
357]
[    0.021809] ACPI: Reserving MCFG table memory at [mem 0x5ed48000-0x5ed48=
03b]
[    0.021810] ACPI: Reserving SSDT table memory at [mem 0x5ecc7000-0x5eccc=
698]
[    0.021810] ACPI: Reserving SSDT table memory at [mem 0x5ecc6000-0x5ecc6=
0f1]
[    0.021810] ACPI: Reserving SSDT table memory at [mem 0x5ecc4000-0x5ecc5=
25b]
[    0.021810] ACPI: Reserving SSDT table memory at [mem 0x5ecbf000-0x5ecc3=
353]
[    0.021811] ACPI: Reserving LPIT table memory at [mem 0x5ecab000-0x5ecab=
0cb]
[    0.021811] ACPI: Reserving WSMT table memory at [mem 0x5ecaa000-0x5ecaa=
027]
[    0.021811] ACPI: Reserving SSDT table memory at [mem 0x5eca2000-0x5eca9=
542]
[    0.021811] ACPI: Reserving DBGP table memory at [mem 0x5eca1000-0x5eca1=
033]
[    0.021812] ACPI: Reserving DBG2 table memory at [mem 0x5eca0000-0x5eca0=
053]
[    0.021812] ACPI: Reserving NHLT table memory at [mem 0x5ec9f000-0x5ec9f=
95f]
[    0.021812] ACPI: Reserving POAT table memory at [mem 0x5ec9e000-0x5ec9e=
054]
[    0.021812] ACPI: Reserving SSDT table memory at [mem 0x5ec88000-0x5ec89=
015]
[    0.021813] ACPI: Reserving BATB table memory at [mem 0x5ee35000-0x5ee35=
049]
[    0.021813] ACPI: Reserving DMAR table memory at [mem 0x5ee34000-0x5ee34=
097]
[    0.021813] ACPI: Reserving SSDT table memory at [mem 0x5ee31000-0x5ee33=
79c]
[    0.021813] ACPI: Reserving FPDT table memory at [mem 0x5ee30000-0x5ee30=
043]
[    0.021814] ACPI: Reserving SSDT table memory at [mem 0x5ee2f000-0x5ee2f=
12d]
[    0.021814] ACPI: Reserving SSDT table memory at [mem 0x5ee2d000-0x5ee2e=
8c5]
[    0.021814] ACPI: Reserving SSDT table memory at [mem 0x5ee27000-0x5ee29=
8d2]
[    0.021814] ACPI: Reserving SDEV table memory at [mem 0x5ee2c000-0x5ee2c=
0bb]
[    0.021815] ACPI: Reserving ASF! table memory at [mem 0x5ee2b000-0x5ee2b=
09f]
[    0.021815] ACPI: Reserving PHAT table memory at [mem 0x5ee26000-0x5ee26=
76b]
[    0.021815] ACPI: Reserving BGRT table memory at [mem 0x5ee25000-0x5ee25=
037]
[    0.021816] ACPI: Reserving UEFI table memory at [mem 0x62e75000-0x62e75=
075]
[    0.021851] APIC: Switched APIC routing to: cluster x2apic
[    0.022050] No NUMA configuration found
[    0.022050] Faking a node at [mem 0x0000000000000000-0x000000107fffffff]
[    0.022053] NODE_DATA(0) allocated [mem 0x1076fd52c0-0x1076ffffff]
[    0.022169] Zone ranges:
[    0.022170]   DMA      [mem 0x0000000000001000-0x0000000000ffffff]
[    0.022171]   DMA32    [mem 0x0000000001000000-0x00000000ffffffff]
[    0.022171]   Normal   [mem 0x0000000100000000-0x000000107fffffff]
[    0.022172]   Device   empty
[    0.022172] Movable zone start for each node
[    0.022173] Early memory node ranges
[    0.022173]   node   0: [mem 0x0000000000001000-0x000000000009ffff]
[    0.022174]   node   0: [mem 0x0000000000100000-0x000000005b52efff]
[    0.022174]   node   0: [mem 0x0000000063fff000-0x0000000063ffffff]
[    0.022175]   node   0: [mem 0x0000000100000000-0x000000107fffffff]
[    0.022177] Initmem setup node 0 [mem 0x0000000000001000-0x000000107ffff=
fff]
[    0.022180] On node 0, zone DMA: 1 pages in unavailable ranges
[    0.022197] On node 0, zone DMA: 96 pages in unavailable ranges
[    0.023925] On node 0, zone DMA32: 35536 pages in unavailable ranges
[    0.092608] On node 0, zone Normal: 16384 pages in unavailable ranges
[    0.093215] ACPI: PM-Timer IO Port: 0x1808
[    0.093220] ACPI: X2APIC_NMI (uid[0xffffffff] high level lint[0x1])
[    0.093253] IOAPIC[0]: apic_id 2, version 32, address 0xfec00000, GSI 0-=
119
[    0.093254] ACPI: INT_SRC_OVR (bus 0 bus_irq 0 global_irq 2 dfl dfl)
[    0.093256] ACPI: INT_SRC_OVR (bus 0 bus_irq 9 global_irq 9 high level)
[    0.093258] ACPI: Using ACPI (MADT) for SMP configuration information
[    0.093259] ACPI: HPET id: 0x8086a201 base: 0xfed00000
[    0.093268] e820: update [mem 0x4f533000-0x4f773fff] usable =3D=3D> rese=
rved
[    0.093273] TSC deadline timer available
[    0.093275] CPU topo: Max. logical packages:   1
[    0.093275] CPU topo: Max. logical dies:       1
[    0.093275] CPU topo: Max. dies per package:   1
[    0.093277] CPU topo: Max. threads per core:   1
[    0.093278] CPU topo: Num. cores per package:    16
[    0.093278] CPU topo: Num. threads per package:  16
[    0.093278] CPU topo: Allowing 16 present CPUs plus 0 hotplug CPUs
[    0.093285] PM: hibernation: Registered nosave memory: [mem 0x00000000-0=
x00000fff]
[    0.093285] PM: hibernation: Registered nosave memory: [mem 0x000a0000-0=
x000fffff]
[    0.093286] PM: hibernation: Registered nosave memory: [mem 0x4f533000-0=
x4f773fff]
[    0.093287] PM: hibernation: Registered nosave memory: [mem 0x54846000-0=
x54846fff]
[    0.093287] PM: hibernation: Registered nosave memory: [mem 0x5b52f000-0=
x63ffefff]
[    0.093288] PM: hibernation: Registered nosave memory: [mem 0x64000000-0=
xffffffff]
[    0.093288] [mem 0x78800000-0xfed1ffff] available for PCI devices
[    0.093289] Booting paravirtualized kernel on bare hardware
[    0.093291] clocksource: refined-jiffies: mask: 0xffffffff max_cycles: 0=
xffffffff, max_idle_ns: 1910969940391419 ns
[    0.096771] setup_percpu: NR_CPUS:8192 nr_cpumask_bits:16 nr_cpu_ids:16 =
nr_node_ids:1
[    0.097151] percpu: Embedded 62 pages/cpu s217088 r8192 d28672 u262144
[    0.097153] pcpu-alloc: s217088 r8192 d28672 u262144 alloc=3D1*2097152
[    0.097154] pcpu-alloc: [0] 00 01 02 03 04 05 06 07 [0] 08 09 10 11 12 1=
3 14 15=20
[    0.097163] Kernel command line: systemd.unified_cgroup_hierarchy=3D1 ke=
rnel.unprivileged_userns_clone=3D1 thunderbolt.dyndbg=3D+p drm.debug=3D0x10=
e log_buf_len=3D32M rd.luks.uuid=3D"3fcd7043-2e72-42fb-84ef-a42a377fbebd" r=
d.luks.options=3Ddiscard,no-read-workqueue,no-write-workqueue,timeout=3D0 r=
oot=3DUUID=3D"4c822bc7-e8c9-4eaa-a480-99294e826ed1" rootflags=3Dx-systemd.d=
evice-timeout=3D0 rw
[    0.101674] Dentry cache hash table entries: 8388608 (order: 14, 6710886=
4 bytes, linear)
[    0.103884] Inode-cache hash table entries: 4194304 (order: 13, 33554432=
 bytes, linear)
[    0.103986] software IO TLB: area num 16.
[    0.112916] Fallback order for Node 0: 0=20
[    0.112919] Built 1 zonelists, mobility grouping on.  Total pages: 16626=
895
[    0.112920] Policy zone: Normal
[    0.113092] mem auto-init: stack:all(zero), heap alloc:on, heap free:off
[    0.189829] SLUB: HWalign=3D64, Order=3D0-3, MinObjects=3D0, CPUs=3D16, =
Nodes=3D1
[    0.197213] ftrace: allocating 56529 entries in 224 pages
[    0.197214] ftrace: allocated 224 pages with 3 groups
[    0.197282] Dynamic Preempt: full
[    0.197328] rcu: Preemptible hierarchical RCU implementation.
[    0.197328] rcu: 	RCU restricting CPUs from NR_CPUS=3D8192 to nr_cpu_ids=
=3D16.
[    0.197329] rcu: 	RCU priority boosting: priority 1 delay 500 ms.
[    0.197330] 	Trampoline variant of Tasks RCU enabled.
[    0.197330] 	Rude variant of Tasks RCU enabled.
[    0.197330] 	Tracing variant of Tasks RCU enabled.
[    0.197331] rcu: RCU calculated value of scheduler-enlistment delay is 1=
00 jiffies.
[    0.197331] rcu: Adjusting geometry for rcu_fanout_leaf=3D16, nr_cpu_ids=
=3D16
[    0.197338] RCU Tasks: Setting shift to 4 and lim to 1 rcu_task_cb_adjus=
t=3D1 rcu_task_cpu_ids=3D16.
[    0.197339] RCU Tasks Rude: Setting shift to 4 and lim to 1 rcu_task_cb_=
adjust=3D1 rcu_task_cpu_ids=3D16.
[    0.197340] RCU Tasks Trace: Setting shift to 4 and lim to 1 rcu_task_cb=
_adjust=3D1 rcu_task_cpu_ids=3D16.
[    0.199580] NR_IRQS: 524544, nr_irqs: 2184, preallocated irqs: 16
[    0.199858] rcu: srcu_init: Setting srcu_struct sizes based on contentio=
n.
[    0.200105] kfence: initialized - using 2097152 bytes for 255 objects at=
 0x(____ptrval____)-0x(____ptrval____)
[    0.200133] Console: colour dummy device 80x25
[    0.200135] printk: legacy console [tty0] enabled
[    0.200164] ACPI: Core revision 20250404
[    0.200464] hpet: HPET dysfunctional in PC10. Force disabled.
[    0.200556] APIC: Switch to symmetric I/O mode setup
[    0.200557] DMAR: Host address width 42
[    0.200558] DMAR: DRHD base: 0x000000fc800000 flags: 0x0
[    0.200565] DMAR: dmar0: reg_base_addr fc800000 ver 7:0 cap c9de008cee69=
0462 ecap 12ca9a00f0ef5e
[    0.200567] DMAR: DRHD base: 0x000000fc801000 flags: 0x1
[    0.200570] DMAR: dmar1: reg_base_addr fc801000 ver 7:0 cap c9de008cee69=
0462 ecap 12ca9a00f0efde
[    0.200572] DMAR: SATC flags: 0x1
[    0.200573] DMAR-IR: IOAPIC id 2 under DRHD base  0xfc801000 IOMMU 1
[    0.200574] DMAR-IR: HPET id 0 under DRHD base 0xfc801000
[    0.200574] DMAR-IR: Queued invalidation will be enabled to support x2ap=
ic and Intr-remapping.
[    0.202128] DMAR-IR: Enabled IRQ remapping in x2apic mode
[    0.206032] clocksource: tsc-early: mask: 0xffffffffffffffff max_cycles:=
 0x6a464ae9873, max_idle_ns: 881590529744 ns
[    0.206037] Calibrating delay loop (skipped), value calculated using tim=
er frequency.. 7372.80 BogoMIPS (lpj=3D3686400)
[    0.206086] CPU0: Thermal monitoring enabled (TM1)
[    0.206088] x86/cpu: User Mode Instruction Prevention (UMIP) activated
[    0.206253] CET detected: Indirect Branch Tracking enabled
[    0.206254] Last level iTLB entries: 4KB 0, 2MB 0, 4MB 0
[    0.206254] Last level dTLB entries: 4KB 0, 2MB 0, 4MB 0, 1GB 0
[    0.206256] process: using mwait in idle threads
[    0.206258] mitigations: Enabled attack vectors: user_kernel, user_user,=
 guest_host, guest_guest, SMT mitigations: auto
[    0.206261] Speculative Store Bypass: Mitigation: Speculative Store Bypa=
ss disabled via prctl
[    0.206262] Spectre V2 : Mitigation: Enhanced / Automatic IBRS
[    0.206262] VMSCAPE: Mitigation: IBPB before exit to userspace
[    0.206263] Spectre V1 : Mitigation: usercopy/swapgs barriers and __user=
 pointer sanitization
[    0.206264] Spectre V2 : mitigation: Enabling conditional Indirect Branc=
h Prediction Barrier
[    0.206271] x86/fpu: Supporting XSAVE feature 0x001: 'x87 floating point=
 registers'
[    0.206272] x86/fpu: Supporting XSAVE feature 0x002: 'SSE registers'
[    0.206272] x86/fpu: Supporting XSAVE feature 0x004: 'AVX registers'
[    0.206272] x86/fpu: Supporting XSAVE feature 0x200: 'Protection Keys Us=
er registers'
[    0.206273] x86/fpu: Supporting XSAVE feature 0x800: 'Control-flow User =
registers'
[    0.206273] x86/fpu: Supporting XSAVE feature 0x1000: 'Control-flow Kern=
el registers (KVM only)'
[    0.206274] x86/fpu: xstate_offset[2]:  576, xstate_sizes[2]:  256
[    0.206274] x86/fpu: xstate_offset[9]:  832, xstate_sizes[9]:    8
[    0.206275] x86/fpu: xstate_offset[11]:  840, xstate_sizes[11]:   16
[    0.206275] x86/fpu: xstate_offset[12]:  856, xstate_sizes[12]:   24
[    0.206275] x86/fpu: Enabled xstate features 0x1a07, context size is 880=
 bytes, using 'compacted' format.
[    0.207035] Freeing SMP alternatives memory: 56K
[    0.207035] pid_max: default: 32768 minimum: 301
[    0.207035] LSM: initializing lsm=3Dcapability,landlock,lockdown,yama,bpf
[    0.207035] landlock: Up and running.
[    0.207035] Yama: becoming mindful.
[    0.207035] LSM support for eBPF active
[    0.207035] Mount-cache hash table entries: 131072 (order: 8, 1048576 by=
tes, linear)
[    0.207035] Mountpoint-cache hash table entries: 131072 (order: 8, 10485=
76 bytes, linear)
[    0.207035] smpboot: CPU0: Intel(R) Core(TM) Ultra 9 285H (family: 0x6, =
model: 0xc5, stepping: 0x2)
[    0.207035] Performance Events: XSAVE Architectural LBR, PEBS fmt5+-base=
line,  AnyThread deprecated, ArrowLake-H Hybrid events, 32-deep LBR, full-w=
idth counters, Intel PMU driver.
[    0.207035] core: cpu_core PMU driver:=20
[    0.207035] ... version:                5
[    0.207035] ... bit width:              48
[    0.207035] ... generic registers:      10
[    0.207035] ... value mask:             0000ffffffffffff
[    0.207035] ... max period:             00007fffffffffff
[    0.207035] ... fixed-purpose events:   4
[    0.207035] ... event mask:             0001000f000003ff
[    0.207035] signal: max sigframe size: 3632
[    0.207035] Estimated ratio of average max frequency by base frequency (=
times 1024): 1411
[    0.207035] rcu: Hierarchical SRCU implementation.
[    0.207035] rcu: 	Max phase no-delay instances is 400.
[    0.207035] Timer migration: 2 hierarchy levels; 8 children per group; 2=
 crossnode level
[    0.207035] NMI watchdog: Enabled. Permanently consumes one hw-PMU count=
er.
[    0.207068] smp: Bringing up secondary CPUs ...
[    0.207114] smpboot: x86: Booting SMP configuration:
[    0.207114] .... node  #0, CPUs:        #1  #2  #3  #4  #5  #6  #7  #8  =
#9 #10 #11 #12 #13 #14 #15
[    0.007013] core: cpu_atom PMU driver:=20
[    0.007013] ... version:                5
[    0.007013] ... bit width:              48
[    0.007013] ... generic registers:      8
[    0.007013] ... value mask:             0000ffffffffffff
[    0.007013] ... max period:             00007fffffffffff
[    0.007013] ... fixed-purpose events:   6
[    0.007013] ... event mask:             00000077000000ff
[    0.007013] core: cpu_lowpower PMU driver:=20
[    0.007013] ... version:                5
[    0.007013] ... bit width:              48
[    0.007013] ... generic registers:      8
[    0.007013] ... value mask:             0000ffffffffffff
[    0.007013] ... max period:             00007fffffffffff
[    0.007013] ... fixed-purpose events:   3
[    0.007013] ... event mask:             00000007000000ff
[    0.214198] smp: Brought up 1 node, 16 CPUs
[    0.214198] smpboot: Total of 16 processors activated (117964.80 BogoMIP=
S)
[    0.215151] Memory: 64924556K/66507580K available (20061K kernel code, 2=
946K rwdata, 16220K rodata, 4692K init, 4880K bss, 1553840K reserved, 0K cm=
a-reserved)
[    0.216674] devtmpfs: initialized
[    0.216674] x86/mm: Memory block size: 2048MB
[    0.217211] ACPI: PM: Registering ACPI NVS region [mem 0x62a2f000-0x63f2=
efff] (22020096 bytes)
[    0.217211] clocksource: jiffies: mask: 0xffffffff max_cycles: 0xfffffff=
f, max_idle_ns: 1911260446275000 ns
[    0.217211] posixtimers hash table entries: 8192 (order: 5, 131072 bytes=
, linear)
[    0.217211] futex hash table entries: 4096 (262144 bytes on 1 NUMA nodes=
, total 256 KiB, linear).
[    0.217211] pinctrl core: initialized pinctrl subsystem
[    0.217310] PM: RTC time: 10:44:01, date: 2025-11-03
[    0.218045] NET: Registered PF_NETLINK/PF_ROUTE protocol family
[    0.218463] DMA: preallocated 4096 KiB GFP_KERNEL pool for atomic alloca=
tions
[    0.218781] DMA: preallocated 4096 KiB GFP_KERNEL|GFP_DMA pool for atomi=
c allocations
[    0.219105] DMA: preallocated 4096 KiB GFP_KERNEL|GFP_DMA32 pool for ato=
mic allocations
[    0.219109] audit: initializing netlink subsys (disabled)
[    0.219129] audit: type=3D2000 audit(1762166641.013:1): state=3Dinitiali=
zed audit_enabled=3D0 res=3D1
[    0.219188] thermal_sys: Registered thermal governor 'fair_share'
[    0.219188] thermal_sys: Registered thermal governor 'bang_bang'
[    0.219189] thermal_sys: Registered thermal governor 'step_wise'
[    0.219190] thermal_sys: Registered thermal governor 'user_space'
[    0.219190] thermal_sys: Registered thermal governor 'power_allocator'
[    0.219199] cpuidle: using governor ladder
[    0.219201] cpuidle: using governor menu
[    0.219129] acpiphp: ACPI Hot Plug PCI Controller Driver version: 0.5
[    0.219445] PCI: ECAM [mem 0xc0000000-0xcfffffff] (base 0xc0000000) for =
domain 0000 [bus 00-ff]
[    0.219459] PCI: Using configuration type 1 for base access
[    0.219522] kprobes: kprobe jump-optimization is enabled. All kprobes ar=
e optimized if possible.
[    0.219522] HugeTLB: registered 1.00 GiB page size, pre-allocated 0 pages
[    0.219522] HugeTLB: 16380 KiB vmemmap can be freed for a 1.00 GiB page
[    0.219522] HugeTLB: registered 2.00 MiB page size, pre-allocated 0 pages
[    0.219522] HugeTLB: 28 KiB vmemmap can be freed for a 2.00 MiB page
[    0.220725] raid6: skipped pq benchmark and selected avx2x4
[    0.220728] raid6: using avx2x2 recovery algorithm
[    0.220778] ACPI: Added _OSI(Module Device)
[    0.220778] ACPI: Added _OSI(Processor Device)
[    0.220778] ACPI: Added _OSI(Processor Aggregator Device)
[    0.347323] ACPI: 27 ACPI AML tables successfully acquired and loaded
[    0.349131] ACPI: EC: EC started
[    0.349132] ACPI: EC: interrupt blocked
[    0.349994] ACPI: EC: EC_CMD/EC_SC=3D0x66, EC_DATA=3D0x62
[    0.349995] ACPI: EC: Boot ECDT EC used to handle transactions
[    0.352240] ACPI: [Firmware Bug]: BIOS _OSI(Linux) query ignored
[    0.474768] ACPI: USB4 _OSC: OS supports USB3+ DisplayPort+ PCIe+ XDomai=
n+
[    0.474770] ACPI: USB4 _OSC: OS controls USB3+ DisplayPort+ PCIe+ XDomai=
n+
[    0.478200] ACPI: Interpreter enabled
[    0.478266] ACPI: PM: (supports S0 S4 S5)
[    0.478267] ACPI: Using IOAPIC for interrupt routing
[    0.479998] PCI: Using host bridge windows from ACPI; if necessary, use =
"pci=3Dnocrs" and report a bug
[    0.479999] PCI: Ignoring E820 reservations for host bridge windows
[    0.480682] ACPI: Enabled 16 GPEs in block 00 to 7F
[    0.480702] ACPI: Enabled 8 GPEs in block 80 to DF
[    0.483180] ACPI: \_SB_.PC00.LPCB.EC__.PUBS: New power resource
[    0.486038] ACPI: \_SB_.PC00.XHCI.RHUB.HS08.WWPR: New power resource
[    0.486462] ACPI: \_SB_.PC00.XHCI.RHUB.HS10.BTRT: New power resource
[    0.486587] ACPI: \_SB_.PC00.XHCI.RHUB.HS10.DBTR: New power resource
[    0.498716] ACPI: \_SB_.PC00.CNVW.WRST: New power resource
[    0.504296] ACPI: \_SB_.PC00.RP07.PXP_: New power resource
[    0.508638] ACPI: \_SB_.PC00.RP10.PXP_: New power resource
[    0.510761] ACPI: \_SB_.PC00.RP11.PXP_: New power resource
[    0.525860] ACPI: \_SB_.PC00.RP12.PG00: New power resource
[    0.547042] ACPI: \_SB_.PC00.TBT0: New power resource
[    0.547174] ACPI: \_SB_.PC00.TBT1: New power resource
[    0.547303] ACPI: \_SB_.PC00.D3C_: New power resource
[    0.574451] ACPI: \PIN_: New power resource
[    0.574467] ACPI: \PINP: New power resource
[    0.575002] ACPI: PCI Root Bridge [PC00] (domain 0000 [bus 00-fe])
[    0.575009] acpi PNP0A08:00: _OSC: OS supports [ExtendedConfig ASPM Cloc=
kPM Segments MSI EDR HPX-Type3]
[    0.576812] acpi PNP0A08:00: _OSC: OS now controls [PCIeHotplug SHPCHotp=
lug PME AER PCIeCapability LTR DPC]
[    0.580397] PCI host bridge to bus 0000:00
[    0.580401] pci_bus 0000:00: root bus resource [io  0x0000-0x0cf7 window]
[    0.580403] pci_bus 0000:00: root bus resource [io  0x0d00-0xffff window]
[    0.580405] pci_bus 0000:00: root bus resource [mem 0x000a0000-0x000bfff=
f window]
[    0.580406] pci_bus 0000:00: root bus resource [mem 0x80000000-0xbffffff=
f window]
[    0.580407] pci_bus 0000:00: root bus resource [mem 0x4000000000-0x3ffbf=
ffffff window]
[    0.580408] pci_bus 0000:00: root bus resource [bus 00-fe]
[    0.581658] pci 0000:00:00.0: [8086:7d06] type 00 class 0x060000 convent=
ional PCI endpoint
[    0.581802] pci 0000:00:01.0: [8086:7ecc] type 01 class 0x060400 PCIe Ro=
ot Port
[    0.581822] pci 0000:00:01.0: PCI bridge to [bus 01]
[    0.581825] pci 0000:00:01.0:   bridge window [io  0x3000-0x3fff]
[    0.581828] pci 0000:00:01.0:   bridge window [mem 0x88000000-0x8bffffff]
[    0.581835] pci 0000:00:01.0:   bridge window [mem 0x4000000000-0x4201ff=
ffff 64bit pref]
[    0.581899] pci 0000:00:01.0: PME# supported from D0 D3hot D3cold
[    0.581937] pci 0000:00:01.0: PTM enabled (root), 4ns granularity
[    0.583128] pci 0000:00:02.0: [8086:7d51] type 00 class 0x030000 PCIe Ro=
ot Complex Integrated Endpoint
[    0.583155] pci 0000:00:02.0: BAR 0 [mem 0x5248000000-0x5248ffffff 64bit=
 pref]
[    0.583158] pci 0000:00:02.0: BAR 2 [mem 0x4210000000-0x421fffffff 64bit=
 pref]
[    0.583178] pci 0000:00:02.0: DMAR: Skip IOMMU disabling for graphics
[    0.583181] pci 0000:00:02.0: Video device with shadowed ROM at [mem 0x0=
00c0000-0x000dffff]
[    0.583217] pci 0000:00:02.0: PME# supported from D0 D3hot
[    0.583243] pci 0000:00:02.0: VF BAR 0 [mem 0x00000000-0x00ffffff 64bit =
pref]
[    0.583244] pci 0000:00:02.0: VF BAR 0 [mem 0x00000000-0x06ffffff 64bit =
pref]: contains BAR 0 for 7 VFs
[    0.583432] pci 0000:00:04.0: [8086:7d03] type 00 class 0x118000 convent=
ional PCI endpoint
[    0.583468] pci 0000:00:04.0: BAR 0 [mem 0x5249c80000-0x5249c9ffff 64bit]
[    0.583886] pci 0000:00:06.0: [8086:774d] type 01 class 0x060400 PCIe Ro=
ot Port
[    0.583910] pci 0000:00:06.0: PCI bridge to [bus 04]
[    0.583918] pci 0000:00:06.0:   bridge window [mem 0x98c00000-0x98cfffff]
[    0.584004] pci 0000:00:06.0: PME# supported from D0 D3hot D3cold
[    0.584051] pci 0000:00:06.0: PTM enabled (root), 4ns granularity
[    0.585290] pci 0000:00:06.2: [8086:7ecb] type 01 class 0x060400 PCIe Ro=
ot Port
[    0.585313] pci 0000:00:06.2: PCI bridge to [bus 88-d8]
[    0.585318] pci 0000:00:06.2:   bridge window [mem 0x80000000-0x87ffffff]
[    0.585327] pci 0000:00:06.2:   bridge window [mem 0x4220000000-0x521fef=
ffff 64bit pref]
[    0.585401] pci 0000:00:06.2: PME# supported from D0 D3hot D3cold
[    0.586650] pci 0000:00:07.0: [8086:7ec4] type 01 class 0x060400 PCIe Ro=
ot Port
[    0.586674] pci 0000:00:07.0: PCI bridge to [bus 20-49]
[    0.586679] pci 0000:00:07.0:   bridge window [mem 0x8c000000-0x981fffff]
[    0.586688] pci 0000:00:07.0:   bridge window [mem 0x5220000000-0x523bff=
ffff 64bit pref]
[    0.586795] pci 0000:00:07.0: PME# supported from D0 D3hot D3cold
[    0.586829] pci 0000:00:07.0: PTM enabled (root), 4ns granularity
[    0.588121] pci 0000:00:08.0: [8086:774c] type 00 class 0x088000 convent=
ional PCI endpoint
[    0.588155] pci 0000:00:08.0: BAR 0 [mem 0x5249cd3000-0x5249cd3fff 64bit]
[    0.588264] pci 0000:00:0a.0: [8086:7d0d] type 00 class 0x118000 PCIe Ro=
ot Complex Integrated Endpoint
[    0.588284] pci 0000:00:0a.0: BAR 0 [mem 0x5249c40000-0x5249c7ffff 64bit]
[    0.588290] pci 0000:00:0a.0: enabling Extended Tags
[    0.588359] pci 0000:00:0b.0: [8086:7d1d] type 00 class 0x120000 PCIe Ro=
ot Complex Integrated Endpoint
[    0.588382] pci 0000:00:0b.0: BAR 0 [mem 0x5240000000-0x5247ffffff 64bit]
[    0.588385] pci 0000:00:0b.0: BAR 4 [mem 0x5249cd2000-0x5249cd2fff 64bit]
[    0.588487] pci 0000:00:0d.0: [8086:7ec0] type 00 class 0x0c0330 convent=
ional PCI endpoint
[    0.588518] pci 0000:00:0d.0: BAR 0 [mem 0x5249cb0000-0x5249cbffff 64bit]
[    0.588557] pci 0000:00:0d.0: PME# supported from D3hot D3cold
[    0.589643] pci 0000:00:0d.2: [8086:7ec2] type 00 class 0x0c0340 convent=
ional PCI endpoint
[    0.589675] pci 0000:00:0d.2: BAR 0 [mem 0x5249c00000-0x5249c3ffff 64bit]
[    0.589678] pci 0000:00:0d.2: BAR 2 [mem 0x5249cd1000-0x5249cd1fff 64bit]
[    0.589709] pci 0000:00:0d.2: supports D1 D2
[    0.589710] pci 0000:00:0d.2: PME# supported from D0 D1 D2 D3hot D3cold
[    0.589886] pci 0000:00:14.0: [8086:777d] type 00 class 0x0c0330 convent=
ional PCI endpoint
[    0.589919] pci 0000:00:14.0: BAR 0 [mem 0x5249ca0000-0x5249caffff 64bit]
[    0.589955] pci 0000:00:14.0: PME# supported from D3hot D3cold
[    0.591049] pci 0000:00:14.2: [8086:777f] type 00 class 0x050000 convent=
ional PCI endpoint
[    0.591091] pci 0000:00:14.2: BAR 0 [mem 0x5249cc8000-0x5249ccbfff 64bit]
[    0.591094] pci 0000:00:14.2: BAR 2 [mem 0x5249cd0000-0x5249cd0fff 64bit]
[    0.591188] pci 0000:00:14.3: [8086:7740] type 00 class 0x028000 PCIe Ro=
ot Complex Integrated Endpoint
[    0.591219] pci 0000:00:14.3: BAR 0 [mem 0x5249cc4000-0x5249cc7fff 64bit]
[    0.591230] pci 0000:00:14.3: enabling Extended Tags
[    0.591270] pci 0000:00:14.3: PME# supported from D0 D3hot D3cold
[    0.591538] pci 0000:00:15.0: [8086:7778] type 00 class 0x0c8000 convent=
ional PCI endpoint
[    0.591587] pci 0000:00:15.0: BAR 0 [mem 0x00000000-0x00000fff 64bit]
[    0.601381] pci 0000:00:16.0: [8086:7770] type 00 class 0x078000 convent=
ional PCI endpoint
[    0.601425] pci 0000:00:16.0: BAR 0 [mem 0x5249cce000-0x5249ccefff 64bit]
[    0.601472] pci 0000:00:16.0: PME# supported from D3hot
[    0.602838] pci 0000:00:19.0: [8086:7750] type 00 class 0x0c8000 convent=
ional PCI endpoint
[    0.602886] pci 0000:00:19.0: BAR 0 [mem 0x00000000-0x00000fff 64bit]
[    0.613378] pci 0000:00:1c.0: [8086:7738] type 01 class 0x060400 PCIe Ro=
ot Port
[    0.613398] pci 0000:00:1c.0: PCI bridge to [bus 0b]
[    0.613401] pci 0000:00:1c.0:   bridge window [io  0x2000-0x2fff]
[    0.613404] pci 0000:00:1c.0:   bridge window [mem 0x98200000-0x98bfffff]
[    0.613411] pci 0000:00:1c.0:   bridge window [mem 0x5249200000-0x5249bf=
ffff 64bit pref]
[    0.613467] pci 0000:00:1c.0: PME# supported from D0 D3hot D3cold
[    0.613496] pci 0000:00:1c.0: PTM enabled (root), 4ns granularity
[    0.614699] pci 0000:00:1f.0: [8086:7702] type 00 class 0x060100 convent=
ional PCI endpoint
[    0.615202] pci 0000:00:1f.3: [8086:7728] type 00 class 0x040100 convent=
ional PCI endpoint
[    0.615300] pci 0000:00:1f.3: BAR 0 [mem 0x5249cc0000-0x5249cc3fff 64bit]
[    0.615311] pci 0000:00:1f.3: BAR 4 [mem 0x5249000000-0x52491fffff 64bit]
[    0.615416] pci 0000:00:1f.3: PME# supported from D3hot D3cold
[    0.615562] pci 0000:00:1f.4: [8086:7722] type 00 class 0x0c0500 convent=
ional PCI endpoint
[    0.615605] pci 0000:00:1f.4: BAR 0 [mem 0x5249ccc000-0x5249ccc0ff 64bit]
[    0.615613] pci 0000:00:1f.4: BAR 4 [io  0xefa0-0xefbf]
[    0.615953] pci 0000:00:1f.5: [8086:7723] type 00 class 0x0c8000 convent=
ional PCI endpoint
[    0.616061] pci 0000:00:1f.5: BAR 0 [mem 0xfe010000-0xfe010fff]
[    0.616184] pci 0000:01:00.0: [10de:2d39] type 00 class 0x030000 PCIe Le=
gacy Endpoint
[    0.616218] pci 0000:01:00.0: BAR 0 [mem 0x88000000-0x8bffffff]
[    0.616220] pci 0000:01:00.0: BAR 1 [mem 0x4000000000-0x41ffffffff 64bit=
 pref]
[    0.616223] pci 0000:01:00.0: BAR 3 [mem 0x4200000000-0x4201ffffff 64bit=
 pref]
[    0.616225] pci 0000:01:00.0: BAR 5 [io  0x3000-0x307f]
[    0.616227] pci 0000:01:00.0: ROM [mem 0xfff80000-0xffffffff pref]
[    0.616258] pci 0000:01:00.0: Enabling HDA controller
[    0.616319] pci 0000:01:00.0: PME# supported from D0 D3hot
[    0.616428] pci 0000:01:00.0: 252.056 Gb/s available PCIe bandwidth, lim=
ited by 32.0 GT/s PCIe x8 link at 0000:00:01.0 (capable of 504.112 Gb/s wit=
h 32.0 GT/s PCIe x16 link)
[    0.616614] pci 0000:00:01.0: PCI bridge to [bus 01]
[    0.616930] pci 0000:04:00.0: [144d:a80a] type 00 class 0x010802 PCIe En=
dpoint
[    0.616970] pci 0000:04:00.0: BAR 0 [mem 0x98c00000-0x98c03fff 64bit]
[    0.617452] pci 0000:00:06.0: PCI bridge to [bus 04]
[    0.617519] pci 0000:88:00.0: [8086:5780] type 01 class 0x060400 PCIe Sw=
itch Upstream Port
[    0.617549] pci 0000:88:00.0: PCI bridge to [bus 89-d8]
[    0.617558] pci 0000:88:00.0:   bridge window [mem 0x80000000-0x87efffff]
[    0.617569] pci 0000:88:00.0:   bridge window [mem 0x4220000000-0x521fef=
ffff 64bit pref]
[    0.617582] pci 0000:88:00.0: enabling Extended Tags
[    0.617693] pci 0000:88:00.0: supports D1 D2
[    0.617694] pci 0000:88:00.0: PME# supported from D0 D1 D2 D3hot D3cold
[    0.617999] pci 0000:00:06.2: PCI bridge to [bus 88-d8]
[    0.618090] pci 0000:89:00.0: [8086:5780] type 01 class 0x060400 PCIe Sw=
itch Downstream Port
[    0.618119] pci 0000:89:00.0: PCI bridge to [bus 8a]
[    0.618138] pci 0000:89:00.0:   bridge window [mem 0x521fe00000-0x521fef=
ffff 64bit pref]
[    0.618153] pci 0000:89:00.0: enabling Extended Tags
[    0.618257] pci 0000:89:00.0: supports D1 D2
[    0.618258] pci 0000:89:00.0: PME# supported from D0 D1 D2 D3hot D3cold
[    0.618476] pci 0000:89:01.0: [8086:5780] type 01 class 0x060400 PCIe Sw=
itch Downstream Port
[    0.618505] pci 0000:89:01.0: PCI bridge to [bus 8b-b0]
[    0.618514] pci 0000:89:01.0:   bridge window [mem 0x84000000-0x87efffff]
[    0.618538] pci 0000:89:01.0: enabling Extended Tags
[    0.618649] pci 0000:89:01.0: supports D1 D2
[    0.618650] pci 0000:89:01.0: PME# supported from D0 D1 D2 D3hot D3cold
[    0.618865] pci 0000:89:02.0: [8086:5780] type 01 class 0x060400 PCIe Sw=
itch Downstream Port
[    0.618894] pci 0000:89:02.0: PCI bridge to [bus b1]
[    0.618903] pci 0000:89:02.0:   bridge window [mem 0x83f00000-0x83ffffff]
[    0.618927] pci 0000:89:02.0: enabling Extended Tags
[    0.619032] pci 0000:89:02.0: supports D1 D2
[    0.619033] pci 0000:89:02.0: PME# supported from D0 D1 D2 D3hot D3cold
[    0.619248] pci 0000:89:03.0: [8086:5780] type 01 class 0x060400 PCIe Sw=
itch Downstream Port
[    0.619277] pci 0000:89:03.0: PCI bridge to [bus b2-d8]
[    0.619286] pci 0000:89:03.0:   bridge window [mem 0x80000000-0x83efffff]
[    0.619311] pci 0000:89:03.0: enabling Extended Tags
[    0.619422] pci 0000:89:03.0: supports D1 D2
[    0.619423] pci 0000:89:03.0: PME# supported from D0 D1 D2 D3hot D3cold
[    0.619644] pci 0000:88:00.0: PCI bridge to [bus 89-d8]
[    0.619729] pci 0000:8a:00.0: [8086:5781] type 00 class 0x0c0340 PCIe En=
dpoint
[    0.619777] pci 0000:8a:00.0: BAR 0 [mem 0x521fe00000-0x521fe3ffff 64bit=
 pref]
[    0.619780] pci 0000:8a:00.0: BAR 2 [mem 0x521fe40000-0x521fe40fff 64bit=
 pref]
[    0.619792] pci 0000:8a:00.0: enabling Extended Tags
[    0.619881] pci 0000:8a:00.0: supports D1 D2
[    0.619882] pci 0000:8a:00.0: PME# supported from D0 D1 D2 D3hot D3cold
[    0.620070] pci 0000:89:00.0: PCI bridge to [bus 8a]
[    0.620122] pci 0000:89:01.0: PCI bridge to [bus 8b-b0]
[    0.620209] pci 0000:b1:00.0: [8086:5782] type 00 class 0x0c0330 PCIe En=
dpoint
[    0.620256] pci 0000:b1:00.0: BAR 0 [mem 0x83f00000-0x83f0ffff 64bit]
[    0.620271] pci 0000:b1:00.0: enabling Extended Tags
[    0.620340] pci 0000:b1:00.0: PME# supported from D3hot D3cold
[    0.620470] pci 0000:89:02.0: PCI bridge to [bus b1]
[    0.620523] pci 0000:89:03.0: PCI bridge to [bus b2-d8]
[    0.620604] pci 0000:00:07.0: PCI bridge to [bus 20-49]
[    0.620667] pci 0000:0b:00.0: [10ec:5261] type 00 class 0xff0000 PCIe En=
dpoint
[    0.620720] pci 0000:0b:00.0: BAR 0 [mem 0x98200000-0x98200fff]
[    0.620815] pci 0000:0b:00.0: supports D1 D2
[    0.620816] pci 0000:0b:00.0: PME# supported from D1 D2 D3hot D3cold
[    0.620995] pci 0000:00:1c.0: PCI bridge to [bus 0b]
[    0.627032] ACPI: \_SB_.PEPD: Duplicate LPS0 _DSM functions (mask: 0x1)
[    0.793781] Low-power S0 idle used by default for system suspend
[    0.796627] ACPI: EC: interrupt unblocked
[    0.796629] ACPI: EC: event unblocked
[    0.796644] ACPI: EC: EC_CMD/EC_SC=3D0x66, EC_DATA=3D0x62
[    0.796645] ACPI: EC: GPE=3D0x6e
[    0.796646] ACPI: \_SB_.PC00.LPCB.EC__: Boot ECDT EC initialization comp=
lete
[    0.796648] ACPI: \_SB_.PC00.LPCB.EC__: EC: Used to handle transactions =
and events
[    0.796734] iommu: Default domain type: Translated
[    0.796734] iommu: DMA domain TLB invalidation policy: lazy mode
[    0.797094] SCSI subsystem initialized
[    0.797099] libata version 3.00 loaded.
[    0.797099] ACPI: bus type USB registered
[    0.797099] usbcore: registered new interface driver usbfs
[    0.797099] usbcore: registered new interface driver hub
[    0.797106] usbcore: registered new device driver usb
[    0.797140] EDAC MC: Ver: 3.0.0
[    0.797521] efivars: Registered efivars operations
[    0.797521] NetLabel: Initializing
[    0.797521] NetLabel:  domain hash size =3D 128
[    0.797521] NetLabel:  protocols =3D UNLABELED CIPSOv4 CALIPSO
[    0.797521] NetLabel:  unlabeled traffic allowed by default
[    0.797521] mctp: management component transport protocol core
[    0.797521] NET: Registered PF_MCTP protocol family
[    0.797521] PCI: Using ACPI for IRQ routing
[    0.807973] PCI: pci_cache_line_size set to 64 bytes
[    0.809097] pci 0000:00:1f.5: BAR 0 [mem 0xfe010000-0xfe010fff]: can't c=
laim; no compatible bridge window
[    0.809388] e820: reserve RAM buffer [mem 0x4f533000-0x4fffffff]
[    0.809390] e820: reserve RAM buffer [mem 0x54846000-0x57ffffff]
[    0.809391] e820: reserve RAM buffer [mem 0x5b52f000-0x5bffffff]
[    0.809414] pci 0000:00:02.0: vgaarb: setting as boot VGA device
[    0.809414] pci 0000:00:02.0: vgaarb: bridge control possible
[    0.809414] pci 0000:00:02.0: vgaarb: VGA device added: decodes=3Dio+mem=
,owns=3Dio+mem,locks=3Dnone
[    0.809414] pci 0000:01:00.0: vgaarb: bridge control possible
[    0.809414] pci 0000:01:00.0: vgaarb: VGA device added: decodes=3Dio+mem=
,owns=3Dnone,locks=3Dnone
[    0.809414] vgaarb: loaded
[    0.809414] Monitor-Mwait will be used to enter C-1 state
[    0.809414] Monitor-Mwait will be used to enter C-2 state
[    0.809414] Monitor-Mwait will be used to enter C-3 state
[    0.811152] clocksource: Switched to clocksource tsc-early
[    0.811283] VFS: Disk quotas dquot_6.6.0
[    0.811290] VFS: Dquot-cache hash table entries: 512 (order 0, 4096 byte=
s)
[    0.811975] pnp: PnP ACPI init
[    0.813921] system 00:00: [io  0x0680-0x069f] has been reserved
[    0.813925] system 00:00: [io  0x164e-0x164f] has been reserved
[    0.814061] system 00:01: [io  0x1854-0x1857] has been reserved
[    0.814172] system 00:04: [io  0x1800-0x189f] could not be reserved
[    0.814173] system 00:04: [io  0x0800-0x087f] has been reserved
[    0.814174] system 00:04: [io  0x0880-0x08ff] has been reserved
[    0.814175] system 00:04: [io  0x0900-0x097f] has been reserved
[    0.814176] system 00:04: [io  0x0980-0x09ff] has been reserved
[    0.814177] system 00:04: [io  0x0a00-0x0a7f] has been reserved
[    0.814178] system 00:04: [io  0x0a80-0x0aff] has been reserved
[    0.814179] system 00:04: [io  0x0b00-0x0b7f] has been reserved
[    0.814180] system 00:04: [io  0x0b80-0x0bff] has been reserved
[    0.814181] system 00:04: [io  0x15e0-0x15ef] has been reserved
[    0.814182] system 00:04: [io  0x1600-0x167f] could not be reserved
[    0.814183] system 00:04: [io  0x1640-0x165f] could not be reserved
[    0.814185] system 00:04: [mem 0xc0000000-0xcfffffff] has been reserved
[    0.814187] system 00:04: [mem 0xfed10000-0xfed13fff] has been reserved
[    0.814188] system 00:04: [mem 0xfed18000-0xfed18fff] has been reserved
[    0.814189] system 00:04: [mem 0xfed19000-0xfed19fff] has been reserved
[    0.814191] system 00:04: [mem 0xfeb00000-0xfebfffff] has been reserved
[    0.814193] system 00:04: [mem 0xfed20000-0xfed3ffff] has been reserved
[    0.814194] system 00:04: [mem 0xfed90000-0xfed93fff] has been reserved
[    0.815028] pnp 00:05: disabling [mem 0x00000000-0x00000fff] because it =
overlaps 0000:00:02.0 BAR 7 [mem 0x00000000-0x06ffffff 64bit pref]
[    0.815031] pnp 00:05: disabling [mem 0x00000000-0x00000fff] because it =
overlaps 0000:00:02.0 BAR 7 [mem 0x00000000-0x06ffffff 64bit pref]
[    0.815052] system 00:05: [mem 0xfedc0000-0xfedc7fff] has been reserved
[    0.815054] system 00:05: [mem 0xc0000000-0xcfffffff] has been reserved
[    0.815055] system 00:05: [mem 0xfed20000-0xfed7ffff] could not be reser=
ved
[    0.815056] system 00:05: [mem 0xfc800000-0xfc81ffff] could not be reser=
ved
[    0.815057] system 00:05: [mem 0xfed45000-0xfed8ffff] could not be reser=
ved
[    0.815058] system 00:05: [mem 0xfee00000-0xfeefffff] has been reserved
[    0.816221] system 00:06: [io  0xff00-0xfffe] has been reserved
[    0.816926] pnp 00:08: disabling [mem 0x000c0000-0x000c3fff] because it =
overlaps 0000:00:02.0 BAR 6 [mem 0x000c0000-0x000dffff]
[    0.816928] pnp 00:08: disabling [mem 0x000c8000-0x000cbfff] because it =
overlaps 0000:00:02.0 BAR 6 [mem 0x000c0000-0x000dffff]
[    0.816930] pnp 00:08: disabling [mem 0x000d0000-0x000d3fff] because it =
overlaps 0000:00:02.0 BAR 6 [mem 0x000c0000-0x000dffff]
[    0.816931] pnp 00:08: disabling [mem 0x000d8000-0x000dbfff] because it =
overlaps 0000:00:02.0 BAR 6 [mem 0x000c0000-0x000dffff]
[    0.816932] pnp 00:08: disabling [mem 0x00000000-0x0009ffff] because it =
overlaps 0000:00:02.0 BAR 7 [mem 0x00000000-0x06ffffff 64bit pref]
[    0.816934] pnp 00:08: disabling [mem 0x000c0000-0x000c3fff disabled] be=
cause it overlaps 0000:00:02.0 BAR 7 [mem 0x00000000-0x06ffffff 64bit pref]
[    0.816935] pnp 00:08: disabling [mem 0x000c8000-0x000cbfff disabled] be=
cause it overlaps 0000:00:02.0 BAR 7 [mem 0x00000000-0x06ffffff 64bit pref]
[    0.816936] pnp 00:08: disabling [mem 0x000d0000-0x000d3fff disabled] be=
cause it overlaps 0000:00:02.0 BAR 7 [mem 0x00000000-0x06ffffff 64bit pref]
[    0.816938] pnp 00:08: disabling [mem 0x000d8000-0x000dbfff disabled] be=
cause it overlaps 0000:00:02.0 BAR 7 [mem 0x00000000-0x06ffffff 64bit pref]
[    0.816939] pnp 00:08: disabling [mem 0x000e0000-0x000e3fff] because it =
overlaps 0000:00:02.0 BAR 7 [mem 0x00000000-0x06ffffff 64bit pref]
[    0.816940] pnp 00:08: disabling [mem 0x000e8000-0x000ebfff] because it =
overlaps 0000:00:02.0 BAR 7 [mem 0x00000000-0x06ffffff 64bit pref]
[    0.816941] pnp 00:08: disabling [mem 0x000f0000-0x000fffff] because it =
overlaps 0000:00:02.0 BAR 7 [mem 0x00000000-0x06ffffff 64bit pref]
[    0.816942] pnp 00:08: disabling [mem 0x00100000-0x7fffffff] because it =
overlaps 0000:00:02.0 BAR 7 [mem 0x00000000-0x06ffffff 64bit pref]
[    0.816961] system 00:08: [mem 0xfec00000-0xfed3ffff] could not be reser=
ved
[    0.816962] system 00:08: [mem 0xfed4c000-0xffffffff] could not be reser=
ved
[    0.817173] pnp: PnP ACPI: found 9 devices
[    0.822847] clocksource: acpi_pm: mask: 0xffffff max_cycles: 0xffffff, m=
ax_idle_ns: 2085701024 ns
[    0.822901] NET: Registered PF_INET protocol family
[    0.823126] IP idents hash table entries: 262144 (order: 9, 2097152 byte=
s, linear)
[    0.837489] tcp_listen_portaddr_hash hash table entries: 32768 (order: 7=
, 524288 bytes, linear)
[    0.837534] Table-perturb hash table entries: 65536 (order: 6, 262144 by=
tes, linear)
[    0.837948] TCP established hash table entries: 524288 (order: 10, 41943=
04 bytes, linear)
[    0.838421] TCP bind hash table entries: 65536 (order: 9, 2097152 bytes,=
 linear)
[    0.838509] TCP: Hash tables configured (established 524288 bind 65536)
[    0.838788] MPTCP token hash table entries: 65536 (order: 8, 1572864 byt=
es, linear)
[    0.839062] UDP hash table entries: 32768 (order: 9, 2097152 bytes, line=
ar)
[    0.839365] UDP-Lite hash table entries: 32768 (order: 9, 2097152 bytes,=
 linear)
[    0.839530] NET: Registered PF_UNIX/PF_LOCAL protocol family
[    0.839537] NET: Registered PF_XDP protocol family
[    0.839543] pci 0000:01:00.0: ROM [mem 0xfff80000-0xffffffff pref]: can'=
t claim; no compatible bridge window
[    0.839553] pci 0000:89:01.0: bridge window [io  0x1000-0x0fff] to [bus =
8b-b0] add_size 1000
[    0.839556] pci 0000:89:01.0: bridge window [mem 0x00100000-0x000fffff 6=
4bit pref] to [bus 8b-b0] add_size 200000 add_align 100000
[    0.839560] pci 0000:89:03.0: bridge window [io  0x1000-0x0fff] to [bus =
b2-d8] add_size 1000
[    0.839561] pci 0000:89:03.0: bridge window [mem 0x00100000-0x000fffff 6=
4bit pref] to [bus b2-d8] add_size 200000 add_align 100000
[    0.839563] pci 0000:88:00.0: bridge window [io  0x1000-0x0fff] to [bus =
89-d8] add_size 2000
[    0.839565] pci 0000:00:06.2: bridge window [io  0x1000-0x0fff] to [bus =
88-d8] add_size 2000
[    0.839567] pci 0000:00:07.0: bridge window [io  0x1000-0x0fff] to [bus =
20-49] add_size 1000
[    0.839581] pci 0000:00:02.0: VF BAR 0 [mem 0x4202000000-0x4208ffffff 64=
bit pref]: assigned
[    0.839587] pci 0000:00:06.2: bridge window [io  0x4000-0x5fff]: assigned
[    0.839589] pci 0000:00:07.0: bridge window [io  0x6000-0x6fff]: assigned
[    0.839591] pci 0000:00:15.0: BAR 0 [mem 0x4209000000-0x4209000fff 64bit=
]: assigned
[    0.839602] pci 0000:00:19.0: BAR 0 [mem 0x4209001000-0x4209001fff 64bit=
]: assigned
[    0.839616] pci 0000:00:1f.5: BAR 0 [mem 0x98d00000-0x98d00fff]: assigned
[    0.839628] pci 0000:01:00.0: ROM [mem size 0x00080000 pref]: can't assi=
gn; no space
[    0.839629] pci 0000:01:00.0: ROM [mem size 0x00080000 pref]: failed to =
assign
[    0.839631] pci 0000:00:01.0: PCI bridge to [bus 01]
[    0.839633] pci 0000:00:01.0:   bridge window [io  0x3000-0x3fff]
[    0.839637] pci 0000:00:01.0:   bridge window [mem 0x88000000-0x8bffffff]
[    0.839639] pci 0000:00:01.0:   bridge window [mem 0x4000000000-0x4201ff=
ffff 64bit pref]
[    0.839644] pci 0000:00:06.0: PCI bridge to [bus 04]
[    0.839686] pci 0000:00:06.0:   bridge window [mem 0x98c00000-0x98cfffff]
[    0.839695] pci 0000:88:00.0: bridge window [io  0x4000-0x5fff]: assigned
[    0.839697] pci 0000:89:01.0: bridge window [mem 0x4220000000-0x42201fff=
ff 64bit pref]: assigned
[    0.839699] pci 0000:89:03.0: bridge window [mem 0x4220200000-0x42203fff=
ff 64bit pref]: assigned
[    0.839700] pci 0000:89:01.0: bridge window [io  0x4000-0x4fff]: assigned
[    0.839701] pci 0000:89:03.0: bridge window [io  0x5000-0x5fff]: assigned
[    0.839702] pci 0000:89:00.0: PCI bridge to [bus 8a]
[    0.839709] pci 0000:89:00.0:   bridge window [mem 0x521fe00000-0x521fef=
ffff 64bit pref]
[    0.839715] pci 0000:89:01.0: PCI bridge to [bus 8b-b0]
[    0.839717] pci 0000:89:01.0:   bridge window [io  0x4000-0x4fff]
[    0.839721] pci 0000:89:01.0:   bridge window [mem 0x84000000-0x87efffff]
[    0.839725] pci 0000:89:01.0:   bridge window [mem 0x4220000000-0x42201f=
ffff 64bit pref]
[    0.839731] pci 0000:89:02.0: PCI bridge to [bus b1]
[    0.839735] pci 0000:89:02.0:   bridge window [mem 0x83f00000-0x83ffffff]
[    0.839744] pci 0000:89:03.0: PCI bridge to [bus b2-d8]
[    0.839746] pci 0000:89:03.0:   bridge window [io  0x5000-0x5fff]
[    0.839750] pci 0000:89:03.0:   bridge window [mem 0x80000000-0x83efffff]
[    0.839753] pci 0000:89:03.0:   bridge window [mem 0x4220200000-0x42203f=
ffff 64bit pref]
[    0.839759] pci 0000:88:00.0: PCI bridge to [bus 89-d8]
[    0.839761] pci 0000:88:00.0:   bridge window [io  0x4000-0x5fff]
[    0.839765] pci 0000:88:00.0:   bridge window [mem 0x80000000-0x87efffff]
[    0.839768] pci 0000:88:00.0:   bridge window [mem 0x4220000000-0x521fef=
ffff 64bit pref]
[    0.839774] pci 0000:00:06.2: PCI bridge to [bus 88-d8]
[    0.839776] pci 0000:00:06.2:   bridge window [io  0x4000-0x5fff]
[    0.839779] pci 0000:00:06.2:   bridge window [mem 0x80000000-0x87ffffff]
[    0.839782] pci 0000:00:06.2:   bridge window [mem 0x4220000000-0x521fef=
ffff 64bit pref]
[    0.839786] pci 0000:00:07.0: PCI bridge to [bus 20-49]
[    0.839788] pci 0000:00:07.0:   bridge window [io  0x6000-0x6fff]
[    0.839792] pci 0000:00:07.0:   bridge window [mem 0x8c000000-0x981fffff]
[    0.839794] pci 0000:00:07.0:   bridge window [mem 0x5220000000-0x523bff=
ffff 64bit pref]
[    0.839800] pci 0000:00:1c.0: PCI bridge to [bus 0b]
[    0.839801] pci 0000:00:1c.0:   bridge window [io  0x2000-0x2fff]
[    0.839804] pci 0000:00:1c.0:   bridge window [mem 0x98200000-0x98bfffff]
[    0.839807] pci 0000:00:1c.0:   bridge window [mem 0x5249200000-0x5249bf=
ffff 64bit pref]
[    0.839811] pci_bus 0000:00: Some PCI device resources are unassigned, t=
ry booting with pci=3Drealloc
[    0.839813] pci_bus 0000:00: resource 4 [io  0x0000-0x0cf7 window]
[    0.839814] pci_bus 0000:00: resource 5 [io  0x0d00-0xffff window]
[    0.839815] pci_bus 0000:00: resource 6 [mem 0x000a0000-0x000bffff windo=
w]
[    0.839816] pci_bus 0000:00: resource 7 [mem 0x80000000-0xbfffffff windo=
w]
[    0.839817] pci_bus 0000:00: resource 8 [mem 0x4000000000-0x3ffbfffffff =
window]
[    0.839818] pci_bus 0000:01: resource 0 [io  0x3000-0x3fff]
[    0.839819] pci_bus 0000:01: resource 1 [mem 0x88000000-0x8bffffff]
[    0.839820] pci_bus 0000:01: resource 2 [mem 0x4000000000-0x4201ffffff 6=
4bit pref]
[    0.839822] pci_bus 0000:04: resource 1 [mem 0x98c00000-0x98cfffff]
[    0.839823] pci_bus 0000:88: resource 0 [io  0x4000-0x5fff]
[    0.839824] pci_bus 0000:88: resource 1 [mem 0x80000000-0x87ffffff]
[    0.839824] pci_bus 0000:88: resource 2 [mem 0x4220000000-0x521fefffff 6=
4bit pref]
[    0.839826] pci_bus 0000:89: resource 0 [io  0x4000-0x5fff]
[    0.839826] pci_bus 0000:89: resource 1 [mem 0x80000000-0x87efffff]
[    0.839827] pci_bus 0000:89: resource 2 [mem 0x4220000000-0x521fefffff 6=
4bit pref]
[    0.839828] pci_bus 0000:8a: resource 2 [mem 0x521fe00000-0x521fefffff 6=
4bit pref]
[    0.839829] pci_bus 0000:8b: resource 0 [io  0x4000-0x4fff]
[    0.839830] pci_bus 0000:8b: resource 1 [mem 0x84000000-0x87efffff]
[    0.839831] pci_bus 0000:8b: resource 2 [mem 0x4220000000-0x42201fffff 6=
4bit pref]
[    0.839832] pci_bus 0000:b1: resource 1 [mem 0x83f00000-0x83ffffff]
[    0.839833] pci_bus 0000:b2: resource 0 [io  0x5000-0x5fff]
[    0.839834] pci_bus 0000:b2: resource 1 [mem 0x80000000-0x83efffff]
[    0.839835] pci_bus 0000:b2: resource 2 [mem 0x4220200000-0x42203fffff 6=
4bit pref]
[    0.839836] pci_bus 0000:20: resource 0 [io  0x6000-0x6fff]
[    0.839837] pci_bus 0000:20: resource 1 [mem 0x8c000000-0x981fffff]
[    0.839838] pci_bus 0000:20: resource 2 [mem 0x5220000000-0x523bffffff 6=
4bit pref]
[    0.839839] pci_bus 0000:0b: resource 0 [io  0x2000-0x2fff]
[    0.839840] pci_bus 0000:0b: resource 1 [mem 0x98200000-0x98bfffff]
[    0.839841] pci_bus 0000:0b: resource 2 [mem 0x5249200000-0x5249bfffff 6=
4bit pref]
[    0.840049] pci 0000:00:0d.0: enabling device (0000 -> 0002)
[    0.840877] pci 0000:b1:00.0: enabling device (0000 -> 0002)
[    0.840908] PCI: CLS 0 bytes, default 64
[    0.840944] DMAR: Intel-IOMMU force enabled due to platform opt in
[    0.840956] DMAR: No RMRR found
[    0.840956] DMAR: No ATSR found
[    0.840958] DMAR: dmar0: Using Queued invalidation
[    0.840961] DMAR: dmar1: Using Queued invalidation
[    0.841060] Trying to unpack rootfs image as initramfs...
[    0.841723] pci 0000:00:02.0: Adding to iommu group 0
[    0.841763] pci 0000:00:00.0: Adding to iommu group 1
[    0.841776] pci 0000:00:01.0: Adding to iommu group 2
[    0.841785] pci 0000:00:04.0: Adding to iommu group 3
[    0.841835] pci 0000:00:06.0: Adding to iommu group 4
[    0.841847] pci 0000:00:06.2: Adding to iommu group 5
[    0.841859] pci 0000:00:07.0: Adding to iommu group 6
[    0.841869] pci 0000:00:08.0: Adding to iommu group 7
[    0.841879] pci 0000:00:0a.0: Adding to iommu group 8
[    0.841891] pci 0000:00:0b.0: Adding to iommu group 9
[    0.841908] pci 0000:00:0d.0: Adding to iommu group 10
[    0.841918] pci 0000:00:0d.2: Adding to iommu group 10
[    0.841936] pci 0000:00:14.0: Adding to iommu group 11
[    0.841948] pci 0000:00:14.2: Adding to iommu group 11
[    0.841958] pci 0000:00:14.3: Adding to iommu group 12
[    0.841972] pci 0000:00:15.0: Adding to iommu group 13
[    0.841985] pci 0000:00:16.0: Adding to iommu group 14
[    0.842000] pci 0000:00:19.0: Adding to iommu group 15
[    0.842011] pci 0000:00:1c.0: Adding to iommu group 16
[    0.842038] pci 0000:00:1f.0: Adding to iommu group 17
[    0.842049] pci 0000:00:1f.3: Adding to iommu group 17
[    0.842060] pci 0000:00:1f.4: Adding to iommu group 17
[    0.842071] pci 0000:00:1f.5: Adding to iommu group 17
[    0.842084] pci 0000:01:00.0: Adding to iommu group 18
[    0.842135] pci 0000:04:00.0: Adding to iommu group 19
[    0.842149] pci 0000:88:00.0: Adding to iommu group 20
[    0.842163] pci 0000:89:00.0: Adding to iommu group 21
[    0.842175] pci 0000:89:01.0: Adding to iommu group 22
[    0.842186] pci 0000:89:02.0: Adding to iommu group 23
[    0.842197] pci 0000:89:03.0: Adding to iommu group 24
[    0.842213] pci 0000:8a:00.0: Adding to iommu group 25
[    0.842227] pci 0000:b1:00.0: Adding to iommu group 26
[    0.842239] pci 0000:0b:00.0: Adding to iommu group 27
[    0.842414] DMAR: Intel(R) Virtualization Technology for Directed I/O
[    0.842415] PCI-DMA: Using software bounce buffering for IO (SWIOTLB)
[    0.842416] software IO TLB: mapped [mem 0x000000004b533000-0x000000004f=
533000] (64MB)
[    0.842480] clocksource: tsc: mask: 0xffffffffffffffff max_cycles: 0x6a4=
64ae9873, max_idle_ns: 881590529744 ns
[    0.842656] clocksource: Switched to clocksource tsc
[    0.842677] platform rtc_cmos: registered platform RTC device (no PNP de=
vice found)
[    0.867152] Initialise system trusted keyrings
[    0.867166] Key type blacklist registered
[    0.867448] workingset: timestamp_bits=3D36 max_order=3D24 bucket_order=
=3D0
[    0.867660] fuse: init (API version 7.44)
[    0.867739] integrity: Platform Keyring initialized
[    0.867742] integrity: Machine keyring initialized
[    0.876112] xor: automatically using best checksumming function   avx   =
   =20
[    0.876115] Key type asymmetric registered
[    0.876116] Asymmetric key parser 'x509' registered
[    0.876139] Block layer SCSI generic (bsg) driver version 0.4 loaded (ma=
jor 245)
[    0.876472] io scheduler mq-deadline registered
[    0.876473] io scheduler kyber registered
[    0.876486] io scheduler bfq registered
[    0.879894] ledtrig-cpu: registered to indicate activity on CPUs
[    0.880217] pcieport 0000:00:01.0: PME: Signaling with IRQ 122
[    0.880613] pcieport 0000:00:01.0: AER: enabled with IRQ 122
[    0.880969] pcieport 0000:00:06.0: PME: Signaling with IRQ 123
[    0.881271] pcieport 0000:00:06.0: AER: enabled with IRQ 123
[    0.881471] pcieport 0000:00:06.2: PME: Signaling with IRQ 124
[    0.881777] pcieport 0000:00:06.2: AER: enabled with IRQ 124
[    0.881992] pcieport 0000:00:07.0: PME: Signaling with IRQ 125
[    0.882422] pcieport 0000:00:07.0: AER: enabled with IRQ 125
[    0.882449] pcieport 0000:00:07.0: pciehp: Slot #12 AttnBtn- PwrCtrl- MR=
L- AttnInd- PwrInd- HotPlug+ Surprise+ Interlock- NoCompl+ IbPresDis- LLAct=
Rep+
[    0.883025] pcieport 0000:00:1c.0: PME: Signaling with IRQ 126
[    0.883418] pcieport 0000:00:1c.0: AER: enabled with IRQ 126
[    0.883442] pcieport 0000:00:1c.0: pciehp: Slot #0 AttnBtn- PwrCtrl- MRL=
- AttnInd- PwrInd- HotPlug+ Surprise+ Interlock- NoCompl+ IbPresDis- LLActR=
ep+
[    0.884053] pcieport 0000:89:01.0: pciehp: Slot #1 AttnBtn- PwrCtrl- MRL=
- AttnInd- PwrInd- HotPlug+ Surprise+ Interlock- NoCompl+ IbPresDis- LLActR=
ep+
[    0.884473] pcieport 0000:89:03.0: pciehp: Slot #3 AttnBtn- PwrCtrl- MRL=
- AttnInd- PwrInd- HotPlug+ Surprise+ Interlock- NoCompl+ IbPresDis- LLActR=
ep+
[    0.885606] ACPI: AC: AC Adapter [AC] (off-line)
[    0.885658] input: Sleep Button as /devices/LNXSYSTM:00/LNXSYBUS:00/PNP0=
C0E:00/input/input0
[    0.887110] ACPI: button: Sleep Button [SLPB]
[    0.887144] input: Lid Switch as /devices/LNXSYSTM:00/LNXSYBUS:00/PNP0C0=
D:00/input/input1
[    0.892111] ACPI: button: Lid Switch [LID]
[    0.892131] input: Power Button as /devices/LNXSYSTM:00/LNXSYBUS:00/PNP0=
C0C:00/input/input2
[    0.892145] ACPI: button: Power Button [PWRB]
[    0.918660] Freeing initrd memory: 134364K
[    0.924801] thermal LNXTHERM:00: registered as thermal_zone0
[    0.924805] ACPI: thermal: Thermal Zone [THM0] (52 C)
[    0.925080] Serial: 8250/16550 driver, 32 ports, IRQ sharing enabled
[    0.926502] hpet_acpi_add: no address or irqs in _CRS
[    0.926533] Non-volatile memory driver v1.3
[    0.926534] Linux agpgart interface v0.103
[    0.933276] tpm_tis STM0925:00: 2.0 TPM (device-id 0x3, rev-id 1)
[    0.992454] ACPI: battery: Slot [BAT0] (battery present)
[    1.028384] ACPI: bus type drm_connector registered
[    1.031031] xhci_hcd 0000:00:0d.0: xHCI Host Controller
[    1.031037] xhci_hcd 0000:00:0d.0: new USB bus registered, assigned bus =
number 1
[    1.032118] xhci_hcd 0000:00:0d.0: hcc params 0x20007fc1 hci version 0x1=
20 quirks 0x0000000200009810
[    1.032376] xhci_hcd 0000:00:0d.0: xHCI Host Controller
[    1.032378] xhci_hcd 0000:00:0d.0: new USB bus registered, assigned bus =
number 2
[    1.032380] xhci_hcd 0000:00:0d.0: Host supports USB 3.2 Enhanced SuperS=
peed
[    1.032418] usb usb1: New USB device found, idVendor=3D1d6b, idProduct=
=3D0002, bcdDevice=3D 6.17
[    1.032421] usb usb1: New USB device strings: Mfr=3D3, Product=3D2, Seri=
alNumber=3D1
[    1.032422] usb usb1: Product: xHCI Host Controller
[    1.032423] usb usb1: Manufacturer: Linux 6.17.7-arch1-1 xhci-hcd
[    1.032424] usb usb1: SerialNumber: 0000:00:0d.0
[    1.032826] hub 1-0:1.0: USB hub found
[    1.032834] hub 1-0:1.0: 1 port detected
[    1.033193] usb usb2: New USB device found, idVendor=3D1d6b, idProduct=
=3D0003, bcdDevice=3D 6.17
[    1.033195] usb usb2: New USB device strings: Mfr=3D3, Product=3D2, Seri=
alNumber=3D1
[    1.033196] usb usb2: Product: xHCI Host Controller
[    1.033197] usb usb2: Manufacturer: Linux 6.17.7-arch1-1 xhci-hcd
[    1.033198] usb usb2: SerialNumber: 0000:00:0d.0
[    1.033455] hub 2-0:1.0: USB hub found
[    1.033463] hub 2-0:1.0: 2 ports detected
[    1.035617] xhci_hcd 0000:00:14.0: xHCI Host Controller
[    1.035620] xhci_hcd 0000:00:14.0: new USB bus registered, assigned bus =
number 3
[    1.036698] xhci_hcd 0000:00:14.0: hcc params 0x20007fc1 hci version 0x1=
20 quirks 0x0000000200009810
[    1.036942] xhci_hcd 0000:00:14.0: xHCI Host Controller
[    1.036944] xhci_hcd 0000:00:14.0: new USB bus registered, assigned bus =
number 4
[    1.036946] xhci_hcd 0000:00:14.0: Host supports USB 3.2 Enhanced SuperS=
peed
[    1.036968] usb usb3: New USB device found, idVendor=3D1d6b, idProduct=
=3D0002, bcdDevice=3D 6.17
[    1.036969] usb usb3: New USB device strings: Mfr=3D3, Product=3D2, Seri=
alNumber=3D1
[    1.036971] usb usb3: Product: xHCI Host Controller
[    1.036971] usb usb3: Manufacturer: Linux 6.17.7-arch1-1 xhci-hcd
[    1.036972] usb usb3: SerialNumber: 0000:00:14.0
[    1.037107] hub 3-0:1.0: USB hub found
[    1.037121] hub 3-0:1.0: 12 ports detected
[    1.038643] usb usb4: New USB device found, idVendor=3D1d6b, idProduct=
=3D0003, bcdDevice=3D 6.17
[    1.038645] usb usb4: New USB device strings: Mfr=3D3, Product=3D2, Seri=
alNumber=3D1
[    1.038646] usb usb4: Product: xHCI Host Controller
[    1.038647] usb usb4: Manufacturer: Linux 6.17.7-arch1-1 xhci-hcd
[    1.038648] usb usb4: SerialNumber: 0000:00:14.0
[    1.038770] hub 4-0:1.0: USB hub found
[    1.038777] hub 4-0:1.0: 2 ports detected
[    1.039076] xhci_hcd 0000:b1:00.0: xHCI Host Controller
[    1.039079] xhci_hcd 0000:b1:00.0: new USB bus registered, assigned bus =
number 5
[    1.040178] xhci_hcd 0000:b1:00.0: hcc params 0x20007fc1 hci version 0x1=
20 quirks 0x0000000200009810
[    1.040471] xhci_hcd 0000:b1:00.0: xHCI Host Controller
[    1.040473] xhci_hcd 0000:b1:00.0: new USB bus registered, assigned bus =
number 6
[    1.040474] xhci_hcd 0000:b1:00.0: Host supports USB 3.2 Enhanced SuperS=
peed
[    1.040499] usb usb5: New USB device found, idVendor=3D1d6b, idProduct=
=3D0002, bcdDevice=3D 6.17
[    1.040500] usb usb5: New USB device strings: Mfr=3D3, Product=3D2, Seri=
alNumber=3D1
[    1.040501] usb usb5: Product: xHCI Host Controller
[    1.040502] usb usb5: Manufacturer: Linux 6.17.7-arch1-1 xhci-hcd
[    1.040502] usb usb5: SerialNumber: 0000:b1:00.0
[    1.040619] hub 5-0:1.0: USB hub found
[    1.040626] hub 5-0:1.0: 2 ports detected
[    1.041213] usb usb6: New USB device found, idVendor=3D1d6b, idProduct=
=3D0003, bcdDevice=3D 6.17
[    1.041214] usb usb6: New USB device strings: Mfr=3D3, Product=3D2, Seri=
alNumber=3D1
[    1.041215] usb usb6: Product: xHCI Host Controller
[    1.041216] usb usb6: Manufacturer: Linux 6.17.7-arch1-1 xhci-hcd
[    1.041217] usb usb6: SerialNumber: 0000:b1:00.0
[    1.041330] hub 6-0:1.0: USB hub found
[    1.041337] hub 6-0:1.0: 2 ports detected
[    1.042400] usbcore: registered new interface driver usbserial_generic
[    1.042404] usbserial: USB Serial support registered for generic
[    1.042437] i8042: PNP: PS/2 Controller [PNP0303:KBD,PNP0f13:MOU] at 0x6=
0,0x64 irq 1,12
[    1.044583] serio: i8042 KBD port at 0x60,0x64 irq 1
[    1.044615] serio: i8042 AUX port at 0x60,0x64 irq 12
[    1.044730] rtc_cmos rtc_cmos: RTC can wake from S4
[    1.045609] rtc_cmos rtc_cmos: registered as rtc0
[    1.045786] rtc_cmos rtc_cmos: setting system clock to 2025-11-03T10:44:=
01 UTC (1762166641)
[    1.045811] rtc_cmos rtc_cmos: alarms up to one month, y3k, 114 bytes nv=
ram
[    1.045901] input: AT Translated Set 2 keyboard as /devices/platform/i80=
42/serio0/input/input3
[    1.047149] intel_pstate: Intel P-state driver initializing
[    1.052503] Hybrid CPU capacity scaling enabled
[    1.052533] processor cpu0: EM: created perf domain
[    1.052550] processor cpu1: EM: created perf domain
[    1.052566] processor cpu2: EM: created perf domain
[    1.052583] processor cpu3: EM: created perf domain
[    1.052600] processor cpu4: EM: created perf domain
[    1.052614] processor cpu5: EM: created perf domain
[    1.052629] processor cpu6: EM: created perf domain
[    1.052644] processor cpu7: EM: created perf domain
[    1.052663] processor cpu8: EM: created perf domain
[    1.052681] processor cpu9: EM: created perf domain
[    1.052695] processor cpu10: EM: created perf domain
[    1.052709] processor cpu11: EM: created perf domain
[    1.052723] processor cpu12: EM: created perf domain
[    1.052736] processor cpu13: EM: created perf domain
[    1.052752] processor cpu14: EM: created perf domain
[    1.052766] processor cpu15: EM: created perf domain
[    1.053232] intel_pstate: HWP enabled
[    1.053452] simple-framebuffer simple-framebuffer.0: [drm:simpledrm_prob=
e] display mode=3D{"": 60 552960 3840 3840 3840 3840 2400 2400 2400 2400 0x=
40 0x0}
[    1.053459] simple-framebuffer simple-framebuffer.0: [drm:simpledrm_prob=
e] framebuffer format=3DXR24 little-endian (0x34325258), size=3D3840x2400, =
stride=3D15360 byte
[    1.053462] simple-framebuffer simple-framebuffer.0: [drm:simpledrm_prob=
e] using I/O memory framebuffer at [mem 0x70800000-0x72b27fff flags 0x200]
[    1.053484] simple-framebuffer simple-framebuffer.0: [drm:drm_sysfb_buil=
d_fourcc_list] adding native format XR24 little-endian (0x34325258)
[    1.053531] simple-framebuffer simple-framebuffer.0: [drm:drm_sysfs_conn=
ector_add] [CONNECTOR:37:Unknown-1] adding connector to sysfs
[    1.053544] simple-framebuffer simple-framebuffer.0: [drm:drm_sysfs_conn=
ector_hotplug_event] [CONNECTOR:37:Unknown-1] generating connector hotplug =
event
[    1.053549] simple-framebuffer simple-framebuffer.0: [drm] Registered 1 =
planes with drm panic
[    1.053550] [drm] Initialized simpledrm 1.0.0 for simple-framebuffer.0 o=
n minor 0
[    1.053557] simple-framebuffer simple-framebuffer.0: [drm:drm_client_mod=
eset_probe]=20
[    1.053561] simple-framebuffer simple-framebuffer.0: [drm:drm_helper_pro=
be_single_connector_modes] [CONNECTOR:37:Unknown-1]
[    1.053565] simple-framebuffer simple-framebuffer.0: [drm:drm_helper_pro=
be_single_connector_modes] [CONNECTOR:37:Unknown-1] status updated from unk=
nown to connected
[    1.053581] simple-framebuffer simple-framebuffer.0: [drm:drm_helper_pro=
be_single_connector_modes] [CONNECTOR:37:Unknown-1] probed modes:
[    1.053583] simple-framebuffer simple-framebuffer.0: [drm:drm_helper_pro=
be_single_connector_modes] Probed mode: "3840x2400": 60 552960 3840 3840 38=
40 3840 2400 2400 2400 2400 0x48 0x0
[    1.053586] simple-framebuffer simple-framebuffer.0: [drm:drm_client_mod=
eset_probe] [CONNECTOR:37:Unknown-1] enabled? yes
[    1.053589] simple-framebuffer simple-framebuffer.0: [drm:drm_client_mod=
eset_probe] Not using firmware configuration
[    1.053591] simple-framebuffer simple-framebuffer.0: [drm:drm_client_mod=
eset_probe] [CONNECTOR:37:Unknown-1] found preferred mode: 3840x2400
[    1.053593] simple-framebuffer simple-framebuffer.0: [drm:drm_client_mod=
eset_probe] picking CRTCs for 4096x4096 config
[    1.053596] simple-framebuffer simple-framebuffer.0: [drm:drm_client_mod=
eset_probe] [CRTC:35:crtc-0] desired mode 3840x2400 set (0,0)
[    1.053598] simple-framebuffer simple-framebuffer.0: [drm:__drm_fb_helpe=
r_initial_config_and_unlock] test CRTC 0 primary plane
[    1.053601] simple-framebuffer simple-framebuffer.0: [drm:drm_fbdev_shme=
m_driver_fbdev_probe] surface width(3840), height(2400) and bpp(32)
[    1.053622] simple-framebuffer simple-framebuffer.0: [drm:drm_mode_addfb=
2] [FB:38]
[    1.060598] fbcon: Deferring console take-over
[    1.060600] simple-framebuffer simple-framebuffer.0: [drm] fb0: simpledr=
mdrmfb frame buffer device
[    1.060970] hid: raw HID events driver (C) Jiri Kosina
[    1.060986] usbcore: registered new interface driver usbhid
[    1.060987] usbhid: USB HID core driver
[    1.061059] drop_monitor: Initializing network drop monitor service
[    1.061150] NET: Registered PF_INET6 protocol family
[    1.061393] Segment Routing with IPv6
[    1.061394] RPL Segment Routing with IPv6
[    1.061400] In-situ OAM (IOAM) with IPv6
[    1.061416] NET: Registered PF_PACKET protocol family
[    1.064751] ENERGY_PERF_BIAS: Set to 'normal', was 'performance'
[    1.066729] microcode: Current revision: 0x00000119
[    1.068837] IPI shorthand broadcast: enabled
[    1.069802] sched_clock: Marking stable (1063000616, 6013953)->(10956741=
29, -26659560)
[    1.070745] registered taskstats version 1
[    1.073310] Loading compiled-in X.509 certificates
[    1.077666] Loaded X.509 cert 'Build time autogenerated kernel key: 46d2=
61b4279a399a9dad440045a7c0163909f942'
[    1.078966] zswap: loaded using pool zstd/zsmalloc
[    1.079220] Demotion targets for Node 0: null
[    1.079356] Key type .fscrypt registered
[    1.079357] Key type fscrypt-provisioning registered
[    1.079931] Btrfs loaded, zoned=3Dyes, fsverity=3Dyes
[    1.079950] Key type big_key registered
[    1.082528] integrity: Loading X.509 certificate: UEFI:db
[    1.084243] integrity: Loaded X.509 cert 'Frederik Schwan mobile Signatu=
re Database key: 60ee44eb97998a479748a91b64298fb1af7ef90b'
[    1.084839] PM:   Magic number: 1:1:729
[    1.085578] RAS: Correctable Errors collector initialized.
[    1.088163] clk: Disabling unused clocks
[    1.088164] PM: genpd: Disabling unused power domains
[    1.090240] Freeing unused decrypted memory: 2028K
[    1.091515] Freeing unused kernel image (initmem) memory: 4692K
[    1.091530] Write protecting the kernel read-only data: 36864k
[    1.092033] Freeing unused kernel image (text/rodata gap) memory: 416K
[    1.092107] Freeing unused kernel image (rodata/data gap) memory: 164K
[    1.097523] x86/mm: Checked W+X mappings: passed, no W+X pages found.
[    1.097526] rodata_test: all tests were successful
[    1.097530] Run /init as init process
[    1.097531]   with arguments:
[    1.097532]     /init
[    1.097532]   with environment:
[    1.097533]     HOME=3D/
[    1.097533]     TERM=3Dlinux
[    1.243227] systemd[1]: Successfully made /usr/ read-only.
[    1.243394] systemd[1]: systemd 258.1-1-arch running in system mode (+PA=
M +AUDIT -SELINUX +APPARMOR -IMA +IPE +SMACK +SECCOMP +GCRYPT +GNUTLS +OPEN=
SSL +ACL +BLKID +CURL +ELFUTILS +FIDO2 +IDN2 -IDN +IPTC +KMOD +LIBCRYPTSETU=
P +LIBCRYPTSETUP_PLUGINS +LIBFDISK +PCRE2 +PWQUALITY +P11KIT +QRENCODE +TPM=
2 +BZIP2 +LZ4 +XZ +ZLIB +ZSTD +BPF_FRAMEWORK +BTF +XKBCOMMON +UTMP -SYSVINI=
T +LIBARCHIVE)
[    1.243398] systemd[1]: Detected architecture x86-64.
[    1.243399] systemd[1]: Running in initrd.
[    1.243501] fbcon: Taking over console
[    1.245917] Console: switching to colour frame buffer device 240x75
[    1.251522] systemd[1]: Initializing machine ID from random generator.
[    1.279194] systemd[1]: Queued start job for default target Initrd Defau=
lt Target.
[    1.293137] systemd[1]: Created slice Slice /system/systemd-cryptsetup.
[    1.293245] systemd[1]: Started Dispatch Password Requests to Console Di=
rectory Watch.
[    1.293286] systemd[1]: Expecting device /dev/disk/by-uuid/3fcd7043-2e72=
-42fb-84ef-a42a377fbebd...
[    1.293320] systemd[1]: Expecting device /dev/disk/by-uuid/4c822bc7-e8c9=
-4eaa-a480-99294e826ed1...
[    1.293366] systemd[1]: Reached target Path Units.
[    1.293392] systemd[1]: Reached target Slice Units.
[    1.293420] systemd[1]: Reached target Swaps.
[    1.293448] systemd[1]: Reached target Timer Units.
[    1.293522] systemd[1]: Listening on Journal Socket (/dev/log).
[    1.293581] systemd[1]: Listening on Journal Sockets.
[    1.293638] systemd[1]: Listening on udev Control Socket.
[    1.293683] systemd[1]: Listening on udev Kernel Socket.
[    1.293710] systemd[1]: Reached target Socket Units.
[    1.294173] systemd[1]: Starting Create List of Static Device Nodes...
[    1.294553] systemd[1]: Starting Check battery level during early boot...
[    1.297335] systemd[1]: Starting Journal Service...
[    1.297743] systemd[1]: Starting Load Kernel Modules...
[    1.300657] systemd[1]: Starting TPM PCR Barrier (initrd)...
[    1.301002] systemd[1]: Starting Create Static Device Nodes in /dev...
[    1.301334] systemd[1]: Starting Coldplug All udev Devices...
[    1.301685] systemd[1]: Finished Create List of Static Device Nodes.
[    1.307617] systemd[1]: Finished Create Static Device Nodes in /dev.
[    1.307780] systemd[1]: Reached target Preparation for Local File System=
s.
[    1.307814] systemd[1]: Reached target Local File Systems.
[    1.308293] systemd[1]: Starting Rule-based Manager for Device Events an=
d Files...
[    1.308836] systemd[1]: Finished Load Kernel Modules.
[    1.311364] systemd-journald[203]: Collecting audit messages is disabled.
[    1.313679] systemd[1]: Finished Check battery level during early boot.
[    1.314106] systemd[1]: Started Display Boot-Time Emergency Messages In =
Full Screen.
[    1.321127] systemd[1]: Started Rule-based Manager for Device Events and=
 Files.
[    1.331529] systemd[1]: Finished TPM PCR Barrier (initrd).
[    1.354969] systemd[1]: Started Journal Service.
[    1.441968] intel_vsec 0000:00:0a.0: enabling device (0000 -> 0002)
[    1.449043] rtsx_pci 0000:0b:00.0: enabling device (0000 -> 0002)
[    1.452462] Key type psk registered
[    1.461880] nvme 0000:04:00.0: platform quirk: setting simple suspend
[    1.461959] nvme nvme0: pci function 0000:04:00.0
[    1.465146] thinkpad_acpi: ThinkPad ACPI Extras v0.26
[    1.465149] thinkpad_acpi: http://ibm-acpi.sf.net/
[    1.465150] thinkpad_acpi: ThinkPad BIOS N4EET19W (1.05 ), EC N4EHT18W
[    1.465150] thinkpad_acpi: Lenovo ThinkPad P1 Gen 8, model 21Q8CTO1WW
[    1.465349] thinkpad_acpi: radio switch found; radios are enabled
[    1.465640] thinkpad_acpi: This ThinkPad has standard ACPI backlight bri=
ghtness control, supported by the ACPI video driver
[    1.465641] thinkpad_acpi: Disabling thinkpad-acpi brightness events by =
default...
[    1.467297] thinkpad_acpi: rfkill switch tpacpi_bluetooth_sw: radio is u=
nblocked
[    1.474447] nvme nvme0: D3 entry latency set to 10 seconds
[    1.478054] nvme nvme0: 16/0/0 default/read/poll queues
[    1.483127]  nvme0n1: p1 p2
[    1.489718] thinkpad_acpi: secondary fan control detected & enabled
[    1.497964] thinkpad_acpi: battery 1 registered (start 40, stop 80, beha=
viours: 0xb)
[    1.497973] ACPI: battery: new hook: ThinkPad Battery Extension
[    1.526092] input: ThinkPad Extra Buttons as /devices/platform/thinkpad_=
acpi/input/input5
[    1.533290] device-mapper: uevent: version 1.0.3
[    1.533344] device-mapper: ioctl: 4.50.0-ioctl (2025-04-28) initialised:=
 dm-devel@lists.linux.dev
[    1.547023] usb 3-4: new full-speed USB device number 2 using xhci_hcd
[    1.670737] i915 0000:00:02.0: [drm] Found meteorlake (device ID 7d51) i=
ntegrated display version 14.00 stepping D0
[    1.672043] i915 0000:00:02.0: [drm:intel_gt_common_init_early [i915]] W=
OPCM: 2048K
[    1.672233] i915 0000:00:02.0: [drm:intel_uc_init_early [i915]] GT0: ena=
ble_guc=3D3 (guc:yes submission:yes huc:no slpc:yes)
[    1.672462] i915 0000:00:02.0: [drm:intel_display_driver_early_probe [i9=
15]] PCH not involved in display, using fake PCH type 1026 for south display
[    1.672689] i915 0000:00:02.0: [drm:intel_dmc_wl_init [i915]] Sanitized =
enable_dmc_wl value: 0 (disabled)
[    1.672917] i915 0000:00:02.0: [drm:intel_gt_probe_all [i915]] GT0: Sett=
ing up Primary GT
[    1.673110] i915 0000:00:02.0: [drm:intel_gt_probe_all [i915]] GT1: Sett=
ing up Standalone Media GT
[    1.673260] i915 0000:00:02.0: [drm:intel_gt_common_init_early [i915]] W=
OPCM: 2048K
[    1.673399] i915 0000:00:02.0: [drm:intel_uc_init_early [i915]] GT1: ena=
ble_guc=3D3 (guc:yes submission:yes huc:yes slpc:yes)
[    1.673688] i915 0000:00:02.0: [drm:intel_display_device_info_runtime_in=
it [i915]] rawclk rate: 38400 kHz
[    1.675012] i915 0000:00:02.0: [drm:intel_engines_init_mmio [i915]] GT0:=
 vdbox enable: 0000, instances: 0000
[    1.675185] i915 0000:00:02.0: [drm:intel_engines_init_mmio [i915]] GT0:=
 vebox enable: 0000, instances: 0000
[    1.676701] i915 0000:00:02.0: [drm:intel_engines_init_mmio [i915]] GT1:=
 vdbox enable: 0005, instances: 0005
[    1.676837] i915 0000:00:02.0: [drm:intel_engines_init_mmio [i915]] GT1:=
 vebox enable: 0001, instances: 0001
[    1.677414] i915 0000:00:02.0: [drm:ggtt_probe_common [i915]] Using dire=
ct GSM access
[    1.677935] i915 0000:00:02.0: [drm:i915_ggtt_probe_hw [i915]] GGTT size=
 =3D 4096M
[    1.678068] i915 0000:00:02.0: [drm:i915_ggtt_probe_hw [i915]] GMADR siz=
e =3D 0M
[    1.678173] i915 0000:00:02.0: [drm:i915_ggtt_probe_hw [i915]] DSM size =
=3D 0M
[    1.678275] i915 0000:00:02.0: [drm] VT-d active for gfx access
[    1.690537] Console: switching to colour dummy device 80x25
[    1.698580] simple-framebuffer simple-framebuffer.0: [drm:drm_mode_rmfb_=
work_fn] Removing [FB:38] from all active usage due to RMFB ioctl
[    1.698594] simple-framebuffer simple-framebuffer.0: [drm:drm_framebuffe=
r_remove] Disabling [PLANE:33:plane-0] because [FB:38] is removed
[    1.698605] simple-framebuffer simple-framebuffer.0: [drm:drm_framebuffe=
r_remove] Disabling [PLANE:33:plane-0] because [FB:38] is removed
[    1.698609] simple-framebuffer simple-framebuffer.0: [drm:drm_framebuffe=
r_remove] Disabling [CRTC:35:crtc-0] because [FB:38] is removed
[    1.700049] simple-framebuffer simple-framebuffer.0: [drm:drm_client_rel=
ease] fbdev
[    1.700079] simple-framebuffer simple-framebuffer.0: [drm:drm_sysfs_conn=
ector_remove] [CONNECTOR:37:Unknown-1] removing connector from sysfs
[    1.700203] i915 0000:00:02.0: vgaarb: deactivate vga console
[    1.700247] i915 0000:00:02.0: [drm] Using Transparent Hugepages
[    1.700251] i915 0000:00:02.0: [drm:i915_gem_stolen_lmem_setup [i915]] U=
sing direct DSM access
[    1.700471] i915 0000:00:02.0: [drm:i915_gem_init_stolen [i915]] GEN6_ST=
OLEN_RESERVED =3D 0x0000000078400947
[    1.701961] i915 0000:00:02.0: [drm:i915_gem_init_stolen [i915]] Memory =
reserved for graphics device: 131072K, usable: 126976K
[    1.702125] i915 0000:00:02.0: [drm:intel_memory_regions_hw_probe [i915]=
] Memory region(0): system: 63569 MiB [mem 0x00000000-0xf851bafff], io: n/a
[    1.702306] i915 0000:00:02.0: [drm:intel_memory_regions_hw_probe [i915]=
] Memory region(6): stolen-local: 124 MiB [mem 0x00800000-0x083fffff], io: =
124 MiB [mem 0x70800000-0x783fffff]
[    1.702538] i915 0000:00:02.0: [drm:intel_opregion_setup [i915]] graphic=
 opregion physical addr: 0x63ef5018
[    1.702805] i915 0000:00:02.0: [drm:intel_opregion_setup [i915]] ACPI Op=
Region version 3.0.0
[    1.703008] i915 0000:00:02.0: [drm:intel_opregion_setup [i915]] Public =
ACPI methods supported
[    1.703210] i915 0000:00:02.0: [drm:intel_opregion_setup [i915]] ASLE su=
pported
[    1.703392] i915 0000:00:02.0: [drm:intel_opregion_setup [i915]] ASLE ex=
tension supported
[    1.703568] i915 0000:00:02.0: [drm:intel_opregion_setup [i915]] Mailbox=
 #2 for backlight present
[    1.703746] i915 0000:00:02.0: [drm:intel_opregion_setup [i915]] Found v=
alid VBT in ACPI OpRegion (RVDA)
[    1.703916] i915 0000:00:02.0: [drm:intel_dram_detect [i915]] DRAM type:=
 LPDDR5
[    1.704071] i915 0000:00:02.0: [drm:intel_dram_detect [i915]] Num qgv po=
ints 4
[    1.704201] i915 0000:00:02.0: [drm:intel_dram_detect [i915]] DRAM chann=
els: 8
[    1.704321] i915 0000:00:02.0: [drm:intel_dram_detect [i915]] Watermark =
level 0 adjustment needed: yes
[    1.704438] i915 0000:00:02.0: [drm:icl_get_qgv_points.constprop.0 [i915=
]] QGV 0: DCLK=3D3200 tRP=3D64 tRDPRE=3D40 tRAS=3D136 tRCD=3D64 tRC=3D200
[    1.704670] i915 0000:00:02.0: [drm:icl_get_qgv_points.constprop.0 [i915=
]] QGV 1: DCLK=3D4800 tRP=3D88 tRDPRE=3D72 tRAS=3D208 tRCD=3D88 tRC=3D296
[    1.704887] i915 0000:00:02.0: [drm:icl_get_qgv_points.constprop.0 [i915=
]] QGV 2: DCLK=3D6400 tRP=3D120 tRDPRE=3D80 tRAS=3D16 tRCD=3D120 tRC=3D136
[    1.705103] i915 0000:00:02.0: [drm:icl_get_qgv_points.constprop.0 [i915=
]] QGV 3: DCLK=3D7467 tRP=3D136 tRDPRE=3D88 tRAS=3D64 tRCD=3D136 tRC=3D200
[    1.705301] i915 0000:00:02.0: [drm:tgl_get_bw_info.isra.0 [i915]] BW0 /=
 QGV 0: num_planes=3D0 deratedbw=3D28913 peakbw: 51200
[    1.705495] i915 0000:00:02.0: [drm:tgl_get_bw_info.isra.0 [i915]] BW0 /=
 QGV 1: num_planes=3D0 deratedbw=3D36260 peakbw: 76800
[    1.705685] i915 0000:00:02.0: [drm:tgl_get_bw_info.isra.0 [i915]] BW0 /=
 QGV 2: num_planes=3D0 deratedbw=3D38000 peakbw: 102400
[    1.705872] i915 0000:00:02.0: [drm:tgl_get_bw_info.isra.0 [i915]] BW0 /=
 QGV 3: num_planes=3D0 deratedbw=3D38000 peakbw: 119472
[    1.706058] i915 0000:00:02.0: [drm:tgl_get_bw_info.isra.0 [i915]] BW1 /=
 QGV 0: num_planes=3D0 deratedbw=3D35532 peakbw: 51200
[    1.706241] i915 0000:00:02.0: [drm:tgl_get_bw_info.isra.0 [i915]] BW1 /=
 QGV 1: num_planes=3D0 deratedbw=3D38000 peakbw: 76800
[    1.706420] i915 0000:00:02.0: [drm:tgl_get_bw_info.isra.0 [i915]] BW1 /=
 QGV 2: num_planes=3D0 deratedbw=3D38000 peakbw: 102400
[    1.706597] i915 0000:00:02.0: [drm:tgl_get_bw_info.isra.0 [i915]] BW1 /=
 QGV 3: num_planes=3D0 deratedbw=3D38000 peakbw: 119472
[    1.706774] i915 0000:00:02.0: [drm:tgl_get_bw_info.isra.0 [i915]] BW2 /=
 QGV 0: num_planes=3D0 deratedbw=3D38000 peakbw: 51200
[    1.706950] i915 0000:00:02.0: [drm:tgl_get_bw_info.isra.0 [i915]] BW2 /=
 QGV 1: num_planes=3D0 deratedbw=3D38000 peakbw: 76800
[    1.707192] i915 0000:00:02.0: [drm:tgl_get_bw_info.isra.0 [i915]] BW2 /=
 QGV 2: num_planes=3D0 deratedbw=3D38000 peakbw: 102400
[    1.707414] i915 0000:00:02.0: [drm:tgl_get_bw_info.isra.0 [i915]] BW2 /=
 QGV 3: num_planes=3D0 deratedbw=3D38000 peakbw: 119472
[    1.707599] i915 0000:00:02.0: [drm:tgl_get_bw_info.isra.0 [i915]] BW3 /=
 QGV 0: num_planes=3D0 deratedbw=3D38000 peakbw: 51200
[    1.707769] i915 0000:00:02.0: [drm:tgl_get_bw_info.isra.0 [i915]] BW3 /=
 QGV 1: num_planes=3D0 deratedbw=3D38000 peakbw: 76800
[    1.707939] i915 0000:00:02.0: [drm:tgl_get_bw_info.isra.0 [i915]] BW3 /=
 QGV 2: num_planes=3D0 deratedbw=3D38000 peakbw: 102400
[    1.708121] i915 0000:00:02.0: [drm:tgl_get_bw_info.isra.0 [i915]] BW3 /=
 QGV 3: num_planes=3D0 deratedbw=3D38000 peakbw: 119472
[    1.708291] i915 0000:00:02.0: [drm:tgl_get_bw_info.isra.0 [i915]] BW4 /=
 QGV 0: num_planes=3D0 deratedbw=3D38000 peakbw: 51200
[    1.708459] i915 0000:00:02.0: [drm:tgl_get_bw_info.isra.0 [i915]] BW4 /=
 QGV 1: num_planes=3D0 deratedbw=3D38000 peakbw: 76800
[    1.708627] i915 0000:00:02.0: [drm:tgl_get_bw_info.isra.0 [i915]] BW4 /=
 QGV 2: num_planes=3D0 deratedbw=3D38000 peakbw: 102400
[    1.708794] i915 0000:00:02.0: [drm:tgl_get_bw_info.isra.0 [i915]] BW4 /=
 QGV 3: num_planes=3D0 deratedbw=3D38000 peakbw: 119472
[    1.708960] i915 0000:00:02.0: [drm:tgl_get_bw_info.isra.0 [i915]] BW5 /=
 QGV 0: num_planes=3D0 deratedbw=3D38000 peakbw: 51200
[    1.709137] i915 0000:00:02.0: [drm:tgl_get_bw_info.isra.0 [i915]] BW5 /=
 QGV 1: num_planes=3D0 deratedbw=3D38000 peakbw: 76800
[    1.709303] i915 0000:00:02.0: [drm:tgl_get_bw_info.isra.0 [i915]] BW5 /=
 QGV 2: num_planes=3D0 deratedbw=3D38000 peakbw: 102400
[    1.709468] i915 0000:00:02.0: [drm:tgl_get_bw_info.isra.0 [i915]] BW5 /=
 QGV 3: num_planes=3D0 deratedbw=3D38000 peakbw: 119472
[    1.712193] i915 0000:00:02.0: [drm:intel_bios_init [i915]] Set default =
to SSC at 120000 kHz
[    1.712440] i915 0000:00:02.0: [drm:intel_bios_init [i915]] VBT signatur=
e "$VBT METEORLAKE     ", BDB version 261
[    1.712613] i915 0000:00:02.0: [drm:intel_bios_init [i915]] Found BDB bl=
ock 1 (size 10, min size 7)
[    1.712753] i915 0000:00:02.0: [drm:intel_bios_init [i915]] Found BDB bl=
ock 2 (size 405, min size 5)
[    1.712878] i915 0000:00:02.0: [drm:intel_bios_init [i915]] Found BDB bl=
ock 9 (size 100, min size 100)
[    1.712995] i915 0000:00:02.0: [drm:intel_bios_init [i915]] Found BDB bl=
ock 12 (size 19, min size 19)
[    1.713158] i915 0000:00:02.0: [drm:intel_bios_init [i915]] Found BDB bl=
ock 27 (size 850, min size 848)
[    1.713301] i915 0000:00:02.0: [drm:intel_bios_init [i915]] Found BDB bl=
ock 40 (size 34, min size 34)
[    1.713443] i915 0000:00:02.0: [drm:intel_bios_init [i915]] Generating L=
FP data table pointers
[    1.713580] i915 0000:00:02.0: [drm:intel_bios_init [i915]] Found BDB bl=
ock 41 (size 148, min size 148)
[    1.713714] i915 0000:00:02.0: [drm:intel_bios_init [i915]] Found BDB bl=
ock 42 (size 1366, min size 1366)
[    1.713824] i915 0000:00:02.0: [drm:intel_bios_init [i915]] Found BDB bl=
ock 43 (size 305, min size 305)
[    1.713931] i915 0000:00:02.0: [drm:intel_bios_init [i915]] Found BDB bl=
ock 44 (size 136, min size 136)
[    1.714039] i915 0000:00:02.0: [drm:intel_bios_init [i915]] Found BDB bl=
ock 52 (size 822, min size 822)
[    1.714148] i915 0000:00:02.0: [drm:intel_bios_init [i915]] Found BDB bl=
ock 56 (size 210, min size 210)
[    1.714253] i915 0000:00:02.0: [drm:intel_bios_init [i915]] BDB_GENERAL_=
FEATURES int_tv_support 0 int_crt_support 0 lvds_use_ssc 0 lvds_ssc_freq 12=
0000 display_clock_mode 1 fdi_rx_polarity_inverted 0
[    1.714359] i915 0000:00:02.0: [drm:intel_bios_init [i915]] crt_ddc_bus_=
pin: 2
[    1.714462] i915 0000:00:02.0: [drm:intel_bios_init [i915]] Expected chi=
ld device config size for VBT version 261 not known; assuming 40
[    1.714564] i915 0000:00:02.0: [drm:intel_bios_init [i915]] Found VBT ch=
ild device with type 0x1806
[    1.714667] i915 0000:00:02.0: [drm:intel_bios_init [i915]] Found VBT ch=
ild device with type 0x60d6
[    1.714768] i915 0000:00:02.0: [drm:intel_bios_init [i915]] Found VBT ch=
ild device with type 0x68c6
[    1.714871] i915 0000:00:02.0: [drm:intel_bios_init [i915]] Found VBT ch=
ild device with type 0x68c6
[    1.714973] i915 0000:00:02.0: [drm:intel_bios_init [i915]] Found VBT ch=
ild device with type 0x68c6
[    1.715087] i915 0000:00:02.0: [drm:intel_bios_init [i915]] Found VBT ch=
ild device with type 0x68c6
[    1.715187] i915 0000:00:02.0: [drm:intel_bios_init [i915]] Skipping SDV=
O device mapping
[    1.715285] i915 0000:00:02.0: [drm:intel_bios_init [i915]] Port A VBT i=
nfo: CRT:0 DVI:0 HDMI:0 DP:1 eDP:1 DSI:0 DP++:0 LSPCON:0 USB-Type-C:0 TBT:0=
 DSC:0
[    1.715385] i915 0000:00:02.0: [drm:intel_bios_init [i915]] Port B VBT i=
nfo: CRT:0 DVI:1 HDMI:1 DP:1 eDP:0 DSI:0 DP++:1 LSPCON:0 USB-Type-C:0 TBT:0=
 DSC:0
[    1.715492] i915 0000:00:02.0: [drm:intel_bios_init [i915]] Port B VBT H=
DMI max TMDS clock: 594000 kHz
[    1.715617] i915 0000:00:02.0: [drm:intel_bios_init [i915]] Port D VBT i=
nfo: CRT:0 DVI:0 HDMI:0 DP:1 eDP:0 DSI:0 DP++:0 LSPCON:0 USB-Type-C:1 TBT:1=
 DSC:0
