Return-Path: <linux-usb+bounces-16962-lists+linux-usb=lfdr.de@vger.kernel.org>
X-Original-To: lists+linux-usb@lfdr.de
Delivered-To: lists+linux-usb@lfdr.de
Received: from am.mirrors.kernel.org (am.mirrors.kernel.org [IPv6:2604:1380:4601:e00::3])
	by mail.lfdr.de (Postfix) with ESMTPS id 54B099B9B1E
	for <lists+linux-usb@lfdr.de>; Sat,  2 Nov 2024 00:14:07 +0100 (CET)
Received: from smtp.subspace.kernel.org (wormhole.subspace.kernel.org [52.25.139.140])
	(using TLSv1.2 with cipher ECDHE-RSA-AES256-GCM-SHA384 (256/256 bits))
	(No client certificate requested)
	by am.mirrors.kernel.org (Postfix) with ESMTPS id 4FE8C1F225B5
	for <lists+linux-usb@lfdr.de>; Fri,  1 Nov 2024 23:14:06 +0000 (UTC)
Received: from localhost.localdomain (localhost.localdomain [127.0.0.1])
	by smtp.subspace.kernel.org (Postfix) with ESMTP id 659DF1E7C16;
	Fri,  1 Nov 2024 23:13:59 +0000 (UTC)
Authentication-Results: smtp.subspace.kernel.org;
	dkim=pass (2048-bit key) header.d=kfocus-org.20230601.gappssmtp.com header.i=@kfocus-org.20230601.gappssmtp.com header.b="D1rtFvim"
X-Original-To: linux-usb@vger.kernel.org
Received: from mail-io1-f68.google.com (mail-io1-f68.google.com [209.85.166.68])
	(using TLSv1.2 with cipher ECDHE-RSA-AES128-GCM-SHA256 (128/128 bits))
	(No client certificate requested)
	by smtp.subspace.kernel.org (Postfix) with ESMTPS id 63F4A1E260F
	for <linux-usb@vger.kernel.org>; Fri,  1 Nov 2024 23:13:43 +0000 (UTC)
Authentication-Results: smtp.subspace.kernel.org; arc=none smtp.client-ip=209.85.166.68
ARC-Seal:i=1; a=rsa-sha256; d=subspace.kernel.org; s=arc-20240116;
	t=1730502838; cv=none; b=c8oYWPorEGqMyUIFRHgxs638q9k4WrdqbdoYNuR0cecAm1KJrihUd5x0XJv1BmFZuc44MjmG2cfpfU42W7D/Leca/LD5taxa8YxMYSO5sLpjykliRH0HiYT94PRDDPSWv34VEOhwfcfVCoCAlS93/lgQJL/Cgitrhzj6v5D8iNs=
ARC-Message-Signature:i=1; a=rsa-sha256; d=subspace.kernel.org;
	s=arc-20240116; t=1730502838; c=relaxed/simple;
	bh=l5hPNttrAHczb2XfRBvu0xr4v39ZCUqEa9DdPG7refA=;
	h=Date:From:To:Cc:Subject:Message-ID:In-Reply-To:References:
	 MIME-Version:Content-Type; b=m9e20L5JLOmx5a2TMVqxqfyqguoamYF1iLYagesBLuE2ubUqfCmuuzgkQVdny1azFFiWcgpOsY2JrRUY0HR7S19k6RBGME9wmqfuD/U3eCqbFUYSSk8A/Uhr4D2edu1zcfM2t5h5MAhEyMlaDU16u5nihUVZydr4Guu120SC/yo=
ARC-Authentication-Results:i=1; smtp.subspace.kernel.org; dmarc=none (p=none dis=none) header.from=kfocus.org; spf=pass smtp.mailfrom=kfocus.org; dkim=pass (2048-bit key) header.d=kfocus-org.20230601.gappssmtp.com header.i=@kfocus-org.20230601.gappssmtp.com header.b=D1rtFvim; arc=none smtp.client-ip=209.85.166.68
Authentication-Results: smtp.subspace.kernel.org; dmarc=none (p=none dis=none) header.from=kfocus.org
Authentication-Results: smtp.subspace.kernel.org; spf=pass smtp.mailfrom=kfocus.org
Received: by mail-io1-f68.google.com with SMTP id ca18e2360f4ac-83a9be2c028so95259339f.1
        for <linux-usb@vger.kernel.org>; Fri, 01 Nov 2024 16:13:43 -0700 (PDT)
DKIM-Signature: v=1; a=rsa-sha256; c=relaxed/relaxed;
        d=kfocus-org.20230601.gappssmtp.com; s=20230601; t=1730502822; x=1731107622; darn=vger.kernel.org;
        h=mime-version:organization:references:in-reply-to:message-id:subject
         :cc:to:from:date:from:to:cc:subject:date:message-id:reply-to;
        bh=QmpPw24DdY//Wh6/TXFfRRZsZGZbROotxhJNgOI2/0E=;
        b=D1rtFvimO8F71li994ak/9/Rxs+s63R+QcYWU74Pk8s2l8eFk4xh1xJJDD8evwEhlp
         s/XXR+dhdqjGtFutz8vsWv1NYyrNmVBEAdhkTcl4GrLAkzYak8DhKwqh8xFkTKUI+1lH
         i2dgw6pa9OUGCwrR1emn0wvWf2tZRgEr7S6lcx1F/IJV9+P2vOWmCG5CfrExtQQ70Kz0
         yXL3odZeQa20lVM1I2h9iK44SbITWDhx8H+sajVL0ftyNdoT3Soh8E1/k/8n9PgRiDaX
         DsvFzFFN1fcGGkE8CxMDhEgqF9dd237ESQHYTt+ItaVOl46iIeOA5Ie/PCOLeiY9nfrS
         fYRw==
X-Google-DKIM-Signature: v=1; a=rsa-sha256; c=relaxed/relaxed;
        d=1e100.net; s=20230601; t=1730502822; x=1731107622;
        h=mime-version:organization:references:in-reply-to:message-id:subject
         :cc:to:from:date:x-gm-message-state:from:to:cc:subject:date
         :message-id:reply-to;
        bh=QmpPw24DdY//Wh6/TXFfRRZsZGZbROotxhJNgOI2/0E=;
        b=VO0fnLUQP+Q7M242x2/Sdi/VsiJAzb7HkFoHkYJbXTAfjU3tKDZxV+/AI8QSvmg4JL
         k1/TbEk6SzkhyP/gU+OE+dWfS7IoxDQFQuWczBZcSzIpzXJ8a3YBBKZFWmXmRxseIUt7
         55ohiWWpbu+1aoaGC/NUGRH5yLoHyozbXdo988l/jmq3yQSOPp8AB1u7ZPMOaltpZRk5
         Kuk3rzHTsDL5FoPuRtibv2Z9J0OddcNDKU12WnerIR3kl4XgT0OxWKtgKJ0LT6HSn1E1
         9iV+BnK6/kcSH/5INHCea5VD5avuCdLnFvkSN8Vd5BUK5DdXt7tymgkepCqBbL4U78fK
         eqqQ==
X-Forwarded-Encrypted: i=1; AJvYcCUeQUWTgA0LwMUYsHZzegT3dM37UQJKwvxzxKuBK0CNyzIlLOYlV9Nit6JLWmKK/ZM4wVZvG7qOuG0=@vger.kernel.org
X-Gm-Message-State: AOJu0YzQhTCGxN8q5nxOXzd55MlyusCDWtHmXHjrqpUTSTKm7yC3J22r
	jYBk5JPca1dEbOKynduWvB8aY9lmOeH6iTuv7sad8837DkzdFSxIzA+XDn4PLmA=
X-Google-Smtp-Source: AGHT+IHtOfdCy1jIL6b+nkO8DIv/2mOkOhY70VRUSApZySd+v+VFfdHU8EdSbmQCTLsTe/013F3b6Q==
X-Received: by 2002:a05:6e02:160b:b0:3a4:d94f:5b53 with SMTP id e9e14a558f8ab-3a6b0384ea3mr64520955ab.19.1730502821964;
        Fri, 01 Nov 2024 16:13:41 -0700 (PDT)
Received: from kf-ir16 ([2607:fb91:759:8d6:94c3:6b6e:3d44:6666])
        by smtp.gmail.com with ESMTPSA id 8926c6da1cb9f-4de04acacb5sm925404173.174.2024.11.01.16.13.39
        (version=TLS1_3 cipher=TLS_AES_256_GCM_SHA384 bits=256/256);
        Fri, 01 Nov 2024 16:13:41 -0700 (PDT)
Date: Fri, 1 Nov 2024 18:13:34 -0500
From: Aaron Rainbolt <arainbolt@kfocus.org>
To: Mika Westerberg <mika.westerberg@linux.intel.com>
Cc: YehezkelShB@gmail.com, michael.jamet@intel.com,
 andreas.noever@gmail.com, linux-usb@vger.kernel.org, mmikowski@kfocus.org,
 linux-kernel@vger.kernel.org, Gil Fine <gil.fine@linux.intel.com>
Subject: Re: USB-C DisplayPort display failing to stay active with Intel
 Barlow Ridge USB4 controller, power-management related issue?
Message-ID: <20241101181334.25724aff@kf-ir16>
In-Reply-To: <20241101072155.GW275077@black.fi.intel.com>
References: <20241009220118.70bfedd0@kf-ir16>
	<20241010044919.GD275077@black.fi.intel.com>
	<20241010232656.7fc6359e@kf-ir16>
	<20241011163811.GU275077@black.fi.intel.com>
	<20241011183751.7d27c59c@kf-ir16>
	<20241023062737.GG275077@black.fi.intel.com>
	<20241023073931.GH275077@black.fi.intel.com>
	<20241023174413.451710ea@kf-ir16>
	<20241024154341.GK275077@black.fi.intel.com>
	<20241031095542.587e8aa6@kf-ir16>
	<20241101072155.GW275077@black.fi.intel.com>
Organization: Kubuntu Focus
X-Mailer: Claws Mail 4.3.0 (GTK 3.24.41; x86_64-pc-linux-gnu)
Precedence: bulk
X-Mailing-List: linux-usb@vger.kernel.org
List-Id: <linux-usb.vger.kernel.org>
List-Subscribe: <mailto:linux-usb+subscribe@vger.kernel.org>
List-Unsubscribe: <mailto:linux-usb+unsubscribe@vger.kernel.org>
MIME-Version: 1.0
Content-Type: multipart/mixed; boundary="MP_/WuIuDckOYZDBcFRp6AX3mk1"

--MP_/WuIuDckOYZDBcFRp6AX3mk1
Content-Type: text/plain; charset=US-ASCII
Content-Transfer-Encoding: 7bit
Content-Disposition: inline

On Fri, 1 Nov 2024 09:21:55 +0200
Mika Westerberg <mika.westerberg@linux.intel.com> wrote:

> Hi Aaron,
> 
> On Thu, Oct 31, 2024 at 09:55:42AM -0500, Aaron Rainbolt wrote:
> > Sorry for the delays, been working on testing the patch and had
> > other things taking priority.
> > 
> > I keep having to manually apply the patches you're sending "by
> > hand" to the latest mainline kernel because it doesn't apply
> > cleanly. In particular, I notice that in the very last "segment" of
> > the patch (the one that applies to tb_runtime_resume), the
> > "list_for_each_entry_safe" line shows that it's running
> > "tb_tunnel_activate" in your tree, whereas the upstream 6.12~rc5
> > code is running "tb_tunnel_restart" there. Would it be too much of
> > a hassle to ask for a patch that applies cleanly to the 6.11.5
> > kernel? That would be very handy since that's the easiest supported
> > upstream kernel for us to test against, and would make sure that
> > we're not seeing any weird bugs as a result of kernel sources
> > mismatch.  
> 
> Sorry about that. I did not realize that it might not apply. It indeed
> was on top of my local changes. The patch below applies cleanly to
> v6.11 but let me know if it does not.
> 
> > [    1.429876] thunderbolt 0000:06:00.0: device links to tunneled
> > native ports are missing!  
> 
> I keep worrying about this one, althought not related to your issue. I
> wonder if you reported this to the manufacturer? If this is missing
> PCIe/USB tunneling will not work as expected over sleep cycles.
> 
> Anyways, I realized now another oddity:
> 
> > [    1.436154] thunderbolt 0000:06:00.0: acking hot plug event on
> > 0:13 [    1.436280] thunderbolt 0000:06:00.0: acking hot plug event
> > on 0:14 [    1.436410] thunderbolt 0000:06:00.0: acking hot plug
> > event on 0:16  
> ...
> > [    1.449347] thunderbolt 0000:06:00.0: 0:16: disabled by eeprom  
> 
> The DROM claims the adapter to be disabled. This is most likely not
> the intention. Can you try the below patch? It includes the redrive
> changes and also quirk for this thing.
> 
> It is enough to do these steps so no need to do the full cycle:
> 
>   1. Boot the system up, nothing connected.
>   2. Wait for Barlow Ridge to enter runtime suspend. This takes ~15
>      seconds so waiting for > 15 seconds should be enough.
>   3. Plug in USB-C monitor to the USB-C port of the Barlow Ridge.
> 
> This is essentially the same as you do in the first steps and this is
> where it fails (and you "fixed" it by running lspci -k). I'm hoping
> that the quirk would make the DP IN adapter 16 to enter redrive mode
> too and keep the domain powered. Alternative is that you only have two
> connections from the dGPU to the Barlow Ridge in which case disabling
> the adapter might actually be correct. However, in that case we should
> not be getting plug events to the adapters that are not available for
> tunneling.
> 
> diff --git a/drivers/thunderbolt/eeprom.c
> b/drivers/thunderbolt/eeprom.c index eb241b270f79..22a41e524b21 100644
> --- a/drivers/thunderbolt/eeprom.c
> +++ b/drivers/thunderbolt/eeprom.c
> @@ -703,10 +703,18 @@ static int tb_drom_device_read(struct tb_switch
> *sw) */
>  int tb_drom_read(struct tb_switch *sw)
>  {
> +	int ret;
> +
>  	if (sw->drom)
>  		return 0;
>  
> -	if (!tb_route(sw))
> -		return tb_drom_host_read(sw);
> -	return tb_drom_device_read(sw);
> +	if (tb_route(sw))
> +		ret = tb_drom_device_read(sw);
> +	else
> +		ret = tb_drom_host_read(sw);
> +	if (ret)
> +		return ret;
> +
> +	tb_check_drom_quirks(sw);
> +	return 0;
>  }
> diff --git a/drivers/thunderbolt/quirks.c
> b/drivers/thunderbolt/quirks.c index e81de9c30eac..5f7eec97cfb9 100644
> --- a/drivers/thunderbolt/quirks.c
> +++ b/drivers/thunderbolt/quirks.c
> @@ -49,66 +49,105 @@ static void quirk_block_rpm_in_redrive(struct
> tb_switch *sw) tb_sw_dbg(sw, "preventing runtime PM in DP redrive
> mode\n"); }
>  
> +static void quirk_enable_drom_dp_in(struct tb_switch *sw)
> +{
> +	if (sw->ports[16].disabled) {
> +		tb_port_dbg(&sw->ports[16], "re-enabling adapter\n");
> +		sw->ports[16].disabled = false;
> +	}
> +}
> +
>  struct tb_quirk {
>  	u16 hw_vendor_id;
>  	u16 hw_device_id;
>  	u16 vendor;
>  	u16 device;
> +	void (*drom_hook)(struct tb_switch *sw);
>  	void (*hook)(struct tb_switch *sw);
>  };
>  
>  static const struct tb_quirk tb_quirks[] = {
>  	/* Dell WD19TB supports self-authentication on unplug */
> -	{ 0x0000, 0x0000, 0x00d4, 0xb070, quirk_force_power_link },
> -	{ 0x0000, 0x0000, 0x00d4, 0xb071, quirk_force_power_link },
> +	{ 0x0000, 0x0000, 0x00d4, 0xb070, quirk_force_power_link,
> NULL },
> +	{ 0x0000, 0x0000, 0x00d4, 0xb071, quirk_force_power_link,
> NULL }, /*
>  	 * Intel Goshen Ridge NVM 27 and before report wrong number
> of
>  	 * DP buffers.
>  	 */
> -	{ 0x8087, 0x0b26, 0x0000, 0x0000, quirk_dp_credit_allocation
> },
> +	{ 0x8087, 0x0b26, 0x0000, 0x0000,
> quirk_dp_credit_allocation, NULL }, /*
>  	 * Limit the maximum USB3 bandwidth for the following Intel
> USB4
>  	 * host routers due to a hardware issue.
>  	 */
>  	{ 0x8087, PCI_DEVICE_ID_INTEL_ADL_NHI0, 0x0000, 0x0000,
> -		  quirk_usb3_maximum_bandwidth },
> +		  quirk_usb3_maximum_bandwidth, NULL },
>  	{ 0x8087, PCI_DEVICE_ID_INTEL_ADL_NHI1, 0x0000, 0x0000,
> -		  quirk_usb3_maximum_bandwidth },
> +		  quirk_usb3_maximum_bandwidth, NULL },
>  	{ 0x8087, PCI_DEVICE_ID_INTEL_RPL_NHI0, 0x0000, 0x0000,
> -		  quirk_usb3_maximum_bandwidth },
> +		  quirk_usb3_maximum_bandwidth, NULL },
>  	{ 0x8087, PCI_DEVICE_ID_INTEL_RPL_NHI1, 0x0000, 0x0000,
> -		  quirk_usb3_maximum_bandwidth },
> +		  quirk_usb3_maximum_bandwidth, NULL },
>  	{ 0x8087, PCI_DEVICE_ID_INTEL_MTL_M_NHI0, 0x0000, 0x0000,
> -		  quirk_usb3_maximum_bandwidth },
> +		  quirk_usb3_maximum_bandwidth, NULL },
>  	{ 0x8087, PCI_DEVICE_ID_INTEL_MTL_P_NHI0, 0x0000, 0x0000,
> -		  quirk_usb3_maximum_bandwidth },
> +		  quirk_usb3_maximum_bandwidth, NULL },
>  	{ 0x8087, PCI_DEVICE_ID_INTEL_MTL_P_NHI1, 0x0000, 0x0000,
> -		  quirk_usb3_maximum_bandwidth },
> +		  quirk_usb3_maximum_bandwidth, NULL },
>  	{ 0x8087, PCI_DEVICE_ID_INTEL_BARLOW_RIDGE_HOST_80G_NHI,
> 0x0000, 0x0000,
> -		  quirk_usb3_maximum_bandwidth },
> +		  quirk_usb3_maximum_bandwidth, NULL },
>  	{ 0x8087, PCI_DEVICE_ID_INTEL_BARLOW_RIDGE_HOST_40G_NHI,
> 0x0000, 0x0000,
> -		  quirk_usb3_maximum_bandwidth },
> +		  quirk_usb3_maximum_bandwidth, NULL },
>  	{ 0x8087, PCI_DEVICE_ID_INTEL_BARLOW_RIDGE_HUB_80G_BRIDGE,
> 0x0000, 0x0000,
> -		  quirk_usb3_maximum_bandwidth },
> +		  quirk_usb3_maximum_bandwidth, NULL },
>  	{ 0x8087, PCI_DEVICE_ID_INTEL_BARLOW_RIDGE_HUB_40G_BRIDGE,
> 0x0000, 0x0000,
> -		  quirk_usb3_maximum_bandwidth },
> +		  quirk_usb3_maximum_bandwidth, NULL },
>  	/*
>  	 * Block Runtime PM in DP redrive mode for Intel Barlow
> Ridge host
>  	 * controllers.
> +	 *
> +	 * Re-enable DP IN adapter 16 which is marked as disabled in
> +	 * some Clevo systems.
>  	 */
>  	{ 0x8087, PCI_DEVICE_ID_INTEL_BARLOW_RIDGE_HOST_80G_NHI,
> 0x0000, 0x0000,
> -		  quirk_block_rpm_in_redrive },
> +		  quirk_block_rpm_in_redrive,
> quirk_enable_drom_dp_in }, { 0x8087,
> PCI_DEVICE_ID_INTEL_BARLOW_RIDGE_HOST_40G_NHI, 0x0000, 0x0000,
> -		  quirk_block_rpm_in_redrive },
> +		  quirk_block_rpm_in_redrive, NULL },
>  	/*
>  	 * CLx is not supported on AMD USB4 Yellow Carp and Pink
> Sardine platforms. */
> -	{ 0x0438, 0x0208, 0x0000, 0x0000, quirk_clx_disable },
> -	{ 0x0438, 0x0209, 0x0000, 0x0000, quirk_clx_disable },
> -	{ 0x0438, 0x020a, 0x0000, 0x0000, quirk_clx_disable },
> -	{ 0x0438, 0x020b, 0x0000, 0x0000, quirk_clx_disable },
> +	{ 0x0438, 0x0208, 0x0000, 0x0000, quirk_clx_disable, NULL },
> +	{ 0x0438, 0x0209, 0x0000, 0x0000, quirk_clx_disable, NULL },
> +	{ 0x0438, 0x020a, 0x0000, 0x0000, quirk_clx_disable, NULL },
> +	{ 0x0438, 0x020b, 0x0000, 0x0000, quirk_clx_disable, NULL },
>  };
>  
> +static bool match(const struct tb_switch *sw, const struct tb_quirk
> *q) +{
> +	if (q->hw_vendor_id && q->hw_vendor_id !=
> sw->config.vendor_id)
> +		return false;
> +	if (q->hw_device_id && q->hw_device_id !=
> sw->config.device_id)
> +		return false;
> +	if (q->vendor && q->vendor != sw->vendor)
> +		return false;
> +	if (q->device && q->device != sw->device)
> +		return false;
> +	return true;
> +}
> +
> +void tb_check_drom_quirks(struct tb_switch *sw)
> +{
> +	int i;
> +
> +	for (i = 0; i < ARRAY_SIZE(tb_quirks); i++) {
> +		const struct tb_quirk *q = &tb_quirks[i];
> +
> +		if (match(sw, q) && q->drom_hook) {
> +			tb_sw_dbg(sw, "running %ps\n", q->drom_hook);
> +			q->drom_hook(sw);
> +		}
> +	}
> +}
> +
>  /**
>   * tb_check_quirks() - Check for quirks to apply
>   * @sw: Thunderbolt switch
> @@ -122,16 +161,9 @@ void tb_check_quirks(struct tb_switch *sw)
>  	for (i = 0; i < ARRAY_SIZE(tb_quirks); i++) {
>  		const struct tb_quirk *q = &tb_quirks[i];
>  
> -		if (q->hw_vendor_id && q->hw_vendor_id !=
> sw->config.vendor_id)
> -			continue;
> -		if (q->hw_device_id && q->hw_device_id !=
> sw->config.device_id)
> -			continue;
> -		if (q->vendor && q->vendor != sw->vendor)
> -			continue;
> -		if (q->device && q->device != sw->device)
> -			continue;
> -
> -		tb_sw_dbg(sw, "running %ps\n", q->hook);
> -		q->hook(sw);
> +		if (match(sw, q) && q->hook) {
> +			tb_sw_dbg(sw, "running %ps\n", q->hook);
> +			q->hook(sw);
> +		}
>  	}
>  }
> diff --git a/drivers/thunderbolt/tb.c b/drivers/thunderbolt/tb.c
> index 10e719dd837c..633aaf9e0574 100644
> --- a/drivers/thunderbolt/tb.c
> +++ b/drivers/thunderbolt/tb.c
> @@ -2023,6 +2023,37 @@ static void tb_exit_redrive(struct tb_port
> *port) }
>  }
>  
> +static void tb_switch_enter_redrive(struct tb_switch *sw)
> +{
> +	struct tb_port *port;
> +
> +	tb_switch_for_each_port(sw, port)
> +		tb_enter_redrive(port);
> +}
> +
> +/*
> + * Called during system and runtime suspend to forcefully exit
> redrive
> + * mode without querying whether the resource is available.
> + */
> +static void tb_switch_exit_redrive(struct tb_switch *sw)
> +{
> +	struct tb_port *port;
> +
> +	if (!(sw->quirks & QUIRK_KEEP_POWER_IN_DP_REDRIVE))
> +		return;
> +
> +	tb_switch_for_each_port(sw, port) {
> +		if (!tb_port_is_dpin(port))
> +			continue;
> +
> +		if (port->redrive) {
> +			port->redrive = false;
> +			pm_runtime_put(&sw->dev);
> +			tb_port_dbg(port, "exit redrive mode\n");
> +		}
> +	}
> +}
> +
>  static void tb_dp_resource_unavailable(struct tb *tb, struct tb_port
> *port) {
>  	struct tb_port *in, *out;
> @@ -2066,8 +2097,17 @@ static void tb_dp_resource_available(struct tb
> *tb, struct tb_port *port) return;
>  	}
>  
> -	tb_port_dbg(port, "DP %s resource available after hotplug\n",
> -		    tb_port_is_dpin(port) ? "IN" : "OUT");
> +	if (tb_port_is_dpin(port)) {
> +		/* Verify that the resource is really available */
> +		if (!tb_switch_query_dp_resource(port->sw, port)) {
> +			tb_port_info(port, "got hotplug but DP IN
> resource not available\n");
> +			return;
> +		}
> +		tb_port_dbg(port, "DP IN resource available after
> hotplug\n");
> +	} else {
> +		tb_port_dbg(port, "DP OUT resource available after
> hotplug\n");
> +	}
> +
>  	list_add_tail(&port->list, &tcm->dp_resources);
>  	tb_exit_redrive(port);
>  
> @@ -2873,6 +2913,7 @@ static int tb_start(struct tb *tb, bool reset)
>  	tb_create_usb3_tunnels(tb->root_switch);
>  	/* Add DP IN resources for the root switch */
>  	tb_add_dp_resources(tb->root_switch);
> +	tb_switch_enter_redrive(tb->root_switch);
>  	/* Make the discovered switches available to the userspace */
>  	device_for_each_child(&tb->root_switch->dev, NULL,
>  			      tb_scan_finalize_switch);
> @@ -2888,6 +2929,7 @@ static int tb_suspend_noirq(struct tb *tb)
>  
>  	tb_dbg(tb, "suspending...\n");
>  	tb_disconnect_and_release_dp(tb);
> +	tb_switch_exit_redrive(tb->root_switch);
>  	tb_switch_suspend(tb->root_switch, false);
>  	tcm->hotplug_active = false; /* signal tb_handle_hotplug to
> quit */ tb_dbg(tb, "suspend finished\n");
> @@ -2980,6 +3022,7 @@ static int tb_resume_noirq(struct tb *tb)
>  		tb_dbg(tb, "tunnels restarted, sleeping for
> 100ms\n"); msleep(100);
>  	}
> +	tb_switch_enter_redrive(tb->root_switch);
>  	 /* Allow tb_handle_hotplug to progress events */
>  	tcm->hotplug_active = true;
>  	tb_dbg(tb, "resume finished\n");
> @@ -3043,6 +3086,8 @@ static int tb_runtime_suspend(struct tb *tb)
>  	struct tb_cm *tcm = tb_priv(tb);
>  
>  	mutex_lock(&tb->lock);
> +	tb_disconnect_and_release_dp(tb);
> +	tb_switch_exit_redrive(tb->root_switch);
>  	tb_switch_suspend(tb->root_switch, true);
>  	tcm->hotplug_active = false;
>  	mutex_unlock(&tb->lock);
> @@ -3074,6 +3119,7 @@ static int tb_runtime_resume(struct tb *tb)
>  	tb_restore_children(tb->root_switch);
>  	list_for_each_entry_safe(tunnel, n, &tcm->tunnel_list, list)
>  		tb_tunnel_restart(tunnel);
> +	tb_switch_enter_redrive(tb->root_switch);
>  	tcm->hotplug_active = true;
>  	mutex_unlock(&tb->lock);
>  
> diff --git a/drivers/thunderbolt/tb.h b/drivers/thunderbolt/tb.h
> index b47f7873c847..a5d32cfe1db1 100644
> --- a/drivers/thunderbolt/tb.h
> +++ b/drivers/thunderbolt/tb.h
> @@ -1427,6 +1427,7 @@ static inline bool
> usb4_port_device_is_offline(const struct usb4_port *usb4) return
> usb4->offline; }
>  
> +void tb_check_drom_quirks(struct tb_switch *sw);
>  void tb_check_quirks(struct tb_switch *sw);
>  
>  #ifdef CONFIG_ACPI

Thanks! We have tested the 6.11.5 kernel with this patch. Here's the
report from our testing team. dmesg logs are attached.

-----

1. Created 2024-11-01_6.11.5_tbt-barlow-ridge-01.dmesg,
  2024-11-01_6.11.5_tbt-barlow-ridge-02.dmesg.
  Version 01 is with nouveau. Version 02 is with Nivida (rebuilt); could
  NOT build keyboard module (complained did not support 6.11 kernel).
2. In both cases, hot-plug does not wake display. However, after lspci
  -k, displays wake and are reliable.
* Boot the system up, nothing connected.
* Wait for Barlow Ridge to enter runtime suspend. This takes ~15
  seconds so waiting for > 15 seconds should be enough.
* Plug in USB-C monitor to the USB-C port of the Barlow Ridge.
  Screen shows in log, screen wakes, but then no signal is received, and
  no image ever appears. Screen then sleeps after its timeout.
* Run lspci -k to wake up the monitors. Once this is run, the display
  shows correctly and is stable. Adding another USB-C display after this
  also works correctly: It is recognized and lights up in seconds to
  show the desktop background, and remains stable.

Notice that pre-6.5 kernels work fine with Barlow Ridge, which implies
that new code is causing this. It may be new support code for tbt
capability (and therefore pretty much required). But regardless, it's
still new code. With the current patch, we can run a udev rule that
enables hot plugging that likely always work, or (worst case) at least
empowers the customer to refresh monitors by clicking a button.

-----

To my awareness, we have not yet reported the "device links to tunneled
native ports are missing" error to the hardware manufacturer. I'll see
if we can get that reported. Thanks for the heads-up!

--MP_/WuIuDckOYZDBcFRp6AX3mk1
Content-Type: text/plain
Content-Transfer-Encoding: 7bit
Content-Disposition: attachment;
 filename=2024-11-01_6.11.5_tbt-barlow-ridge-01-dmesg.txt

[    0.000000] Linux version 6.11.5 (qa@qa-m2) (gcc (Ubuntu 13.2.0-23ubuntu4) 13.2.0, GNU ld (GNU Binutils for Ubuntu) 2.42) #1 SMP PREEMPT_DYNAMIC Fri Nov  1 08:59:18 PDT 2024
[    0.000000] Command line: BOOT_IMAGE=/@boot/vmlinuz-6.11.5 root=UUID=aa8cb093-9cb3-4cc7-b44e-4bff76ca37fb ro rootflags=subvol=@ quiet cryptdevice=UUID=1a8d8cdb-8d8f-4689-b744-8f32d2067f56:luks-1a8d8cdb-8d8f-4689-b744-8f32d2067f56 root=/dev/mapper/luks-1a8d8cdb-8d8f-4689-b744-8f32d2067f56 splash thunderbolt.dyndbg=+p vt.handoff=7
[    0.000000] KERNEL supported cpus:
[    0.000000]   Intel GenuineIntel
[    0.000000]   AMD AuthenticAMD
[    0.000000]   Hygon HygonGenuine
[    0.000000]   Centaur CentaurHauls
[    0.000000]   zhaoxin   Shanghai  
[    0.000000] x86/split lock detection: #AC: crashing the kernel on kernel split_locks and warning on user-space split_locks
[    0.000000] BIOS-provided physical RAM map:
[    0.000000] BIOS-e820: [mem 0x0000000000000000-0x000000000009efff] usable
[    0.000000] BIOS-e820: [mem 0x000000000009f000-0x00000000000fffff] reserved
[    0.000000] BIOS-e820: [mem 0x0000000000100000-0x0000000030228fff] usable
[    0.000000] BIOS-e820: [mem 0x0000000030229000-0x0000000030b28fff] reserved
[    0.000000] BIOS-e820: [mem 0x0000000030b29000-0x000000003293efff] usable
[    0.000000] BIOS-e820: [mem 0x000000003293f000-0x00000000349defff] reserved
[    0.000000] BIOS-e820: [mem 0x00000000349df000-0x000000003798efff] ACPI NVS
[    0.000000] BIOS-e820: [mem 0x000000003798f000-0x0000000037afefff] ACPI data
[    0.000000] BIOS-e820: [mem 0x0000000037aff000-0x0000000037afffff] usable
[    0.000000] BIOS-e820: [mem 0x0000000037b00000-0x000000003bffffff] reserved
[    0.000000] BIOS-e820: [mem 0x000000003c800000-0x000000003cbfffff] reserved
[    0.000000] BIOS-e820: [mem 0x000000003ce00000-0x000000003fffffff] reserved
[    0.000000] BIOS-e820: [mem 0x00000000c0000000-0x00000000cfffffff] reserved
[    0.000000] BIOS-e820: [mem 0x00000000fed20000-0x00000000fed7ffff] reserved
[    0.000000] BIOS-e820: [mem 0x00000000ff000000-0x00000000ffffffff] reserved
[    0.000000] BIOS-e820: [mem 0x0000000100000000-0x00000008bfffffff] usable
[    0.000000] NX (Execute Disable) protection: active
[    0.000000] APIC: Static calls initialized
[    0.000000] e820: update [mem 0x2b925018-0x2b949e57] usable ==> usable
[    0.000000] extended physical RAM map:
[    0.000000] reserve setup_data: [mem 0x0000000000000000-0x000000000009efff] usable
[    0.000000] reserve setup_data: [mem 0x000000000009f000-0x00000000000fffff] reserved
[    0.000000] reserve setup_data: [mem 0x0000000000100000-0x000000002b925017] usable
[    0.000000] reserve setup_data: [mem 0x000000002b925018-0x000000002b949e57] usable
[    0.000000] reserve setup_data: [mem 0x000000002b949e58-0x0000000030228fff] usable
[    0.000000] reserve setup_data: [mem 0x0000000030229000-0x0000000030b28fff] reserved
[    0.000000] reserve setup_data: [mem 0x0000000030b29000-0x000000003293efff] usable
[    0.000000] reserve setup_data: [mem 0x000000003293f000-0x00000000349defff] reserved
[    0.000000] reserve setup_data: [mem 0x00000000349df000-0x000000003798efff] ACPI NVS
[    0.000000] reserve setup_data: [mem 0x000000003798f000-0x0000000037afefff] ACPI data
[    0.000000] reserve setup_data: [mem 0x0000000037aff000-0x0000000037afffff] usable
[    0.000000] reserve setup_data: [mem 0x0000000037b00000-0x000000003bffffff] reserved
[    0.000000] reserve setup_data: [mem 0x000000003c800000-0x000000003cbfffff] reserved
[    0.000000] reserve setup_data: [mem 0x000000003ce00000-0x000000003fffffff] reserved
[    0.000000] reserve setup_data: [mem 0x00000000c0000000-0x00000000cfffffff] reserved
[    0.000000] reserve setup_data: [mem 0x00000000fed20000-0x00000000fed7ffff] reserved
[    0.000000] reserve setup_data: [mem 0x00000000ff000000-0x00000000ffffffff] reserved
[    0.000000] reserve setup_data: [mem 0x0000000100000000-0x00000008bfffffff] usable
[    0.000000] efi: EFI v2.8 by INSYDE Corp.
[    0.000000] efi: ACPI=0x37afe000 ACPI 2.0=0x37afe014 TPMFinalLog=0x37866000 SMBIOS=0x32fda000 MEMATTR=0x2ba43518 ESRT=0x2ca20798 MOKvar=0x32f86000 INITRD=0x2bd96398 RNG=0x37a24018 TPMEventLog=0x37a18018 
[    0.000000] random: crng init done
[    0.000000] efi: Remove mem88: MMIO range=[0xc0000000-0xcfffffff] (256MB) from e820 map
[    0.000000] e820: remove [mem 0xc0000000-0xcfffffff] reserved
[    0.000000] efi: Remove mem90: MMIO range=[0xff000000-0xffffffff] (16MB) from e820 map
[    0.000000] e820: remove [mem 0xff000000-0xffffffff] reserved
[    0.000000] SMBIOS 3.4 present.
[    0.000000] DMI: Notebook X370SNx1/X370SNx1, BIOS 1.07.03aMIN29 09/18/2024
[    0.000000] DMI: Memory slots populated: 2/2
[    0.000000] tsc: Detected 2400.000 MHz processor
[    0.000000] tsc: Detected 2419.200 MHz TSC
[    0.000009] e820: update [mem 0x00000000-0x00000fff] usable ==> reserved
[    0.000013] e820: remove [mem 0x000a0000-0x000fffff] usable
[    0.000028] last_pfn = 0x8c0000 max_arch_pfn = 0x400000000
[    0.000034] MTRR map: 5 entries (3 fixed + 2 variable; max 23), built from 10 variable MTRRs
[    0.000036] x86/PAT: Configuration [0-7]: WB  WC  UC- UC  WB  WP  UC- WT  
[    0.000750] last_pfn = 0x37b00 max_arch_pfn = 0x400000000
[    0.010260] esrt: Reserving ESRT space from 0x000000002ca20798 to 0x000000002ca20820.
[    0.010269] e820: update [mem 0x2ca20000-0x2ca20fff] usable ==> reserved
[    0.010294] Using GB pages for direct mapping
[    0.010296] Incomplete global flushes, disabling PCID
[    0.010701] Secure boot disabled
[    0.010702] RAMDISK: [mem 0x1af63000-0x1f87afff]
[    0.011316] ACPI: Early table checksum verification disabled
[    0.011321] ACPI: RSDP 0x0000000037AFE014 000024 (v02 INSYDE)
[    0.011328] ACPI: XSDT 0x0000000037A38188 00012C (v01 INSYDE ADL      00000002      01000013)
[    0.011336] ACPI: FACP 0x0000000037ADB000 000114 (v06 INSYDE ADL      00000002 ACPI 00040000)
[    0.011344] ACPI: DSDT 0x0000000037A4E000 089652 (v02 INSYDE ADL      00000002 ACPI 00040000)
[    0.011348] ACPI: FACS 0x000000003783E000 000040
[    0.011352] ACPI: UEFI 0x000000003798E000 0001CF (v01 INSYDE H2O BIOS 00000001 ACPI 00040000)
[    0.011356] ACPI: SSDT 0x0000000037AF3000 00908F (v02 DptfTb DptfTabl 00001000 INTL 20200717)
[    0.011360] ACPI: SSDT 0x0000000037AED000 005D34 (v02 CpuRef CpuSsdt  00003000 INTL 20200717)
[    0.011364] ACPI: SSDT 0x0000000037AEA000 00276F (v02 SaSsdt SaSsdt   00003000 INTL 20200717)
[    0.011367] ACPI: SSDT 0x0000000037AE6000 00328B (v02 INTEL  IgfxSsdt 00003000 INTL 20200717)
[    0.011371] ACPI: SSDT 0x0000000037AE5000 00077B (v02 INSYDE Tpm2Tabl 00001000 INTL 20200717)
[    0.011375] ACPI: TPM2 0x0000000037AE4000 00004C (v04 INSYDE ADL      00000002 ACPI 00040000)
[    0.011378] ACPI: SSDT 0x0000000037ADF000 003249 (v02 INTEL  DTbtSsdt 00001000 INTL 20200717)
[    0.011382] ACPI: SSDT 0x0000000037ADD000 0016A6 (v02 INSYDE UsbCTabl 00001000 INTL 20200717)
[    0.011386] ACPI: NHLT 0x0000000037ADC000 00002D (v00 INSYDE ADL      00000002 ACPI 00040000)
[    0.011389] ACPI: HPET 0x0000000037ADA000 000038 (v01 INSYDE ADL      00000002 ACPI 00040000)
[    0.011393] ACPI: APIC 0x0000000037AD9000 0001DC (v05 INSYDE ADL      00000002 ACPI 00040000)
[    0.011396] ACPI: MCFG 0x0000000037AD8000 00003C (v01 INSYDE ADL      00000002 ACPI 00040000)
[    0.011400] ACPI: SSDT 0x0000000037A48000 0054E4 (v02 INSYDE ADL      00000002      01000013)
[    0.011404] ACPI: WSMT 0x0000000037A47000 000028 (v01 INSYDE ADL      00000002 ACPI 00040000)
[    0.011408] ACPI: SSDT 0x0000000037A45000 0015FD (v02 INSYDE PtidDevc 00001000 INTL 20200717)
[    0.011411] ACPI: SSDT 0x0000000037A3B000 009573 (v02 INSYDE TbtTypeC 00000000 INTL 20200717)
[    0.011415] ACPI: DBGP 0x0000000037A3A000 000034 (v01 INSYDE ADL      00000002 ACPI 00040000)
[    0.011418] ACPI: DBG2 0x0000000037A39000 000054 (v00 INSYDE ADL      00000002 ACPI 00040000)
[    0.011422] ACPI: DMAR 0x0000000037AFD000 000050 (v01 INTEL  ICL      00000002 ACPI 00040000)
[    0.011427] ACPI: SSDT 0x0000000037A35000 002EE7 (v01 NvdRef NvdTabl  00001000 INTL 20200717)
[    0.011431] ACPI: SSDT 0x0000000037A34000 00020D (v01 NvdRef NvdDiscr 00001000 INTL 20200717)
[    0.011435] ACPI: SSDT 0x0000000037A33000 00064F (v01 NvdRef NvDisDds 00001000 INTL 20200717)
[    0.011438] ACPI: UEFI 0x000000003783B000 00063A (v01 INTEL  RstVmdE  00000000 ACPI 00040000)
[    0.011442] ACPI: UEFI 0x000000003783A000 00005C (v01 INTEL  RstVmdV  00000000 ACPI 00040000)
[    0.011446] ACPI: SSDT 0x0000000037A31000 001057 (v02 INTEL  xh_rplsb 00000000 INTL 20200717)
[    0.011450] ACPI: SSDT 0x0000000037A2D000 0039DA (v02 SocGpe SocGpe   00003000 INTL 20200717)
[    0.011453] ACPI: SSDT 0x0000000037A29000 0039DA (v02 SocCmn SocCmn   00003000 INTL 20200717)
[    0.011457] ACPI: SSDT 0x0000000037A28000 0000F8 (v02 INSYDE PcdTabl  00001000 INTL 20200717)
[    0.011461] ACPI: FPDT 0x0000000037A27000 000044 (v01 INSYDE ADL      00000002 ACPI 00040000)
[    0.011464] ACPI: PHAT 0x0000000037A25000 0005ED (v01 INSYDE ADL      00000005 ACPI 00040000)
[    0.011468] ACPI: BGRT 0x0000000037A26000 000038 (v01 INSYDE H2O BIOS 00000001 ACPI 00040000)
[    0.011471] ACPI: Reserving FACP table memory at [mem 0x37adb000-0x37adb113]
[    0.011473] ACPI: Reserving DSDT table memory at [mem 0x37a4e000-0x37ad7651]
[    0.011474] ACPI: Reserving FACS table memory at [mem 0x3783e000-0x3783e03f]
[    0.011475] ACPI: Reserving UEFI table memory at [mem 0x3798e000-0x3798e1ce]
[    0.011476] ACPI: Reserving SSDT table memory at [mem 0x37af3000-0x37afc08e]
[    0.011477] ACPI: Reserving SSDT table memory at [mem 0x37aed000-0x37af2d33]
[    0.011478] ACPI: Reserving SSDT table memory at [mem 0x37aea000-0x37aec76e]
[    0.011479] ACPI: Reserving SSDT table memory at [mem 0x37ae6000-0x37ae928a]
[    0.011480] ACPI: Reserving SSDT table memory at [mem 0x37ae5000-0x37ae577a]
[    0.011481] ACPI: Reserving TPM2 table memory at [mem 0x37ae4000-0x37ae404b]
[    0.011482] ACPI: Reserving SSDT table memory at [mem 0x37adf000-0x37ae2248]
[    0.011483] ACPI: Reserving SSDT table memory at [mem 0x37add000-0x37ade6a5]
[    0.011484] ACPI: Reserving NHLT table memory at [mem 0x37adc000-0x37adc02c]
[    0.011485] ACPI: Reserving HPET table memory at [mem 0x37ada000-0x37ada037]
[    0.011486] ACPI: Reserving APIC table memory at [mem 0x37ad9000-0x37ad91db]
[    0.011487] ACPI: Reserving MCFG table memory at [mem 0x37ad8000-0x37ad803b]
[    0.011488] ACPI: Reserving SSDT table memory at [mem 0x37a48000-0x37a4d4e3]
[    0.011489] ACPI: Reserving WSMT table memory at [mem 0x37a47000-0x37a47027]
[    0.011490] ACPI: Reserving SSDT table memory at [mem 0x37a45000-0x37a465fc]
[    0.011491] ACPI: Reserving SSDT table memory at [mem 0x37a3b000-0x37a44572]
[    0.011492] ACPI: Reserving DBGP table memory at [mem 0x37a3a000-0x37a3a033]
[    0.011493] ACPI: Reserving DBG2 table memory at [mem 0x37a39000-0x37a39053]
[    0.011494] ACPI: Reserving DMAR table memory at [mem 0x37afd000-0x37afd04f]
[    0.011495] ACPI: Reserving SSDT table memory at [mem 0x37a35000-0x37a37ee6]
[    0.011496] ACPI: Reserving SSDT table memory at [mem 0x37a34000-0x37a3420c]
[    0.011497] ACPI: Reserving SSDT table memory at [mem 0x37a33000-0x37a3364e]
[    0.011497] ACPI: Reserving UEFI table memory at [mem 0x3783b000-0x3783b639]
[    0.011498] ACPI: Reserving UEFI table memory at [mem 0x3783a000-0x3783a05b]
[    0.011499] ACPI: Reserving SSDT table memory at [mem 0x37a31000-0x37a32056]
[    0.011501] ACPI: Reserving SSDT table memory at [mem 0x37a2d000-0x37a309d9]
[    0.011502] ACPI: Reserving SSDT table memory at [mem 0x37a29000-0x37a2c9d9]
[    0.011502] ACPI: Reserving SSDT table memory at [mem 0x37a28000-0x37a280f7]
[    0.011503] ACPI: Reserving FPDT table memory at [mem 0x37a27000-0x37a27043]
[    0.011504] ACPI: Reserving PHAT table memory at [mem 0x37a25000-0x37a255ec]
[    0.011505] ACPI: Reserving BGRT table memory at [mem 0x37a26000-0x37a26037]
[    0.011760] No NUMA configuration found
[    0.011762] Faking a node at [mem 0x0000000000000000-0x00000008bfffffff]
[    0.011770] NODE_DATA(0) allocated [mem 0x8bffd5000-0x8bfffffff]
[    0.012024] Zone ranges:
[    0.012025]   DMA      [mem 0x0000000000001000-0x0000000000ffffff]
[    0.012028]   DMA32    [mem 0x0000000001000000-0x00000000ffffffff]
[    0.012030]   Normal   [mem 0x0000000100000000-0x00000008bfffffff]
[    0.012032]   Device   empty
[    0.012033] Movable zone start for each node
[    0.012035] Early memory node ranges
[    0.012036]   node   0: [mem 0x0000000000001000-0x000000000009efff]
[    0.012038]   node   0: [mem 0x0000000000100000-0x0000000030228fff]
[    0.012039]   node   0: [mem 0x0000000030b29000-0x000000003293efff]
[    0.012040]   node   0: [mem 0x0000000037aff000-0x0000000037afffff]
[    0.012041]   node   0: [mem 0x0000000100000000-0x00000008bfffffff]
[    0.012045] Initmem setup node 0 [mem 0x0000000000001000-0x00000008bfffffff]
[    0.012052] On node 0, zone DMA: 1 pages in unavailable ranges
[    0.012084] On node 0, zone DMA: 97 pages in unavailable ranges
[    0.013522] On node 0, zone DMA32: 2304 pages in unavailable ranges
[    0.013711] On node 0, zone DMA32: 20928 pages in unavailable ranges
[    0.056442] On node 0, zone Normal: 1280 pages in unavailable ranges
[    0.057134] ACPI: PM-Timer IO Port: 0x1808
[    0.057146] ACPI: LAPIC_NMI (acpi_id[0x01] high edge lint[0x1])
[    0.057148] ACPI: LAPIC_NMI (acpi_id[0x02] high edge lint[0x1])
[    0.057149] ACPI: LAPIC_NMI (acpi_id[0x03] high edge lint[0x1])
[    0.057150] ACPI: LAPIC_NMI (acpi_id[0x04] high edge lint[0x1])
[    0.057151] ACPI: LAPIC_NMI (acpi_id[0x05] high edge lint[0x1])
[    0.057152] ACPI: LAPIC_NMI (acpi_id[0x06] high edge lint[0x1])
[    0.057152] ACPI: LAPIC_NMI (acpi_id[0x07] high edge lint[0x1])
[    0.057153] ACPI: LAPIC_NMI (acpi_id[0x08] high edge lint[0x1])
[    0.057154] ACPI: LAPIC_NMI (acpi_id[0x09] high edge lint[0x1])
[    0.057155] ACPI: LAPIC_NMI (acpi_id[0x0a] high edge lint[0x1])
[    0.057156] ACPI: LAPIC_NMI (acpi_id[0x0b] high edge lint[0x1])
[    0.057156] ACPI: LAPIC_NMI (acpi_id[0x0c] high edge lint[0x1])
[    0.057157] ACPI: LAPIC_NMI (acpi_id[0x0d] high edge lint[0x1])
[    0.057158] ACPI: LAPIC_NMI (acpi_id[0x0e] high edge lint[0x1])
[    0.057159] ACPI: LAPIC_NMI (acpi_id[0x0f] high edge lint[0x1])
[    0.057160] ACPI: LAPIC_NMI (acpi_id[0x10] high edge lint[0x1])
[    0.057160] ACPI: LAPIC_NMI (acpi_id[0x11] high edge lint[0x1])
[    0.057161] ACPI: LAPIC_NMI (acpi_id[0x12] high edge lint[0x1])
[    0.057162] ACPI: LAPIC_NMI (acpi_id[0x13] high edge lint[0x1])
[    0.057163] ACPI: LAPIC_NMI (acpi_id[0x14] high edge lint[0x1])
[    0.057164] ACPI: LAPIC_NMI (acpi_id[0x15] high edge lint[0x1])
[    0.057164] ACPI: LAPIC_NMI (acpi_id[0x16] high edge lint[0x1])
[    0.057165] ACPI: LAPIC_NMI (acpi_id[0x17] high edge lint[0x1])
[    0.057166] ACPI: LAPIC_NMI (acpi_id[0x00] high edge lint[0x1])
[    0.057206] IOAPIC[0]: apic_id 2, version 32, address 0xfec00000, GSI 0-119
[    0.057209] ACPI: INT_SRC_OVR (bus 0 bus_irq 0 global_irq 2 dfl dfl)
[    0.057211] ACPI: INT_SRC_OVR (bus 0 bus_irq 9 global_irq 9 high level)
[    0.057215] ACPI: Using ACPI (MADT) for SMP configuration information
[    0.057216] ACPI: HPET id: 0x8086a201 base: 0xfed00000
[    0.057224] e820: update [mem 0x2b43a000-0x2b4f4fff] usable ==> reserved
[    0.057237] TSC deadline timer available
[    0.057240] CPU topo: Max. logical packages:   1
[    0.057241] CPU topo: Max. logical dies:       1
[    0.057242] CPU topo: Max. dies per package:   1
[    0.057245] CPU topo: Max. threads per core:   2
[    0.057246] CPU topo: Num. cores per package:    24
[    0.057247] CPU topo: Num. threads per package:  32
[    0.057248] CPU topo: Allowing 32 present CPUs plus 0 hotplug CPUs
[    0.057265] PM: hibernation: Registered nosave memory: [mem 0x00000000-0x00000fff]
[    0.057267] PM: hibernation: Registered nosave memory: [mem 0x0009f000-0x000fffff]
[    0.057269] PM: hibernation: Registered nosave memory: [mem 0x2b43a000-0x2b4f4fff]
[    0.057270] PM: hibernation: Registered nosave memory: [mem 0x2b925000-0x2b925fff]
[    0.057272] PM: hibernation: Registered nosave memory: [mem 0x2b949000-0x2b949fff]
[    0.057274] PM: hibernation: Registered nosave memory: [mem 0x2ca20000-0x2ca20fff]
[    0.057275] PM: hibernation: Registered nosave memory: [mem 0x30229000-0x30b28fff]
[    0.057277] PM: hibernation: Registered nosave memory: [mem 0x3293f000-0x349defff]
[    0.057278] PM: hibernation: Registered nosave memory: [mem 0x349df000-0x3798efff]
[    0.057278] PM: hibernation: Registered nosave memory: [mem 0x3798f000-0x37afefff]
[    0.057280] PM: hibernation: Registered nosave memory: [mem 0x37b00000-0x3bffffff]
[    0.057281] PM: hibernation: Registered nosave memory: [mem 0x3c000000-0x3c7fffff]
[    0.057282] PM: hibernation: Registered nosave memory: [mem 0x3c800000-0x3cbfffff]
[    0.057282] PM: hibernation: Registered nosave memory: [mem 0x3cc00000-0x3cdfffff]
[    0.057283] PM: hibernation: Registered nosave memory: [mem 0x3ce00000-0x3fffffff]
[    0.057284] PM: hibernation: Registered nosave memory: [mem 0x40000000-0xfed1ffff]
[    0.057284] PM: hibernation: Registered nosave memory: [mem 0xfed20000-0xfed7ffff]
[    0.057285] PM: hibernation: Registered nosave memory: [mem 0xfed80000-0xffffffff]
[    0.057287] [mem 0x40000000-0xfed1ffff] available for PCI devices
[    0.057288] Booting paravirtualized kernel on bare hardware
[    0.057291] clocksource: refined-jiffies: mask: 0xffffffff max_cycles: 0xffffffff, max_idle_ns: 1910969940391419 ns
[    0.057299] setup_percpu: NR_CPUS:8192 nr_cpumask_bits:32 nr_cpu_ids:32 nr_node_ids:1
[    0.059115] percpu: Embedded 88 pages/cpu s237568 r8192 d114688 u524288
[    0.059122] pcpu-alloc: s237568 r8192 d114688 u524288 alloc=1*2097152
[    0.059125] pcpu-alloc: [0] 00 01 02 03 [0] 04 05 06 07 
[    0.059131] pcpu-alloc: [0] 08 09 10 11 [0] 12 13 14 15 
[    0.059136] pcpu-alloc: [0] 16 17 18 19 [0] 20 21 22 23 
[    0.059141] pcpu-alloc: [0] 24 25 26 27 [0] 28 29 30 31 
[    0.059168] Kernel command line: BOOT_IMAGE=/@boot/vmlinuz-6.11.5 root=UUID=aa8cb093-9cb3-4cc7-b44e-4bff76ca37fb ro rootflags=subvol=@ quiet cryptdevice=UUID=1a8d8cdb-8d8f-4689-b744-8f32d2067f56:luks-1a8d8cdb-8d8f-4689-b744-8f32d2067f56 root=/dev/mapper/luks-1a8d8cdb-8d8f-4689-b744-8f32d2067f56 splash thunderbolt.dyndbg=+p vt.handoff=7
[    0.059269] Unknown kernel command line parameters "splash BOOT_IMAGE=/@boot/vmlinuz-6.11.5 cryptdevice=UUID=1a8d8cdb-8d8f-4689-b744-8f32d2067f56:luks-1a8d8cdb-8d8f-4689-b744-8f32d2067f56", will be passed to user space.
[    0.061881] Dentry cache hash table entries: 4194304 (order: 13, 33554432 bytes, linear)
[    0.063186] Inode-cache hash table entries: 2097152 (order: 12, 16777216 bytes, linear)
[    0.063608] Fallback order for Node 0: 0 
[    0.063613] Built 1 zonelists, mobility grouping on.  Total pages: 8331230
[    0.063614] Policy zone: Normal
[    0.063625] mem auto-init: stack:all(zero), heap alloc:on, heap free:off
[    0.063632] software IO TLB: area num 32.
[    0.134622] SLUB: HWalign=64, Order=0-3, MinObjects=0, CPUs=32, Nodes=1
[    0.134702] ftrace: allocating 55948 entries in 219 pages
[    0.144662] ftrace: allocated 219 pages with 6 groups
[    0.145484] Dynamic Preempt: voluntary
[    0.145675] rcu: Preemptible hierarchical RCU implementation.
[    0.145676] rcu: 	RCU restricting CPUs from NR_CPUS=8192 to nr_cpu_ids=32.
[    0.145678] 	Trampoline variant of Tasks RCU enabled.
[    0.145678] 	Rude variant of Tasks RCU enabled.
[    0.145679] 	Tracing variant of Tasks RCU enabled.
[    0.145680] rcu: RCU calculated value of scheduler-enlistment delay is 100 jiffies.
[    0.145681] rcu: Adjusting geometry for rcu_fanout_leaf=16, nr_cpu_ids=32
[    0.145705] RCU Tasks: Setting shift to 5 and lim to 1 rcu_task_cb_adjust=1 rcu_task_cpu_ids=32.
[    0.145708] RCU Tasks Rude: Setting shift to 5 and lim to 1 rcu_task_cb_adjust=1 rcu_task_cpu_ids=32.
[    0.145711] RCU Tasks Trace: Setting shift to 5 and lim to 1 rcu_task_cb_adjust=1 rcu_task_cpu_ids=32.
[    0.148658] NR_IRQS: 524544, nr_irqs: 2312, preallocated irqs: 16
[    0.149018] rcu: srcu_init: Setting srcu_struct sizes based on contention.
[    0.149289] Console: colour dummy device 80x25
[    0.149292] printk: legacy console [tty0] enabled
[    0.149357] ACPI: Core revision 20240322
[    0.149849] hpet: HPET dysfunctional in PC10. Force disabled.
[    0.149850] APIC: Switch to symmetric I/O mode setup
[    0.149853] DMAR: Host address width 39
[    0.149854] DMAR: DRHD base: 0x000000fed91000 flags: 0x1
[    0.149865] DMAR: dmar0: reg_base_addr fed91000 ver 5:0 cap d2008c40660462 ecap f050da
[    0.149869] DMAR-IR: IOAPIC id 2 under DRHD base  0xfed91000 IOMMU 0
[    0.149871] DMAR-IR: HPET id 0 under DRHD base 0xfed91000
[    0.149872] DMAR-IR: Queued invalidation will be enabled to support x2apic and Intr-remapping.
[    0.151597] DMAR-IR: Enabled IRQ remapping in x2apic mode
[    0.151599] x2apic enabled
[    0.151667] APIC: Switched APIC routing to: cluster x2apic
[    0.156427] clocksource: tsc-early: mask: 0xffffffffffffffff max_cycles: 0x22df1149949, max_idle_ns: 440795312789 ns
[    0.156435] Calibrating delay loop (skipped), value calculated using timer frequency.. 4838.40 BogoMIPS (lpj=2419200)
[    0.156504] CPU0: Thermal monitoring enabled (TM1)
[    0.156507] x86/cpu: User Mode Instruction Prevention (UMIP) activated
[    0.156671] Last level iTLB entries: 4KB 0, 2MB 0, 4MB 0
[    0.156673] Last level dTLB entries: 4KB 0, 2MB 0, 4MB 0, 1GB 0
[    0.156676] process: using mwait in idle threads
[    0.156679] Spectre V1 : Mitigation: usercopy/swapgs barriers and __user pointer sanitization
[    0.156683] Spectre V2 : Mitigation: Enhanced / Automatic IBRS
[    0.156684] Spectre V2 : Spectre v2 / SpectreRSB mitigation: Filling RSB on context switch
[    0.156684] Spectre V2 : Spectre v2 / PBRSB-eIBRS: Retire a single CALL on VMEXIT
[    0.156686] Spectre V2 : mitigation: Enabling conditional Indirect Branch Prediction Barrier
[    0.156689] Speculative Store Bypass: Mitigation: Speculative Store Bypass disabled via prctl
[    0.156690] Register File Data Sampling: Mitigation: Clear Register File
[    0.156702] x86/fpu: Supporting XSAVE feature 0x001: 'x87 floating point registers'
[    0.156703] x86/fpu: Supporting XSAVE feature 0x002: 'SSE registers'
[    0.156704] x86/fpu: Supporting XSAVE feature 0x004: 'AVX registers'
[    0.156705] x86/fpu: Supporting XSAVE feature 0x200: 'Protection Keys User registers'
[    0.156706] x86/fpu: Supporting XSAVE feature 0x800: 'Control-flow User registers'
[    0.156707] x86/fpu: xstate_offset[2]:  576, xstate_sizes[2]:  256
[    0.156709] x86/fpu: xstate_offset[9]:  832, xstate_sizes[9]:    8
[    0.156710] x86/fpu: xstate_offset[11]:  840, xstate_sizes[11]:   16
[    0.156712] x86/fpu: Enabled xstate features 0xa07, context size is 856 bytes, using 'compacted' format.
[    0.157432] Freeing SMP alternatives memory: 48K
[    0.157432] pid_max: default: 32768 minimum: 301
[    0.157432] LSM: initializing lsm=lockdown,capability,landlock,yama,apparmor,ima,evm
[    0.157432] landlock: Up and running.
[    0.157432] Yama: becoming mindful.
[    0.157432] AppArmor: AppArmor initialized
[    0.157432] Mount-cache hash table entries: 65536 (order: 7, 524288 bytes, linear)
[    0.157432] Mountpoint-cache hash table entries: 65536 (order: 7, 524288 bytes, linear)
[    0.157432] smpboot: CPU0: Intel(R) Core(TM) i9-14900HX (family: 0x6, model: 0xb7, stepping: 0x1)
[    0.157432] Performance Events: XSAVE Architectural LBR, PEBS fmt4+-baseline,  AnyThread deprecated, Alderlake Hybrid events, 32-deep LBR, full-width counters, Intel PMU driver.
[    0.157432] core: cpu_core PMU driver: 
[    0.157432] ... version:                5
[    0.157432] ... bit width:              48
[    0.157432] ... generic registers:      8
[    0.157432] ... value mask:             0000ffffffffffff
[    0.157432] ... max period:             00007fffffffffff
[    0.157432] ... fixed-purpose events:   4
[    0.157432] ... event mask:             0001000f000000ff
[    0.157432] signal: max sigframe size: 3632
[    0.157432] Estimated ratio of average max frequency by base frequency (times 1024): 2218
[    0.157432] rcu: Hierarchical SRCU implementation.
[    0.157432] rcu: 	Max phase no-delay instances is 400.
[    0.157432] Timer migration: 2 hierarchy levels; 8 children per group; 2 crossnode level
[    0.159215] NMI watchdog: Enabled. Permanently consumes one hw-PMU counter.
[    0.159494] smp: Bringing up secondary CPUs ...
[    0.159593] smpboot: x86: Booting SMP configuration:
[    0.159594] .... node  #0, CPUs:        #2  #4  #6  #8 #10 #12 #14 #16 #17 #18 #19 #20 #21 #22 #23 #24 #25 #26 #27 #28 #29 #30 #31
[    0.008231] core: cpu_atom PMU driver: PEBS-via-PT 
[    0.008231] ... version:                5
[    0.008231] ... bit width:              48
[    0.008231] ... generic registers:      6
[    0.008231] ... value mask:             0000ffffffffffff
[    0.008231] ... max period:             00007fffffffffff
[    0.008231] ... fixed-purpose events:   3
[    0.008231] ... event mask:             000000070000003f
[    0.173568]   #1  #3  #5  #7  #9 #11 #13 #15
[    0.182518] smp: Brought up 1 node, 32 CPUs
[    0.182518] smpboot: Total of 32 processors activated (154828.80 BogoMIPS)
[    0.183818] Memory: 32501348K/33324920K available (22528K kernel code, 4519K rwdata, 13792K rodata, 4996K init, 4628K bss, 777092K reserved, 0K cma-reserved)
[    0.184933] devtmpfs: initialized
[    0.184933] x86/mm: Memory block size: 128MB
[    0.188210] ACPI: PM: Registering ACPI NVS region [mem 0x349df000-0x3798efff] (50003968 bytes)
[    0.188754] clocksource: jiffies: mask: 0xffffffff max_cycles: 0xffffffff, max_idle_ns: 1911260446275000 ns
[    0.188806] futex hash table entries: 8192 (order: 7, 524288 bytes, linear)
[    0.188931] pinctrl core: initialized pinctrl subsystem
[    0.189171] PM: RTC time: 17:25:25, date: 2024-11-01
[    0.189764] NET: Registered PF_NETLINK/PF_ROUTE protocol family
[    0.190289] DMA: preallocated 4096 KiB GFP_KERNEL pool for atomic allocations
[    0.190716] DMA: preallocated 4096 KiB GFP_KERNEL|GFP_DMA pool for atomic allocations
[    0.191105] DMA: preallocated 4096 KiB GFP_KERNEL|GFP_DMA32 pool for atomic allocations
[    0.191116] audit: initializing netlink subsys (disabled)
[    0.191124] audit: type=2000 audit(1730481925.034:1): state=initialized audit_enabled=0 res=1
[    0.191124] thermal_sys: Registered thermal governor 'fair_share'
[    0.191124] thermal_sys: Registered thermal governor 'bang_bang'
[    0.191124] thermal_sys: Registered thermal governor 'step_wise'
[    0.191124] thermal_sys: Registered thermal governor 'user_space'
[    0.191124] thermal_sys: Registered thermal governor 'power_allocator'
[    0.191124] EISA bus registered
[    0.191124] cpuidle: using governor ladder
[    0.191124] cpuidle: using governor menu
[    0.191459] acpiphp: ACPI Hot Plug PCI Controller Driver version: 0.5
[    0.191591] PCI: ECAM [mem 0xc0000000-0xce0fffff] (base 0xc0000000) for domain 0000 [bus 00-e0]
[    0.191607] PCI: Using configuration type 1 for base access
[    0.191751] kprobes: kprobe jump-optimization is enabled. All kprobes are optimized if possible.
[    0.191756] HugeTLB: registered 1.00 GiB page size, pre-allocated 0 pages
[    0.191756] HugeTLB: 16380 KiB vmemmap can be freed for a 1.00 GiB page
[    0.191756] HugeTLB: registered 2.00 MiB page size, pre-allocated 0 pages
[    0.191756] HugeTLB: 28 KiB vmemmap can be freed for a 2.00 MiB page
[    0.192648] ACPI: Added _OSI(Module Device)
[    0.192648] ACPI: Added _OSI(Processor Device)
[    0.192648] ACPI: Added _OSI(3.0 _SCP Extensions)
[    0.192648] ACPI: Added _OSI(Processor Aggregator Device)
[    0.335567] ACPI BIOS Error (bug): Could not resolve symbol [\_SB.PC00.MHBR], AE_NOT_FOUND (20240322/psargs-332)
[    0.335585] ACPI: Ignoring error and continuing table load
[    0.335609] ACPI BIOS Error (bug): Could not resolve symbol [\_SB.PTID.PBAR], AE_NOT_FOUND (20240322/dsfield-500)
[    0.343727] ACPI: 18 ACPI AML tables successfully acquired and loaded
[    0.363305] ACPI: USB4 _OSC: OS supports USB3+ DisplayPort+ PCIe+ XDomain+
[    0.363308] ACPI: USB4 _OSC: OS controls USB3+ DisplayPort+ PCIe+ XDomain+
[    0.365237] ACPI: Dynamic OEM Table Load:
[    0.365251] ACPI: SSDT 0xFFFF9500C1FC5800 000394 (v02 PmRef  Cpu0Cst  00003001 INTL 20200717)
[    0.367157] ACPI: Dynamic OEM Table Load:
[    0.367165] ACPI: SSDT 0xFFFF9500C4020000 00053F (v02 PmRef  Cpu0Ist  00003000 INTL 20200717)
[    0.369062] ACPI: Dynamic OEM Table Load:
[    0.369069] ACPI: SSDT 0xFFFF9500C405B400 0001AB (v02 PmRef  Cpu0Psd  00003000 INTL 20200717)
[    0.370855] ACPI: Dynamic OEM Table Load:
[    0.370861] ACPI: SSDT 0xFFFF9500C4026000 0004B5 (v02 PmRef  Cpu0Hwp  00003000 INTL 20200717)
[    0.373248] ACPI: Dynamic OEM Table Load:
[    0.373267] ACPI: SSDT 0xFFFF9500C402A000 001BAF (v02 PmRef  ApIst    00003000 INTL 20200717)
[    0.376049] ACPI: Dynamic OEM Table Load:
[    0.376058] ACPI: SSDT 0xFFFF9500C4028000 001038 (v02 PmRef  ApHwp    00003000 INTL 20200717)
[    0.378545] ACPI: Dynamic OEM Table Load:
[    0.378553] ACPI: SSDT 0xFFFF9500C402C000 001349 (v02 PmRef  ApPsd    00003000 INTL 20200717)
[    0.381109] ACPI: Dynamic OEM Table Load:
[    0.381117] ACPI: SSDT 0xFFFF9500C403D000 000FBB (v02 PmRef  ApCst    00003000 INTL 20200717)
[    0.400970] ACPI: EC: EC started
[    0.400972] ACPI: EC: interrupt blocked
[    0.420095] ACPI: EC: EC_CMD/EC_SC=0x66, EC_DATA=0x62
[    0.420098] ACPI: \_SB_.PC00.LPCB.EC__: Boot DSDT EC used to handle transactions
[    0.420100] ACPI: Interpreter enabled
[    0.420193] ACPI: PM: (supports S0 S3 S4 S5)
[    0.420194] ACPI: Using IOAPIC for interrupt routing
[    0.422627] PCI: Using host bridge windows from ACPI; if necessary, use "pci=nocrs" and report a bug
[    0.422629] PCI: Ignoring E820 reservations for host bridge windows
[    0.424465] ACPI: Enabled 11 GPEs in block 00 to 7F
[    0.426949] ACPI: \_SB_.PC00.PEG2.PG00: New power resource
[    0.452248] ACPI: \_SB_.PC00.XHCI.RHUB.HS14.BTRT: New power resource
[    0.452274] ACPI: \_SB_.PC00.XHCI.RHUB.HS14.DBTR: New power resource
[    0.462607] ACPI: \_SB_.PC00.CNVW.WRST: New power resource
[    0.468421] ACPI: \_SB_.PC00.RP09.PXP_: New power resource
[    0.495411] ACPI: \PIN_: New power resource
[    0.496297] ACPI: PCI Root Bridge [PC00] (domain 0000 [bus 00-e0])
[    0.496305] acpi PNP0A08:00: _OSC: OS supports [ExtendedConfig ASPM ClockPM Segments MSI EDR HPX-Type3]
[    0.500181] acpi PNP0A08:00: _OSC: OS now controls [PCIeHotplug SHPCHotplug PME AER PCIeCapability LTR DPC]
[    0.506396] PCI host bridge to bus 0000:00
[    0.506399] pci_bus 0000:00: root bus resource [io  0x0000-0x0cf7 window]
[    0.506402] pci_bus 0000:00: root bus resource [io  0x0d00-0xffff window]
[    0.506404] pci_bus 0000:00: root bus resource [mem 0x000a0000-0x000bffff window]
[    0.506406] pci_bus 0000:00: root bus resource [mem 0x40000000-0xbfffffff window]
[    0.506407] pci_bus 0000:00: root bus resource [mem 0x4000000000-0x7fffffffff window]
[    0.506409] pci_bus 0000:00: root bus resource [bus 00-e0]
[    0.506454] pci 0000:00:00.0: [8086:a702] type 00 class 0x060000 conventional PCI endpoint
[    0.506596] pci 0000:00:01.0: [8086:a70d] type 01 class 0x060400 PCIe Root Port
[    0.506614] pci 0000:00:01.0: PCI bridge to [bus 01]
[    0.506678] pci 0000:00:01.0: PME# supported from D0 D3hot D3cold
[    0.506704] pci 0000:00:01.0: PTM enabled (root), 4ns granularity
[    0.507515] pci 0000:00:01.1: [8086:a72d] type 01 class 0x060400 PCIe Root Port
[    0.507533] pci 0000:00:01.1: PCI bridge to [bus 02]
[    0.507536] pci 0000:00:01.1:   bridge window [io  0x3000-0x3fff]
[    0.507539] pci 0000:00:01.1:   bridge window [mem 0x4a000000-0x4b0fffff]
[    0.507545] pci 0000:00:01.1:   bridge window [mem 0x4000000000-0x4401ffffff 64bit pref]
[    0.507597] pci 0000:00:01.1: PME# supported from D0 D3hot D3cold
[    0.507621] pci 0000:00:01.1: PTM enabled (root), 4ns granularity
[    0.508396] pci 0000:00:04.0: [8086:a71d] type 00 class 0x118000 conventional PCI endpoint
[    0.508413] pci 0000:00:04.0: BAR 0 [mem 0x4404200000-0x440421ffff 64bit]
[    0.508781] pci 0000:00:08.0: [8086:a74f] type 00 class 0x088000 conventional PCI endpoint
[    0.508792] pci 0000:00:08.0: BAR 0 [mem 0x4404241000-0x4404241fff 64bit]
[    0.508904] pci 0000:00:0a.0: [8086:a77d] type 00 class 0x118000 PCIe Root Complex Integrated Endpoint
[    0.508912] pci 0000:00:0a.0: BAR 0 [mem 0x4404220000-0x4404227fff 64bit]
[    0.508932] pci 0000:00:0a.0: enabling Extended Tags
[    0.509045] pci 0000:00:0e.0: [8086:a77f] type 00 class 0x010400 PCIe Root Complex Integrated Endpoint
[    0.509060] pci 0000:00:0e.0: BAR 0 [mem 0x4402000000-0x4403ffffff 64bit]
[    0.509067] pci 0000:00:0e.0: BAR 2 [mem 0x48000000-0x49ffffff]
[    0.509083] pci 0000:00:0e.0: BAR 4 [mem 0x4404100000-0x44041fffff 64bit]
[    0.509413] pci 0000:00:14.0: [8086:7a60] type 00 class 0x0c0330 conventional PCI endpoint
[    0.509434] pci 0000:00:14.0: BAR 0 [mem 0x4b380000-0x4b38ffff 64bit]
[    0.509519] pci 0000:00:14.0: PME# supported from D3hot D3cold
[    0.510139] pci 0000:00:14.2: [8086:7a27] type 00 class 0x050000 conventional PCI endpoint
[    0.510164] pci 0000:00:14.2: BAR 0 [mem 0x4404238000-0x440423bfff 64bit]
[    0.510181] pci 0000:00:14.2: BAR 2 [mem 0x4404240000-0x4404240fff 64bit]
[    0.510337] pci 0000:00:14.3: [8086:7a70] type 00 class 0x028000 PCIe Root Complex Integrated Endpoint
[    0.510384] pci 0000:00:14.3: BAR 0 [mem 0x4404234000-0x4404237fff 64bit]
[    0.510575] pci 0000:00:14.3: PME# supported from D0 D3hot D3cold
[    0.510999] pci 0000:00:15.0: [8086:7a4c] type 00 class 0x0c8000 conventional PCI endpoint
[    0.511074] pci 0000:00:15.0: BAR 0 [mem 0x00000000-0x00000fff 64bit]
[    0.511647] pci 0000:00:15.1: [8086:7a4d] type 00 class 0x0c8000 conventional PCI endpoint
[    0.511714] pci 0000:00:15.1: BAR 0 [mem 0x00000000-0x00000fff 64bit]
[    0.512230] pci 0000:00:16.0: [8086:7a68] type 00 class 0x078000 conventional PCI endpoint
[    0.512254] pci 0000:00:16.0: BAR 0 [mem 0x440423d000-0x440423dfff 64bit]
[    0.512338] pci 0000:00:16.0: PME# supported from D3hot
[    0.512931] pci 0000:00:1c.0: [8086:7a3e] type 01 class 0x060400 PCIe Root Port
[    0.512963] pci 0000:00:1c.0: PCI bridge to [bus 03]
[    0.512970] pci 0000:00:1c.0:   bridge window [mem 0x4b100000-0x4b2fffff]
[    0.513066] pci 0000:00:1c.0: PME# supported from D0 D3hot D3cold
[    0.513107] pci 0000:00:1c.0: PTM enabled (root), 4ns granularity
[    0.513987] pci 0000:00:1d.0: [8086:7a30] type 01 class 0x060400 PCIe Root Port
[    0.514018] pci 0000:00:1d.0: PCI bridge to [bus 04-54]
[    0.514025] pci 0000:00:1d.0:   bridge window [mem 0x40000000-0x47ffffff]
[    0.514036] pci 0000:00:1d.0:   bridge window [mem 0x4410000000-0x54100fffff 64bit pref]
[    0.514181] pci 0000:00:1d.0: PME# supported from D0 D3hot D3cold
[    0.515098] pci 0000:00:1f.0: [8086:7a0c] type 00 class 0x060100 conventional PCI endpoint
[    0.515540] pci 0000:00:1f.3: [8086:7a50] type 00 class 0x040300 conventional PCI endpoint
[    0.515584] pci 0000:00:1f.3: BAR 0 [mem 0x4404230000-0x4404233fff 64bit]
[    0.515638] pci 0000:00:1f.3: BAR 4 [mem 0x4404000000-0x44040fffff 64bit]
[    0.515747] pci 0000:00:1f.3: PME# supported from D3hot D3cold
[    0.515855] pci 0000:00:1f.4: [8086:7a23] type 00 class 0x0c0500 conventional PCI endpoint
[    0.515882] pci 0000:00:1f.4: BAR 0 [mem 0x440423c000-0x440423c0ff 64bit]
[    0.515913] pci 0000:00:1f.4: BAR 4 [io  0xefa0-0xefbf]
[    0.516235] pci 0000:00:1f.5: [8086:7a24] type 00 class 0x0c8000 conventional PCI endpoint
[    0.516255] pci 0000:00:1f.5: BAR 0 [mem 0xfe010000-0xfe010fff]
[    0.516412] pci 0000:00:01.0: PCI bridge to [bus 01]
[    0.516475] pci 0000:02:00.0: [10de:27e0] type 00 class 0x030000 PCIe Legacy Endpoint
[    0.516491] pci 0000:02:00.0: BAR 0 [mem 0x4a000000-0x4affffff]
[    0.516505] pci 0000:02:00.0: BAR 1 [mem 0x4000000000-0x43ffffffff 64bit pref]
[    0.516519] pci 0000:02:00.0: BAR 3 [mem 0x4400000000-0x4401ffffff 64bit pref]
[    0.516528] pci 0000:02:00.0: BAR 5 [io  0x3000-0x307f]
[    0.516537] pci 0000:02:00.0: ROM [mem 0xfff80000-0xffffffff pref]
[    0.516624] pci 0000:02:00.0: PME# supported from D0 D3hot
[    0.516748] pci 0000:02:00.0: 16.000 Gb/s available PCIe bandwidth, limited by 2.5 GT/s PCIe x8 link at 0000:00:01.1 (capable of 252.048 Gb/s with 16.0 GT/s PCIe x16 link)
[    0.517062] pci 0000:02:00.1: [10de:22bc] type 00 class 0x040300 PCIe Endpoint
[    0.517077] pci 0000:02:00.1: BAR 0 [mem 0x4b000000-0x4b003fff]
[    0.517267] pci 0000:00:01.1: PCI bridge to [bus 02]
[    0.517405] pci 0000:03:00.0: [8086:3102] type 00 class 0x020000 PCIe Endpoint
[    0.517430] pci 0000:03:00.0: BAR 0 [mem 0x4b100000-0x4b1fffff]
[    0.517468] pci 0000:03:00.0: BAR 3 [mem 0x4b200000-0x4b203fff]
[    0.517628] pci 0000:03:00.0: PME# supported from D0 D3hot D3cold
[    0.517936] pci 0000:00:1c.0: PCI bridge to [bus 03]
[    0.518043] pci 0000:04:00.0: [8086:5780] type 01 class 0x060400 PCIe Switch Upstream Port
[    0.518085] pci 0000:04:00.0: PCI bridge to [bus 05-54]
[    0.518096] pci 0000:04:00.0:   bridge window [mem 0x40000000-0x47efffff]
[    0.518110] pci 0000:04:00.0:   bridge window [mem 0x4410000000-0x54100fffff 64bit pref]
[    0.518127] pci 0000:04:00.0: enabling Extended Tags
[    0.518265] pci 0000:04:00.0: supports D1 D2
[    0.518266] pci 0000:04:00.0: PME# supported from D0 D1 D2 D3hot D3cold
[    0.518672] pci 0000:00:1d.0: PCI bridge to [bus 04-54]
[    0.518798] pci 0000:05:00.0: [8086:5780] type 01 class 0x060400 PCIe Switch Downstream Port
[    0.518839] pci 0000:05:00.0: PCI bridge to [bus 06]
[    0.518863] pci 0000:05:00.0:   bridge window [mem 0x5410000000-0x54100fffff 64bit pref]
[    0.518881] pci 0000:05:00.0: enabling Extended Tags
[    0.519010] pci 0000:05:00.0: supports D1 D2
[    0.519011] pci 0000:05:00.0: PME# supported from D0 D1 D2 D3hot D3cold
[    0.519341] pci 0000:05:01.0: [8086:5780] type 01 class 0x060400 PCIe Switch Downstream Port
[    0.519382] pci 0000:05:01.0: PCI bridge to [bus 07-2c]
[    0.519393] pci 0000:05:01.0:   bridge window [mem 0x44000000-0x47efffff]
[    0.519424] pci 0000:05:01.0: enabling Extended Tags
[    0.519562] pci 0000:05:01.0: supports D1 D2
[    0.519564] pci 0000:05:01.0: PME# supported from D0 D1 D2 D3hot D3cold
[    0.519882] pci 0000:05:02.0: [8086:5780] type 01 class 0x060400 PCIe Switch Downstream Port
[    0.519924] pci 0000:05:02.0: PCI bridge to [bus 2d]
[    0.519935] pci 0000:05:02.0:   bridge window [mem 0x43f00000-0x43ffffff]
[    0.519965] pci 0000:05:02.0: enabling Extended Tags
[    0.520094] pci 0000:05:02.0: supports D1 D2
[    0.520095] pci 0000:05:02.0: PME# supported from D0 D1 D2 D3hot D3cold
[    0.520416] pci 0000:05:03.0: [8086:5780] type 01 class 0x060400 PCIe Switch Downstream Port
[    0.520457] pci 0000:05:03.0: PCI bridge to [bus 2e-54]
[    0.520468] pci 0000:05:03.0:   bridge window [mem 0x40000000-0x43efffff]
[    0.520499] pci 0000:05:03.0: enabling Extended Tags
[    0.520637] pci 0000:05:03.0: supports D1 D2
[    0.520638] pci 0000:05:03.0: PME# supported from D0 D1 D2 D3hot D3cold
[    0.520968] pci 0000:04:00.0: PCI bridge to [bus 05-54]
[    0.521086] pci 0000:06:00.0: [8086:5781] type 00 class 0x0c0340 PCIe Endpoint
[    0.521113] pci 0000:06:00.0: BAR 0 [mem 0x5410000000-0x541003ffff 64bit pref]
[    0.521131] pci 0000:06:00.0: BAR 2 [mem 0x5410040000-0x5410040fff 64bit pref]
[    0.521173] pci 0000:06:00.0: enabling Extended Tags
[    0.521289] pci 0000:06:00.0: supports D1 D2
[    0.521290] pci 0000:06:00.0: PME# supported from D0 D1 D2 D3hot D3cold
[    0.521565] pci 0000:05:00.0: PCI bridge to [bus 06]
[    0.521627] pci 0000:05:01.0: PCI bridge to [bus 07-2c]
[    0.521736] pci 0000:2d:00.0: [8086:5782] type 00 class 0x0c0330 PCIe Endpoint
[    0.521760] pci 0000:2d:00.0: BAR 0 [mem 0x43f00000-0x43f0ffff 64bit]
[    0.521809] pci 0000:2d:00.0: enabling Extended Tags
[    0.521893] pci 0000:2d:00.0: PME# supported from D3hot D3cold
[    0.521931] pci 0000:2d:00.0: 8.000 Gb/s available PCIe bandwidth, limited by 2.5 GT/s PCIe x4 link at 0000:05:02.0 (capable of 31.504 Gb/s with 8.0 GT/s PCIe x4 link)
[    0.522075] pci 0000:05:02.0: PCI bridge to [bus 2d]
[    0.522149] pci 0000:05:03.0: PCI bridge to [bus 2e-54]
[    0.548935] ACPI: EC: interrupt unblocked
[    0.548936] ACPI: EC: event unblocked
[    0.548953] ACPI: EC: EC_CMD/EC_SC=0x66, EC_DATA=0x62
[    0.548954] ACPI: EC: GPE=0x6e
[    0.548955] ACPI: \_SB_.PC00.LPCB.EC__: Boot DSDT EC initialization complete
[    0.548957] ACPI: \_SB_.PC00.LPCB.EC__: EC: Used to handle transactions and events
[    0.549444] iommu: Default domain type: Translated
[    0.549444] iommu: DMA domain TLB invalidation policy: lazy mode
[    0.549657] SCSI subsystem initialized
[    0.549673] libata version 3.00 loaded.
[    0.549673] ACPI: bus type USB registered
[    0.549673] usbcore: registered new interface driver usbfs
[    0.549673] usbcore: registered new interface driver hub
[    0.549673] usbcore: registered new device driver usb
[    0.549673] pps_core: LinuxPPS API ver. 1 registered
[    0.549673] pps_core: Software ver. 5.3.6 - Copyright 2005-2007 Rodolfo Giometti <giometti@linux.it>
[    0.549673] PTP clock support registered
[    0.549673] EDAC MC: Ver: 3.0.0
[    0.550434] efivars: Registered efivars operations
[    0.551511] NetLabel: Initializing
[    0.551513] NetLabel:  domain hash size = 128
[    0.551514] NetLabel:  protocols = UNLABELED CIPSOv4 CALIPSO
[    0.551545] NetLabel:  unlabeled traffic allowed by default
[    0.551567] mctp: management component transport protocol core
[    0.551567] NET: Registered PF_MCTP protocol family
[    0.551567] PCI: Using ACPI for IRQ routing
[    0.565432] PCI: pci_cache_line_size set to 64 bytes
[    0.566547] pci 0000:00:1f.5: BAR 0 [mem 0xfe010000-0xfe010fff]: can't claim; no compatible bridge window
[    0.566692] e820: reserve RAM buffer [mem 0x0009f000-0x0009ffff]
[    0.566694] e820: reserve RAM buffer [mem 0x2b43a000-0x2bffffff]
[    0.566696] e820: reserve RAM buffer [mem 0x2b925018-0x2bffffff]
[    0.566697] e820: reserve RAM buffer [mem 0x2ca20000-0x2fffffff]
[    0.566698] e820: reserve RAM buffer [mem 0x30229000-0x33ffffff]
[    0.566699] e820: reserve RAM buffer [mem 0x3293f000-0x33ffffff]
[    0.566700] e820: reserve RAM buffer [mem 0x37b00000-0x37ffffff]
[    0.567447] pci 0000:02:00.0: vgaarb: setting as boot VGA device
[    0.567447] pci 0000:02:00.0: vgaarb: bridge control possible
[    0.567447] pci 0000:02:00.0: vgaarb: VGA device added: decodes=io+mem,owns=none,locks=none
[    0.567447] vgaarb: loaded
[    0.567584] clocksource: Switched to clocksource tsc-early
[    0.568014] VFS: Disk quotas dquot_6.6.0
[    0.568027] VFS: Dquot-cache hash table entries: 512 (order 0, 4096 bytes)
[    0.568168] AppArmor: AppArmor Filesystem Enabled
[    0.568204] pnp: PnP ACPI init
[    0.568494] pnp 00:00: disabling [io  0x3322-0x3323] because it overlaps 0000:00:01.1 BAR 13 [io  0x3000-0x3fff]
[    0.568723] system 00:02: [io  0x1854-0x1857] has been reserved
[    0.584666] system 00:05: [mem 0xfedc0000-0xfedc7fff] has been reserved
[    0.584671] system 00:05: [mem 0xfeda0000-0xfeda0fff] has been reserved
[    0.584673] system 00:05: [mem 0xfeda1000-0xfeda1fff] has been reserved
[    0.584675] system 00:05: [mem 0xc0000000-0xcfffffff] has been reserved
[    0.584677] system 00:05: [mem 0xfed20000-0xfed7ffff] could not be reserved
[    0.584679] system 00:05: [mem 0xfed90000-0xfed93fff] could not be reserved
[    0.584681] system 00:05: [mem 0xfed45000-0xfed8ffff] could not be reserved
[    0.584683] system 00:05: [mem 0xfee00000-0xfeefffff] has been reserved
[    0.585143] system 00:06: [io  0x2000-0x20fe] has been reserved
[    0.586625] pnp: PnP ACPI: found 8 devices
[    0.592985] clocksource: acpi_pm: mask: 0xffffff max_cycles: 0xffffff, max_idle_ns: 2085701024 ns
[    0.593076] NET: Registered PF_INET protocol family
[    0.593565] IP idents hash table entries: 262144 (order: 9, 2097152 bytes, linear)
[    0.612582] tcp_listen_portaddr_hash hash table entries: 16384 (order: 6, 262144 bytes, linear)
[    0.612625] Table-perturb hash table entries: 65536 (order: 6, 262144 bytes, linear)
[    0.612897] TCP established hash table entries: 262144 (order: 9, 2097152 bytes, linear)
[    0.613549] TCP bind hash table entries: 65536 (order: 9, 2097152 bytes, linear)
[    0.613685] TCP: Hash tables configured (established 262144 bind 65536)
[    0.614001] MPTCP token hash table entries: 32768 (order: 7, 786432 bytes, linear)
[    0.614167] UDP hash table entries: 16384 (order: 7, 524288 bytes, linear)
[    0.614359] UDP-Lite hash table entries: 16384 (order: 7, 524288 bytes, linear)
[    0.614511] NET: Registered PF_UNIX/PF_LOCAL protocol family
[    0.614519] NET: Registered PF_XDP protocol family
[    0.614523] pci 0000:02:00.0: ROM [mem 0xfff80000-0xffffffff pref]: can't claim; no compatible bridge window
[    0.614548] pci 0000:05:01.0: bridge window [io  0x1000-0x0fff] to [bus 07-2c] add_size 1000
[    0.614552] pci 0000:05:01.0: bridge window [mem 0x00100000-0x000fffff 64bit pref] to [bus 07-2c] add_size 200000 add_align 100000
[    0.614557] pci 0000:05:03.0: bridge window [io  0x1000-0x0fff] to [bus 2e-54] add_size 1000
[    0.614559] pci 0000:05:03.0: bridge window [mem 0x00100000-0x000fffff 64bit pref] to [bus 2e-54] add_size 200000 add_align 100000
[    0.614562] pci 0000:04:00.0: bridge window [io  0x1000-0x0fff] to [bus 05-54] add_size 2000
[    0.614564] pci 0000:00:1d.0: bridge window [io  0x1000-0x0fff] to [bus 04-54] add_size 3000
[    0.614573] pci 0000:00:15.0: BAR 0 [mem 0x4404228000-0x4404228fff 64bit]: assigned
[    0.614636] pci 0000:00:15.1: BAR 0 [mem 0x4404229000-0x4404229fff 64bit]: assigned
[    0.614693] pci 0000:00:1d.0: bridge window [io  0x4000-0x6fff]: assigned
[    0.614695] pci 0000:00:1f.5: BAR 0 [mem 0x4b300000-0x4b300fff]: assigned
[    0.614707] pci 0000:00:01.0: PCI bridge to [bus 01]
[    0.614715] pci 0000:02:00.0: ROM [mem 0x4b080000-0x4b0fffff pref]: assigned
[    0.614717] pci 0000:00:01.1: PCI bridge to [bus 02]
[    0.614719] pci 0000:00:01.1:   bridge window [io  0x3000-0x3fff]
[    0.614722] pci 0000:00:01.1:   bridge window [mem 0x4a000000-0x4b0fffff]
[    0.614725] pci 0000:00:01.1:   bridge window [mem 0x4000000000-0x4401ffffff 64bit pref]
[    0.614730] pci 0000:00:1c.0: PCI bridge to [bus 03]
[    0.614740] pci 0000:00:1c.0:   bridge window [mem 0x4b100000-0x4b2fffff]
[    0.614749] pci 0000:04:00.0: bridge window [io  0x4000-0x5fff]: assigned
[    0.614752] pci 0000:05:01.0: bridge window [mem 0x4410000000-0x44101fffff 64bit pref]: assigned
[    0.614754] pci 0000:05:03.0: bridge window [mem 0x4410200000-0x44103fffff 64bit pref]: assigned
[    0.614756] pci 0000:05:01.0: bridge window [io  0x4000-0x4fff]: assigned
[    0.614757] pci 0000:05:03.0: bridge window [io  0x5000-0x5fff]: assigned
[    0.614760] pci 0000:05:00.0: PCI bridge to [bus 06]
[    0.614781] pci 0000:05:00.0:   bridge window [mem 0x5410000000-0x54100fffff 64bit pref]
[    0.614788] pci 0000:05:01.0: PCI bridge to [bus 07-2c]
[    0.614791] pci 0000:05:01.0:   bridge window [io  0x4000-0x4fff]
[    0.614797] pci 0000:05:01.0:   bridge window [mem 0x44000000-0x47efffff]
[    0.614801] pci 0000:05:01.0:   bridge window [mem 0x4410000000-0x44101fffff 64bit pref]
[    0.614808] pci 0000:05:02.0: PCI bridge to [bus 2d]
[    0.614814] pci 0000:05:02.0:   bridge window [mem 0x43f00000-0x43ffffff]
[    0.614824] pci 0000:05:03.0: PCI bridge to [bus 2e-54]
[    0.614827] pci 0000:05:03.0:   bridge window [io  0x5000-0x5fff]
[    0.614833] pci 0000:05:03.0:   bridge window [mem 0x40000000-0x43efffff]
[    0.614837] pci 0000:05:03.0:   bridge window [mem 0x4410200000-0x44103fffff 64bit pref]
[    0.614844] pci 0000:04:00.0: PCI bridge to [bus 05-54]
[    0.614847] pci 0000:04:00.0:   bridge window [io  0x4000-0x5fff]
[    0.614853] pci 0000:04:00.0:   bridge window [mem 0x40000000-0x47efffff]
[    0.614857] pci 0000:04:00.0:   bridge window [mem 0x4410000000-0x54100fffff 64bit pref]
[    0.614864] pci 0000:00:1d.0: PCI bridge to [bus 04-54]
[    0.614866] pci 0000:00:1d.0:   bridge window [io  0x4000-0x6fff]
[    0.614871] pci 0000:00:1d.0:   bridge window [mem 0x40000000-0x47ffffff]
[    0.614874] pci 0000:00:1d.0:   bridge window [mem 0x4410000000-0x54100fffff 64bit pref]
[    0.614881] pci_bus 0000:00: resource 4 [io  0x0000-0x0cf7 window]
[    0.614883] pci_bus 0000:00: resource 5 [io  0x0d00-0xffff window]
[    0.614884] pci_bus 0000:00: resource 6 [mem 0x000a0000-0x000bffff window]
[    0.614886] pci_bus 0000:00: resource 7 [mem 0x40000000-0xbfffffff window]
[    0.614888] pci_bus 0000:00: resource 8 [mem 0x4000000000-0x7fffffffff window]
[    0.614890] pci_bus 0000:02: resource 0 [io  0x3000-0x3fff]
[    0.614891] pci_bus 0000:02: resource 1 [mem 0x4a000000-0x4b0fffff]
[    0.614892] pci_bus 0000:02: resource 2 [mem 0x4000000000-0x4401ffffff 64bit pref]
[    0.614894] pci_bus 0000:03: resource 1 [mem 0x4b100000-0x4b2fffff]
[    0.614896] pci_bus 0000:04: resource 0 [io  0x4000-0x6fff]
[    0.614897] pci_bus 0000:04: resource 1 [mem 0x40000000-0x47ffffff]
[    0.614898] pci_bus 0000:04: resource 2 [mem 0x4410000000-0x54100fffff 64bit pref]
[    0.614900] pci_bus 0000:05: resource 0 [io  0x4000-0x5fff]
[    0.614901] pci_bus 0000:05: resource 1 [mem 0x40000000-0x47efffff]
[    0.614903] pci_bus 0000:05: resource 2 [mem 0x4410000000-0x54100fffff 64bit pref]
[    0.614904] pci_bus 0000:06: resource 2 [mem 0x5410000000-0x54100fffff 64bit pref]
[    0.614906] pci_bus 0000:07: resource 0 [io  0x4000-0x4fff]
[    0.614907] pci_bus 0000:07: resource 1 [mem 0x44000000-0x47efffff]
[    0.614909] pci_bus 0000:07: resource 2 [mem 0x4410000000-0x44101fffff 64bit pref]
[    0.614910] pci_bus 0000:2d: resource 1 [mem 0x43f00000-0x43ffffff]
[    0.614912] pci_bus 0000:2e: resource 0 [io  0x5000-0x5fff]
[    0.614913] pci_bus 0000:2e: resource 1 [mem 0x40000000-0x43efffff]
[    0.614914] pci_bus 0000:2e: resource 2 [mem 0x4410200000-0x44103fffff 64bit pref]
[    0.617124] pci 0000:02:00.1: extending delay after power-on from D3hot to 20 msec
[    0.617155] pci 0000:02:00.1: D0 power state depends on 0000:02:00.0
[    0.617680] pci 0000:2d:00.0: enabling device (0000 -> 0002)
[    0.617718] PCI: CLS 64 bytes, default 64
[    0.617765] DMAR: No RMRR found
[    0.617766] DMAR: No ATSR found
[    0.617766] DMAR: No SATC found
[    0.617768] DMAR: dmar0: Using Queued invalidation
[    0.617825] Trying to unpack rootfs image as initramfs...
[    0.617854] pci 0000:00:00.0: Adding to iommu group 0
[    0.617868] pci 0000:00:01.0: Adding to iommu group 1
[    0.617880] pci 0000:00:01.1: Adding to iommu group 2
[    0.617890] pci 0000:00:04.0: Adding to iommu group 3
[    0.617899] pci 0000:00:08.0: Adding to iommu group 4
[    0.617909] pci 0000:00:0a.0: Adding to iommu group 5
[    0.617920] pci 0000:00:0e.0: Adding to iommu group 6
[    0.617938] pci 0000:00:14.0: Adding to iommu group 7
[    0.617947] pci 0000:00:14.2: Adding to iommu group 7
[    0.617957] pci 0000:00:14.3: Adding to iommu group 8
[    0.617976] pci 0000:00:15.0: Adding to iommu group 9
[    0.617986] pci 0000:00:15.1: Adding to iommu group 9
[    0.618000] pci 0000:00:16.0: Adding to iommu group 10
[    0.618019] pci 0000:00:1c.0: Adding to iommu group 11
[    0.618033] pci 0000:00:1d.0: Adding to iommu group 12
[    0.618060] pci 0000:00:1f.0: Adding to iommu group 13
[    0.618070] pci 0000:00:1f.3: Adding to iommu group 13
[    0.618080] pci 0000:00:1f.4: Adding to iommu group 13
[    0.618090] pci 0000:00:1f.5: Adding to iommu group 13
[    0.618110] pci 0000:02:00.0: Adding to iommu group 14
[    0.618125] pci 0000:02:00.1: Adding to iommu group 14
[    0.618143] pci 0000:03:00.0: Adding to iommu group 15
[    0.618161] pci 0000:04:00.0: Adding to iommu group 16
[    0.618173] pci 0000:05:00.0: Adding to iommu group 17
[    0.618198] pci 0000:05:01.0: Adding to iommu group 18
[    0.618217] pci 0000:05:02.0: Adding to iommu group 19
[    0.618229] pci 0000:05:03.0: Adding to iommu group 20
[    0.618253] pci 0000:06:00.0: Adding to iommu group 21
[    0.618276] pci 0000:2d:00.0: Adding to iommu group 22
[    0.623571] DMAR: Intel(R) Virtualization Technology for Directed I/O
[    0.623574] PCI-DMA: Using software bounce buffering for IO (SWIOTLB)
[    0.623575] software IO TLB: mapped [mem 0x0000000025ec9000-0x0000000029ec9000] (64MB)
[    0.625995] clocksource: tsc: mask: 0xffffffffffffffff max_cycles: 0x22df1149949, max_idle_ns: 440795312789 ns
[    0.626047] clocksource: Switched to clocksource tsc
[    0.627320] Initialise system trusted keyrings
[    0.627331] Key type blacklist registered
[    0.627399] workingset: timestamp_bits=36 max_order=23 bucket_order=0
[    0.627409] zbud: loaded
[    0.627749] squashfs: version 4.0 (2009/01/31) Phillip Lougher
[    0.627872] fuse: init (API version 7.40)
[    0.628078] integrity: Platform Keyring initialized
[    0.628083] integrity: Machine keyring initialized
[    0.641860] Key type asymmetric registered
[    0.641862] Asymmetric key parser 'x509' registered
[    0.641896] Block layer SCSI generic (bsg) driver version 0.4 loaded (major 243)
[    0.641980] io scheduler mq-deadline registered
[    0.642713] pcieport 0000:00:01.0: PME: Signaling with IRQ 121
[    0.643017] pcieport 0000:00:01.1: PME: Signaling with IRQ 122
[    0.643345] pcieport 0000:00:1c.0: PME: Signaling with IRQ 123
[    0.643459] pcieport 0000:00:1c.0: AER: enabled with IRQ 123
[    0.643654] pcieport 0000:00:1d.0: PME: Signaling with IRQ 124
[    0.643733] pcieport 0000:00:1d.0: AER: enabled with IRQ 124
[    0.643761] pcieport 0000:00:1d.0: pciehp: Slot #8 AttnBtn- PwrCtrl- MRL- AttnInd- PwrInd- HotPlug+ Surprise+ Interlock- NoCompl+ IbPresDis- LLActRep+
[    0.644705] pcieport 0000:05:01.0: pciehp: Slot #1 AttnBtn- PwrCtrl- MRL- AttnInd- PwrInd- HotPlug+ Surprise+ Interlock- NoCompl+ IbPresDis- LLActRep+
[    0.645356] pcieport 0000:05:03.0: pciehp: Slot #3 AttnBtn- PwrCtrl- MRL- AttnInd- PwrInd- HotPlug+ Surprise+ Interlock- NoCompl+ IbPresDis- LLActRep+
[    0.645582] shpchp: Standard Hot Plug PCI Controller Driver version: 0.4
[    0.645969] Monitor-Mwait will be used to enter C-1 state
[    0.645988] Monitor-Mwait will be used to enter C-2 state
[    0.645999] Monitor-Mwait will be used to enter C-3 state
[    0.646005] ACPI: \_SB_.PR00: Found 3 idle states
[    0.649161] ACPI: AC: AC Adapter [AC] (on-line)
[    0.649250] input: Power Button as /devices/LNXSYSTM:00/LNXSYBUS:00/PNP0C0C:00/input/input0
[    0.649326] ACPI: button: Power Button [PWRB]
[    0.649360] input: Sleep Button as /devices/LNXSYSTM:00/LNXSYBUS:00/PNP0C0E:00/input/input1
[    0.649395] ACPI: button: Sleep Button [SLPB]
[    0.649429] input: Lid Switch as /devices/LNXSYSTM:00/LNXSYBUS:00/PNP0C0D:00/input/input2
[    0.649463] ACPI: button: Lid Switch [LID0]
[    0.649497] input: Power Button as /devices/LNXSYSTM:00/LNXPWRBN:00/input/input3
[    0.649540] ACPI: button: Power Button [PWRF]
[    0.735940] thermal LNXTHERM:00: registered as thermal_zone0
[    0.735943] ACPI: thermal: Thermal Zone [TZ0] (25 C)
[    0.736287] Serial: 8250/16550 driver, 32 ports, IRQ sharing enabled
[    0.736998] ACPI: battery: Slot [BAT0] (battery present)
[    0.738678] hpet_acpi_add: no address or irqs in _CRS
[    0.738719] Linux agpgart interface v0.103
[    0.740425] tpm_tis IFX1523:00: 2.0 TPM (device-id 0x1D, rev-id 54)
[    0.766188] Freeing initrd memory: 74848K
[    0.856055] ACPI: bus type drm_connector registered
[    0.863903] loop: module loaded
[    0.864403] tun: Universal TUN/TAP device driver, 1.6
[    0.864534] PPP generic driver version 2.4.2
[    0.864696] i8042: PNP: PS/2 Controller [PNP0303:PS2K,PNP0f13:PS2M] at 0x60,0x64 irq 1,12
[    0.870749] serio: i8042 KBD port at 0x60,0x64 irq 1
[    0.870757] serio: i8042 AUX port at 0x60,0x64 irq 12
[    0.870989] mousedev: PS/2 mouse device common for all mice
[    0.871151] rtc_cmos 00:01: RTC can wake from S4
[    0.871995] rtc_cmos 00:01: registered as rtc0
[    0.872167] rtc_cmos 00:01: setting system clock to 2024-11-01T17:25:26 UTC (1730481926)
[    0.872211] rtc_cmos 00:01: alarms up to one month, y3k, 242 bytes nvram
[    0.872219] i2c_dev: i2c /dev entries driver
[    0.872661] input: AT Translated Set 2 keyboard as /devices/platform/i8042/serio0/input/input4
[    0.874255] device-mapper: core: CONFIG_IMA_DISABLE_HTABLE is disabled. Duplicate IMA measurements will not be recorded in the IMA log.
[    0.874272] device-mapper: uevent: version 1.0.3
[    0.874315] device-mapper: ioctl: 4.48.0-ioctl (2023-03-01) initialised: dm-devel@lists.linux.dev
[    0.874332] platform eisa.0: Probing EISA bus 0
[    0.874333] platform eisa.0: EISA: Cannot allocate resource for mainboard
[    0.874335] platform eisa.0: Cannot allocate resource for EISA slot 1
[    0.874336] platform eisa.0: Cannot allocate resource for EISA slot 2
[    0.874337] platform eisa.0: Cannot allocate resource for EISA slot 3
[    0.874338] platform eisa.0: Cannot allocate resource for EISA slot 4
[    0.874339] platform eisa.0: Cannot allocate resource for EISA slot 5
[    0.874340] platform eisa.0: Cannot allocate resource for EISA slot 6
[    0.874340] platform eisa.0: Cannot allocate resource for EISA slot 7
[    0.874341] platform eisa.0: Cannot allocate resource for EISA slot 8
[    0.874342] platform eisa.0: EISA: Detected 0 cards
[    0.874346] intel_pstate: Intel P-state driver initializing
[    0.878014] intel_pstate: HWP enabled
[    0.880777] ledtrig-cpu: registered to indicate activity on CPUs
[    0.880974] [drm] Initialized simpledrm 1.0.0 for simple-framebuffer.0 on minor 0
[    0.885206] fbcon: Deferring console take-over
[    0.885209] simple-framebuffer simple-framebuffer.0: [drm] fb0: simpledrmdrmfb frame buffer device
[    0.887040] drop_monitor: Initializing network drop monitor service
[    0.887194] NET: Registered PF_INET6 protocol family
[    0.894065] Segment Routing with IPv6
[    0.894084] In-situ OAM (IOAM) with IPv6
[    0.894129] NET: Registered PF_PACKET protocol family
[    0.894169] Key type dns_resolver registered
[    0.898470] ENERGY_PERF_BIAS: Set to 'normal', was 'performance'
[    0.900368] microcode: Current revision: 0x00000129
[    0.902094] IPI shorthand broadcast: enabled
[    0.904260] sched_clock: Marking stable (897001390, 7231455)->(973542124, -69309279)
[    0.904843] registered taskstats version 1
[    0.908617] Loading compiled-in X.509 certificates
[    0.909394] Loaded X.509 cert 'Build time autogenerated kernel key: c84cfb4445ce6cac0f85ce5a38eaad0b7990afa9'
[    0.913507] Demotion targets for Node 0: null
[    0.913638] Key type .fscrypt registered
[    0.913640] Key type fscrypt-provisioning registered
[    0.913698] Key type trusted registered
[    0.919566] cryptd: module verification failed: signature and/or required key missing - tainting kernel
[    0.920466] cryptd: max_cpu_qlen set to 1000
[    0.922228] AES CTR mode by8 optimization enabled
[    0.933940] Key type encrypted registered
[    0.933944] AppArmor: AppArmor sha256 policy hashing enabled
[    0.938671] integrity: Loading X.509 certificate: UEFI:db
[    0.938701] integrity: Loaded X.509 cert 'Microsoft Windows Production PCA 2011: a92902398e16c49778cd90f99e4f9ae17c55af53'
[    0.938702] integrity: Loading X.509 certificate: UEFI:db
[    0.938718] integrity: Loaded X.509 cert 'Microsoft Corporation: Windows UEFI CA 2023: aefc5fbbbe055d8f8daa585473499417ab5a5272'
[    0.938719] integrity: Loading X.509 certificate: UEFI:db
[    0.938735] integrity: Loaded X.509 cert 'Microsoft Corporation UEFI CA 2011: 13adbf4309bd82709c8cd54f316ed522988a1bd4'
[    0.938736] integrity: Loading X.509 certificate: UEFI:db
[    0.938750] integrity: Loaded X.509 cert 'Microsoft UEFI CA 2023: 81aa6b3244c935bce0d6628af39827421e32497d'
[    0.938750] integrity: Loading X.509 certificate: UEFI:db
[    0.939051] integrity: Loaded X.509 cert 'Secure Certificate: 01dcc89619884ca147983429f8a4a1a0'
[    0.939052] integrity: Loading X.509 certificate: UEFI:db
[    0.939201] integrity: Loaded X.509 cert 'Cus CA: d6136d376b87ef934511c12ce2c3880c'
[    0.946389] Loading compiled-in module X.509 certificates
[    0.946824] Loaded X.509 cert 'Build time autogenerated kernel key: c84cfb4445ce6cac0f85ce5a38eaad0b7990afa9'
[    0.946827] ima: Allocated hash algorithm: sha256
[    1.088698] ima: No architecture policies found
[    1.088745] evm: Initialising EVM extended attributes:
[    1.088749] evm: security.selinux
[    1.088752] evm: security.SMACK64
[    1.088754] evm: security.SMACK64EXEC
[    1.088757] evm: security.SMACK64TRANSMUTE
[    1.088759] evm: security.SMACK64MMAP
[    1.088761] evm: security.apparmor
[    1.088763] evm: security.ima
[    1.088765] evm: security.capability
[    1.088767] evm: HMAC attrs: 0x1
[    1.089525] PM:   Magic number: 0:284:440
[    1.089590] clockevents broadcast: hash matches
[    1.089649] acpi INT3519:00: hash matches
[    1.096898] RAS: Correctable Errors collector initialized.
[    1.109180] clk: Disabling unused clocks
[    1.109182] PM: genpd: Disabling unused power domains
[    1.115064] Freeing unused decrypted memory: 2028K
[    1.116040] Freeing unused kernel image (initmem) memory: 4996K
[    1.116056] Write protecting the kernel read-only data: 36864k
[    1.116982] Freeing unused kernel image (rodata/data gap) memory: 544K
[    1.124237] x86/mm: Checked W+X mappings: passed, no W+X pages found.
[    1.124240] Run /init as init process
[    1.124241]   with arguments:
[    1.124242]     /init
[    1.124243]     splash
[    1.124243]   with environment:
[    1.124244]     HOME=/
[    1.124245]     TERM=linux
[    1.124245]     BOOT_IMAGE=/@boot/vmlinuz-6.11.5
[    1.124246]     cryptdevice=UUID=1a8d8cdb-8d8f-4689-b744-8f32d2067f56:luks-1a8d8cdb-8d8f-4689-b744-8f32d2067f56
[    1.224644] hid: raw HID events driver (C) Jiri Kosina
[    1.225881] wmi_bus wmi_bus-PNP0C14:01: [Firmware Bug]: WQ00 data block query control method not found
[    1.226759] ACPI: video: [Firmware Bug]: ACPI(PEGP) defines _DOD but not _DOS
[    1.226789] ACPI: video: Video Device [PEGP] (multi-head: yes  rom: no  post: no)
[    1.228848] vmd 0000:00:0e.0: PCI host bridge to bus 10000:e0
[    1.228852] pci_bus 10000:e0: root bus resource [bus e0-ff]
[    1.228853] pci_bus 10000:e0: root bus resource [mem 0x48000000-0x49ffffff]
[    1.228854] pci_bus 10000:e0: root bus resource [mem 0x4404102000-0x44041fffff 64bit]
[    1.228880] pci 10000:e0:1b.0: [8086:09ab] type 00 class 0x088000 conventional PCI endpoint
[    1.229134] xhci_hcd 0000:00:14.0: xHCI Host Controller
[    1.229143] xhci_hcd 0000:00:14.0: new USB bus registered, assigned bus number 1
[    1.229177] pci 10000:e0:1b.0: Adding to iommu group 6
[    1.229235] pci 10000:e0:1b.4: [8086:7a44] type 01 class 0x060400 PCIe Root Port
[    1.229275] pci 10000:e0:1b.4: PCI bridge to [bus e1]
[    1.229284] pci 10000:e0:1b.4:   bridge window [io  0x0000-0x0fff]
[    1.229287] pci 10000:e0:1b.4:   bridge window [mem 0x48000000-0x480fffff]
[    1.229382] pci 10000:e0:1b.4: PME# supported from D0 D3hot D3cold
[    1.229429] pci 10000:e0:1b.4: PTM enabled (root), 4ns granularity
[    1.229580] Intel(R) 2.5G Ethernet Linux Driver
[    1.229582] Copyright(c) 2018 Intel Corporation.
[    1.229713] pci 10000:e0:1b.4: Adding to iommu group 6
[    1.229732] pci 10000:e0:1b.4: Primary bus is hard wired to 0
[    1.229800] igc 0000:03:00.0: PTM enabled, 4ns granularity
[    1.229873] pci 10000:e1:00.0: [144d:a808] type 00 class 0x010802 PCIe Endpoint
[    1.229904] pci 10000:e1:00.0: BAR 0 [mem 0x48000000-0x48003fff 64bit]
[    1.230349] xhci_hcd 0000:00:14.0: hcc params 0x20007fc1 hci version 0x120 quirks 0x0000000200009810
[    1.230373] pci 10000:e1:00.0: Adding to iommu group 6
[    1.230394] pci 10000:e0:1b.4: PCI bridge to [bus e1]
[    1.230406] pci 10000:e0:1b.4: Primary bus is hard wired to 0
[    1.230855] xhci_hcd 0000:00:14.0: xHCI Host Controller
[    1.230858] xhci_hcd 0000:00:14.0: new USB bus registered, assigned bus number 2
[    1.230863] xhci_hcd 0000:00:14.0: Host supports USB 3.2 Enhanced SuperSpeed
[    1.230965] usb usb1: New USB device found, idVendor=1d6b, idProduct=0002, bcdDevice= 6.11
[    1.230969] usb usb1: New USB device strings: Mfr=3, Product=2, SerialNumber=1
[    1.230971] usb usb1: Product: xHCI Host Controller
[    1.230972] usb usb1: Manufacturer: Linux 6.11.5 xhci-hcd
[    1.230974] usb usb1: SerialNumber: 0000:00:14.0
[    1.231188] hub 1-0:1.0: USB hub found
[    1.231219] hub 1-0:1.0: 16 ports detected
[    1.237516] ACPI: bus type thunderbolt registered
[    1.237646] thunderbolt 0000:06:00.0: total paths: 12
[    1.237652] thunderbolt 0000:06:00.0: IOMMU DMA protection is enabled
[    1.241280] intel-lpss 0000:00:15.0: enabling device (0004 -> 0006)
[    1.241581] idma64 idma64.0: Found Intel integrated DMA 64-bit
[    1.265881] input: Video Bus as /devices/LNXSYSTM:00/LNXSYBUS:00/PNP0A08:00/device:05/LNXVIDEO:00/input/input7
[    1.281781] pps pps0: new PPS source ptp0
[    1.281824] igc 0000:03:00.0 (unnamed net_device) (uninitialized): PHC added
[    1.310751] igc 0000:03:00.0: 4.000 Gb/s available PCIe bandwidth (5.0 GT/s PCIe x1 link)
[    1.310758] igc 0000:03:00.0 eth0: MAC: d4:93:90:44:67:64
[    1.312891] igc 0000:03:00.0 enp3s0: renamed from eth0
[    1.314074] usb usb2: New USB device found, idVendor=1d6b, idProduct=0003, bcdDevice= 6.11
[    1.314080] usb usb2: New USB device strings: Mfr=3, Product=2, SerialNumber=1
[    1.314082] usb usb2: Product: xHCI Host Controller
[    1.314084] usb usb2: Manufacturer: Linux 6.11.5 xhci-hcd
[    1.314086] usb usb2: SerialNumber: 0000:00:14.0
[    1.314412] hub 2-0:1.0: USB hub found
[    1.314467] hub 2-0:1.0: 10 ports detected
[    1.318416] xhci_hcd 0000:2d:00.0: xHCI Host Controller
[    1.318426] xhci_hcd 0000:2d:00.0: new USB bus registered, assigned bus number 3
[    1.319681] xhci_hcd 0000:2d:00.0: hcc params 0x20007fc1 hci version 0x120 quirks 0x0000000200009810
[    1.320183] xhci_hcd 0000:2d:00.0: xHCI Host Controller
[    1.320187] xhci_hcd 0000:2d:00.0: new USB bus registered, assigned bus number 4
[    1.320190] xhci_hcd 0000:2d:00.0: Host supports USB 3.2 Enhanced SuperSpeed
[    1.320751] usb usb3: New USB device found, idVendor=1d6b, idProduct=0002, bcdDevice= 6.11
[    1.320757] usb usb3: New USB device strings: Mfr=3, Product=2, SerialNumber=1
[    1.320759] usb usb3: Product: xHCI Host Controller
[    1.320761] usb usb3: Manufacturer: Linux 6.11.5 xhci-hcd
[    1.320763] usb usb3: SerialNumber: 0000:2d:00.0
[    1.320929] hub 3-0:1.0: USB hub found
[    1.320951] hub 3-0:1.0: 2 ports detected
[    1.341343] thunderbolt 0000:06:00.0: host router reset successful
[    1.342047] thunderbolt 0000:06:00.0: allocating TX ring 0 of size 10
[    1.342118] thunderbolt 0000:06:00.0: allocating RX ring 0 of size 10
[    1.342162] thunderbolt 0000:06:00.0: control channel created
[    1.342168] thunderbolt 0000:06:00.0: using software connection manager
[    1.342716] thunderbolt 0000:06:00.0: device links to tunneled native ports are missing!
[    1.342719] thunderbolt 0000:06:00.0: NHI initialized, starting thunderbolt
[    1.342722] thunderbolt 0000:06:00.0: control channel starting...
[    1.342725] thunderbolt 0000:06:00.0: starting TX ring 0
[    1.342740] thunderbolt 0000:06:00.0: enabling interrupt at register 0x38200 bit 0 (0x0 -> 0x1)
[    1.342747] thunderbolt 0000:06:00.0: starting RX ring 0
[    1.342756] thunderbolt 0000:06:00.0: enabling interrupt at register 0x38200 bit 12 (0x1 -> 0x1001)
[    1.342765] thunderbolt 0000:06:00.0: security level set to user
[    1.342991] thunderbolt 0000:06:00.0: current switch config:
[    1.342994] thunderbolt 0000:06:00.0:  USB4 Switch: 8087:5781 (Revision: 131, TB Version: 64)
[    1.343000] thunderbolt 0000:06:00.0:   Max Port Number: 23
[    1.343003] thunderbolt 0000:06:00.0:   Config:
[    1.343005] thunderbolt 0000:06:00.0:    Upstream Port Number: 15 Depth: 0 Route String: 0x0 Enabled: 0, PlugEventsDelay: 10ms
[    1.343011] thunderbolt 0000:06:00.0:    unknown1: 0x0 unknown4: 0x0
[    1.346115] thunderbolt 0000:06:00.0: initializing Switch at 0x0 (depth: 0, up port: 15)
[    1.346487] thunderbolt 0000:06:00.0: acking hot plug event on 0:13
[    1.346613] thunderbolt 0000:06:00.0: acking hot plug event on 0:14
[    1.346741] thunderbolt 0000:06:00.0: acking hot plug event on 0:16
[    1.347270] thunderbolt 0000:06:00.0: 0: credit allocation parameters:
[    1.347275] thunderbolt 0000:06:00.0: 0:  USB3: 20
[    1.347277] thunderbolt 0000:06:00.0: 0:  DP AUX: 1
[    1.347280] thunderbolt 0000:06:00.0: 0:  DP main: 6
[    1.347282] thunderbolt 0000:06:00.0: 0:  PCIe: 80
[    1.347284] thunderbolt 0000:06:00.0: 0:  DMA: 40
[    1.349693] thunderbolt 0000:06:00.0: 0: DROM version: 3
[    1.349697] thunderbolt 0000:06:00.0: 0: DROM data CRC32 mismatch (expected: 0x56000000, got: 0x56473b0f), continuing
[    1.350337] thunderbolt 0000:06:00.0: 0: running tb_retimer_remove_all [thunderbolt]
[    1.350374] thunderbolt 0000:06:00.0: 0: running tb_retimer_remove_all [thunderbolt]
[    1.350387] thunderbolt 0000:06:00.0: 0: preventing runtime PM in DP redrive mode
[    1.350390] thunderbolt 0000:06:00.0: 0: uid: 0xb93e650000006ecd
[    1.351620] thunderbolt 0000:06:00.0:  Port 1: 0:5780 (Revision: 0, TB Version: 1, Type: Port (0x1))
[    1.351625] thunderbolt 0000:06:00.0:   Max hop id (in/out): 31/31
[    1.351628] thunderbolt 0000:06:00.0:   Max counters: 4
[    1.351630] thunderbolt 0000:06:00.0:   NFC Credits: 0x8a000000
[    1.351632] thunderbolt 0000:06:00.0:   Credits (total/control): 160/2
[    1.352764] thunderbolt 0000:06:00.0:  Port 2: 0:5780 (Revision: 0, TB Version: 1, Type: Port (0x1))
[    1.352768] thunderbolt 0000:06:00.0:   Max hop id (in/out): 31/31
[    1.352771] thunderbolt 0000:06:00.0:   Max counters: 0
[    1.352773] thunderbolt 0000:06:00.0:   NFC Credits: 0xa000000
[    1.352775] thunderbolt 0000:06:00.0:   Credits (total/control): 160/2
[    1.354040] thunderbolt 0000:06:00.0:  Port 3: 0:5780 (Revision: 0, TB Version: 1, Type: Port (0x1))
[    1.354047] thunderbolt 0000:06:00.0:   Max hop id (in/out): 31/31
[    1.354052] thunderbolt 0000:06:00.0:   Max counters: 4
[    1.354057] thunderbolt 0000:06:00.0:   NFC Credits: 0x8a000000
[    1.354061] thunderbolt 0000:06:00.0:   Credits (total/control): 160/2
[    1.355196] thunderbolt 0000:06:00.0:  Port 4: 0:5780 (Revision: 0, TB Version: 1, Type: Port (0x1))
[    1.355200] thunderbolt 0000:06:00.0:   Max hop id (in/out): 31/31
[    1.355203] thunderbolt 0000:06:00.0:   Max counters: 0
[    1.355205] thunderbolt 0000:06:00.0:   NFC Credits: 0xa000000
[    1.355210] thunderbolt 0000:06:00.0:   Credits (total/control): 160/2
[    1.356476] thunderbolt 0000:06:00.0:  Port 5: 0:5780 (Revision: 0, TB Version: 1, Type: Inactive (0x0))
[    1.356481] thunderbolt 0000:06:00.0:   Max hop id (in/out): 31/31
[    1.356483] thunderbolt 0000:06:00.0:   Max counters: 4
[    1.356485] thunderbolt 0000:06:00.0:   NFC Credits: 0x8a000000
[    1.356488] thunderbolt 0000:06:00.0:   Credits (total/control): 160/0
[    1.357248] thunderbolt 0000:06:00.0:  Port 6: 0:5780 (Revision: 0, TB Version: 1, Type: Inactive (0x0))
[    1.357252] thunderbolt 0000:06:00.0:   Max hop id (in/out): 31/31
[    1.357255] thunderbolt 0000:06:00.0:   Max counters: 0
[    1.357257] thunderbolt 0000:06:00.0:   NFC Credits: 0xa000000
[    1.357260] thunderbolt 0000:06:00.0:   Credits (total/control): 160/0
[    1.358527] thunderbolt 0000:06:00.0:  Port 7: 0:5780 (Revision: 0, TB Version: 1, Type: Inactive (0x0))
[    1.358531] thunderbolt 0000:06:00.0:   Max hop id (in/out): 31/31
[    1.358533] thunderbolt 0000:06:00.0:   Max counters: 4
[    1.358536] thunderbolt 0000:06:00.0:   NFC Credits: 0x8a000000
[    1.358538] thunderbolt 0000:06:00.0:   Credits (total/control): 160/0
[    1.359295] thunderbolt 0000:06:00.0:  Port 8: 0:5780 (Revision: 0, TB Version: 1, Type: Inactive (0x0))
[    1.359299] thunderbolt 0000:06:00.0:   Max hop id (in/out): 31/31
[    1.359302] thunderbolt 0000:06:00.0:   Max counters: 0
[    1.359304] thunderbolt 0000:06:00.0:   NFC Credits: 0xa000000
[    1.359306] thunderbolt 0000:06:00.0:   Credits (total/control): 160/0
[    1.359549] thunderbolt 0000:06:00.0:  Port 9: 0:5780 (Revision: 0, TB Version: 1, Type: PCIe (0x100101))
[    1.359554] thunderbolt 0000:06:00.0:   Max hop id (in/out): 8/8
[    1.359557] thunderbolt 0000:06:00.0:   Max counters: 2
[    1.359559] thunderbolt 0000:06:00.0:   NFC Credits: 0x40800000
[    1.359562] thunderbolt 0000:06:00.0:   Credits (total/control): 8/0
[    1.359805] thunderbolt 0000:06:00.0:  Port 10: 0:5780 (Revision: 0, TB Version: 1, Type: PCIe (0x100101))
[    1.359810] thunderbolt 0000:06:00.0:   Max hop id (in/out): 8/8
[    1.359813] thunderbolt 0000:06:00.0:   Max counters: 2
[    1.359815] thunderbolt 0000:06:00.0:   NFC Credits: 0x40800000
[    1.359817] thunderbolt 0000:06:00.0:   Credits (total/control): 8/0
[    1.360319] thunderbolt 0000:06:00.0:  Port 11: 0:5780 (Revision: 0, TB Version: 1, Type: DP/HDMI (0xe0102))
[    1.360324] thunderbolt 0000:06:00.0:   Max hop id (in/out): 9/9
[    1.360326] thunderbolt 0000:06:00.0:   Max counters: 2
[    1.360329] thunderbolt 0000:06:00.0:   NFC Credits: 0x800000
[    1.360331] thunderbolt 0000:06:00.0:   Credits (total/control): 8/0
[    1.360827] thunderbolt 0000:06:00.0:  Port 12: 0:5780 (Revision: 0, TB Version: 1, Type: DP/HDMI (0xe0102))
[    1.360832] thunderbolt 0000:06:00.0:   Max hop id (in/out): 9/9
[    1.360835] thunderbolt 0000:06:00.0:   Max counters: 2
[    1.360837] thunderbolt 0000:06:00.0:   NFC Credits: 0x800000
[    1.360839] thunderbolt 0000:06:00.0:   Credits (total/control): 8/0
[    1.361085] thunderbolt 0000:06:00.0:  Port 13: 0:5780 (Revision: 0, TB Version: 1, Type: DP/HDMI (0xe0101))
[    1.361089] thunderbolt 0000:06:00.0:   Max hop id (in/out): 9/9
[    1.361091] thunderbolt 0000:06:00.0:   Max counters: 2
[    1.361094] thunderbolt 0000:06:00.0:   NFC Credits: 0x100000d
[    1.361096] thunderbolt 0000:06:00.0:   Credits (total/control): 16/0
[    1.361344] thunderbolt 0000:06:00.0:  Port 14: 0:5780 (Revision: 0, TB Version: 1, Type: DP/HDMI (0xe0101))
[    1.361348] thunderbolt 0000:06:00.0:   Max hop id (in/out): 9/9
[    1.361351] thunderbolt 0000:06:00.0:   Max counters: 2
[    1.361353] thunderbolt 0000:06:00.0:   NFC Credits: 0x100000d
[    1.361355] thunderbolt 0000:06:00.0:   Credits (total/control): 16/0
[    1.362108] thunderbolt 0000:06:00.0:  Port 15: 0:5780 (Revision: 0, TB Version: 1, Type: NHI (0x2))
[    1.362113] thunderbolt 0000:06:00.0:   Max hop id (in/out): 11/11
[    1.362116] thunderbolt 0000:06:00.0:   Max counters: 4
[    1.362118] thunderbolt 0000:06:00.0:   NFC Credits: 0x41c00000
[    1.362121] thunderbolt 0000:06:00.0:   Credits (total/control): 28/0
[    1.362124] thunderbolt 0000:06:00.0: 0:16: disabled by eeprom
[    1.362366] thunderbolt 0000:06:00.0:  Port 17: 0:5780 (Revision: 0, TB Version: 1, Type: Inactive (0x0))
[    1.362370] thunderbolt 0000:06:00.0:   Max hop id (in/out): 8/8
[    1.362373] thunderbolt 0000:06:00.0:   Max counters: 2
[    1.362375] thunderbolt 0000:06:00.0:   NFC Credits: 0x40800000
[    1.362377] thunderbolt 0000:06:00.0:   Credits (total/control): 8/0
[    1.362623] thunderbolt 0000:06:00.0:  Port 18: 0:5780 (Revision: 0, TB Version: 1, Type: Inactive (0x0))
[    1.362627] thunderbolt 0000:06:00.0:   Max hop id (in/out): 8/8
[    1.362629] thunderbolt 0000:06:00.0:   Max counters: 2
[    1.362632] thunderbolt 0000:06:00.0:   NFC Credits: 0x40800000
[    1.362634] thunderbolt 0000:06:00.0:   Credits (total/control): 8/0
[    1.363132] thunderbolt 0000:06:00.0:  Port 19: 0:5780 (Revision: 0, TB Version: 1, Type: DP/HDMI (0xe0102))
[    1.363137] thunderbolt 0000:06:00.0:   Max hop id (in/out): 9/9
[    1.363139] thunderbolt 0000:06:00.0:   Max counters: 2
[    1.363142] thunderbolt 0000:06:00.0:   NFC Credits: 0x800000
[    1.363144] thunderbolt 0000:06:00.0:   Credits (total/control): 8/0
[    1.363389] thunderbolt 0000:06:00.0:  Port 20: 0:5780 (Revision: 0, TB Version: 1, Type: Inactive (0x0))
[    1.363393] thunderbolt 0000:06:00.0:   Max hop id (in/out): 8/8
[    1.363396] thunderbolt 0000:06:00.0:   Max counters: 1
[    1.363398] thunderbolt 0000:06:00.0:   NFC Credits: 0x800000
[    1.363401] thunderbolt 0000:06:00.0:   Credits (total/control): 8/0
[    1.363646] thunderbolt 0000:06:00.0:  Port 21: 0:5780 (Revision: 0, TB Version: 1, Type: USB (0x200101))
[    1.363650] thunderbolt 0000:06:00.0:   Max hop id (in/out): 8/8
[    1.363653] thunderbolt 0000:06:00.0:   Max counters: 1
[    1.363655] thunderbolt 0000:06:00.0:   NFC Credits: 0x800000
[    1.363658] thunderbolt 0000:06:00.0:   Credits (total/control): 8/0
[    1.363902] thunderbolt 0000:06:00.0:  Port 22: 0:5780 (Revision: 0, TB Version: 1, Type: USB (0x200101))
[    1.363906] thunderbolt 0000:06:00.0:   Max hop id (in/out): 8/8
[    1.363909] thunderbolt 0000:06:00.0:   Max counters: 1
[    1.363911] thunderbolt 0000:06:00.0:   NFC Credits: 0x800000
[    1.363913] thunderbolt 0000:06:00.0:   Credits (total/control): 8/0
[    1.364160] thunderbolt 0000:06:00.0:  Port 23: 0:5780 (Revision: 0, TB Version: 1, Type: Inactive (0x0))
[    1.364164] thunderbolt 0000:06:00.0:   Max hop id (in/out): 8/8
