Return-Path: <linux-usb-owner@vger.kernel.org>
X-Original-To: lists+linux-usb@lfdr.de
Delivered-To: lists+linux-usb@lfdr.de
Received: from vger.kernel.org (vger.kernel.org [23.128.96.18])
	by mail.lfdr.de (Postfix) with ESMTP id 3B5CE3F4C8C
	for <lists+linux-usb@lfdr.de>; Mon, 23 Aug 2021 16:44:53 +0200 (CEST)
Received: (majordomo@vger.kernel.org) by vger.kernel.org via listexpand
        id S230174AbhHWOpc (ORCPT <rfc822;lists+linux-usb@lfdr.de>);
        Mon, 23 Aug 2021 10:45:32 -0400
Received: from mail.huberulrich.de ([81.169.200.209]:41844 "EHLO
        mail.huberulrich.de" rhost-flags-OK-OK-OK-OK) by vger.kernel.org
        with ESMTP id S229726AbhHWOpa (ORCPT
        <rfc822;linux-usb@vger.kernel.org>); Mon, 23 Aug 2021 10:45:30 -0400
X-Greylist: delayed 898 seconds by postgrey-1.27 at vger.kernel.org; Mon, 23 Aug 2021 10:45:29 EDT
DKIM-Signature: v=1; a=rsa-sha256; d=huberulrich.de; s=2017; c=relaxed/relaxed;
 q=dns/txt; h=from:date:to:cc:message-id:subject;
 bh=z4wJslesVQkDZBuLKb2BAuZLkMkMaxmY4J4xD0T8UF0=;
 b=eJsO2QcJZc4oN5cXUW6EylHoFdtsLxMmqnm8Z8O00BVtZ5LE875X2+76OVsnScMYzMwkoehiByYq8LoU9eIFzkCLhBK4LIRpyDjo0FGiB/QUV5ZDrW4Z5gSkDL1/H92180n5Cp2WSeH1wY5Ja9zuLq5zq0RIexY+ZhmwHitPZXAP/aL6aZvBMSsK7PBMYwUfpfSigwnPgRsORR65uN4ajtsyqpeeHPykDZMuFFErVTre4ZgiYSvbPSWgq/mQWTff5cByIGgFk210wDQB0n4gxwRpQdrOmJWJIt7TC6nAubK/JDoQvO5gvCeicRwGsgFz00jA6p+Rg2bGHOVaGnXu1Q==;
DomainKey-Signature: a=rsa-sha1;
 b=bvWqv5KdFgqjh+DfuJyXK6Q6UO9Fxj7G+WutgFtBsUVbarIaPc96XDmr4AcWNy+p/rhb8HZsiGd0m4+12CcQdPo2WDtph4XESfiKxFmgukiNOqFwFxoxdC5I4ZGvt2v0IJOlheJHheDPr1cfc02rSXAZG0Fst0+uuByYqNmg2nCMytNYwa4j+pTjLKmB3BYwVi9Hi5VqNlhSFB8ar7S8JNbPa3tSjQ7ihI1XkHno9N3DuiAwg4qYzGF46e3nJAk07pj+/DlMHGbB5JvIx0REHudhLYwYtEu8RCW8nB27YSEZk85QMHaEDBzg13nv+56uAy8g7iePYkjCbsZssSHrsw==;
 c=nofws; q=dns; d=huberulrich.de; s=2017;
 h=to:from:subject:message-id:date:cc;
Received: from [IPv6:2001:16b8:2d47:4f00:c6a2:19f5:5aec:f110]
 (2001:16b8:2d47:4f00:c6a2:19f5:5aec:f110) by mail.huberulrich.de (Axigen)
 with (ECDHE-RSA-AES128-GCM-SHA256 encrypted) ESMTPSA id 1026C2;
 Mon, 23 Aug 2021 14:29:42 +0000
To:     linux-usb@vger.kernel.org
From:   Ulrich Huber <ulrich@huberulrich.de>
Subject: ucsi_acpi GET_CONNECTOR_STATUS failed (-5)
Message-ID: <b36249c5-776a-9338-bb9f-ae6a5c446860@huberulrich.de>
Date:   Mon, 23 Aug 2021 16:29:42 +0200
User-Agent: Mozilla/5.0 (X11; Linux x86_64; rv:78.0)
 Gecko/20100101 Thunderbird/78.13.0
MIME-Version: 1.0
Content-Type: multipart/mixed; boundary="------------EC9A8650C79B64B58255AB2E"
Content-Language: en-US
Received-SPF: 
X-AXIGEN-SPF-Result: Ok
X-AXIGEN-DK-Result: Ok
DomainKey-Status: good
X-AXIGEN-DKIM-Result: Ok
DKIM-Status: good
X-AxigenSpam-Level: 6
Precedence: bulk
List-ID: <linux-usb.vger.kernel.org>
X-Mailing-List: linux-usb@vger.kernel.org

This is a multi-part message in MIME format.
--------------EC9A8650C79B64B58255AB2E
Content-Type: text/plain; charset=utf-8; format=flowed
Content-Transfer-Encoding: 7bit

Hi,

I'm using quite a new device (Lenovo Yoga 9 (14ITL5)) on ArchLinux with 
mainline kernel version 5.14.0-rc7 and run into the following error:

ucsi_acpi USBC000:00: ucsi_handle_connector_change: GET_CONNECTOR_STATUS 
failed (-5)

The device is charged using a USB-C cable and this error is related to 
attaching or detaching the power cable. Sometimes I can at-/detach the 
cable without this error showing, in other cases it appears once, and 
then I have cases where it floods my kernel log with one such message 
per second.

Sometimes the above error is accompanied by this additional error:

ucsi_acpi USBC000:00: UCSI_GET_PDOS failed (-5)

I attached the kernel log and the information from `lsusb`. Feel free to 
request further logs, though I will most likely require some pointers on 
how to get them.


Thanks in advance

Ulrich



--------------EC9A8650C79B64B58255AB2E
Content-Type: text/x-log; charset=UTF-8;
 name="lsusb_-v.log"
Content-Transfer-Encoding: 7bit
Content-Disposition: attachment;
 filename="lsusb_-v.log"


Bus 004 Device 001: ID 1d6b:0003 Linux Foundation 3.0 root hub
Device Descriptor:
  bLength                18
  bDescriptorType         1
  bcdUSB               3.10
  bDeviceClass            9 Hub
  bDeviceSubClass         0 
  bDeviceProtocol         3 
  bMaxPacketSize0         9
  idVendor           0x1d6b Linux Foundation
  idProduct          0x0003 3.0 root hub
  bcdDevice            5.14
  iManufacturer           3 Linux 5.14.0-rc7-1-mainline xhci-hcd
  iProduct                2 xHCI Host Controller
  iSerial                 1 0000:00:14.0
  bNumConfigurations      1
  Configuration Descriptor:
    bLength                 9
    bDescriptorType         2
    wTotalLength       0x001f
    bNumInterfaces          1
    bConfigurationValue     1
    iConfiguration          0 
    bmAttributes         0xe0
      Self Powered
      Remote Wakeup
    MaxPower                0mA
    Interface Descriptor:
      bLength                 9
      bDescriptorType         4
      bInterfaceNumber        0
      bAlternateSetting       0
      bNumEndpoints           1
      bInterfaceClass         9 Hub
      bInterfaceSubClass      0 
      bInterfaceProtocol      0 Full speed (or root) hub
      iInterface              0 
      Endpoint Descriptor:
        bLength                 7
        bDescriptorType         5
        bEndpointAddress     0x81  EP 1 IN
        bmAttributes            3
          Transfer Type            Interrupt
          Synch Type               None
          Usage Type               Data
        wMaxPacketSize     0x0004  1x 4 bytes
        bInterval              12
        bMaxBurst               0
Hub Descriptor:
  bLength              12
  bDescriptorType      42
  nNbrPorts             4
  wHubCharacteristic 0x000a
    No power switching (usb 1.0)
    Per-port overcurrent protection
  bPwrOn2PwrGood       10 * 2 milli seconds
  bHubContrCurrent      0 milli Ampere
  bHubDecLat          0.0 micro seconds
  wHubDelay             0 nano seconds
  DeviceRemovable    0x00
 Hub Port Status:
   Port 1: 0000.02a0 lowspeed L1
   Port 2: 0000.02a0 lowspeed L1
   Port 3: 0000.02a0 lowspeed L1
   Port 4: 0000.02a0 lowspeed L1
Binary Object Store Descriptor:
  bLength                 5
  bDescriptorType        15
  wTotalLength       0x005b
  bNumDeviceCaps          2
  SuperSpeed USB Device Capability:
    bLength                10
    bDescriptorType        16
    bDevCapabilityType      3
    bmAttributes         0x02
      Latency Tolerance Messages (LTM) Supported
    wSpeedsSupported   0x0008
      Device can operate at SuperSpeed (5Gbps)
    bFunctionalitySupport   1
      Lowest fully-functional device speed is Full Speed (12Mbps)
    bU1DevExitLat          10 micro seconds
    bU2DevExitLat         160 micro seconds
  SuperSpeedPlus USB Device Capability:
    bLength                76
    bDescriptorType        16
    bDevCapabilityType     10
    bmAttributes         0x000000ef
      Sublink Speed Attribute count 15
      Sublink Speed ID count 7
    wFunctionalitySupport   0x1106
    bmSublinkSpeedAttr[0]   0x00050034
      Speed Attribute ID: 4 5Gb/s Symmetric RX SuperSpeed
    bmSublinkSpeedAttr[1]   0x000500b4
      Speed Attribute ID: 4 5Gb/s Symmetric TX SuperSpeed
    bmSublinkSpeedAttr[2]   0x000a4035
      Speed Attribute ID: 5 10Gb/s Symmetric RX SuperSpeedPlus
    bmSublinkSpeedAttr[3]   0x000a40b5
      Speed Attribute ID: 5 10Gb/s Symmetric TX SuperSpeedPlus
    bmSublinkSpeedAttr[4]   0x00e00026
      Speed Attribute ID: 6 224Mb/s Symmetric RX SuperSpeed
    bmSublinkSpeedAttr[5]   0x00e000a6
      Speed Attribute ID: 6 224Mb/s Symmetric TX SuperSpeed
    bmSublinkSpeedAttr[6]   0x00c00027
      Speed Attribute ID: 7 192Mb/s Symmetric RX SuperSpeed
    bmSublinkSpeedAttr[7]   0x00c000a7
      Speed Attribute ID: 7 192Mb/s Symmetric TX SuperSpeed
    bmSublinkSpeedAttr[8]   0x00800028
      Speed Attribute ID: 8 128Mb/s Symmetric RX SuperSpeed
    bmSublinkSpeedAttr[9]   0x008000a8
      Speed Attribute ID: 8 128Mb/s Symmetric TX SuperSpeed
    bmSublinkSpeedAttr[10]   0x00b10029
      Speed Attribute ID: 9 177Mb/s Symmetric RX SuperSpeed
    bmSublinkSpeedAttr[11]   0x00b100a9
      Speed Attribute ID: 9 177Mb/s Symmetric TX SuperSpeed
    bmSublinkSpeedAttr[12]   0x0063002a
      Speed Attribute ID: 10 99Mb/s Symmetric RX SuperSpeed
    bmSublinkSpeedAttr[13]   0x006300aa
      Speed Attribute ID: 10 99Mb/s Symmetric TX SuperSpeed
    bmSublinkSpeedAttr[14]   0x00c6002b
      Speed Attribute ID: 11 198Mb/s Symmetric RX SuperSpeed
    bmSublinkSpeedAttr[15]   0x00c600ab
      Speed Attribute ID: 11 198Mb/s Symmetric TX SuperSpeed
Device Status:     0x0001
  Self Powered

Bus 003 Device 003: ID 04f2:b61e Chicony Electronics Co., Ltd Integrated Camera
Device Descriptor:
  bLength                18
  bDescriptorType         1
  bcdUSB               2.01
  bDeviceClass          239 Miscellaneous Device
  bDeviceSubClass         2 
  bDeviceProtocol         1 Interface Association
  bMaxPacketSize0        64
  idVendor           0x04f2 Chicony Electronics Co., Ltd
  idProduct          0xb61e 
  bcdDevice            4.25
  iManufacturer           3 Chicony Electronics Co.,Ltd.
  iProduct                1 Integrated Camera
  iSerial                 2 0001
  bNumConfigurations      1
  Configuration Descriptor:
    bLength                 9
    bDescriptorType         2
    wTotalLength       0x03bb
    bNumInterfaces          2
    bConfigurationValue     1
    iConfiguration          4 USB Camera
    bmAttributes         0x80
      (Bus Powered)
    MaxPower              500mA
    Interface Association:
      bLength                 8
      bDescriptorType        11
      bFirstInterface         0
      bInterfaceCount         2
      bFunctionClass         14 Video
      bFunctionSubClass       3 Video Interface Collection
      bFunctionProtocol       0 
      iFunction               5 Integrated Camera
    Interface Descriptor:
      bLength                 9
      bDescriptorType         4
      bInterfaceNumber        0
      bAlternateSetting       0
      bNumEndpoints           1
      bInterfaceClass        14 Video
      bInterfaceSubClass      1 Video Control
      bInterfaceProtocol      0 
      iInterface              5 Integrated Camera
      VideoControl Interface Descriptor:
        bLength                13
        bDescriptorType        36
        bDescriptorSubtype      1 (HEADER)
        bcdUVC               1.00
        wTotalLength       0x006b
        dwClockFrequency       15.000000MHz
        bInCollection           1
        baInterfaceNr( 0)       1
      VideoControl Interface Descriptor:
        bLength                18
        bDescriptorType        36
        bDescriptorSubtype      2 (INPUT_TERMINAL)
        bTerminalID             1
        wTerminalType      0x0201 Camera Sensor
        bAssocTerminal          0
        iTerminal               0 
        wObjectiveFocalLengthMin      0
        wObjectiveFocalLengthMax      0
        wOcularFocalLength            0
        bControlSize                  3
        bmControls           0x0000000e
          Auto-Exposure Mode
          Auto-Exposure Priority
          Exposure Time (Absolute)
      VideoControl Interface Descriptor:
        bLength                11
        bDescriptorType        36
        bDescriptorSubtype      5 (PROCESSING_UNIT)
      Warning: Descriptor too short
        bUnitID                 2
        bSourceID               1
        wMaxMultiplier          0
        bControlSize            2
        bmControls     0x0000157f
          Brightness
          Contrast
          Hue
          Saturation
          Sharpness
          Gamma
          White Balance Temperature
          Backlight Compensation
          Power Line Frequency
          White Balance Temperature, Auto
        iProcessing             0 
        bmVideoStandards     0x09
          None
          SECAM - 625/50
      VideoControl Interface Descriptor:
        bLength                 9
        bDescriptorType        36
        bDescriptorSubtype      3 (OUTPUT_TERMINAL)
        bTerminalID             3
        wTerminalType      0x0101 USB Streaming
        bAssocTerminal          0
        bSourceID               6
        iTerminal               0 
      VideoControl Interface Descriptor:
        bLength                27
        bDescriptorType        36
        bDescriptorSubtype      6 (EXTENSION_UNIT)
        bUnitID                 4
        guidExtensionCode         {1229a78c-47b4-4094-b0ce-db07386fb938}
        bNumControls            2
        bNrInPins               1
        baSourceID( 0)          2
        bControlSize            2
        bmControls( 0)       0x00
        bmControls( 1)       0x06
        iExtension              0 
      VideoControl Interface Descriptor:
        bLength                29
        bDescriptorType        36
        bDescriptorSubtype      6 (EXTENSION_UNIT)
        bUnitID                 6
        guidExtensionCode         {26b8105a-0713-4870-979d-da79444bb68e}
        bNumControls            8
        bNrInPins               1
        baSourceID( 0)          4
        bControlSize            4
        bmControls( 0)       0x3c
        bmControls( 1)       0x18
        bmControls( 2)       0x0c
        bmControls( 3)       0x00
        iExtension              6 Realtek Extended Controls Unit
      Endpoint Descriptor:
        bLength                 7
        bDescriptorType         5
        bEndpointAddress     0x83  EP 3 IN
        bmAttributes            3
          Transfer Type            Interrupt
          Synch Type               None
          Usage Type               Data
        wMaxPacketSize     0x0010  1x 16 bytes
        bInterval               6
    Interface Descriptor:
      bLength                 9
      bDescriptorType         4
      bInterfaceNumber        1
      bAlternateSetting       0
      bNumEndpoints           0
      bInterfaceClass        14 Video
      bInterfaceSubClass      2 Video Streaming
      bInterfaceProtocol      0 
      iInterface              0 
      VideoStreaming Interface Descriptor:
        bLength                            15
        bDescriptorType                    36
        bDescriptorSubtype                  1 (INPUT_HEADER)
        bNumFormats                         2
        wTotalLength                   0x02b1
        bEndPointAddress                  129
        bmInfo                              0
        bTerminalLink                       3
        bStillCaptureMethod                 2
        bTriggerSupport                     1
        bTriggerUsage                       0
        bControlSize                        1
        bmaControls( 0)                     0
        bmaControls( 1)                     0
      VideoStreaming Interface Descriptor:
        bLength                            11
        bDescriptorType                    36
        bDescriptorSubtype                  6 (FORMAT_MJPEG)
        bFormatIndex                        1
        bNumFrameDescriptors                9
        bFlags                              1
          Fixed-size samples: Yes
        bDefaultFrameIndex                  1
        bAspectRatioX                       0
        bAspectRatioY                       0
        bmInterlaceFlags                 0x00
          Interlaced stream or variable: No
          Fields per frame: 1 fields
          Field 1 first: No
          Field pattern: Field 1 only
        bCopyProtect                        0
      VideoStreaming Interface Descriptor:
        bLength                            30
        bDescriptorType                    36
        bDescriptorSubtype                  7 (FRAME_MJPEG)
        bFrameIndex                         1
        bmCapabilities                   0x00
          Still image unsupported
        wWidth                           1280
        wHeight                           720
        dwMinBitRate                442368000
        dwMaxBitRate                442368000
        dwMaxVideoFrameBufferSize     1843200
        dwDefaultFrameInterval         333333
        bFrameIntervalType                  1
        dwFrameInterval( 0)            333333
      VideoStreaming Interface Descriptor:
        bLength                            30
        bDescriptorType                    36
        bDescriptorSubtype                  7 (FRAME_MJPEG)
        bFrameIndex                         2
        bmCapabilities                   0x00
          Still image unsupported
        wWidth                            320
        wHeight                           180
        dwMinBitRate                 27648000
        dwMaxBitRate                 27648000
        dwMaxVideoFrameBufferSize      115200
        dwDefaultFrameInterval         333333
        bFrameIntervalType                  1
        dwFrameInterval( 0)            333333
      VideoStreaming Interface Descriptor:
        bLength                            30
        bDescriptorType                    36
        bDescriptorSubtype                  7 (FRAME_MJPEG)
        bFrameIndex                         3
        bmCapabilities                   0x00
          Still image unsupported
        wWidth                            320
        wHeight                           240
        dwMinBitRate                 36864000
        dwMaxBitRate                 36864000
        dwMaxVideoFrameBufferSize      153600
        dwDefaultFrameInterval         333333
        bFrameIntervalType                  1
        dwFrameInterval( 0)            333333
      VideoStreaming Interface Descriptor:
        bLength                            30
        bDescriptorType                    36
        bDescriptorSubtype                  7 (FRAME_MJPEG)
        bFrameIndex                         4
        bmCapabilities                   0x00
          Still image unsupported
        wWidth                            352
        wHeight                           288
        dwMinBitRate                 48660480
        dwMaxBitRate                 48660480
        dwMaxVideoFrameBufferSize      202752
        dwDefaultFrameInterval         333333
        bFrameIntervalType                  1
        dwFrameInterval( 0)            333333
      VideoStreaming Interface Descriptor:
        bLength                            30
        bDescriptorType                    36
        bDescriptorSubtype                  7 (FRAME_MJPEG)
        bFrameIndex                         5
        bmCapabilities                   0x00
          Still image unsupported
        wWidth                            424
        wHeight                           240
        dwMinBitRate                 48844800
        dwMaxBitRate                 48844800
        dwMaxVideoFrameBufferSize      203520
        dwDefaultFrameInterval         333333
        bFrameIntervalType                  1
        dwFrameInterval( 0)            333333
      VideoStreaming Interface Descriptor:
        bLength                            30
        bDescriptorType                    36
        bDescriptorSubtype                  7 (FRAME_MJPEG)
        bFrameIndex                         6
        bmCapabilities                   0x00
          Still image unsupported
        wWidth                            640
        wHeight                           360
        dwMinBitRate                110592000
        dwMaxBitRate                110592000
        dwMaxVideoFrameBufferSize      460800
        dwDefaultFrameInterval         333333
        bFrameIntervalType                  1
        dwFrameInterval( 0)            333333
      VideoStreaming Interface Descriptor:
        bLength                            30
        bDescriptorType                    36
        bDescriptorSubtype                  7 (FRAME_MJPEG)
        bFrameIndex                         7
        bmCapabilities                   0x00
          Still image unsupported
        wWidth                            640
        wHeight                           480
        dwMinBitRate                147456000
        dwMaxBitRate                147456000
        dwMaxVideoFrameBufferSize      614400
        dwDefaultFrameInterval         333333
        bFrameIntervalType                  1
        dwFrameInterval( 0)            333333
      VideoStreaming Interface Descriptor:
        bLength                            30
        bDescriptorType                    36
        bDescriptorSubtype                  7 (FRAME_MJPEG)
        bFrameIndex                         8
        bmCapabilities                   0x00
          Still image unsupported
        wWidth                            848
        wHeight                           480
        dwMinBitRate                195379200
        dwMaxBitRate                195379200
        dwMaxVideoFrameBufferSize      814080
        dwDefaultFrameInterval         333333
        bFrameIntervalType                  1
        dwFrameInterval( 0)            333333
      VideoStreaming Interface Descriptor:
        bLength                            30
        bDescriptorType                    36
        bDescriptorSubtype                  7 (FRAME_MJPEG)
        bFrameIndex                         9
        bmCapabilities                   0x00
          Still image unsupported
        wWidth                            960
        wHeight                           540
        dwMinBitRate                248832000
        dwMaxBitRate                248832000
        dwMaxVideoFrameBufferSize     1036800
        dwDefaultFrameInterval         333333
        bFrameIntervalType                  1
        dwFrameInterval( 0)            333333
      VideoStreaming Interface Descriptor:
        bLength                            42
        bDescriptorType                    36
        bDescriptorSubtype                  3 (STILL_IMAGE_FRAME)
        bEndpointAddress                    0
        bNumImageSizePatterns               9
        wWidth( 0)                       1280
        wHeight( 0)                       720
        wWidth( 1)                        320
        wHeight( 1)                       180
        wWidth( 2)                        320
        wHeight( 2)                       240
        wWidth( 3)                        352
        wHeight( 3)                       288
        wWidth( 4)                        424
        wHeight( 4)                       240
        wWidth( 5)                        640
        wHeight( 5)                       360
        wWidth( 6)                        640
        wHeight( 6)                       480
        wWidth( 7)                        848
        wHeight( 7)                       480
        wWidth( 8)                        960
        wHeight( 8)                       540
        bNumCompressionPatterns             0
      VideoStreaming Interface Descriptor:
        bLength                             6
        bDescriptorType                    36
        bDescriptorSubtype                 13 (COLORFORMAT)
        bColorPrimaries                     1 (BT.709,sRGB)
        bTransferCharacteristics            1 (BT.709)
        bMatrixCoefficients                 4 (SMPTE 170M (BT.601))
      VideoStreaming Interface Descriptor:
        bLength                            27
        bDescriptorType                    36
        bDescriptorSubtype                  4 (FORMAT_UNCOMPRESSED)
        bFormatIndex                        2
        bNumFrameDescriptors                9
        guidFormat                            {32595559-0000-0010-8000-00aa00389b71}
        bBitsPerPixel                      16
        bDefaultFrameIndex                  1
        bAspectRatioX                       0
        bAspectRatioY                       0
        bmInterlaceFlags                 0x00
          Interlaced stream or variable: No
          Fields per frame: 2 fields
          Field 1 first: No
          Field pattern: Field 1 only
        bCopyProtect                        0
      VideoStreaming Interface Descriptor:
        bLength                            30
        bDescriptorType                    36
        bDescriptorSubtype                  5 (FRAME_UNCOMPRESSED)
        bFrameIndex                         1
        bmCapabilities                   0x00
          Still image unsupported
        wWidth                           1280
        wHeight                           720
        dwMinBitRate                147456000
        dwMaxBitRate                147456000
        dwMaxVideoFrameBufferSize     1843200
        dwDefaultFrameInterval        1000000
        bFrameIntervalType                  1
        dwFrameInterval( 0)           1000000
      VideoStreaming Interface Descriptor:
        bLength                            30
        bDescriptorType                    36
        bDescriptorSubtype                  5 (FRAME_UNCOMPRESSED)
        bFrameIndex                         2
        bmCapabilities                   0x00
          Still image unsupported
        wWidth                            320
        wHeight                           180
        dwMinBitRate                 27648000
        dwMaxBitRate                 27648000
        dwMaxVideoFrameBufferSize      115200
        dwDefaultFrameInterval         333333
        bFrameIntervalType                  1
        dwFrameInterval( 0)            333333
      VideoStreaming Interface Descriptor:
        bLength                            30
        bDescriptorType                    36
        bDescriptorSubtype                  5 (FRAME_UNCOMPRESSED)
        bFrameIndex                         3
        bmCapabilities                   0x00
          Still image unsupported
        wWidth                            320
        wHeight                           240
        dwMinBitRate                 36864000
        dwMaxBitRate                 36864000
        dwMaxVideoFrameBufferSize      153600
        dwDefaultFrameInterval         333333
        bFrameIntervalType                  1
        dwFrameInterval( 0)            333333
      VideoStreaming Interface Descriptor:
        bLength                            30
        bDescriptorType                    36
        bDescriptorSubtype                  5 (FRAME_UNCOMPRESSED)
        bFrameIndex                         4
        bmCapabilities                   0x00
          Still image unsupported
        wWidth                            352
        wHeight                           288
        dwMinBitRate                 48660480
        dwMaxBitRate                 48660480
        dwMaxVideoFrameBufferSize      202752
        dwDefaultFrameInterval         333333
        bFrameIntervalType                  1
        dwFrameInterval( 0)            333333
      VideoStreaming Interface Descriptor:
        bLength                            30
        bDescriptorType                    36
        bDescriptorSubtype                  5 (FRAME_UNCOMPRESSED)
        bFrameIndex                         5
        bmCapabilities                   0x00
          Still image unsupported
        wWidth                            424
        wHeight                           240
        dwMinBitRate                 48844800
        dwMaxBitRate                 48844800
        dwMaxVideoFrameBufferSize      203520
        dwDefaultFrameInterval         333333
        bFrameIntervalType                  1
        dwFrameInterval( 0)            333333
      VideoStreaming Interface Descriptor:
        bLength                            30
        bDescriptorType                    36
        bDescriptorSubtype                  5 (FRAME_UNCOMPRESSED)
        bFrameIndex                         6
        bmCapabilities                   0x00
          Still image unsupported
        wWidth                            640
        wHeight                           360
        dwMinBitRate                110592000
        dwMaxBitRate                110592000
        dwMaxVideoFrameBufferSize      460800
        dwDefaultFrameInterval         333333
        bFrameIntervalType                  1
        dwFrameInterval( 0)            333333
      VideoStreaming Interface Descriptor:
        bLength                            30
        bDescriptorType                    36
        bDescriptorSubtype                  5 (FRAME_UNCOMPRESSED)
        bFrameIndex                         7
        bmCapabilities                   0x00
          Still image unsupported
        wWidth                            640
        wHeight                           480
        dwMinBitRate                147456000
        dwMaxBitRate                147456000
        dwMaxVideoFrameBufferSize      614400
        dwDefaultFrameInterval         333333
        bFrameIntervalType                  1
        dwFrameInterval( 0)            333333
      VideoStreaming Interface Descriptor:
        bLength                            30
        bDescriptorType                    36
        bDescriptorSubtype                  5 (FRAME_UNCOMPRESSED)
        bFrameIndex                         8
        bmCapabilities                   0x00
          Still image unsupported
        wWidth                            848
        wHeight                           480
        dwMinBitRate                130252800
        dwMaxBitRate                130252800
        dwMaxVideoFrameBufferSize      814080
        dwDefaultFrameInterval         500000
        bFrameIntervalType                  1
        dwFrameInterval( 0)            500000
      VideoStreaming Interface Descriptor:
        bLength                            30
        bDescriptorType                    36
        bDescriptorSubtype                  5 (FRAME_UNCOMPRESSED)
        bFrameIndex                         9
        bmCapabilities                   0x00
          Still image unsupported
        wWidth                            960
        wHeight                           540
        dwMinBitRate                124416000
        dwMaxBitRate                124416000
        dwMaxVideoFrameBufferSize     1036800
        dwDefaultFrameInterval         666666
        bFrameIntervalType                  1
        dwFrameInterval( 0)            666666
      VideoStreaming Interface Descriptor:
        bLength                            42
        bDescriptorType                    36
        bDescriptorSubtype                  3 (STILL_IMAGE_FRAME)
        bEndpointAddress                    0
        bNumImageSizePatterns               9
        wWidth( 0)                       1280
        wHeight( 0)                       720
        wWidth( 1)                        320
        wHeight( 1)                       180
        wWidth( 2)                        320
        wHeight( 2)                       240
        wWidth( 3)                        352
        wHeight( 3)                       288
        wWidth( 4)                        424
        wHeight( 4)                       240
        wWidth( 5)                        640
        wHeight( 5)                       360
        wWidth( 6)                        640
        wHeight( 6)                       480
        wWidth( 7)                        848
        wHeight( 7)                       480
        wWidth( 8)                        960
        wHeight( 8)                       540
        bNumCompressionPatterns             0
      VideoStreaming Interface Descriptor:
        bLength                             6
        bDescriptorType                    36
        bDescriptorSubtype                 13 (COLORFORMAT)
        bColorPrimaries                     1 (BT.709,sRGB)
        bTransferCharacteristics            1 (BT.709)
        bMatrixCoefficients                 4 (SMPTE 170M (BT.601))
    Interface Descriptor:
      bLength                 9
      bDescriptorType         4
      bInterfaceNumber        1
      bAlternateSetting       1
      bNumEndpoints           1
      bInterfaceClass        14 Video
      bInterfaceSubClass      2 Video Streaming
      bInterfaceProtocol      0 
      iInterface              0 
      Endpoint Descriptor:
        bLength                 7
        bDescriptorType         5
        bEndpointAddress     0x81  EP 1 IN
        bmAttributes            5
          Transfer Type            Isochronous
          Synch Type               Asynchronous
          Usage Type               Data
        wMaxPacketSize     0x0080  1x 128 bytes
        bInterval               1
    Interface Descriptor:
      bLength                 9
      bDescriptorType         4
      bInterfaceNumber        1
      bAlternateSetting       2
      bNumEndpoints           1
      bInterfaceClass        14 Video
      bInterfaceSubClass      2 Video Streaming
      bInterfaceProtocol      0 
      iInterface              0 
      Endpoint Descriptor:
        bLength                 7
        bDescriptorType         5
        bEndpointAddress     0x81  EP 1 IN
        bmAttributes            5
          Transfer Type            Isochronous
          Synch Type               Asynchronous
          Usage Type               Data
        wMaxPacketSize     0x0200  1x 512 bytes
        bInterval               1
    Interface Descriptor:
      bLength                 9
      bDescriptorType         4
      bInterfaceNumber        1
      bAlternateSetting       3
      bNumEndpoints           1
      bInterfaceClass        14 Video
      bInterfaceSubClass      2 Video Streaming
      bInterfaceProtocol      0 
      iInterface              0 
      Endpoint Descriptor:
        bLength                 7
        bDescriptorType         5
        bEndpointAddress     0x81  EP 1 IN
        bmAttributes            5
          Transfer Type            Isochronous
          Synch Type               Asynchronous
          Usage Type               Data
        wMaxPacketSize     0x0400  1x 1024 bytes
        bInterval               1
    Interface Descriptor:
      bLength                 9
      bDescriptorType         4
      bInterfaceNumber        1
      bAlternateSetting       4
      bNumEndpoints           1
      bInterfaceClass        14 Video
      bInterfaceSubClass      2 Video Streaming
      bInterfaceProtocol      0 
      iInterface              0 
      Endpoint Descriptor:
        bLength                 7
        bDescriptorType         5
        bEndpointAddress     0x81  EP 1 IN
        bmAttributes            5
          Transfer Type            Isochronous
          Synch Type               Asynchronous
          Usage Type               Data
        wMaxPacketSize     0x0b00  2x 768 bytes
        bInterval               1
    Interface Descriptor:
      bLength                 9
      bDescriptorType         4
      bInterfaceNumber        1
      bAlternateSetting       5
      bNumEndpoints           1
      bInterfaceClass        14 Video
      bInterfaceSubClass      2 Video Streaming
      bInterfaceProtocol      0 
      iInterface              0 
      Endpoint Descriptor:
        bLength                 7
        bDescriptorType         5
        bEndpointAddress     0x81  EP 1 IN
        bmAttributes            5
          Transfer Type            Isochronous
          Synch Type               Asynchronous
          Usage Type               Data
        wMaxPacketSize     0x0c00  2x 1024 bytes
        bInterval               1
    Interface Descriptor:
      bLength                 9
      bDescriptorType         4
      bInterfaceNumber        1
      bAlternateSetting       6
      bNumEndpoints           1
      bInterfaceClass        14 Video
      bInterfaceSubClass      2 Video Streaming
      bInterfaceProtocol      0 
      iInterface              0 
      Endpoint Descriptor:
        bLength                 7
        bDescriptorType         5
        bEndpointAddress     0x81  EP 1 IN
        bmAttributes            5
          Transfer Type            Isochronous
          Synch Type               Asynchronous
          Usage Type               Data
        wMaxPacketSize     0x1380  3x 896 bytes
        bInterval               1
    Interface Descriptor:
      bLength                 9
      bDescriptorType         4
      bInterfaceNumber        1
      bAlternateSetting       7
      bNumEndpoints           1
      bInterfaceClass        14 Video
      bInterfaceSubClass      2 Video Streaming
      bInterfaceProtocol      0 
      iInterface              0 
      Endpoint Descriptor:
        bLength                 7
        bDescriptorType         5
        bEndpointAddress     0x81  EP 1 IN
        bmAttributes            5
          Transfer Type            Isochronous
          Synch Type               Asynchronous
          Usage Type               Data
        wMaxPacketSize     0x13fc  3x 1020 bytes
        bInterval               1
Binary Object Store Descriptor:
  bLength                 5
  bDescriptorType        15
  wTotalLength       0x0035
  bNumDeviceCaps          2
  Container ID Device Capability:
    bLength                20
    bDescriptorType        16
    bDevCapabilityType      4
    bReserved               0
    ContainerID             {20b69f2c-34b3-4690-a228-67bd251277e9}
  Platform Device Capability:
    bLength                28
    bDescriptorType        16
    bDevCapabilityType      5
    bReserved               0
    PlatformCapabilityUUID    {d8dd60df-4589-4cc7-9cd2-659d9e648a9f}
    CapabilityData[0]    0x00
    CapabilityData[1]    0x00
    CapabilityData[2]    0x00
    CapabilityData[3]    0x0a
    CapabilityData[4]    0xe8
    CapabilityData[5]    0x00
    CapabilityData[6]    0x5f
    CapabilityData[7]    0x00
Device Status:     0x0000
  (Bus Powered)

Bus 003 Device 002: ID 0bda:5812 Realtek Semiconductor Corp. Realtek USB2.0 Finger Print Bridge
Device Descriptor:
  bLength                18
  bDescriptorType         1
  bcdUSB               2.00
  bDeviceClass          255 Vendor Specific Class
  bDeviceSubClass         0 
  bDeviceProtocol         0 
  bMaxPacketSize0        64
  idVendor           0x0bda Realtek Semiconductor Corp.
  idProduct          0x5812 
  bcdDevice            5.02
  iManufacturer           3 Generic
  iProduct                1 Realtek USB2.0 Finger Print Bridge
  iSerial                 2 201801010001
  bNumConfigurations      1
  Configuration Descriptor:
    bLength                 9
    bDescriptorType         2
    wTotalLength       0x002e
    bNumInterfaces          1
    bConfigurationValue     1
    iConfiguration          4 Realtek USB2.0 Finger Print Bridge
    bmAttributes         0xa0
      (Bus Powered)
      Remote Wakeup
    MaxPower              100mA
    Interface Descriptor:
      bLength                 9
      bDescriptorType         4
      bInterfaceNumber        0
      bAlternateSetting       0
      bNumEndpoints           4
      bInterfaceClass       255 Vendor Specific Class
      bInterfaceSubClass    255 Vendor Specific Subclass
      bInterfaceProtocol      0 
      iInterface              5 Realtek USB2.0 Finger Print Bridge
      Endpoint Descriptor:
        bLength                 7
        bDescriptorType         5
        bEndpointAddress     0x01  EP 1 OUT
        bmAttributes            2
          Transfer Type            Bulk
          Synch Type               None
          Usage Type               Data
        wMaxPacketSize     0x0040  1x 64 bytes
        bInterval               0
      Endpoint Descriptor:
        bLength                 7
        bDescriptorType         5
        bEndpointAddress     0x82  EP 2 IN
        bmAttributes            2
          Transfer Type            Bulk
          Synch Type               None
          Usage Type               Data
        wMaxPacketSize     0x0040  1x 64 bytes
        bInterval               0
      Endpoint Descriptor:
        bLength                 7
        bDescriptorType         5
        bEndpointAddress     0x83  EP 3 IN
        bmAttributes            3
          Transfer Type            Interrupt
          Synch Type               None
          Usage Type               Data
        wMaxPacketSize     0x0010  1x 16 bytes
        bInterval               8
      Endpoint Descriptor:
        bLength                 7
        bDescriptorType         5
        bEndpointAddress     0x84  EP 4 IN
        bmAttributes            3
          Transfer Type            Interrupt
          Synch Type               None
          Usage Type               Data
        wMaxPacketSize     0x0010  1x 16 bytes
        bInterval               8
Device Qualifier (for other device speed):
  bLength                10
  bDescriptorType         6
  bcdUSB               2.00
  bDeviceClass          255 Vendor Specific Class
  bDeviceSubClass         0 
  bDeviceProtocol         0 
  bMaxPacketSize0        64
  bNumConfigurations      1
Device Status:     0x0000
  (Bus Powered)

Bus 003 Device 004: ID 8087:0026 Intel Corp. AX201 Bluetooth
Device Descriptor:
  bLength                18
  bDescriptorType         1
  bcdUSB               2.01
  bDeviceClass          224 Wireless
  bDeviceSubClass         1 Radio Frequency
  bDeviceProtocol         1 Bluetooth
  bMaxPacketSize0        64
  idVendor           0x8087 Intel Corp.
  idProduct          0x0026 AX201 Bluetooth
  bcdDevice            0.02
  iManufacturer           0 
  iProduct                0 
  iSerial                 0 
  bNumConfigurations      1
  Configuration Descriptor:
    bLength                 9
    bDescriptorType         2
    wTotalLength       0x00c8
    bNumInterfaces          2
    bConfigurationValue     1
    iConfiguration          0 
    bmAttributes         0xe0
      Self Powered
      Remote Wakeup
    MaxPower              100mA
    Interface Descriptor:
      bLength                 9
      bDescriptorType         4
      bInterfaceNumber        0
      bAlternateSetting       0
      bNumEndpoints           3
      bInterfaceClass       224 Wireless
      bInterfaceSubClass      1 Radio Frequency
      bInterfaceProtocol      1 Bluetooth
      iInterface              0 
      Endpoint Descriptor:
        bLength                 7
        bDescriptorType         5
        bEndpointAddress     0x81  EP 1 IN
        bmAttributes            3
          Transfer Type            Interrupt
          Synch Type               None
          Usage Type               Data
        wMaxPacketSize     0x0040  1x 64 bytes
        bInterval               1
      Endpoint Descriptor:
        bLength                 7
        bDescriptorType         5
        bEndpointAddress     0x02  EP 2 OUT
        bmAttributes            2
          Transfer Type            Bulk
          Synch Type               None
          Usage Type               Data
        wMaxPacketSize     0x0040  1x 64 bytes
        bInterval               1
      Endpoint Descriptor:
        bLength                 7
        bDescriptorType         5
        bEndpointAddress     0x82  EP 2 IN
        bmAttributes            2
          Transfer Type            Bulk
          Synch Type               None
          Usage Type               Data
        wMaxPacketSize     0x0040  1x 64 bytes
        bInterval               1
    Interface Descriptor:
      bLength                 9
      bDescriptorType         4
      bInterfaceNumber        1
      bAlternateSetting       0
      bNumEndpoints           2
      bInterfaceClass       224 Wireless
      bInterfaceSubClass      1 Radio Frequency
      bInterfaceProtocol      1 Bluetooth
      iInterface              0 
      Endpoint Descriptor:
        bLength                 7
        bDescriptorType         5
        bEndpointAddress     0x03  EP 3 OUT
        bmAttributes            1
          Transfer Type            Isochronous
          Synch Type               None
          Usage Type               Data
        wMaxPacketSize     0x0000  1x 0 bytes
        bInterval               1
      Endpoint Descriptor:
        bLength                 7
        bDescriptorType         5
        bEndpointAddress     0x83  EP 3 IN
        bmAttributes            1
          Transfer Type            Isochronous
          Synch Type               None
          Usage Type               Data
        wMaxPacketSize     0x0000  1x 0 bytes
        bInterval               1
    Interface Descriptor:
      bLength                 9
      bDescriptorType         4
      bInterfaceNumber        1
      bAlternateSetting       1
      bNumEndpoints           2
      bInterfaceClass       224 Wireless
      bInterfaceSubClass      1 Radio Frequency
      bInterfaceProtocol      1 Bluetooth
      iInterface              0 
      Endpoint Descriptor:
        bLength                 7
        bDescriptorType         5
        bEndpointAddress     0x03  EP 3 OUT
        bmAttributes            1
          Transfer Type            Isochronous
          Synch Type               None
          Usage Type               Data
        wMaxPacketSize     0x0009  1x 9 bytes
        bInterval               1
      Endpoint Descriptor:
        bLength                 7
        bDescriptorType         5
        bEndpointAddress     0x83  EP 3 IN
        bmAttributes            1
          Transfer Type            Isochronous
          Synch Type               None
          Usage Type               Data
        wMaxPacketSize     0x0009  1x 9 bytes
        bInterval               1
    Interface Descriptor:
      bLength                 9
      bDescriptorType         4
      bInterfaceNumber        1
      bAlternateSetting       2
      bNumEndpoints           2
      bInterfaceClass       224 Wireless
      bInterfaceSubClass      1 Radio Frequency
      bInterfaceProtocol      1 Bluetooth
      iInterface              0 
      Endpoint Descriptor:
        bLength                 7
        bDescriptorType         5
        bEndpointAddress     0x03  EP 3 OUT
        bmAttributes            1
          Transfer Type            Isochronous
          Synch Type               None
          Usage Type               Data
        wMaxPacketSize     0x0011  1x 17 bytes
        bInterval               1
      Endpoint Descriptor:
        bLength                 7
        bDescriptorType         5
        bEndpointAddress     0x83  EP 3 IN
        bmAttributes            1
          Transfer Type            Isochronous
          Synch Type               None
          Usage Type               Data
        wMaxPacketSize     0x0011  1x 17 bytes
        bInterval               1
    Interface Descriptor:
      bLength                 9
      bDescriptorType         4
      bInterfaceNumber        1
      bAlternateSetting       3
      bNumEndpoints           2
      bInterfaceClass       224 Wireless
      bInterfaceSubClass      1 Radio Frequency
      bInterfaceProtocol      1 Bluetooth
      iInterface              0 
      Endpoint Descriptor:
        bLength                 7
        bDescriptorType         5
        bEndpointAddress     0x03  EP 3 OUT
        bmAttributes            1
          Transfer Type            Isochronous
          Synch Type               None
          Usage Type               Data
        wMaxPacketSize     0x0019  1x 25 bytes
        bInterval               1
      Endpoint Descriptor:
        bLength                 7
        bDescriptorType         5
        bEndpointAddress     0x83  EP 3 IN
        bmAttributes            1
          Transfer Type            Isochronous
          Synch Type               None
          Usage Type               Data
        wMaxPacketSize     0x0019  1x 25 bytes
        bInterval               1
    Interface Descriptor:
      bLength                 9
      bDescriptorType         4
      bInterfaceNumber        1
      bAlternateSetting       4
      bNumEndpoints           2
      bInterfaceClass       224 Wireless
      bInterfaceSubClass      1 Radio Frequency
      bInterfaceProtocol      1 Bluetooth
      iInterface              0 
      Endpoint Descriptor:
        bLength                 7
        bDescriptorType         5
        bEndpointAddress     0x03  EP 3 OUT
        bmAttributes            1
          Transfer Type            Isochronous
          Synch Type               None
          Usage Type               Data
        wMaxPacketSize     0x0021  1x 33 bytes
        bInterval               1
      Endpoint Descriptor:
        bLength                 7
        bDescriptorType         5
        bEndpointAddress     0x83  EP 3 IN
        bmAttributes            1
          Transfer Type            Isochronous
          Synch Type               None
          Usage Type               Data
        wMaxPacketSize     0x0021  1x 33 bytes
        bInterval               1
    Interface Descriptor:
      bLength                 9
      bDescriptorType         4
      bInterfaceNumber        1
      bAlternateSetting       5
      bNumEndpoints           2
      bInterfaceClass       224 Wireless
      bInterfaceSubClass      1 Radio Frequency
      bInterfaceProtocol      1 Bluetooth
      iInterface              0 
      Endpoint Descriptor:
        bLength                 7
        bDescriptorType         5
        bEndpointAddress     0x03  EP 3 OUT
        bmAttributes            1
          Transfer Type            Isochronous
          Synch Type               None
          Usage Type               Data
        wMaxPacketSize     0x0031  1x 49 bytes
        bInterval               1
      Endpoint Descriptor:
        bLength                 7
        bDescriptorType         5
        bEndpointAddress     0x83  EP 3 IN
        bmAttributes            1
          Transfer Type            Isochronous
          Synch Type               None
          Usage Type               Data
        wMaxPacketSize     0x0031  1x 49 bytes
        bInterval               1
    Interface Descriptor:
      bLength                 9
      bDescriptorType         4
      bInterfaceNumber        1
      bAlternateSetting       6
      bNumEndpoints           2
      bInterfaceClass       224 Wireless
      bInterfaceSubClass      1 Radio Frequency
      bInterfaceProtocol      1 Bluetooth
      iInterface              0 
      Endpoint Descriptor:
        bLength                 7
        bDescriptorType         5
        bEndpointAddress     0x03  EP 3 OUT
        bmAttributes            1
          Transfer Type            Isochronous
          Synch Type               None
          Usage Type               Data
        wMaxPacketSize     0x003f  1x 63 bytes
        bInterval               1
      Endpoint Descriptor:
        bLength                 7
        bDescriptorType         5
        bEndpointAddress     0x83  EP 3 IN
        bmAttributes            1
          Transfer Type            Isochronous
          Synch Type               None
          Usage Type               Data
        wMaxPacketSize     0x003f  1x 63 bytes
        bInterval               1
Binary Object Store Descriptor:
  bLength                 5
  bDescriptorType        15
  wTotalLength       0x000c
  bNumDeviceCaps          1
  USB 2.0 Extension Device Capability:
    bLength                 7
    bDescriptorType        16
    bDevCapabilityType      2
    bmAttributes   0x0000040e
      BESL Link Power Management (LPM) Supported
    BESL value     1024 us 
Device Status:     0x0001
  Self Powered

Bus 003 Device 001: ID 1d6b:0002 Linux Foundation 2.0 root hub
Device Descriptor:
  bLength                18
  bDescriptorType         1
  bcdUSB               2.00
  bDeviceClass            9 Hub
  bDeviceSubClass         0 
  bDeviceProtocol         1 Single TT
  bMaxPacketSize0        64
  idVendor           0x1d6b Linux Foundation
  idProduct          0x0002 2.0 root hub
  bcdDevice            5.14
  iManufacturer           3 Linux 5.14.0-rc7-1-mainline xhci-hcd
  iProduct                2 xHCI Host Controller
  iSerial                 1 0000:00:14.0
  bNumConfigurations      1
  Configuration Descriptor:
    bLength                 9
    bDescriptorType         2
    wTotalLength       0x0019
    bNumInterfaces          1
    bConfigurationValue     1
    iConfiguration          0 
    bmAttributes         0xe0
      Self Powered
      Remote Wakeup
    MaxPower                0mA
    Interface Descriptor:
      bLength                 9
      bDescriptorType         4
      bInterfaceNumber        0
      bAlternateSetting       0
      bNumEndpoints           1
      bInterfaceClass         9 Hub
      bInterfaceSubClass      0 
      bInterfaceProtocol      0 Full speed (or root) hub
      iInterface              0 
      Endpoint Descriptor:
        bLength                 7
        bDescriptorType         5
        bEndpointAddress     0x81  EP 1 IN
        bmAttributes            3
          Transfer Type            Interrupt
          Synch Type               None
          Usage Type               Data
        wMaxPacketSize     0x0004  1x 4 bytes
        bInterval              12
Hub Descriptor:
  bLength              11
  bDescriptorType      41
  nNbrPorts            12
  wHubCharacteristic 0x000a
    No power switching (usb 1.0)
    Per-port overcurrent protection
    TT think time 8 FS bits
  bPwrOn2PwrGood       10 * 2 milli seconds
  bHubContrCurrent      0 milli Ampere
  DeviceRemovable    0x00 0x00
  PortPwrCtrlMask    0xff 0xff
 Hub Port Status:
   Port 1: 0000.0100 power
   Port 2: 0000.0100 power
   Port 3: 0000.0100 power
   Port 4: 0000.0100 power
   Port 5: 0000.0103 power enable connect
   Port 6: 0000.0503 highspeed power enable connect
   Port 7: 0000.0100 power
   Port 8: 0000.0100 power
   Port 9: 0000.0100 power
   Port 10: 0000.0103 power enable connect
   Port 11: 0000.0100 power
   Port 12: 0000.0100 power
Device Status:     0x0001
  Self Powered

Bus 002 Device 001: ID 1d6b:0003 Linux Foundation 3.0 root hub
Device Descriptor:
  bLength                18
  bDescriptorType         1
  bcdUSB               3.10
  bDeviceClass            9 Hub
  bDeviceSubClass         0 
  bDeviceProtocol         3 
  bMaxPacketSize0         9
  idVendor           0x1d6b Linux Foundation
  idProduct          0x0003 3.0 root hub
  bcdDevice            5.14
  iManufacturer           3 Linux 5.14.0-rc7-1-mainline xhci-hcd
  iProduct                2 xHCI Host Controller
  iSerial                 1 0000:00:0d.0
  bNumConfigurations      1
  Configuration Descriptor:
    bLength                 9
    bDescriptorType         2
    wTotalLength       0x001f
    bNumInterfaces          1
    bConfigurationValue     1
    iConfiguration          0 
    bmAttributes         0xe0
      Self Powered
      Remote Wakeup
    MaxPower                0mA
    Interface Descriptor:
      bLength                 9
      bDescriptorType         4
      bInterfaceNumber        0
      bAlternateSetting       0
      bNumEndpoints           1
      bInterfaceClass         9 Hub
      bInterfaceSubClass      0 
      bInterfaceProtocol      0 Full speed (or root) hub
      iInterface              0 
      Endpoint Descriptor:
        bLength                 7
        bDescriptorType         5
        bEndpointAddress     0x81  EP 1 IN
        bmAttributes            3
          Transfer Type            Interrupt
          Synch Type               None
          Usage Type               Data
        wMaxPacketSize     0x0004  1x 4 bytes
        bInterval              12
        bMaxBurst               0
Hub Descriptor:
  bLength              12
  bDescriptorType      42
  nNbrPorts             4
  wHubCharacteristic 0x000a
    No power switching (usb 1.0)
    Per-port overcurrent protection
  bPwrOn2PwrGood       10 * 2 milli seconds
  bHubContrCurrent      0 milli Ampere
  bHubDecLat          0.0 micro seconds
  wHubDelay             0 nano seconds
  DeviceRemovable    0x00
 Hub Port Status:
   Port 1: 0000.02a0 lowspeed L1
   Port 2: 0000.02a0 lowspeed L1
   Port 3: 0000.02a0 lowspeed L1
   Port 4: 0000.02a0 lowspeed L1
Binary Object Store Descriptor:
  bLength                 5
  bDescriptorType        15
  wTotalLength       0x005b
  bNumDeviceCaps          2
  SuperSpeed USB Device Capability:
    bLength                10
    bDescriptorType        16
    bDevCapabilityType      3
    bmAttributes         0x02
      Latency Tolerance Messages (LTM) Supported
    wSpeedsSupported   0x0008
      Device can operate at SuperSpeed (5Gbps)
    bFunctionalitySupport   1
      Lowest fully-functional device speed is Full Speed (12Mbps)
    bU1DevExitLat           0 micro seconds
    bU2DevExitLat         400 micro seconds
  SuperSpeedPlus USB Device Capability:
    bLength                76
    bDescriptorType        16
    bDevCapabilityType     10
    bmAttributes         0x000000ef
      Sublink Speed Attribute count 15
      Sublink Speed ID count 7
    wFunctionalitySupport   0x1106
    bmSublinkSpeedAttr[0]   0x00050034
      Speed Attribute ID: 4 5Gb/s Symmetric RX SuperSpeed
    bmSublinkSpeedAttr[1]   0x000500b4
      Speed Attribute ID: 4 5Gb/s Symmetric TX SuperSpeed
    bmSublinkSpeedAttr[2]   0x000a4035
      Speed Attribute ID: 5 10Gb/s Symmetric RX SuperSpeedPlus
    bmSublinkSpeedAttr[3]   0x000a40b5
      Speed Attribute ID: 5 10Gb/s Symmetric TX SuperSpeedPlus
    bmSublinkSpeedAttr[4]   0x00e00026
      Speed Attribute ID: 6 224Mb/s Symmetric RX SuperSpeed
    bmSublinkSpeedAttr[5]   0x00e000a6
      Speed Attribute ID: 6 224Mb/s Symmetric TX SuperSpeed
    bmSublinkSpeedAttr[6]   0x00c00027
      Speed Attribute ID: 7 192Mb/s Symmetric RX SuperSpeed
    bmSublinkSpeedAttr[7]   0x00c000a7
      Speed Attribute ID: 7 192Mb/s Symmetric TX SuperSpeed
    bmSublinkSpeedAttr[8]   0x00800028
      Speed Attribute ID: 8 128Mb/s Symmetric RX SuperSpeed
    bmSublinkSpeedAttr[9]   0x008000a8
      Speed Attribute ID: 8 128Mb/s Symmetric TX SuperSpeed
    bmSublinkSpeedAttr[10]   0x00b10029
      Speed Attribute ID: 9 177Mb/s Symmetric RX SuperSpeed
    bmSublinkSpeedAttr[11]   0x00b100a9
      Speed Attribute ID: 9 177Mb/s Symmetric TX SuperSpeed
    bmSublinkSpeedAttr[12]   0x0063002a
      Speed Attribute ID: 10 99Mb/s Symmetric RX SuperSpeed
    bmSublinkSpeedAttr[13]   0x006300aa
      Speed Attribute ID: 10 99Mb/s Symmetric TX SuperSpeed
    bmSublinkSpeedAttr[14]   0x00c6002b
      Speed Attribute ID: 11 198Mb/s Symmetric RX SuperSpeed
    bmSublinkSpeedAttr[15]   0x00c600ab
      Speed Attribute ID: 11 198Mb/s Symmetric TX SuperSpeed
Device Status:     0x0001
  Self Powered

Bus 001 Device 001: ID 1d6b:0002 Linux Foundation 2.0 root hub
Device Descriptor:
  bLength                18
  bDescriptorType         1
  bcdUSB               2.00
  bDeviceClass            9 Hub
  bDeviceSubClass         0 
  bDeviceProtocol         1 Single TT
  bMaxPacketSize0        64
  idVendor           0x1d6b Linux Foundation
  idProduct          0x0002 2.0 root hub
  bcdDevice            5.14
  iManufacturer           3 Linux 5.14.0-rc7-1-mainline xhci-hcd
  iProduct                2 xHCI Host Controller
  iSerial                 1 0000:00:0d.0
  bNumConfigurations      1
  Configuration Descriptor:
    bLength                 9
    bDescriptorType         2
    wTotalLength       0x0019
    bNumInterfaces          1
    bConfigurationValue     1
    iConfiguration          0 
    bmAttributes         0xe0
      Self Powered
      Remote Wakeup
    MaxPower                0mA
    Interface Descriptor:
      bLength                 9
      bDescriptorType         4
      bInterfaceNumber        0
      bAlternateSetting       0
      bNumEndpoints           1
      bInterfaceClass         9 Hub
      bInterfaceSubClass      0 
      bInterfaceProtocol      0 Full speed (or root) hub
      iInterface              0 
      Endpoint Descriptor:
        bLength                 7
        bDescriptorType         5
        bEndpointAddress     0x81  EP 1 IN
        bmAttributes            3
          Transfer Type            Interrupt
          Synch Type               None
          Usage Type               Data
        wMaxPacketSize     0x0004  1x 4 bytes
        bInterval              12
Hub Descriptor:
  bLength               9
  bDescriptorType      41
  nNbrPorts             1
  wHubCharacteristic 0x000a
    No power switching (usb 1.0)
    Per-port overcurrent protection
    TT think time 8 FS bits
  bPwrOn2PwrGood       10 * 2 milli seconds
  bHubContrCurrent      0 milli Ampere
  DeviceRemovable    0x00
  PortPwrCtrlMask    0xff
 Hub Port Status:
   Port 1: 0000.0100 power
Device Status:     0x0001
  Self Powered

--------------EC9A8650C79B64B58255AB2E
Content-Type: text/x-log; charset=UTF-8;
 name="dmesg.log"
Content-Transfer-Encoding: 7bit
Content-Disposition: attachment;
 filename="dmesg.log"

[    0.028131] PM: hibernation: Registered nosave memory: [mem 0x32646000-0x32739fff]
[    0.028132] PM: hibernation: Registered nosave memory: [mem 0x3303f000-0x3303ffff]
[    0.028133] PM: hibernation: Registered nosave memory: [mem 0x36001000-0x360c4fff]
[    0.028133] PM: hibernation: Registered nosave memory: [mem 0x360c5000-0x44e41fff]
[    0.028134] PM: hibernation: Registered nosave memory: [mem 0x44e42000-0x45b32fff]
[    0.028134] PM: hibernation: Registered nosave memory: [mem 0x45b33000-0x45bfefff]
[    0.028135] PM: hibernation: Registered nosave memory: [mem 0x45c00000-0x49ffffff]
[    0.028135] PM: hibernation: Registered nosave memory: [mem 0x4a000000-0x4a1fffff]
[    0.028136] PM: hibernation: Registered nosave memory: [mem 0x4a200000-0x4a3fffff]
[    0.028136] PM: hibernation: Registered nosave memory: [mem 0x4a400000-0x4affffff]
[    0.028136] PM: hibernation: Registered nosave memory: [mem 0x4b000000-0x503fffff]
[    0.028137] PM: hibernation: Registered nosave memory: [mem 0x50400000-0xfed1ffff]
[    0.028137] PM: hibernation: Registered nosave memory: [mem 0xfed20000-0xfed7ffff]
[    0.028137] PM: hibernation: Registered nosave memory: [mem 0xfed80000-0xffffffff]
[    0.028138] [mem 0x50400000-0xfed1ffff] available for PCI devices
[    0.028139] Booting paravirtualized kernel on bare hardware
[    0.028141] clocksource: refined-jiffies: mask: 0xffffffff max_cycles: 0xffffffff, max_idle_ns: 6370452778343963 ns
[    0.031327] setup_percpu: NR_CPUS:320 nr_cpumask_bits:320 nr_cpu_ids:8 nr_node_ids:1
[    0.031433] percpu: Embedded 57 pages/cpu s196608 r8192 d28672 u262144
[    0.031436] pcpu-alloc: s196608 r8192 d28672 u262144 alloc=1*2097152
[    0.031437] pcpu-alloc: [0] 0 1 2 3 4 5 6 7 
[    0.031450] Built 1 zonelists, mobility grouping on.  Total pages: 4022609
[    0.031451] Policy zone: Normal
[    0.031451] Kernel command line: BOOT_IMAGE=/boot/vmlinuz-linux-mainline root=UUID=277b7825-1fdc-4d13-831b-600e092f1743 rw loglevel=3 resume=UUID=a0902e16-0911-4c70-9ac1-5e14decd4489 quiet
[    0.031483] Unknown command line parameters: BOOT_IMAGE=/boot/vmlinuz-linux-mainline
[    0.031867] Dentry cache hash table entries: 2097152 (order: 12, 16777216 bytes, linear)
[    0.032060] Inode-cache hash table entries: 1048576 (order: 11, 8388608 bytes, linear)
[    0.032108] mem auto-init: stack:byref_all(zero), heap alloc:on, heap free:off
[    0.053410] Memory: 15847900K/16346752K available (14344K kernel code, 2055K rwdata, 9048K rodata, 1800K init, 4100K bss, 498592K reserved, 0K cma-reserved)
[    0.053414] random: get_random_u64 called from __kmem_cache_create+0x2a/0x5a0 with crng_init=0
[    0.053494] SLUB: HWalign=64, Order=0-3, MinObjects=0, CPUs=8, Nodes=1
[    0.053502] ftrace: allocating 42487 entries in 166 pages
[    0.061872] ftrace: allocated 166 pages with 4 groups
[    0.061943] rcu: Preemptible hierarchical RCU implementation.
[    0.061944] rcu: 	RCU dyntick-idle grace-period acceleration is enabled.
[    0.061944] rcu: 	RCU restricting CPUs from NR_CPUS=320 to nr_cpu_ids=8.
[    0.061945] rcu: 	RCU priority boosting: priority 1 delay 500 ms.
[    0.061946] 	Trampoline variant of Tasks RCU enabled.
[    0.061946] 	Rude variant of Tasks RCU enabled.
[    0.061946] 	Tracing variant of Tasks RCU enabled.
[    0.061947] rcu: RCU calculated value of scheduler-enlistment delay is 30 jiffies.
[    0.061947] rcu: Adjusting geometry for rcu_fanout_leaf=16, nr_cpu_ids=8
[    0.064002] NR_IRQS: 20736, nr_irqs: 2048, preallocated irqs: 16
[    0.064834] Console: colour dummy device 80x25
[    0.064841] printk: console [tty0] enabled
[    0.064853] ACPI: Core revision 20210604
[    0.065369] clocksource: hpet: mask: 0xffffffff max_cycles: 0xffffffff, max_idle_ns: 99544814920 ns
[    0.065662] APIC: Switch to symmetric I/O mode setup
[    0.065664] DMAR: Host address width 39
[    0.065664] DMAR: DRHD base: 0x000000fed90000 flags: 0x0
[    0.065667] DMAR: dmar0: reg_base_addr fed90000 ver 4:0 cap 1c0000c40660462 ecap 69e2ff0505e
[    0.065668] DMAR: DRHD base: 0x000000fed84000 flags: 0x0
[    0.065671] DMAR: dmar1: reg_base_addr fed84000 ver 1:0 cap d2008c40660462 ecap f050da
[    0.065673] DMAR: DRHD base: 0x000000fed85000 flags: 0x0
[    0.065675] DMAR: dmar2: reg_base_addr fed85000 ver 1:0 cap d2008c40660462 ecap f050da
[    0.065676] DMAR: DRHD base: 0x000000fed86000 flags: 0x0
[    0.065680] DMAR: dmar3: reg_base_addr fed86000 ver 1:0 cap d2008c40660462 ecap f050da
[    0.065681] DMAR: DRHD base: 0x000000fed87000 flags: 0x0
[    0.065684] DMAR: dmar4: reg_base_addr fed87000 ver 1:0 cap d2008c40660462 ecap f050da
[    0.065685] DMAR: DRHD base: 0x000000fed91000 flags: 0x1
[    0.065688] DMAR: dmar5: reg_base_addr fed91000 ver 1:0 cap d2008c40660462 ecap f050da
[    0.065690] DMAR: RMRR base: 0x0000004c000000 end: 0x000000503fffff
[    0.065692] DMAR-IR: IOAPIC id 2 under DRHD base  0xfed91000 IOMMU 5
[    0.065693] DMAR-IR: HPET id 0 under DRHD base 0xfed91000
[    0.065694] DMAR-IR: Queued invalidation will be enabled to support x2apic and Intr-remapping.
[    0.071655] DMAR-IR: Enabled IRQ remapping in x2apic mode
[    0.071657] x2apic enabled
[    0.071746] Switched APIC routing to cluster x2apic.
[    0.086450] ..TIMER: vector=0x30 apic1=0 pin1=2 apic2=-1 pin2=-1
[    0.102201] clocksource: tsc-early: mask: 0xffffffffffffffff max_cycles: 0x2b2c8ec87c7, max_idle_ns: 440795278598 ns
[    0.102208] Calibrating delay loop (skipped), value calculated using timer frequency.. 5992.00 BogoMIPS (lpj=9984000)
[    0.102210] pid_max: default: 32768 minimum: 301
[    0.103886] LSM: Security Framework initializing
[    0.103891] landlock: Up and running.
[    0.103892] Yama: becoming mindful.
[    0.103939] Mount-cache hash table entries: 32768 (order: 6, 262144 bytes, linear)
[    0.103967] Mountpoint-cache hash table entries: 32768 (order: 6, 262144 bytes, linear)
[    0.104136] x86/tme: not enabled by BIOS
[    0.104142] CPU0: Thermal monitoring enabled (TM1)
[    0.104144] x86/cpu: User Mode Instruction Prevention (UMIP) activated
[    0.104233] process: using mwait in idle threads
[    0.104234] Last level iTLB entries: 4KB 0, 2MB 0, 4MB 0
[    0.104235] Last level dTLB entries: 4KB 0, 2MB 0, 4MB 0, 1GB 0
[    0.104238] Spectre V1 : Mitigation: usercopy/swapgs barriers and __user pointer sanitization
[    0.104239] Spectre V2 : Mitigation: Enhanced IBRS
[    0.104239] Spectre V2 : Spectre v2 / SpectreRSB mitigation: Filling RSB on context switch
[    0.104240] Spectre V2 : mitigation: Enabling conditional Indirect Branch Prediction Barrier
[    0.104241] Speculative Store Bypass: Mitigation: Speculative Store Bypass disabled via prctl and seccomp
[    0.107187] Freeing SMP alternatives memory: 36K
[    0.108965] smpboot: Estimated ratio of average max frequency by base frequency (times 1024): 1467
[    0.109016] smpboot: CPU0: 11th Gen Intel(R) Core(TM) i7-1185G7 @ 3.00GHz (family: 0x6, model: 0x8c, stepping: 0x1)
[    0.109088] Performance Events: PEBS fmt4+-baseline,  AnyThread deprecated, Icelake events, 32-deep LBR, full-width counters, Intel PMU driver.
[    0.109099] ... version:                5
[    0.109100] ... bit width:              48
[    0.109100] ... generic registers:      8
[    0.109100] ... value mask:             0000ffffffffffff
[    0.109101] ... max period:             00007fffffffffff
[    0.109101] ... fixed-purpose events:   4
[    0.109101] ... event mask:             0001000f000000ff
[    0.109157] rcu: Hierarchical SRCU implementation.
[    0.109677] NMI watchdog: Enabled. Permanently consumes one hw-PMU counter.
[    0.109733] smp: Bringing up secondary CPUs ...
[    0.109797] x86: Booting SMP configuration:
[    0.109797] .... node  #0, CPUs:      #1 #2 #3 #4 #5 #6 #7
[    0.119751] smp: Brought up 1 node, 8 CPUs
[    0.119751] smpboot: Max logical packages: 1
[    0.119751] smpboot: Total of 8 processors activated (47942.00 BogoMIPS)
[    0.122897] devtmpfs: initialized
[    0.122897] x86/mm: Memory block size: 128MB
[    0.122897] ACPI: PM: Registering ACPI NVS region [mem 0x44e42000-0x45b32fff] (13570048 bytes)
[    0.122897] clocksource: jiffies: mask: 0xffffffff max_cycles: 0xffffffff, max_idle_ns: 6370867519511994 ns
[    0.122897] futex hash table entries: 2048 (order: 5, 131072 bytes, linear)
[    0.122897] pinctrl core: initialized pinctrl subsystem
[    0.122964] PM: RTC time: 13:18:42, date: 2021-08-23
[    0.123048] NET: Registered PF_NETLINK/PF_ROUTE protocol family
[    0.123208] DMA: preallocated 2048 KiB GFP_KERNEL pool for atomic allocations
[    0.123320] DMA: preallocated 2048 KiB GFP_KERNEL|GFP_DMA pool for atomic allocations
[    0.123424] DMA: preallocated 2048 KiB GFP_KERNEL|GFP_DMA32 pool for atomic allocations
[    0.123429] audit: initializing netlink subsys (disabled)
[    0.123432] audit: type=2000 audit(1629724722.043:1): state=initialized audit_enabled=0 res=1
[    0.123432] thermal_sys: Registered thermal governor 'fair_share'
[    0.123432] thermal_sys: Registered thermal governor 'bang_bang'
[    0.123432] thermal_sys: Registered thermal governor 'step_wise'
[    0.123432] thermal_sys: Registered thermal governor 'user_space'
[    0.123432] thermal_sys: Registered thermal governor 'power_allocator'
[    0.123432] cpuidle: using governor ladder
[    0.123432] cpuidle: using governor menu
[    0.123432] ACPI: bus type PCI registered
[    0.123432] acpiphp: ACPI Hot Plug PCI Controller Driver version: 0.5
[    0.123432] PCI: MMCONFIG for domain 0000 [bus 00-ff] at [mem 0xc0000000-0xcfffffff] (base 0xc0000000)
[    0.123432] PCI: not using MMCONFIG
[    0.123432] PCI: Using configuration type 1 for base access
[    0.125580] ENERGY_PERF_BIAS: Set to 'normal', was 'performance'
[    0.126060] Kprobes globally optimized
[    0.126063] HugeTLB registered 1.00 GiB page size, pre-allocated 0 pages
[    0.126063] HugeTLB registered 2.00 MiB page size, pre-allocated 0 pages
[    0.126063] ACPI: PRMT not present
[    0.126063] ACPI: Added _OSI(Module Device)
[    0.126063] ACPI: Added _OSI(Processor Device)
[    0.126063] ACPI: Added _OSI(3.0 _SCP Extensions)
[    0.126063] ACPI: Added _OSI(Processor Aggregator Device)
[    0.126063] ACPI: Added _OSI(Linux-Dell-Video)
[    0.126063] ACPI: Added _OSI(Linux-Lenovo-NV-HDMI-Audio)
[    0.126063] ACPI: Added _OSI(Linux-HPI-Hybrid-Graphics)
[    0.169998] ACPI BIOS Error (bug): Could not resolve symbol [\_SB.PC00.I2C0.TPD0], AE_NOT_FOUND (20210604/dswload2-162)
[    0.170002] ACPI Error: AE_NOT_FOUND, During name lookup/catalog (20210604/psobject-220)
[    0.170003] ACPI: Skipping parse of AML opcode: Scope (0x0010)
[    0.170043] ACPI BIOS Error (bug): Could not resolve symbol [\_SB.PC00.I2C1.TPL1], AE_NOT_FOUND (20210604/dswload2-162)
[    0.170045] ACPI Error: AE_NOT_FOUND, During name lookup/catalog (20210604/psobject-220)
[    0.170046] ACPI: Skipping parse of AML opcode: Scope (0x0010)
[    0.170065] ACPI BIOS Error (bug): Could not resolve symbol [\_SB.PC00.I2C2.TPL1], AE_NOT_FOUND (20210604/dswload2-162)
[    0.170066] ACPI Error: AE_NOT_FOUND, During name lookup/catalog (20210604/psobject-220)
[    0.170067] ACPI: Skipping parse of AML opcode: Scope (0x0010)
[    0.177149] ACPI BIOS Error (bug): Failure creating named object [\B2PT], AE_ALREADY_EXISTS (20210604/dsfield-637)
[    0.177282] ACPI: 14 ACPI AML tables successfully acquired and loaded
[    0.186858] ACPI: Dynamic OEM Table Load:
[    0.186864] ACPI: SSDT 0xFFFF9126402A1000 0001CB (v02 PmRef  Cpu0Psd  00003000 INTL 20191018)
[    0.187455] ACPI: \_SB_.PR00: _OSC native thermal LVT Acked
[    0.188163] ACPI: Dynamic OEM Table Load:
[    0.188168] ACPI: SSDT 0xFFFF912641B1D800 000394 (v02 PmRef  Cpu0Cst  00003001 INTL 20191018)
[    0.188890] ACPI: Dynamic OEM Table Load:
[    0.188894] ACPI: SSDT 0xFFFF912641B4E800 000689 (v02 PmRef  Cpu0Ist  00003000 INTL 20191018)
[    0.189688] ACPI: Dynamic OEM Table Load:
[    0.189692] ACPI: SSDT 0xFFFF912641B1EC00 000266 (v02 PmRef  Cpu0Hwp  00003000 INTL 20191018)
[    0.190536] ACPI: Dynamic OEM Table Load:
[    0.190541] ACPI: SSDT 0xFFFF912640078000 0008E7 (v02 PmRef  ApIst    00003000 INTL 20191018)
[    0.191373] ACPI: Dynamic OEM Table Load:
[    0.191377] ACPI: SSDT 0xFFFF912641B4B800 00048A (v02 PmRef  ApHwp    00003000 INTL 20191018)
[    0.192124] ACPI: Dynamic OEM Table Load:
[    0.192128] ACPI: SSDT 0xFFFF912641B4A800 0004D2 (v02 PmRef  ApPsd    00003000 INTL 20191018)
[    0.192873] ACPI: Dynamic OEM Table Load:
[    0.192876] ACPI: SSDT 0xFFFF912641B4D800 00048A (v02 PmRef  ApCst    00003000 INTL 20191018)
[    0.195679] ACPI: EC: EC started
[    0.195679] ACPI: EC: interrupt blocked
[    0.209490] ACPI: EC: EC_CMD/EC_SC=0x66, EC_DATA=0x62
[    0.209491] ACPI: \_SB_.PC00.LPCB.H_EC: Boot DSDT EC used to handle transactions
[    0.209492] ACPI: Interpreter enabled
[    0.209535] ACPI: PM: (supports S0 S3 S4 S5)
[    0.209535] ACPI: Using IOAPIC for interrupt routing
[    0.209569] PCI: MMCONFIG for domain 0000 [bus 00-ff] at [mem 0xc0000000-0xcfffffff] (base 0xc0000000)
[    0.210271] PCI: MMCONFIG at [mem 0xc0000000-0xcfffffff] reserved in ACPI motherboard resources
[    0.210278] PCI: Using host bridge windows from ACPI; if necessary, use "pci=nocrs" and report a bug
[    0.210758] ACPI: Enabled 8 GPEs in block 00 to 7F
[    0.213546] ACPI: PM: Power Resource [BTPR]
[    0.214890] ACPI: PM: Power Resource [PAUD]
[    0.217652] ACPI: PM: Power Resource [PXP]
[    0.218117] ACPI: PM: Power Resource [PXP]
[    0.219050] ACPI: PM: Power Resource [PXP]
[    0.223104] ACPI: PM: Power Resource [V0PR]
[    0.223194] ACPI: PM: Power Resource [V1PR]
[    0.223285] ACPI: PM: Power Resource [V2PR]
[    0.225096] ACPI: PM: Power Resource [PTPL]
[    0.328905] ACPI: PM: Power Resource [PXTC]
[    0.329047] ACPI: PM: Power Resource [PXTC]
[    0.329084] ACPI: PM: Power Resource [PXTC]
[    0.330841] ACPI: PM: Power Resource [WRST]
[    0.331033] ACPI: PM: Power Resource [TBT0]
[    0.331046] ACPI: PM: Power Resource [TBT1]
[    0.331057] ACPI: PM: Power Resource [D3C]
[    0.775910] ACPI: PM: Power Resource [FN00]
[    0.775972] ACPI: PM: Power Resource [FN01]
[    0.776032] ACPI: PM: Power Resource [FN02]
[    0.776092] ACPI: PM: Power Resource [FN03]
[    0.776150] ACPI: PM: Power Resource [FN04]
[    0.776835] ACPI: PM: Power Resource [PIN]
[    0.777176] ACPI: PCI Root Bridge [PC00] (domain 0000 [bus 00-fe])
[    0.777181] acpi PNP0A08:00: _OSC: OS supports [ExtendedConfig ASPM ClockPM Segments MSI EDR HPX-Type3]
[    0.780632] acpi PNP0A08:00: _OSC: platform does not support [AER]
[    0.786858] acpi PNP0A08:00: _OSC: OS now controls [PCIeHotplug SHPCHotplug PME PCIeCapability LTR DPC]
[    0.790393] PCI host bridge to bus 0000:00
[    0.790394] pci_bus 0000:00: root bus resource [io  0x0000-0x0cf7 window]
[    0.790395] pci_bus 0000:00: root bus resource [io  0x0d00-0xffff window]
[    0.790396] pci_bus 0000:00: root bus resource [mem 0x000a0000-0x000bffff window]
[    0.790397] pci_bus 0000:00: root bus resource [mem 0x50400000-0xbfffffff window]
[    0.790398] pci_bus 0000:00: root bus resource [mem 0x4000000000-0x7fffffffff window]
[    0.790398] pci_bus 0000:00: root bus resource [bus 00-fe]
[    0.790462] pci 0000:00:00.0: [8086:9a14] type 00 class 0x060000
[    0.791480] pci 0000:00:02.0: [8086:9a49] type 00 class 0x030000
[    0.791487] pci 0000:00:02.0: reg 0x10: [mem 0x607c000000-0x607cffffff 64bit]
[    0.791491] pci 0000:00:02.0: reg 0x18: [mem 0x4000000000-0x400fffffff 64bit pref]
[    0.791495] pci 0000:00:02.0: reg 0x20: [io  0x3000-0x303f]
[    0.791508] pci 0000:00:02.0: BAR 2: assigned to efifb
[    0.791509] pci 0000:00:02.0: DMAR: Skip IOMMU disabling for graphics
[    0.791531] pci 0000:00:02.0: reg 0x344: [mem 0x00000000-0x00ffffff 64bit]
[    0.791532] pci 0000:00:02.0: VF(n) BAR0 space: [mem 0x00000000-0x06ffffff 64bit] (contains BAR0 for 7 VFs)
[    0.791535] pci 0000:00:02.0: reg 0x34c: [mem 0x00000000-0x1fffffff 64bit pref]
[    0.791536] pci 0000:00:02.0: VF(n) BAR2 space: [mem 0x00000000-0xdfffffff 64bit pref] (contains BAR2 for 7 VFs)
[    0.792396] pci 0000:00:04.0: [8086:9a03] type 00 class 0x118000
[    0.792411] pci 0000:00:04.0: reg 0x10: [mem 0x607d180000-0x607d19ffff 64bit]
[    0.793399] pci 0000:00:06.0: [8086:9a09] type 01 class 0x060400
[    0.793474] pci 0000:00:06.0: PME# supported from D0 D3hot D3cold
[    0.793504] pci 0000:00:06.0: PTM enabled (root), 4ns granularity
[    0.794742] pci 0000:00:07.0: [8086:9a23] type 01 class 0x060400
[    0.795537] pci 0000:00:07.0: PME# supported from D0 D3hot D3cold
[    0.795559] pci 0000:00:07.0: DPC: RP PIO log size 0 is invalid
[    0.796079] pci 0000:00:07.1: [8086:9a25] type 01 class 0x060400
[    0.796873] pci 0000:00:07.1: PME# supported from D0 D3hot D3cold
[    0.796895] pci 0000:00:07.1: DPC: RP PIO log size 0 is invalid
[    0.797410] pci 0000:00:07.2: [8086:9a27] type 01 class 0x060400
[    0.798201] pci 0000:00:07.2: PME# supported from D0 D3hot D3cold
[    0.798222] pci 0000:00:07.2: DPC: RP PIO log size 0 is invalid
[    0.798736] pci 0000:00:07.3: [8086:9a29] type 01 class 0x060400
[    0.799531] pci 0000:00:07.3: PME# supported from D0 D3hot D3cold
[    0.799553] pci 0000:00:07.3: DPC: RP PIO log size 0 is invalid
[    0.800175] pci 0000:00:0a.0: [8086:9a0d] type 00 class 0x118000
[    0.800182] pci 0000:00:0a.0: reg 0x10: [mem 0x607d1d0000-0x607d1d7fff 64bit]
[    0.800201] pci 0000:00:0a.0: enabling Extended Tags
[    0.801039] pci 0000:00:0d.0: [8086:9a13] type 00 class 0x0c0330
[    0.801050] pci 0000:00:0d.0: reg 0x10: [mem 0x607d1c0000-0x607d1cffff 64bit]
[    0.801101] pci 0000:00:0d.0: PME# supported from D3hot D3cold
[    0.802072] pci 0000:00:0d.2: [8086:9a1b] type 00 class 0x0c0340
[    0.802082] pci 0000:00:0d.2: reg 0x10: [mem 0x607d140000-0x607d17ffff 64bit]
[    0.802089] pci 0000:00:0d.2: reg 0x18: [mem 0x607d1ec000-0x607d1ecfff 64bit]
[    0.802120] pci 0000:00:0d.2: supports D1 D2
[    0.802121] pci 0000:00:0d.2: PME# supported from D0 D1 D2 D3hot D3cold
[    0.802945] pci 0000:00:0d.3: [8086:9a1d] type 00 class 0x0c0340
[    0.802955] pci 0000:00:0d.3: reg 0x10: [mem 0x607d100000-0x607d13ffff 64bit]
[    0.802962] pci 0000:00:0d.3: reg 0x18: [mem 0x607d1eb000-0x607d1ebfff 64bit]
[    0.802993] pci 0000:00:0d.3: supports D1 D2
[    0.802993] pci 0000:00:0d.3: PME# supported from D0 D1 D2 D3hot D3cold
[    0.803969] pci 0000:00:12.0: [8086:a0fc] type 00 class 0x070000
[    0.803989] pci 0000:00:12.0: reg 0x10: [mem 0x607d1b0000-0x607d1bffff 64bit]
[    0.804077] pci 0000:00:12.0: PME# supported from D0 D3hot
[    0.805203] pci 0000:00:14.0: [8086:a0ed] type 00 class 0x0c0330
[    0.805223] pci 0000:00:14.0: reg 0x10: [mem 0x607d1a0000-0x607d1affff 64bit]
[    0.805324] pci 0000:00:14.0: PME# supported from D3hot D3cold
[    0.806307] pci 0000:00:14.2: [8086:a0ef] type 00 class 0x050000
[    0.806327] pci 0000:00:14.2: reg 0x10: [mem 0x607d1e0000-0x607d1e3fff 64bit]
[    0.806339] pci 0000:00:14.2: reg 0x18: [mem 0x607d1ea000-0x607d1eafff 64bit]
[    0.807571] pci 0000:00:14.3: [8086:a0f0] type 00 class 0x028000
[    0.807916] pci 0000:00:14.3: reg 0x10: [mem 0x607d1dc000-0x607d1dffff 64bit]
[    0.809706] pci 0000:00:14.3: PME# supported from D0 D3hot D3cold
[    0.811172] pci 0000:00:15.0: [8086:a0e8] type 00 class 0x0c8000
[    0.811229] pci 0000:00:15.0: reg 0x10: [mem 0x607d1e9000-0x607d1e9fff 64bit]
[    0.812474] pci 0000:00:15.1: [8086:a0e9] type 00 class 0x0c8000
[    0.812546] pci 0000:00:15.1: reg 0x10: [mem 0x607d1e8000-0x607d1e8fff 64bit]
[    0.813849] pci 0000:00:15.2: [8086:a0ea] type 00 class 0x0c8000
[    0.813911] pci 0000:00:15.2: reg 0x10: [mem 0x607d1e7000-0x607d1e7fff 64bit]
[    0.815182] pci 0000:00:15.3: [8086:a0eb] type 00 class 0x0c8000
[    0.815251] pci 0000:00:15.3: reg 0x10: [mem 0x607d1e6000-0x607d1e6fff 64bit]
[    0.816493] pci 0000:00:16.0: [8086:a0e0] type 00 class 0x078000
[    0.816516] pci 0000:00:16.0: reg 0x10: [mem 0x607d1e5000-0x607d1e5fff 64bit]
[    0.816609] pci 0000:00:16.0: PME# supported from D3hot
[    0.817887] pci 0000:00:1f.0: [8086:a082] type 00 class 0x060100
[    0.818933] pci 0000:00:1f.3: [8086:a0c8] type 00 class 0x040100
[    0.818991] pci 0000:00:1f.3: reg 0x10: [mem 0x607d1d8000-0x607d1dbfff 64bit]
[    0.819066] pci 0000:00:1f.3: reg 0x20: [mem 0x607d000000-0x607d0fffff 64bit]
[    0.819223] pci 0000:00:1f.3: PME# supported from D3hot D3cold
[    0.820302] pci 0000:00:1f.4: [8086:a0a3] type 00 class 0x0c0500
[    0.820328] pci 0000:00:1f.4: reg 0x10: [mem 0x607d1e4000-0x607d1e40ff 64bit]
[    0.820354] pci 0000:00:1f.4: reg 0x20: [io  0xefa0-0xefbf]
[    0.821323] pci 0000:00:1f.5: [8086:a0a4] type 00 class 0x0c8000
[    0.821341] pci 0000:00:1f.5: reg 0x10: [mem 0xfe010000-0xfe010fff]
[    0.822272] pci 0000:01:00.0: [15b7:5006] type 00 class 0x010802
[    0.822287] pci 0000:01:00.0: reg 0x10: [mem 0x88200000-0x88203fff 64bit]
[    0.822309] pci 0000:01:00.0: reg 0x20: [mem 0x88204000-0x882040ff 64bit]
[    0.822452] pci 0000:00:06.0: PCI bridge to [bus 01]
[    0.822455] pci 0000:00:06.0:   bridge window [mem 0x88200000-0x882fffff]
[    0.822484] pci 0000:00:07.0: PCI bridge to [bus 02-38]
[    0.822487] pci 0000:00:07.0:   bridge window [mem 0x7c000000-0x881fffff]
[    0.822490] pci 0000:00:07.0:   bridge window [mem 0x6000000000-0x601bffffff 64bit pref]
[    0.822517] pci 0000:00:07.1: PCI bridge to [bus 39-6f]
[    0.822520] pci 0000:00:07.1:   bridge window [mem 0x6e000000-0x7a1fffff]
[    0.822523] pci 0000:00:07.1:   bridge window [mem 0x6020000000-0x603bffffff 64bit pref]
[    0.822550] pci 0000:00:07.2: PCI bridge to [bus 70-a6]
[    0.822553] pci 0000:00:07.2:   bridge window [mem 0x60000000-0x6c1fffff]
[    0.822557] pci 0000:00:07.2:   bridge window [mem 0x6040000000-0x605bffffff 64bit pref]
[    0.822583] pci 0000:00:07.3: PCI bridge to [bus a7-dd]
[    0.822586] pci 0000:00:07.3:   bridge window [mem 0x52000000-0x5e1fffff]
[    0.822589] pci 0000:00:07.3:   bridge window [mem 0x6060000000-0x607bffffff 64bit pref]
[    0.836859] ACPI: EC: interrupt unblocked
[    0.836860] ACPI: EC: event unblocked
[    0.836894] ACPI: EC: EC_CMD/EC_SC=0x66, EC_DATA=0x62
[    0.836895] ACPI: EC: GPE=0x6e
[    0.836896] ACPI: \_SB_.PC00.LPCB.H_EC: Boot DSDT EC initialization complete
[    0.836897] ACPI: \_SB_.PC00.LPCB.H_EC: EC: Used to handle transactions and events
[    0.836940] iommu: Default domain type: Translated 
[    0.836977] pci 0000:00:02.0: vgaarb: setting as boot VGA device
[    0.836977] pci 0000:00:02.0: vgaarb: VGA device added: decodes=io+mem,owns=io+mem,locks=none
[    0.836977] pci 0000:00:02.0: vgaarb: bridge control possible
[    0.836977] vgaarb: loaded
[    0.836977] SCSI subsystem initialized
[    0.836977] libata version 3.00 loaded.
[    0.836977] ACPI: bus type USB registered
[    0.836977] usbcore: registered new interface driver usbfs
[    0.836977] usbcore: registered new interface driver hub
[    0.836977] usbcore: registered new device driver usb
[    0.836977] pps_core: LinuxPPS API ver. 1 registered
[    0.836977] pps_core: Software ver. 5.3.6 - Copyright 2005-2007 Rodolfo Giometti <giometti@linux.it>
[    0.836977] PTP clock support registered
[    0.836977] EDAC MC: Ver: 3.0.0
[    0.836977] Registered efivars operations
[    0.836977] NetLabel: Initializing
[    0.836977] NetLabel:  domain hash size = 128
[    0.836977] NetLabel:  protocols = UNLABELED CIPSOv4 CALIPSO
[    0.836977] NetLabel:  unlabeled traffic allowed by default
[    0.836977] PCI: Using ACPI for IRQ routing
[    0.860831] PCI: pci_cache_line_size set to 64 bytes
[    0.860952] pci 0000:00:1f.5: can't claim BAR 0 [mem 0xfe010000-0xfe010fff]: no compatible bridge window
[    0.861038] e820: reserve RAM buffer [mem 0x0009f000-0x0009ffff]
[    0.861040] e820: reserve RAM buffer [mem 0x32646000-0x33ffffff]
[    0.861040] e820: reserve RAM buffer [mem 0x3303f000-0x33ffffff]
[    0.861041] e820: reserve RAM buffer [mem 0x36001000-0x37ffffff]
[    0.861041] e820: reserve RAM buffer [mem 0x45c00000-0x47ffffff]
[    0.861042] e820: reserve RAM buffer [mem 0x4afc00000-0x4afffffff]
[    0.861047] hpet0: at MMIO 0xfed00000, IRQs 2, 8, 0, 0, 0, 0, 0, 0
[    0.861047] hpet0: 8 comparators, 64-bit 19.200000 MHz counter
[    0.863281] clocksource: Switched to clocksource tsc-early
[    0.866742] VFS: Disk quotas dquot_6.6.0
[    0.866750] VFS: Dquot-cache hash table entries: 512 (order 0, 4096 bytes)
[    0.866788] ACPI FPDT: [Firmware Bug]: Invalid record 4113 found.
[    0.866794] pnp: PnP ACPI init
[    0.866911] system 00:00: [io  0x06a4] has been reserved
[    0.866912] system 00:00: [io  0x06a0] has been reserved
[    0.867044] system 00:01: [io  0x0680-0x069f] has been reserved
[    0.867045] system 00:01: [io  0x164e-0x164f] has been reserved
[    0.867046] system 00:01: [io  0x0270-0x036e] has been reserved
[    0.867047] system 00:01: [io  0x0271-0x036f] could not be reserved
[    0.867131] system 00:02: [io  0x1854-0x1857] has been reserved
[    0.867466] pnp 00:04: disabling [mem 0xc0000000-0xcfffffff] because it overlaps 0000:00:02.0 BAR 9 [mem 0x00000000-0xdfffffff 64bit pref]
[    0.867480] system 00:04: [mem 0xfedc0000-0xfedc7fff] has been reserved
[    0.867481] system 00:04: [mem 0xfeda0000-0xfeda0fff] has been reserved
[    0.867482] system 00:04: [mem 0xfeda1000-0xfeda1fff] has been reserved
[    0.867483] system 00:04: [mem 0xfed20000-0xfed7ffff] could not be reserved
[    0.867483] system 00:04: [mem 0xfed90000-0xfed93fff] could not be reserved
[    0.867484] system 00:04: [mem 0xfed45000-0xfed8ffff] could not be reserved
[    0.867485] system 00:04: [mem 0xfee00000-0xfeefffff] has been reserved
[    0.867798] system 00:05: [io  0x1800-0x18fe] could not be reserved
[    0.867798] system 00:05: [mem 0xfe000000-0xfe01ffff] has been reserved
[    0.867798] system 00:05: [mem 0xfe04c000-0xfe04ffff] has been reserved
[    0.867798] system 00:05: [mem 0xfe050000-0xfe0affff] has been reserved
[    0.867798] system 00:05: [mem 0xfe0d0000-0xfe0fffff] has been reserved
[    0.867798] system 00:05: [mem 0xfe200000-0xfe7fffff] has been reserved
[    0.867798] system 00:05: [mem 0xff000000-0xffffffff] has been reserved
[    0.867798] system 00:05: [mem 0xfd000000-0xfd68ffff] has been reserved
[    0.867798] system 00:05: [mem 0xfd6b0000-0xfd6cffff] has been reserved
[    0.867798] system 00:05: [mem 0xfd6f0000-0xfdffffff] has been reserved
[    0.867798] system 00:06: [io  0x2000-0x20fe] has been reserved
[    0.867798] pnp: PnP ACPI: found 8 devices
[    0.873563] clocksource: acpi_pm: mask: 0xffffff max_cycles: 0xffffff, max_idle_ns: 2085701024 ns
[    0.873594] NET: Registered PF_INET protocol family
[    0.873761] IP idents hash table entries: 262144 (order: 9, 2097152 bytes, linear)
[    0.874701] tcp_listen_portaddr_hash hash table entries: 8192 (order: 5, 131072 bytes, linear)
[    0.874790] TCP established hash table entries: 131072 (order: 8, 1048576 bytes, linear)
[    0.874938] TCP bind hash table entries: 65536 (order: 8, 1048576 bytes, linear)
[    0.874979] TCP: Hash tables configured (established 131072 bind 65536)
[    0.875054] MPTCP token hash table entries: 16384 (order: 6, 393216 bytes, linear)
[    0.875100] UDP hash table entries: 8192 (order: 6, 262144 bytes, linear)
[    0.875132] UDP-Lite hash table entries: 8192 (order: 6, 262144 bytes, linear)
[    0.875169] NET: Registered PF_UNIX/PF_LOCAL protocol family
[    0.875173] NET: Registered PF_XDP protocol family
[    0.875176] pci 0000:00:07.0: bridge window [io  0x1000-0x0fff] to [bus 02-38] add_size 1000
[    0.875178] pci 0000:00:07.1: bridge window [io  0x1000-0x0fff] to [bus 39-6f] add_size 1000
[    0.875179] pci 0000:00:07.2: bridge window [io  0x1000-0x0fff] to [bus 70-a6] add_size 1000
[    0.875180] pci 0000:00:07.3: bridge window [io  0x1000-0x0fff] to [bus a7-dd] add_size 1000
[    0.875187] pci 0000:00:02.0: BAR 9: assigned [mem 0x4020000000-0x40ffffffff 64bit pref]
[    0.875189] pci 0000:00:02.0: BAR 7: assigned [mem 0x4010000000-0x4016ffffff 64bit]
[    0.875191] pci 0000:00:07.0: BAR 13: assigned [io  0x4000-0x4fff]
[    0.875192] pci 0000:00:07.1: BAR 13: assigned [io  0x5000-0x5fff]
[    0.875193] pci 0000:00:07.2: BAR 13: assigned [io  0x6000-0x6fff]
[    0.875194] pci 0000:00:07.3: BAR 13: assigned [io  0x7000-0x7fff]
[    0.875195] pci 0000:00:1f.5: BAR 0: assigned [mem 0x50400000-0x50400fff]
[    0.875232] pci 0000:00:06.0: PCI bridge to [bus 01]
[    0.875239] pci 0000:00:06.0:   bridge window [mem 0x88200000-0x882fffff]
[    0.875247] pci 0000:00:07.0: PCI bridge to [bus 02-38]
[    0.875248] pci 0000:00:07.0:   bridge window [io  0x4000-0x4fff]
[    0.875251] pci 0000:00:07.0:   bridge window [mem 0x7c000000-0x881fffff]
[    0.875253] pci 0000:00:07.0:   bridge window [mem 0x6000000000-0x601bffffff 64bit pref]
[    0.875256] pci 0000:00:07.1: PCI bridge to [bus 39-6f]
[    0.875257] pci 0000:00:07.1:   bridge window [io  0x5000-0x5fff]
[    0.875260] pci 0000:00:07.1:   bridge window [mem 0x6e000000-0x7a1fffff]
[    0.875262] pci 0000:00:07.1:   bridge window [mem 0x6020000000-0x603bffffff 64bit pref]
[    0.875265] pci 0000:00:07.2: PCI bridge to [bus 70-a6]
[    0.875266] pci 0000:00:07.2:   bridge window [io  0x6000-0x6fff]
[    0.875269] pci 0000:00:07.2:   bridge window [mem 0x60000000-0x6c1fffff]
[    0.875271] pci 0000:00:07.2:   bridge window [mem 0x6040000000-0x605bffffff 64bit pref]
[    0.875274] pci 0000:00:07.3: PCI bridge to [bus a7-dd]
[    0.875275] pci 0000:00:07.3:   bridge window [io  0x7000-0x7fff]
[    0.875278] pci 0000:00:07.3:   bridge window [mem 0x52000000-0x5e1fffff]
[    0.875280] pci 0000:00:07.3:   bridge window [mem 0x6060000000-0x607bffffff 64bit pref]
[    0.875283] pci_bus 0000:00: resource 4 [io  0x0000-0x0cf7 window]
[    0.875284] pci_bus 0000:00: resource 5 [io  0x0d00-0xffff window]
[    0.875285] pci_bus 0000:00: resource 6 [mem 0x000a0000-0x000bffff window]
[    0.875286] pci_bus 0000:00: resource 7 [mem 0x50400000-0xbfffffff window]
[    0.875286] pci_bus 0000:00: resource 8 [mem 0x4000000000-0x7fffffffff window]
[    0.875287] pci_bus 0000:01: resource 1 [mem 0x88200000-0x882fffff]
[    0.875288] pci_bus 0000:02: resource 0 [io  0x4000-0x4fff]
[    0.875289] pci_bus 0000:02: resource 1 [mem 0x7c000000-0x881fffff]
[    0.875289] pci_bus 0000:02: resource 2 [mem 0x6000000000-0x601bffffff 64bit pref]
[    0.875290] pci_bus 0000:39: resource 0 [io  0x5000-0x5fff]
[    0.875290] pci_bus 0000:39: resource 1 [mem 0x6e000000-0x7a1fffff]
[    0.875291] pci_bus 0000:39: resource 2 [mem 0x6020000000-0x603bffffff 64bit pref]
[    0.875292] pci_bus 0000:70: resource 0 [io  0x6000-0x6fff]
[    0.875292] pci_bus 0000:70: resource 1 [mem 0x60000000-0x6c1fffff]
[    0.875293] pci_bus 0000:70: resource 2 [mem 0x6040000000-0x605bffffff 64bit pref]
[    0.875294] pci_bus 0000:a7: resource 0 [io  0x7000-0x7fff]
[    0.875294] pci_bus 0000:a7: resource 1 [mem 0x52000000-0x5e1fffff]
[    0.875295] pci_bus 0000:a7: resource 2 [mem 0x6060000000-0x607bffffff 64bit pref]
[    0.875394] pci 0000:00:02.0: Video device with shadowed ROM at [mem 0x000c0000-0x000dffff]
[    0.875806] PCI: CLS 0 bytes, default 64
[    0.875812] DMAR: Intel-IOMMU force enabled due to platform opt in
[    0.875821] DMAR: No ATSR found
[    0.875822] DMAR: No SATC found
[    0.875823] DMAR: IOMMU feature fl1gp_support inconsistent
[    0.875824] DMAR: IOMMU feature pgsel_inv inconsistent
[    0.875824] DMAR: IOMMU feature nwfs inconsistent
[    0.875825] DMAR: IOMMU feature pds inconsistent
[    0.875825] DMAR: IOMMU feature dit inconsistent
[    0.875826] DMAR: IOMMU feature eafs inconsistent
[    0.875826] DMAR: IOMMU feature prs inconsistent
[    0.875826] DMAR: IOMMU feature nest inconsistent
[    0.875826] DMAR: IOMMU feature mts inconsistent
[    0.875827] DMAR: IOMMU feature sc_support inconsistent
[    0.875827] DMAR: IOMMU feature dev_iotlb_support inconsistent
[    0.875828] DMAR: dmar4: Using Queued invalidation
[    0.875830] DMAR: dmar3: Using Queued invalidation
[    0.875832] DMAR: dmar2: Using Queued invalidation
[    0.875833] DMAR: dmar1: Using Queued invalidation
[    0.875835] DMAR: dmar0: Using Queued invalidation
[    0.875837] DMAR: dmar5: Using Queued invalidation
[    0.875855] Trying to unpack rootfs image as initramfs...
[    0.875999] pci 0000:00:00.0: Adding to iommu group 0
[    0.876004] pci 0000:00:02.0: Adding to iommu group 1
[    0.876008] pci 0000:00:04.0: Adding to iommu group 2
[    0.876014] pci 0000:00:06.0: Adding to iommu group 3
[    0.876020] pci 0000:00:07.0: Adding to iommu group 4
[    0.876026] pci 0000:00:07.1: Adding to iommu group 5
[    0.876032] pci 0000:00:07.2: Adding to iommu group 6
[    0.876038] pci 0000:00:07.3: Adding to iommu group 7
[    0.876042] pci 0000:00:0a.0: Adding to iommu group 8
[    0.876051] pci 0000:00:0d.0: Adding to iommu group 9
[    0.876055] pci 0000:00:0d.2: Adding to iommu group 9
[    0.876060] pci 0000:00:0d.3: Adding to iommu group 9
[    0.876065] pci 0000:00:12.0: Adding to iommu group 10
[    0.876073] pci 0000:00:14.0: Adding to iommu group 11
[    0.876078] pci 0000:00:14.2: Adding to iommu group 11
[    0.876083] pci 0000:00:14.3: Adding to iommu group 12
[    0.876094] pci 0000:00:15.0: Adding to iommu group 13
[    0.876099] pci 0000:00:15.1: Adding to iommu group 13
[    0.876104] pci 0000:00:15.2: Adding to iommu group 13
[    0.876108] pci 0000:00:15.3: Adding to iommu group 13
[    0.876115] pci 0000:00:16.0: Adding to iommu group 14
[    0.876125] pci 0000:00:1f.0: Adding to iommu group 15
[    0.876129] pci 0000:00:1f.3: Adding to iommu group 15
[    0.876134] pci 0000:00:1f.4: Adding to iommu group 15
[    0.876139] pci 0000:00:1f.5: Adding to iommu group 15
[    0.876145] pci 0000:01:00.0: Adding to iommu group 16
[    0.876245] DMAR: Intel(R) Virtualization Technology for Directed I/O
[    0.876246] PCI-DMA: Using software bounce buffering for IO (SWIOTLB)
[    0.876246] software IO TLB: mapped [mem 0x000000002a45b000-0x000000002e45b000] (64MB)
[    0.876264] clocksource: tsc: mask: 0xffffffffffffffff max_cycles: 0x2b2c8ec87c7, max_idle_ns: 440795278598 ns
[    0.876283] clocksource: Switched to clocksource tsc
[    0.876295] platform rtc_cmos: registered platform RTC device (no PNP device found)
[    0.882981] Initialise system trusted keyrings
[    0.882991] Key type blacklist registered
[    0.883028] workingset: timestamp_bits=41 max_order=22 bucket_order=0
[    0.883558] zbud: loaded
[    0.890145] Key type asymmetric registered
[    0.890151] Asymmetric key parser 'x509' registered
[    0.890155] Block layer SCSI generic (bsg) driver version 0.4 loaded (major 243)
[    0.890198] io scheduler mq-deadline registered
[    0.890199] io scheduler kyber registered
[    0.890214] io scheduler bfq registered
[    0.897869] pcieport 0000:00:06.0: PME: Signaling with IRQ 126
[    0.898030] pcieport 0000:00:07.0: PME: Signaling with IRQ 127
[    0.898043] pcieport 0000:00:07.0: pciehp: Slot #0 AttnBtn- PwrCtrl- MRL- AttnInd- PwrInd- HotPlug+ Surprise+ Interlock- NoCompl+ IbPresDis- LLActRep+
[    0.898226] pcieport 0000:00:07.1: PME: Signaling with IRQ 128
[    0.898237] pcieport 0000:00:07.1: pciehp: Slot #0 AttnBtn- PwrCtrl- MRL- AttnInd- PwrInd- HotPlug+ Surprise+ Interlock- NoCompl+ IbPresDis- LLActRep+
[    0.898403] pcieport 0000:00:07.2: PME: Signaling with IRQ 129
[    0.898414] pcieport 0000:00:07.2: pciehp: Slot #0 AttnBtn- PwrCtrl- MRL- AttnInd- PwrInd- HotPlug+ Surprise+ Interlock- NoCompl+ IbPresDis- LLActRep+
[    0.898580] pcieport 0000:00:07.3: PME: Signaling with IRQ 130
[    0.898590] pcieport 0000:00:07.3: pciehp: Slot #0 AttnBtn- PwrCtrl- MRL- AttnInd- PwrInd- HotPlug+ Surprise+ Interlock- NoCompl+ IbPresDis- LLActRep+
[    0.898669] shpchp: Standard Hot Plug PCI Controller Driver version: 0.4
[    0.898685] efifb: probing for efifb
[    0.898694] efifb: showing boot graphics
[    0.900186] efifb: framebuffer at 0x4000000000, using 8128k, total 8128k
[    0.900187] efifb: mode is 1920x1080x32, linelength=7680, pages=1
[    0.900187] efifb: scrolling: redraw
[    0.900188] efifb: Truecolor: size=8:8:8:8, shift=24:16:8:0
[    0.900217] fbcon: Deferring console take-over
[    0.900218] fb0: EFI VGA frame buffer device
[    0.900377] Monitor-Mwait will be used to enter C-1 state
[    0.900380] Monitor-Mwait will be used to enter C-2 state
[    0.900381] Monitor-Mwait will be used to enter C-3 state
[    0.900382] ACPI: \_SB_.PR00: Found 3 idle states
[    0.900706] Freeing initrd memory: 12736K
[    0.909965] ACPI: AC: AC Adapter [ADP1] (on-line)
[    0.910026] input: Lid Switch as /devices/LNXSYSTM:00/LNXSYBUS:00/PNP0A08:00/device:1a/PNP0C09:00/PNP0C0D:00/input/input0
[    0.910042] ACPI: button: Lid Switch [LID0]
[    0.910092] input: Power Button as /devices/LNXSYSTM:00/LNXPWRBN:00/input/input1
[    0.912273] ACPI: button: Power Button [PWRF]
[    0.912496] smpboot: Estimated ratio of average max frequency by base frequency (times 1024): 1467
[    0.914731] thermal LNXTHERM:00: registered as thermal_zone0
[    0.914732] ACPI: thermal: Thermal Zone [TZ00] (28 C)
[    0.914893] Serial: 8250/16550 driver, 32 ports, IRQ sharing enabled
[    0.918072] serial 0000:00:12.0: enabling device (0000 -> 0002)
[    0.925003] Non-volatile memory driver v1.3
[    0.925004] AMD-Vi: AMD IOMMUv2 driver by Joerg Roedel <jroedel@suse.de>
[    0.925005] AMD-Vi: AMD IOMMUv2 functionality not available on this system
[    0.927748] nvme 0000:01:00.0: platform quirk: setting simple suspend
[    0.927856] nvme nvme0: pci function 0000:01:00.0
[    0.927906] ehci_hcd: USB 2.0 'Enhanced' Host Controller (EHCI) Driver
[    0.927909] ehci-pci: EHCI PCI platform driver
[    0.927914] ohci_hcd: USB 1.1 'Open' Host Controller (OHCI) Driver
[    0.927915] ohci-pci: OHCI PCI platform driver
[    0.927919] uhci_hcd: USB Universal Host Controller Interface driver
[    0.927941] usbcore: registered new interface driver usbserial_generic
[    0.927943] usbserial: USB Serial support registered for generic
[    0.928159] rtc_cmos rtc_cmos: RTC can wake from S4
[    0.930387] rtc_cmos rtc_cmos: registered as rtc0
[    0.930982] rtc_cmos rtc_cmos: setting system clock to 2021-08-23T13:18:43 UTC (1629724723)
[    0.930990] rtc_cmos rtc_cmos: alarms up to one month, y3k, 114 bytes nvram
[    0.931161] intel_pstate: Intel P-state driver initializing
[    0.933554] intel_pstate: HWP enabled
[    0.933830] ledtrig-cpu: registered to indicate activity on CPUs
[    0.933983] hid: raw HID events driver (C) Jiri Kosina
[    0.935329] intel_pmc_core INT33A1:00:  initialized
[    0.935392] drop_monitor: Initializing network drop monitor service
[    0.935433] Initializing XFRM netlink socket
[    0.935491] NET: Registered PF_INET6 protocol family
[    0.938056] nvme nvme0: 8/0/0 default/read/poll queues
[    0.938456] Segment Routing with IPv6
[    0.938456] RPL Segment Routing with IPv6
